
===========================================================================
report_checks -unconstrained
===========================================================================
======================= Typical Corner ===================================

Startpoint: reset (input port clocked by clk)
Endpoint: _242_ (recovery check against rising-edge clock clk)
Path Group: asynchronous
Path Type: max

Fanout     Cap    Slew   Delay    Time   Description
-----------------------------------------------------------------------------
                          0.00    0.00   clock clk (rise edge)
                          0.00    0.00   clock network delay (propagated)
                          4.00    4.00 v input external delay
                  0.02    0.01    4.01 v reset (in)
     1    0.01                           reset (net)
                  0.02    0.00    4.01 v input1/A (sky130_fd_sc_hd__clkbuf_4)
                  0.07    0.17    4.18 v input1/X (sky130_fd_sc_hd__clkbuf_4)
     7    0.03                           net1 (net)
                  0.07    0.00    4.18 v _197_/A (sky130_fd_sc_hd__buf_4)
                  0.08    0.21    4.39 v _197_/X (sky130_fd_sc_hd__buf_4)
    10    0.05                           _103_ (net)
                  0.08    0.00    4.39 v _199_/A (sky130_fd_sc_hd__inv_2)
                  0.03    0.06    4.45 ^ _199_/Y (sky130_fd_sc_hd__inv_2)
     1    0.00                           _020_ (net)
                  0.03    0.00    4.45 ^ _242_/SET_B (sky130_fd_sc_hd__dfstp_1)
                                  4.45   data arrival time

                         20.00   20.00   clock clk (rise edge)
                          0.00   20.00   clock source latency
                  0.07    0.05   20.05 ^ clk (in)
     1    0.01                           clk (net)
                  0.07    0.00   20.05 ^ clkbuf_0_clk/A (sky130_fd_sc_hd__clkbuf_16)
                  0.05    0.14   20.18 ^ clkbuf_0_clk/X (sky130_fd_sc_hd__clkbuf_16)
     4    0.03                           clknet_0_clk (net)
                  0.05    0.00   20.18 ^ clkbuf_2_3__f_clk/A (sky130_fd_sc_hd__clkbuf_16)
                  0.04    0.12   20.30 ^ clkbuf_2_3__f_clk/X (sky130_fd_sc_hd__clkbuf_16)
     9    0.02                           clknet_2_3__leaf_clk (net)
                  0.04    0.00   20.30 ^ _242_/CLK (sky130_fd_sc_hd__dfstp_1)
                         -0.25   20.05   clock uncertainty
                          0.00   20.05   clock reconvergence pessimism
                          0.14   20.19   library recovery time
                                 20.19   data required time
-----------------------------------------------------------------------------
                                 20.19   data required time
                                 -4.45   data arrival time
-----------------------------------------------------------------------------
                                 15.74   slack (MET)


Startpoint: _254_ (rising edge-triggered flip-flop clocked by clk)
Endpoint: rx_data[7] (output port clocked by clk)
Path Group: clk
Path Type: max

Fanout     Cap    Slew   Delay    Time   Description
-----------------------------------------------------------------------------
                          0.00    0.00   clock clk (rise edge)
                          0.00    0.00   clock source latency
                  0.07    0.05    0.05 ^ clk (in)
     1    0.01                           clk (net)
                  0.07    0.00    0.05 ^ clkbuf_0_clk/A (sky130_fd_sc_hd__clkbuf_16)
                  0.05    0.15    0.20 ^ clkbuf_0_clk/X (sky130_fd_sc_hd__clkbuf_16)
     4    0.03                           clknet_0_clk (net)
                  0.05    0.00    0.20 ^ clkbuf_2_0__f_clk/A (sky130_fd_sc_hd__clkbuf_16)
                  0.05    0.14    0.34 ^ clkbuf_2_0__f_clk/X (sky130_fd_sc_hd__clkbuf_16)
     9    0.03                           clknet_2_0__leaf_clk (net)
                  0.05    0.00    0.34 ^ _254_/CLK (sky130_fd_sc_hd__dfrtp_1)
                  0.06    0.40    0.74 v _254_/Q (sky130_fd_sc_hd__dfrtp_1)
     2    0.01                           net18 (net)
                  0.06    0.00    0.74 v output18/A (sky130_fd_sc_hd__clkbuf_4)
                  0.09    0.20    0.94 v output18/X (sky130_fd_sc_hd__clkbuf_4)
     1    0.04                           rx_data[7] (net)
                  0.09    0.00    0.94 v rx_data[7] (out)
                                  0.94   data arrival time

                         20.00   20.00   clock clk (rise edge)
                          0.00   20.00   clock network delay (propagated)
                         -0.25   19.75   clock uncertainty
                          0.00   19.75   clock reconvergence pessimism
                         -4.00   15.75   output external delay
                                 15.75   data required time
-----------------------------------------------------------------------------
                                 15.75   data required time
                                 -0.94   data arrival time
-----------------------------------------------------------------------------
                                 14.81   slack (MET)




===========================================================================
report_checks --slack_max -0.01
============================================================================
======================= Typical Corner ===================================

No paths found.


===========================================================================
 report_check_types -max_slew -max_cap -max_fanout -violators
============================================================================
======================= Typical Corner ===================================



===========================================================================
report_parasitic_annotation -report_unannotated
============================================================================
Found 220 unannotated drivers.
 clk
 reset
 start
 tx_data[0]
 tx_data[1]
 tx_data[2]
 tx_data[3]
 tx_data[4]
 tx_data[5]
 tx_data[6]
 tx_data[7]
 _115_/X
 _116_/X
 _117_/Y
 _118_/X
 _119_/X
 _120_/Y
 _121_/X
 _122_/Y
 _123_/X
 _124_/X
 _125_/Y
 _126_/X
 _127_/X
 _128_/X
 _129_/X
 _130_/Y
 _131_/X
 _132_/X
 _133_/X
 _134_/X
 _135_/X
 _136_/X
 _137_/X
 _138_/X
 _139_/X
 _140_/X
 _141_/X
 _142_/X
 _143_/X
 _144_/X
 _145_/Y
 _146_/X
 _147_/X
 _148_/Y
 _149_/X
 _150_/X
 _151_/X
 _152_/X
 _153_/Y
 _154_/Y
 _155_/Y
 _156_/X
 _157_/X
 _158_/X
 _159_/Y
 _160_/X
 _161_/X
 _162_/X
 _163_/Y
 _164_/X
 _165_/X
 _166_/Y
 _167_/Y
 _168_/Y
 _169_/Y
 _170_/Y
 _171_/X
 _172_/X
 _173_/X
 _174_/Y
 _175_/X
 _176_/Y
 _177_/X
 _178_/X
 _179_/X
 _180_/X
 _181_/X
 _182_/Y
 _183_/X
 _184_/X
 _185_/Y
 _186_/X
 _187_/Y
 _188_/Y
 _189_/Y
 _190_/Y
 _191_/Y
 _192_/Y
 _193_/Y
 _194_/Y
 _195_/Y
 _196_/Y
 _197_/X
 _198_/Y
 _199_/Y
 _200_/Y
 _201_/Y
 _202_/Y
 _203_/Y
 _204_/Y
 _205_/Y
 _206_/Y
 _207_/Y
 _208_/Y
 _209_/Y
 _210_/Y
 _211_/Y
 _212_/X
 _213_/X
 _214_/X
 _215_/X
 _216_/X
 _217_/X
 _218_/X
 _219_/X
 _220_/X
 _221_/X
 _222_/X
 _223_/X
 _224_/X
 _225_/X
 _226_/X
 _227_/X
 _228_/X
 _229_/X
 _230_/Q
 _231_/Q
 _232_/Q
 _233_/Q
 _234_/Q
 _235_/Q
 _236_/Q
 _237_/Q
 _238_/Q
 _239_/Q
 _240_/Q
 _241_/Q
 _242_/Q
 _243_/Q
 _244_/Q
 _245_/Q
 _246_/Q
 _247_/Q
 _248_/Q
 _249_/Q
 _250_/Q
 _251_/Q
 _252_/Q
 _253_/Q
 _254_/Q
 _255_/Q
 _256_/Q
 _257_/Q
 _258_/Q
 _259_/Q
 _260_/Q
 _261_/Q
 _262_/Q
 clkbuf_0_clk/X
 clkbuf_2_0__f_clk/X
 clkbuf_2_1__f_clk/X
 clkbuf_2_2__f_clk/X
 clkbuf_2_3__f_clk/X
 hold1/X
 hold10/X
 hold11/X
 hold12/X
 hold13/X
 hold14/X
 hold15/X
 hold16/X
 hold17/X
 hold18/X
 hold19/X
 hold2/X
 hold20/X
 hold21/X
 hold22/X
 hold23/X
 hold24/X
 hold25/X
 hold26/X
 hold27/X
 hold28/X
 hold29/X
 hold3/X
 hold30/X
 hold31/X
 hold32/X
 hold33/X
 hold34/X
 hold35/X
 hold36/X
 hold4/X
 hold5/X
 hold6/X
 hold7/X
 hold8/X
 hold9/X
 input1/X
 input10/X
 input2/X
 input3/X
 input4/X
 input5/X
 input6/X
 input7/X
 input8/X
 input9/X
 output11/X
 output12/X
 output13/X
 output14/X
 output15/X
 output16/X
 output17/X
 output18/X
 output19/X
 output20/X
Found 0 partially unannotated drivers.

===========================================================================
max slew violation count 0
max fanout violation count 0
max cap violation count 0
============================================================================

===========================================================================
check_setup -verbose -unconstrained_endpoints -multiple_clock -no_clock -no_input_delay -loops -generated_clocks
===========================================================================
