
===========================================================================
report_checks -path_delay max (Setup)
============================================================================
======================= Fastest Corner ===================================

Startpoint: op[2] (input port clocked by __VIRTUAL_CLK__)
Endpoint: result[7] (output port clocked by __VIRTUAL_CLK__)
Path Group: __VIRTUAL_CLK__
Path Type: max
Corner: Fastest

Fanout     Cap    Slew   Delay    Time   Description
-----------------------------------------------------------------------------
                  0.00    0.00    0.00   clock __VIRTUAL_CLK__ (rise edge)
                          0.00    0.00   clock network delay (ideal)
                          2.00    2.00 v input external delay
                  0.00    0.00    2.00 v op[2] (in)
     1    0.00                           op[2] (net)
                  0.00    0.00    2.00 v input19/A (sky130_fd_sc_hd__buf_4)
                  0.04    0.11    2.11 v input19/X (sky130_fd_sc_hd__buf_4)
    10    0.04                           net19 (net)
                  0.04    0.00    2.11 v _130_/A (sky130_fd_sc_hd__or3b_4)
                  0.05    0.25    2.36 v _130_/X (sky130_fd_sc_hd__or3b_4)
     1    0.01                           _062_ (net)
                  0.05    0.00    2.36 v _131_/A (sky130_fd_sc_hd__buf_6)
                  0.03    0.10    2.46 v _131_/X (sky130_fd_sc_hd__buf_6)
     8    0.03                           _063_ (net)
                  0.03    0.00    2.47 v _132_/A2 (sky130_fd_sc_hd__a21bo_1)
                  0.03    0.13    2.60 v _132_/X (sky130_fd_sc_hd__a21bo_1)
     2    0.01                           _064_ (net)
                  0.03    0.00    2.60 v _135_/A1 (sky130_fd_sc_hd__a21o_1)
                  0.03    0.11    2.71 v _135_/X (sky130_fd_sc_hd__a21o_1)
     2    0.01                           _067_ (net)
                  0.03    0.00    2.71 v _150_/A1 (sky130_fd_sc_hd__a21oi_1)
                  0.16    0.15    2.86 ^ _150_/Y (sky130_fd_sc_hd__a21oi_1)
     3    0.01                           _081_ (net)
                  0.16    0.00    2.86 ^ _168_/A (sky130_fd_sc_hd__nor2_1)
                  0.06    0.07    2.93 v _168_/Y (sky130_fd_sc_hd__nor2_1)
     3    0.01                           _098_ (net)
                  0.06    0.00    2.93 v _199_/A1 (sky130_fd_sc_hd__o211ai_2)
                  0.15    0.17    3.10 ^ _199_/Y (sky130_fd_sc_hd__o211ai_2)
     3    0.01                           _012_ (net)
                  0.15    0.00    3.10 ^ _213_/A1 (sky130_fd_sc_hd__a211oi_2)
                  0.06    0.07    3.17 v _213_/Y (sky130_fd_sc_hd__a211oi_2)
     3    0.01                           _025_ (net)
                  0.06    0.00    3.17 v _231_/A2 (sky130_fd_sc_hd__o31a_1)
                  0.03    0.18    3.35 v _231_/X (sky130_fd_sc_hd__o31a_1)
     1    0.00                           _042_ (net)
                  0.03    0.00    3.35 v _235_/A2 (sky130_fd_sc_hd__a21oi_1)
                  0.31    0.28    3.63 ^ _235_/Y (sky130_fd_sc_hd__a21oi_1)
     2    0.02                           net27 (net)
                  0.31    0.00    3.63 ^ output27/A (sky130_fd_sc_hd__clkbuf_4)
                  0.09    0.19    3.82 ^ output27/X (sky130_fd_sc_hd__clkbuf_4)
     1    0.04                           result[7] (net)
                  0.09    0.00    3.82 ^ result[7] (out)
                                  3.82   data arrival time

                  0.00   10.00   10.00   clock __VIRTUAL_CLK__ (rise edge)
                          0.00   10.00   clock network delay (ideal)
                         -0.25    9.75   clock uncertainty
                          0.00    9.75   clock reconvergence pessimism
                         -2.00    7.75   output external delay
                                  7.75   data required time
-----------------------------------------------------------------------------
                                  7.75   data required time
                                 -3.82   data arrival time
-----------------------------------------------------------------------------
                                  3.93   slack (MET)


Startpoint: op[2] (input port clocked by __VIRTUAL_CLK__)
Endpoint: zero (output port clocked by __VIRTUAL_CLK__)
Path Group: __VIRTUAL_CLK__
Path Type: max
Corner: Fastest

Fanout     Cap    Slew   Delay    Time   Description
-----------------------------------------------------------------------------
                  0.00    0.00    0.00   clock __VIRTUAL_CLK__ (rise edge)
                          0.00    0.00   clock network delay (ideal)
                          2.00    2.00 v input external delay
                  0.00    0.00    2.00 v op[2] (in)
     1    0.00                           op[2] (net)
                  0.00    0.00    2.00 v input19/A (sky130_fd_sc_hd__buf_4)
                  0.04    0.11    2.11 v input19/X (sky130_fd_sc_hd__buf_4)
    10    0.04                           net19 (net)
                  0.04    0.00    2.11 v _130_/A (sky130_fd_sc_hd__or3b_4)
                  0.05    0.25    2.36 v _130_/X (sky130_fd_sc_hd__or3b_4)
     1    0.01                           _062_ (net)
                  0.05    0.00    2.36 v _131_/A (sky130_fd_sc_hd__buf_6)
                  0.03    0.10    2.46 v _131_/X (sky130_fd_sc_hd__buf_6)
     8    0.03                           _063_ (net)
                  0.03    0.00    2.47 v _132_/A2 (sky130_fd_sc_hd__a21bo_1)
                  0.03    0.13    2.60 v _132_/X (sky130_fd_sc_hd__a21bo_1)
     2    0.01                           _064_ (net)
                  0.03    0.00    2.60 v _134_/B (sky130_fd_sc_hd__and3_1)
                  0.04    0.12    2.72 v _134_/X (sky130_fd_sc_hd__and3_1)
     2    0.01                           _066_ (net)
                  0.04    0.00    2.72 v _136_/A (sky130_fd_sc_hd__or2b_1)
                  0.04    0.15    2.86 v _136_/X (sky130_fd_sc_hd__or2b_1)
     1    0.01                           _068_ (net)
                  0.04    0.00    2.86 v _138_/A (sky130_fd_sc_hd__xnor2_1)
                  0.03    0.08    2.95 v _138_/Y (sky130_fd_sc_hd__xnor2_1)
     1    0.00                           _070_ (net)
                  0.03    0.00    2.95 v _149_/A2 (sky130_fd_sc_hd__a211o_1)
                  0.05    0.21    3.15 v _149_/X (sky130_fd_sc_hd__a211o_1)
     2    0.01                           net21 (net)
                  0.05    0.00    3.15 v _236_/B (sky130_fd_sc_hd__or3_4)
                  0.05    0.23    3.38 v _236_/X (sky130_fd_sc_hd__or3_4)
     1    0.00                           _046_ (net)
                  0.05    0.00    3.38 v _237_/C (sky130_fd_sc_hd__or3_4)
                  0.05    0.21    3.60 v _237_/X (sky130_fd_sc_hd__or3_4)
     1    0.01                           _047_ (net)
                  0.05    0.00    3.60 v _238_/D (sky130_fd_sc_hd__nor4_4)
                  0.15    0.11    3.71 ^ _238_/Y (sky130_fd_sc_hd__nor4_4)
     1    0.01                           net28 (net)
                  0.15    0.00    3.71 ^ output28/A (sky130_fd_sc_hd__buf_6)
                  0.06    0.11    3.81 ^ output28/X (sky130_fd_sc_hd__buf_6)
     1    0.03                           zero (net)
                  0.06    0.00    3.81 ^ zero (out)
                                  3.81   data arrival time

                  0.00   10.00   10.00   clock __VIRTUAL_CLK__ (rise edge)
                          0.00   10.00   clock network delay (ideal)
                         -0.25    9.75   clock uncertainty
                          0.00    9.75   clock reconvergence pessimism
                         -2.00    7.75   output external delay
                                  7.75   data required time
-----------------------------------------------------------------------------
                                  7.75   data required time
                                 -3.81   data arrival time
-----------------------------------------------------------------------------
                                  3.94   slack (MET)


Startpoint: op[2] (input port clocked by __VIRTUAL_CLK__)
Endpoint: result[6] (output port clocked by __VIRTUAL_CLK__)
Path Group: __VIRTUAL_CLK__
Path Type: max
Corner: Fastest

Fanout     Cap    Slew   Delay    Time   Description
-----------------------------------------------------------------------------
                  0.00    0.00    0.00   clock __VIRTUAL_CLK__ (rise edge)
                          0.00    0.00   clock network delay (ideal)
                          2.00    2.00 v input external delay
                  0.00    0.00    2.00 v op[2] (in)
     1    0.00                           op[2] (net)
                  0.00    0.00    2.00 v input19/A (sky130_fd_sc_hd__buf_4)
                  0.04    0.11    2.11 v input19/X (sky130_fd_sc_hd__buf_4)
    10    0.04                           net19 (net)
                  0.04    0.00    2.11 v _130_/A (sky130_fd_sc_hd__or3b_4)
                  0.05    0.25    2.36 v _130_/X (sky130_fd_sc_hd__or3b_4)
     1    0.01                           _062_ (net)
                  0.05    0.00    2.36 v _131_/A (sky130_fd_sc_hd__buf_6)
                  0.03    0.10    2.46 v _131_/X (sky130_fd_sc_hd__buf_6)
     8    0.03                           _063_ (net)
                  0.03    0.00    2.47 v _151_/B1 (sky130_fd_sc_hd__o21a_1)
                  0.04    0.08    2.54 v _151_/X (sky130_fd_sc_hd__o21a_1)
     2    0.01                           _082_ (net)
                  0.04    0.00    2.54 v _152_/B (sky130_fd_sc_hd__xnor2_1)
                  0.14    0.14    2.69 ^ _152_/Y (sky130_fd_sc_hd__xnor2_1)
     2    0.01                           _083_ (net)
                  0.14    0.00    2.69 ^ _153_/B (sky130_fd_sc_hd__xnor2_1)
                  0.06    0.07    2.76 v _153_/Y (sky130_fd_sc_hd__xnor2_1)
     3    0.01                           _084_ (net)
                  0.06    0.00    2.76 v _168_/B (sky130_fd_sc_hd__nor2_1)
                  0.16    0.15    2.91 ^ _168_/Y (sky130_fd_sc_hd__nor2_1)
     3    0.01                           _098_ (net)
                  0.16    0.00    2.91 ^ _199_/A1 (sky130_fd_sc_hd__o211ai_2)
                  0.07    0.08    2.99 v _199_/Y (sky130_fd_sc_hd__o211ai_2)
     3    0.01                           _012_ (net)
                  0.07    0.00    2.99 v _214_/A1 (sky130_fd_sc_hd__a21o_1)
                  0.02    0.11    3.11 v _214_/X (sky130_fd_sc_hd__a21o_1)
     1    0.00                           _026_ (net)
                  0.02    0.00    3.11 v _215_/A2 (sky130_fd_sc_hd__a21o_1)
                  0.02    0.11    3.22 v _215_/X (sky130_fd_sc_hd__a21o_1)
     1    0.00                           _027_ (net)
                  0.02    0.00    3.22 v _223_/A2 (sky130_fd_sc_hd__o21ai_1)
                  0.24    0.21    3.43 ^ _223_/Y (sky130_fd_sc_hd__o21ai_1)
     2    0.02                           net26 (net)
                  0.24    0.00    3.43 ^ output26/A (sky130_fd_sc_hd__clkbuf_4)
                  0.09    0.18    3.61 ^ output26/X (sky130_fd_sc_hd__clkbuf_4)
     1    0.03                           result[6] (net)
                  0.09    0.00    3.61 ^ result[6] (out)
                                  3.61   data arrival time

                  0.00   10.00   10.00   clock __VIRTUAL_CLK__ (rise edge)
                          0.00   10.00   clock network delay (ideal)
                         -0.25    9.75   clock uncertainty
                          0.00    9.75   clock reconvergence pessimism
                         -2.00    7.75   output external delay
                                  7.75   data required time
-----------------------------------------------------------------------------
                                  7.75   data required time
                                 -3.61   data arrival time
-----------------------------------------------------------------------------
                                  4.14   slack (MET)


Startpoint: op[2] (input port clocked by __VIRTUAL_CLK__)
Endpoint: result[5] (output port clocked by __VIRTUAL_CLK__)
Path Group: __VIRTUAL_CLK__
Path Type: max
Corner: Fastest

Fanout     Cap    Slew   Delay    Time   Description
-----------------------------------------------------------------------------
                  0.00    0.00    0.00   clock __VIRTUAL_CLK__ (rise edge)
                          0.00    0.00   clock network delay (ideal)
                          2.00    2.00 v input external delay
                  0.00    0.00    2.00 v op[2] (in)
     1    0.00                           op[2] (net)
                  0.00    0.00    2.00 v input19/A (sky130_fd_sc_hd__buf_4)
                  0.04    0.11    2.11 v input19/X (sky130_fd_sc_hd__buf_4)
    10    0.04                           net19 (net)
                  0.04    0.00    2.11 v _130_/A (sky130_fd_sc_hd__or3b_4)
                  0.05    0.25    2.36 v _130_/X (sky130_fd_sc_hd__or3b_4)
     1    0.01                           _062_ (net)
                  0.05    0.00    2.36 v _131_/A (sky130_fd_sc_hd__buf_6)
                  0.03    0.10    2.46 v _131_/X (sky130_fd_sc_hd__buf_6)
     8    0.03                           _063_ (net)
                  0.03    0.00    2.47 v _132_/A2 (sky130_fd_sc_hd__a21bo_1)
                  0.03    0.13    2.60 v _132_/X (sky130_fd_sc_hd__a21bo_1)
     2    0.01                           _064_ (net)
                  0.03    0.00    2.60 v _135_/A1 (sky130_fd_sc_hd__a21o_1)
                  0.03    0.11    2.71 v _135_/X (sky130_fd_sc_hd__a21o_1)
     2    0.01                           _067_ (net)
                  0.03    0.00    2.71 v _150_/A1 (sky130_fd_sc_hd__a21oi_1)
                  0.16    0.15    2.86 ^ _150_/Y (sky130_fd_sc_hd__a21oi_1)
     3    0.01                           _081_ (net)
                  0.16    0.00    2.86 ^ _168_/A (sky130_fd_sc_hd__nor2_1)
                  0.06    0.07    2.93 v _168_/Y (sky130_fd_sc_hd__nor2_1)
     3    0.01                           _098_ (net)
                  0.06    0.00    2.93 v _199_/A1 (sky130_fd_sc_hd__o211ai_2)
                  0.15    0.17    3.10 ^ _199_/Y (sky130_fd_sc_hd__o211ai_2)
     3    0.01                           _012_ (net)
                  0.15    0.00    3.10 ^ _200_/B (sky130_fd_sc_hd__nand2_1)
                  0.04    0.05    3.15 v _200_/Y (sky130_fd_sc_hd__nand2_1)
     1    0.00                           _013_ (net)
                  0.04    0.00    3.15 v _201_/B (sky130_fd_sc_hd__xnor2_1)
                  0.11    0.12    3.27 ^ _201_/Y (sky130_fd_sc_hd__xnor2_1)
     1    0.01                           _014_ (net)
                  0.11    0.00    3.27 ^ _208_/A2 (sky130_fd_sc_hd__o21a_1)
                  0.13    0.16    3.43 ^ _208_/X (sky130_fd_sc_hd__o21a_1)
     2    0.02                           net25 (net)
                  0.13    0.00    3.43 ^ output25/A (sky130_fd_sc_hd__clkbuf_4)
                  0.09    0.16    3.59 ^ output25/X (sky130_fd_sc_hd__clkbuf_4)
     1    0.03                           result[5] (net)
                  0.09    0.00    3.59 ^ result[5] (out)
                                  3.59   data arrival time

                  0.00   10.00   10.00   clock __VIRTUAL_CLK__ (rise edge)
                          0.00   10.00   clock network delay (ideal)
                         -0.25    9.75   clock uncertainty
                          0.00    9.75   clock reconvergence pessimism
                         -2.00    7.75   output external delay
                                  7.75   data required time
-----------------------------------------------------------------------------
                                  7.75   data required time
                                 -3.59   data arrival time
-----------------------------------------------------------------------------
                                  4.16   slack (MET)


Startpoint: op[2] (input port clocked by __VIRTUAL_CLK__)
Endpoint: result[3] (output port clocked by __VIRTUAL_CLK__)
Path Group: __VIRTUAL_CLK__
Path Type: max
Corner: Fastest

Fanout     Cap    Slew   Delay    Time   Description
-----------------------------------------------------------------------------
                  0.00    0.00    0.00   clock __VIRTUAL_CLK__ (rise edge)
                          0.00    0.00   clock network delay (ideal)
                          2.00    2.00 v input external delay
                  0.00    0.00    2.00 v op[2] (in)
     1    0.00                           op[2] (net)
                  0.00    0.00    2.00 v input19/A (sky130_fd_sc_hd__buf_4)
                  0.04    0.11    2.11 v input19/X (sky130_fd_sc_hd__buf_4)
    10    0.04                           net19 (net)
                  0.04    0.00    2.11 v _130_/A (sky130_fd_sc_hd__or3b_4)
                  0.05    0.25    2.36 v _130_/X (sky130_fd_sc_hd__or3b_4)
     1    0.01                           _062_ (net)
                  0.05    0.00    2.36 v _131_/A (sky130_fd_sc_hd__buf_6)
                  0.03    0.10    2.46 v _131_/X (sky130_fd_sc_hd__buf_6)
     8    0.03                           _063_ (net)
                  0.03    0.00    2.47 v _132_/A2 (sky130_fd_sc_hd__a21bo_1)
                  0.03    0.13    2.60 v _132_/X (sky130_fd_sc_hd__a21bo_1)
     2    0.01                           _064_ (net)
                  0.03    0.00    2.60 v _135_/A1 (sky130_fd_sc_hd__a21o_1)
                  0.03    0.11    2.71 v _135_/X (sky130_fd_sc_hd__a21o_1)
     2    0.01                           _067_ (net)
                  0.03    0.00    2.71 v _150_/A1 (sky130_fd_sc_hd__a21oi_1)
                  0.16    0.15    2.86 ^ _150_/Y (sky130_fd_sc_hd__a21oi_1)
     3    0.01                           _081_ (net)
                  0.16    0.00    2.86 ^ _168_/A (sky130_fd_sc_hd__nor2_1)
                  0.06    0.07    2.93 v _168_/Y (sky130_fd_sc_hd__nor2_1)
     3    0.01                           _098_ (net)
                  0.06    0.00    2.93 v _169_/B (sky130_fd_sc_hd__or2_1)
                  0.04    0.15    3.08 v _169_/X (sky130_fd_sc_hd__or2_1)
     1    0.00                           _099_ (net)
                  0.04    0.00    3.08 v _170_/B (sky130_fd_sc_hd__xnor2_1)
                  0.10    0.11    3.19 ^ _170_/Y (sky130_fd_sc_hd__xnor2_1)
     1    0.00                           _100_ (net)
                  0.10    0.00    3.19 ^ _177_/A2 (sky130_fd_sc_hd__o22a_1)
                  0.07    0.12    3.31 ^ _177_/X (sky130_fd_sc_hd__o22a_1)
     2    0.01                           net23 (net)
                  0.07    0.00    3.31 ^ output23/A (sky130_fd_sc_hd__clkbuf_4)
                  0.08    0.14    3.45 ^ output23/X (sky130_fd_sc_hd__clkbuf_4)
     1    0.03                           result[3] (net)
                  0.08    0.00    3.45 ^ result[3] (out)
                                  3.45   data arrival time

                  0.00   10.00   10.00   clock __VIRTUAL_CLK__ (rise edge)
                          0.00   10.00   clock network delay (ideal)
                         -0.25    9.75   clock uncertainty
                          0.00    9.75   clock reconvergence pessimism
                         -2.00    7.75   output external delay
                                  7.75   data required time
-----------------------------------------------------------------------------
                                  7.75   data required time
                                 -3.45   data arrival time
-----------------------------------------------------------------------------
                                  4.30   slack (MET)


Startpoint: op[2] (input port clocked by __VIRTUAL_CLK__)
Endpoint: result[4] (output port clocked by __VIRTUAL_CLK__)
Path Group: __VIRTUAL_CLK__
Path Type: max
Corner: Fastest

Fanout     Cap    Slew   Delay    Time   Description
-----------------------------------------------------------------------------
                  0.00    0.00    0.00   clock __VIRTUAL_CLK__ (rise edge)
                          0.00    0.00   clock network delay (ideal)
                          2.00    2.00 v input external delay
                  0.00    0.00    2.00 v op[2] (in)
     1    0.00                           op[2] (net)
                  0.00    0.00    2.00 v input19/A (sky130_fd_sc_hd__buf_4)
                  0.04    0.11    2.11 v input19/X (sky130_fd_sc_hd__buf_4)
    10    0.04                           net19 (net)
                  0.04    0.00    2.11 v _130_/A (sky130_fd_sc_hd__or3b_4)
                  0.05    0.25    2.36 v _130_/X (sky130_fd_sc_hd__or3b_4)
     1    0.01                           _062_ (net)
                  0.05    0.00    2.36 v _131_/A (sky130_fd_sc_hd__buf_6)
                  0.03    0.10    2.46 v _131_/X (sky130_fd_sc_hd__buf_6)
     8    0.03                           _063_ (net)
                  0.03    0.00    2.47 v _132_/A2 (sky130_fd_sc_hd__a21bo_1)
                  0.03    0.13    2.60 v _132_/X (sky130_fd_sc_hd__a21bo_1)
     2    0.01                           _064_ (net)
                  0.03    0.00    2.60 v _135_/A1 (sky130_fd_sc_hd__a21o_1)
                  0.03    0.11    2.71 v _135_/X (sky130_fd_sc_hd__a21o_1)
     2    0.01                           _067_ (net)
                  0.03    0.00    2.71 v _150_/A1 (sky130_fd_sc_hd__a21oi_1)
                  0.16    0.15    2.86 ^ _150_/Y (sky130_fd_sc_hd__a21oi_1)
     3    0.01                           _081_ (net)
                  0.16    0.00    2.86 ^ _168_/A (sky130_fd_sc_hd__nor2_1)
                  0.06    0.07    2.93 v _168_/Y (sky130_fd_sc_hd__nor2_1)
     3    0.01                           _098_ (net)
                  0.06    0.00    2.93 v _189_/A1 (sky130_fd_sc_hd__o21ai_1)
                  0.11    0.13    3.06 ^ _189_/Y (sky130_fd_sc_hd__o21ai_1)
     1    0.01                           _003_ (net)
                  0.11    0.00    3.06 ^ _190_/B (sky130_fd_sc_hd__xnor2_1)
                  0.10    0.09    3.15 ^ _190_/Y (sky130_fd_sc_hd__xnor2_1)
     1    0.00                           _004_ (net)
                  0.10    0.00    3.15 ^ _191_/B1 (sky130_fd_sc_hd__o32a_1)
                  0.07    0.11    3.26 ^ _191_/X (sky130_fd_sc_hd__o32a_1)
     2    0.01                           net24 (net)
                  0.07    0.00    3.26 ^ output24/A (sky130_fd_sc_hd__clkbuf_4)
                  0.09    0.14    3.41 ^ output24/X (sky130_fd_sc_hd__clkbuf_4)
     1    0.03                           result[4] (net)
                  0.09    0.00    3.41 ^ result[4] (out)
                                  3.41   data arrival time

                  0.00   10.00   10.00   clock __VIRTUAL_CLK__ (rise edge)
                          0.00   10.00   clock network delay (ideal)
                         -0.25    9.75   clock uncertainty
                          0.00    9.75   clock reconvergence pessimism
                         -2.00    7.75   output external delay
                                  7.75   data required time
-----------------------------------------------------------------------------
                                  7.75   data required time
                                 -3.41   data arrival time
-----------------------------------------------------------------------------
                                  4.34   slack (MET)


Startpoint: op[2] (input port clocked by __VIRTUAL_CLK__)
Endpoint: result[1] (output port clocked by __VIRTUAL_CLK__)
Path Group: __VIRTUAL_CLK__
Path Type: max
Corner: Fastest

Fanout     Cap    Slew   Delay    Time   Description
-----------------------------------------------------------------------------
                  0.00    0.00    0.00   clock __VIRTUAL_CLK__ (rise edge)
                          0.00    0.00   clock network delay (ideal)
                          2.00    2.00 v input external delay
                  0.00    0.00    2.00 v op[2] (in)
     1    0.00                           op[2] (net)
                  0.00    0.00    2.00 v input19/A (sky130_fd_sc_hd__buf_4)
                  0.04    0.11    2.11 v input19/X (sky130_fd_sc_hd__buf_4)
    10    0.04                           net19 (net)
                  0.04    0.00    2.11 v _130_/A (sky130_fd_sc_hd__or3b_4)
                  0.05    0.25    2.36 v _130_/X (sky130_fd_sc_hd__or3b_4)
     1    0.01                           _062_ (net)
                  0.05    0.00    2.36 v _131_/A (sky130_fd_sc_hd__buf_6)
                  0.03    0.10    2.46 v _131_/X (sky130_fd_sc_hd__buf_6)
     8    0.03                           _063_ (net)
                  0.03    0.00    2.47 v _132_/A2 (sky130_fd_sc_hd__a21bo_1)
                  0.03    0.13    2.60 v _132_/X (sky130_fd_sc_hd__a21bo_1)
     2    0.01                           _064_ (net)
                  0.03    0.00    2.60 v _134_/B (sky130_fd_sc_hd__and3_1)
                  0.04    0.12    2.72 v _134_/X (sky130_fd_sc_hd__and3_1)
     2    0.01                           _066_ (net)
                  0.04    0.00    2.72 v _136_/A (sky130_fd_sc_hd__or2b_1)
                  0.04    0.15    2.86 v _136_/X (sky130_fd_sc_hd__or2b_1)
     1    0.01                           _068_ (net)
                  0.04    0.00    2.86 v _138_/A (sky130_fd_sc_hd__xnor2_1)
                  0.03    0.08    2.95 v _138_/Y (sky130_fd_sc_hd__xnor2_1)
     1    0.00                           _070_ (net)
                  0.03    0.00    2.95 v _149_/A2 (sky130_fd_sc_hd__a211o_1)
                  0.05    0.21    3.15 v _149_/X (sky130_fd_sc_hd__a211o_1)
     2    0.01                           net21 (net)
                  0.05    0.00    3.15 v output21/A (sky130_fd_sc_hd__clkbuf_4)
                  0.06    0.14    3.29 v output21/X (sky130_fd_sc_hd__clkbuf_4)
     1    0.03                           result[1] (net)
                  0.06    0.00    3.29 v result[1] (out)
                                  3.29   data arrival time

                  0.00   10.00   10.00   clock __VIRTUAL_CLK__ (rise edge)
                          0.00   10.00   clock network delay (ideal)
                         -0.25    9.75   clock uncertainty
                          0.00    9.75   clock reconvergence pessimism
                         -2.00    7.75   output external delay
                                  7.75   data required time
-----------------------------------------------------------------------------
                                  7.75   data required time
                                 -3.29   data arrival time
-----------------------------------------------------------------------------
                                  4.46   slack (MET)


Startpoint: op[2] (input port clocked by __VIRTUAL_CLK__)
Endpoint: result[2] (output port clocked by __VIRTUAL_CLK__)
Path Group: __VIRTUAL_CLK__
Path Type: max
Corner: Fastest

Fanout     Cap    Slew   Delay    Time   Description
-----------------------------------------------------------------------------
                  0.00    0.00    0.00   clock __VIRTUAL_CLK__ (rise edge)
                          0.00    0.00   clock network delay (ideal)
                          2.00    2.00 v input external delay
                  0.00    0.00    2.00 v op[2] (in)
     1    0.00                           op[2] (net)
                  0.00    0.00    2.00 v input19/A (sky130_fd_sc_hd__buf_4)
                  0.04    0.11    2.11 v input19/X (sky130_fd_sc_hd__buf_4)
    10    0.04                           net19 (net)
                  0.04    0.00    2.11 v _130_/A (sky130_fd_sc_hd__or3b_4)
                  0.05    0.25    2.36 v _130_/X (sky130_fd_sc_hd__or3b_4)
     1    0.01                           _062_ (net)
                  0.05    0.00    2.36 v _131_/A (sky130_fd_sc_hd__buf_6)
                  0.03    0.10    2.46 v _131_/X (sky130_fd_sc_hd__buf_6)
     8    0.03                           _063_ (net)
                  0.03    0.00    2.47 v _132_/A2 (sky130_fd_sc_hd__a21bo_1)
                  0.03    0.13    2.60 v _132_/X (sky130_fd_sc_hd__a21bo_1)
     2    0.01                           _064_ (net)
                  0.03    0.00    2.60 v _135_/A1 (sky130_fd_sc_hd__a21o_1)
                  0.03    0.11    2.71 v _135_/X (sky130_fd_sc_hd__a21o_1)
     2    0.01                           _067_ (net)
                  0.03    0.00    2.71 v _150_/A1 (sky130_fd_sc_hd__a21oi_1)
                  0.16    0.15    2.86 ^ _150_/Y (sky130_fd_sc_hd__a21oi_1)
     3    0.01                           _081_ (net)
                  0.16    0.00    2.86 ^ _155_/A (sky130_fd_sc_hd__or2_1)
                  0.03    0.09    2.95 ^ _155_/X (sky130_fd_sc_hd__or2_1)
     1    0.00                           _086_ (net)
                  0.03    0.00    2.95 ^ _161_/A3 (sky130_fd_sc_hd__a31o_1)
                  0.07    0.11    3.06 ^ _161_/X (sky130_fd_sc_hd__a31o_1)
     2    0.01                           net22 (net)
                  0.07    0.00    3.06 ^ output22/A (sky130_fd_sc_hd__clkbuf_4)
                  0.08    0.14    3.20 ^ output22/X (sky130_fd_sc_hd__clkbuf_4)
     1    0.03                           result[2] (net)
                  0.08    0.00    3.20 ^ result[2] (out)
                                  3.20   data arrival time

                  0.00   10.00   10.00   clock __VIRTUAL_CLK__ (rise edge)
                          0.00   10.00   clock network delay (ideal)
                         -0.25    9.75   clock uncertainty
                          0.00    9.75   clock reconvergence pessimism
                         -2.00    7.75   output external delay
                                  7.75   data required time
-----------------------------------------------------------------------------
                                  7.75   data required time
                                 -3.20   data arrival time
-----------------------------------------------------------------------------
                                  4.55   slack (MET)


Startpoint: op[1] (input port clocked by __VIRTUAL_CLK__)
Endpoint: result[0] (output port clocked by __VIRTUAL_CLK__)
Path Group: __VIRTUAL_CLK__
Path Type: max
Corner: Fastest

Fanout     Cap    Slew   Delay    Time   Description
-----------------------------------------------------------------------------
                  0.00    0.00    0.00   clock __VIRTUAL_CLK__ (rise edge)
                          0.00    0.00   clock network delay (ideal)
                          2.00    2.00 v input external delay
                  0.00    0.00    2.00 v op[1] (in)
     1    0.00                           op[1] (net)
                  0.00    0.00    2.00 v input18/A (sky130_fd_sc_hd__buf_2)
                  0.05    0.10    2.11 v input18/X (sky130_fd_sc_hd__buf_2)
    10    0.03                           net18 (net)
                  0.05    0.00    2.11 v _116_/A (sky130_fd_sc_hd__or3b_2)
                  0.09    0.34    2.44 v _116_/X (sky130_fd_sc_hd__or3b_2)
     4    0.02                           _049_ (net)
                  0.09    0.00    2.44 v _117_/B2 (sky130_fd_sc_hd__a2bb2o_1)
                  0.04    0.17    2.61 v _117_/X (sky130_fd_sc_hd__a2bb2o_1)
     1    0.00                           _050_ (net)
                  0.04    0.00    2.61 v _118_/B1 (sky130_fd_sc_hd__a21oi_1)
                  0.08    0.06    2.67 ^ _118_/Y (sky130_fd_sc_hd__a21oi_1)
     1    0.00                           _051_ (net)
                  0.08    0.00    2.67 ^ _127_/A (sky130_fd_sc_hd__or4_1)
                  0.03    0.08    2.75 ^ _127_/X (sky130_fd_sc_hd__or4_1)
     1    0.00                           _060_ (net)
                  0.03    0.00    2.75 ^ _128_/A (sky130_fd_sc_hd__buf_1)
                  0.11    0.11    2.86 ^ _128_/X (sky130_fd_sc_hd__buf_1)
     2    0.01                           net20 (net)
                  0.11    0.00    2.86 ^ output20/A (sky130_fd_sc_hd__clkbuf_4)
                  0.09    0.16    3.01 ^ output20/X (sky130_fd_sc_hd__clkbuf_4)
     1    0.03                           result[0] (net)
                  0.09    0.00    3.02 ^ result[0] (out)
                                  3.02   data arrival time

                  0.00   10.00   10.00   clock __VIRTUAL_CLK__ (rise edge)
                          0.00   10.00   clock network delay (ideal)
                         -0.25    9.75   clock uncertainty
                          0.00    9.75   clock reconvergence pessimism
                         -2.00    7.75   output external delay
                                  7.75   data required time
-----------------------------------------------------------------------------
                                  7.75   data required time
                                 -3.02   data arrival time
-----------------------------------------------------------------------------
                                  4.73   slack (MET)



======================= Slowest Corner ===================================

Startpoint: op[2] (input port clocked by __VIRTUAL_CLK__)
Endpoint: zero (output port clocked by __VIRTUAL_CLK__)
Path Group: __VIRTUAL_CLK__
Path Type: max
Corner: Slowest

Fanout     Cap    Slew   Delay    Time   Description
-----------------------------------------------------------------------------
                  0.00    0.00    0.00   clock __VIRTUAL_CLK__ (rise edge)
                          0.00    0.00   clock network delay (ideal)
                          2.00    2.00 v input external delay
                  0.02    0.01    2.01 v op[2] (in)
     1    0.00                           op[2] (net)
                  0.02    0.00    2.01 v input19/A (sky130_fd_sc_hd__buf_4)
                  0.10    0.30    2.31 v input19/X (sky130_fd_sc_hd__buf_4)
    10    0.03                           net19 (net)
                  0.10    0.00    2.31 v _130_/A (sky130_fd_sc_hd__or3b_4)
                  0.12    0.81    3.12 v _130_/X (sky130_fd_sc_hd__or3b_4)
     1    0.01                           _062_ (net)
                  0.12    0.00    3.12 v _131_/A (sky130_fd_sc_hd__buf_6)
                  0.07    0.28    3.40 v _131_/X (sky130_fd_sc_hd__buf_6)
     8    0.03                           _063_ (net)
                  0.07    0.00    3.40 v _132_/A2 (sky130_fd_sc_hd__a21bo_1)
                  0.08    0.38    3.78 v _132_/X (sky130_fd_sc_hd__a21bo_1)
     2    0.01                           _064_ (net)
                  0.08    0.00    3.78 v _134_/B (sky130_fd_sc_hd__and3_1)
                  0.09    0.38    4.16 v _134_/X (sky130_fd_sc_hd__and3_1)
     2    0.01                           _066_ (net)
                  0.09    0.00    4.16 v _136_/A (sky130_fd_sc_hd__or2b_1)
                  0.11    0.55    4.70 v _136_/X (sky130_fd_sc_hd__or2b_1)
     1    0.01                           _068_ (net)
                  0.11    0.00    4.70 v _138_/A (sky130_fd_sc_hd__xnor2_1)
                  0.09    0.25    4.95 v _138_/Y (sky130_fd_sc_hd__xnor2_1)
     1    0.00                           _070_ (net)
                  0.09    0.00    4.95 v _149_/A2 (sky130_fd_sc_hd__a211o_1)
                  0.13    0.63    5.58 v _149_/X (sky130_fd_sc_hd__a211o_1)
     2    0.01                           net21 (net)
                  0.13    0.00    5.58 v _236_/B (sky130_fd_sc_hd__or3_4)
                  0.12    0.77    6.35 v _236_/X (sky130_fd_sc_hd__or3_4)
     1    0.00                           _046_ (net)
                  0.12    0.00    6.35 v _237_/C (sky130_fd_sc_hd__or3_4)
                  0.13    0.72    7.07 v _237_/X (sky130_fd_sc_hd__or3_4)
     1    0.01                           _047_ (net)
                  0.13    0.00    7.07 v _238_/D (sky130_fd_sc_hd__nor4_4)
                  0.35    0.29    7.36 ^ _238_/Y (sky130_fd_sc_hd__nor4_4)
     1    0.01                           net28 (net)
                  0.35    0.00    7.36 ^ output28/A (sky130_fd_sc_hd__buf_6)
                  0.12    0.35    7.71 ^ output28/X (sky130_fd_sc_hd__buf_6)
     1    0.03                           zero (net)
                  0.12    0.00    7.71 ^ zero (out)
                                  7.71   data arrival time

                  0.00   10.00   10.00   clock __VIRTUAL_CLK__ (rise edge)
                          0.00   10.00   clock network delay (ideal)
                         -0.25    9.75   clock uncertainty
                          0.00    9.75   clock reconvergence pessimism
                         -2.00    7.75   output external delay
                                  7.75   data required time
-----------------------------------------------------------------------------
                                  7.75   data required time
                                 -7.71   data arrival time
-----------------------------------------------------------------------------
                                  0.04   slack (MET)


Startpoint: op[2] (input port clocked by __VIRTUAL_CLK__)
Endpoint: result[7] (output port clocked by __VIRTUAL_CLK__)
Path Group: __VIRTUAL_CLK__
Path Type: max
Corner: Slowest

Fanout     Cap    Slew   Delay    Time   Description
-----------------------------------------------------------------------------
                  0.00    0.00    0.00   clock __VIRTUAL_CLK__ (rise edge)
                          0.00    0.00   clock network delay (ideal)
                          2.00    2.00 v input external delay
                  0.02    0.01    2.01 v op[2] (in)
     1    0.00                           op[2] (net)
                  0.02    0.00    2.01 v input19/A (sky130_fd_sc_hd__buf_4)
                  0.10    0.30    2.31 v input19/X (sky130_fd_sc_hd__buf_4)
    10    0.03                           net19 (net)
                  0.10    0.00    2.31 v _130_/A (sky130_fd_sc_hd__or3b_4)
                  0.12    0.81    3.12 v _130_/X (sky130_fd_sc_hd__or3b_4)
     1    0.01                           _062_ (net)
                  0.12    0.00    3.12 v _131_/A (sky130_fd_sc_hd__buf_6)
                  0.07    0.28    3.40 v _131_/X (sky130_fd_sc_hd__buf_6)
     8    0.03                           _063_ (net)
                  0.07    0.00    3.40 v _184_/B1 (sky130_fd_sc_hd__o41a_1)
                  0.20    0.29    3.69 v _184_/X (sky130_fd_sc_hd__o41a_1)
     2    0.01                           _113_ (net)
                  0.20    0.00    3.69 v _193_/B1 (sky130_fd_sc_hd__a21o_1)
                  0.14    0.44    4.13 v _193_/X (sky130_fd_sc_hd__a21o_1)
     3    0.01                           _006_ (net)
                  0.14    0.00    4.13 v _210_/B1 (sky130_fd_sc_hd__a21oi_1)
                  0.23    0.28    4.41 ^ _210_/Y (sky130_fd_sc_hd__a21oi_1)
     1    0.01                           _022_ (net)
                  0.23    0.00    4.41 ^ _211_/B (sky130_fd_sc_hd__xnor2_1)
                  0.34    0.33    4.74 ^ _211_/Y (sky130_fd_sc_hd__xnor2_1)
     2    0.01                           _023_ (net)
                  0.34    0.00    4.74 ^ _212_/B (sky130_fd_sc_hd__xor2_1)
                  0.38    0.51    5.25 ^ _212_/X (sky130_fd_sc_hd__xor2_1)
     2    0.01                           _024_ (net)
                  0.38    0.00    5.25 ^ _213_/B1 (sky130_fd_sc_hd__a211oi_2)
                  0.15    0.22    5.47 v _213_/Y (sky130_fd_sc_hd__a211oi_2)
     3    0.01                           _025_ (net)
                  0.15    0.00    5.47 v _231_/A2 (sky130_fd_sc_hd__o31a_1)
                  0.08    0.57    6.04 v _231_/X (sky130_fd_sc_hd__o31a_1)
     1    0.00                           _042_ (net)
                  0.08    0.00    6.04 v _235_/A2 (sky130_fd_sc_hd__a21oi_1)
                  0.68    0.65    6.69 ^ _235_/Y (sky130_fd_sc_hd__a21oi_1)
     2    0.02                           net27 (net)
                  0.68    0.00    6.69 ^ output27/A (sky130_fd_sc_hd__clkbuf_4)
                  0.19    0.63    7.31 ^ output27/X (sky130_fd_sc_hd__clkbuf_4)
     1    0.04                           result[7] (net)
                  0.19    0.00    7.31 ^ result[7] (out)
                                  7.31   data arrival time

                  0.00   10.00   10.00   clock __VIRTUAL_CLK__ (rise edge)
                          0.00   10.00   clock network delay (ideal)
                         -0.25    9.75   clock uncertainty
                          0.00    9.75   clock reconvergence pessimism
                         -2.00    7.75   output external delay
                                  7.75   data required time
-----------------------------------------------------------------------------
                                  7.75   data required time
                                 -7.31   data arrival time
-----------------------------------------------------------------------------
                                  0.44   slack (MET)


Startpoint: op[2] (input port clocked by __VIRTUAL_CLK__)
Endpoint: result[6] (output port clocked by __VIRTUAL_CLK__)
Path Group: __VIRTUAL_CLK__
Path Type: max
Corner: Slowest

Fanout     Cap    Slew   Delay    Time   Description
-----------------------------------------------------------------------------
                  0.00    0.00    0.00   clock __VIRTUAL_CLK__ (rise edge)
                          0.00    0.00   clock network delay (ideal)
                          2.00    2.00 v input external delay
                  0.02    0.01    2.01 v op[2] (in)
     1    0.00                           op[2] (net)
                  0.02    0.00    2.01 v input19/A (sky130_fd_sc_hd__buf_4)
                  0.10    0.30    2.31 v input19/X (sky130_fd_sc_hd__buf_4)
    10    0.03                           net19 (net)
                  0.10    0.00    2.31 v _130_/A (sky130_fd_sc_hd__or3b_4)
                  0.12    0.81    3.12 v _130_/X (sky130_fd_sc_hd__or3b_4)
     1    0.01                           _062_ (net)
                  0.12    0.00    3.12 v _131_/A (sky130_fd_sc_hd__buf_6)
                  0.07    0.28    3.40 v _131_/X (sky130_fd_sc_hd__buf_6)
     8    0.03                           _063_ (net)
                  0.07    0.00    3.40 v _151_/B1 (sky130_fd_sc_hd__o21a_1)
                  0.11    0.25    3.64 v _151_/X (sky130_fd_sc_hd__o21a_1)
     2    0.01                           _082_ (net)
                  0.11    0.00    3.64 v _152_/B (sky130_fd_sc_hd__xnor2_1)
                  0.31    0.34    3.99 ^ _152_/Y (sky130_fd_sc_hd__xnor2_1)
     2    0.01                           _083_ (net)
                  0.31    0.00    3.99 ^ _153_/B (sky130_fd_sc_hd__xnor2_1)
                  0.16    0.28    4.27 v _153_/Y (sky130_fd_sc_hd__xnor2_1)
     3    0.01                           _084_ (net)
                  0.16    0.00    4.27 v _168_/B (sky130_fd_sc_hd__nor2_1)
                  0.38    0.39    4.65 ^ _168_/Y (sky130_fd_sc_hd__nor2_1)
     3    0.01                           _098_ (net)
                  0.38    0.00    4.65 ^ _199_/A1 (sky130_fd_sc_hd__o211ai_2)
                  0.22    0.38    5.03 v _199_/Y (sky130_fd_sc_hd__o211ai_2)
     3    0.01                           _012_ (net)
                  0.22    0.00    5.03 v _214_/A1 (sky130_fd_sc_hd__a21o_1)
                  0.06    0.36    5.39 v _214_/X (sky130_fd_sc_hd__a21o_1)
     1    0.00                           _026_ (net)
                  0.06    0.00    5.39 v _215_/A2 (sky130_fd_sc_hd__a21o_1)
                  0.06    0.32    5.71 v _215_/X (sky130_fd_sc_hd__a21o_1)
     1    0.00                           _027_ (net)
                  0.06    0.00    5.71 v _223_/A2 (sky130_fd_sc_hd__o21ai_1)
                  0.56    0.52    6.23 ^ _223_/Y (sky130_fd_sc_hd__o21ai_1)
     2    0.02                           net26 (net)
                  0.56    0.00    6.23 ^ output26/A (sky130_fd_sc_hd__clkbuf_4)
                  0.18    0.58    6.81 ^ output26/X (sky130_fd_sc_hd__clkbuf_4)
     1    0.03                           result[6] (net)
                  0.18    0.00    6.81 ^ result[6] (out)
                                  6.81   data arrival time

                  0.00   10.00   10.00   clock __VIRTUAL_CLK__ (rise edge)
                          0.00   10.00   clock network delay (ideal)
                         -0.25    9.75   clock uncertainty
                          0.00    9.75   clock reconvergence pessimism
                         -2.00    7.75   output external delay
                                  7.75   data required time
-----------------------------------------------------------------------------
                                  7.75   data required time
                                 -6.81   data arrival time
-----------------------------------------------------------------------------
                                  0.94   slack (MET)


Startpoint: op[2] (input port clocked by __VIRTUAL_CLK__)
Endpoint: result[5] (output port clocked by __VIRTUAL_CLK__)
Path Group: __VIRTUAL_CLK__
Path Type: max
Corner: Slowest

Fanout     Cap    Slew   Delay    Time   Description
-----------------------------------------------------------------------------
                  0.00    0.00    0.00   clock __VIRTUAL_CLK__ (rise edge)
                          0.00    0.00   clock network delay (ideal)
                          2.00    2.00 v input external delay
                  0.02    0.01    2.01 v op[2] (in)
     1    0.00                           op[2] (net)
                  0.02    0.00    2.01 v input19/A (sky130_fd_sc_hd__buf_4)
                  0.10    0.30    2.31 v input19/X (sky130_fd_sc_hd__buf_4)
    10    0.03                           net19 (net)
                  0.10    0.00    2.31 v _130_/A (sky130_fd_sc_hd__or3b_4)
                  0.12    0.81    3.12 v _130_/X (sky130_fd_sc_hd__or3b_4)
     1    0.01                           _062_ (net)
                  0.12    0.00    3.12 v _131_/A (sky130_fd_sc_hd__buf_6)
                  0.07    0.28    3.40 v _131_/X (sky130_fd_sc_hd__buf_6)
     8    0.03                           _063_ (net)
                  0.07    0.00    3.40 v _184_/B1 (sky130_fd_sc_hd__o41a_1)
                  0.20    0.29    3.69 v _184_/X (sky130_fd_sc_hd__o41a_1)
     2    0.01                           _113_ (net)
                  0.20    0.00    3.69 v _193_/B1 (sky130_fd_sc_hd__a21o_1)
                  0.14    0.44    4.13 v _193_/X (sky130_fd_sc_hd__a21o_1)
     3    0.01                           _006_ (net)
                  0.14    0.00    4.13 v _194_/B (sky130_fd_sc_hd__xor2_1)
                  0.15    0.34    4.47 v _194_/X (sky130_fd_sc_hd__xor2_1)
     3    0.01                           _007_ (net)
                  0.15    0.00    4.47 v _196_/B (sky130_fd_sc_hd__and2_1)
                  0.12    0.43    4.90 v _196_/X (sky130_fd_sc_hd__and2_1)
     3    0.01                           _009_ (net)
                  0.12    0.00    4.90 v _197_/B (sky130_fd_sc_hd__or2_1)
                  0.12    0.53    5.43 v _197_/X (sky130_fd_sc_hd__or2_1)
     1    0.00                           _010_ (net)
                  0.12    0.00    5.43 v _201_/A (sky130_fd_sc_hd__xnor2_1)
                  0.26    0.33    5.76 ^ _201_/Y (sky130_fd_sc_hd__xnor2_1)
     1    0.01                           _014_ (net)
                  0.26    0.00    5.76 ^ _208_/A2 (sky130_fd_sc_hd__o21a_1)
                  0.29    0.46    6.23 ^ _208_/X (sky130_fd_sc_hd__o21a_1)
     2    0.02                           net25 (net)
                  0.29    0.00    6.23 ^ output25/A (sky130_fd_sc_hd__clkbuf_4)
                  0.18    0.45    6.68 ^ output25/X (sky130_fd_sc_hd__clkbuf_4)
     1    0.03                           result[5] (net)
                  0.18    0.00    6.68 ^ result[5] (out)
                                  6.68   data arrival time

                  0.00   10.00   10.00   clock __VIRTUAL_CLK__ (rise edge)
                          0.00   10.00   clock network delay (ideal)
                         -0.25    9.75   clock uncertainty
                          0.00    9.75   clock reconvergence pessimism
                         -2.00    7.75   output external delay
                                  7.75   data required time
-----------------------------------------------------------------------------
                                  7.75   data required time
                                 -6.68   data arrival time
-----------------------------------------------------------------------------
                                  1.07   slack (MET)


Startpoint: op[2] (input port clocked by __VIRTUAL_CLK__)
Endpoint: result[3] (output port clocked by __VIRTUAL_CLK__)
Path Group: __VIRTUAL_CLK__
Path Type: max
Corner: Slowest

Fanout     Cap    Slew   Delay    Time   Description
-----------------------------------------------------------------------------
                  0.00    0.00    0.00   clock __VIRTUAL_CLK__ (rise edge)
                          0.00    0.00   clock network delay (ideal)
                          2.00    2.00 v input external delay
                  0.02    0.01    2.01 v op[2] (in)
     1    0.00                           op[2] (net)
                  0.02    0.00    2.01 v input19/A (sky130_fd_sc_hd__buf_4)
                  0.10    0.30    2.31 v input19/X (sky130_fd_sc_hd__buf_4)
    10    0.03                           net19 (net)
                  0.10    0.00    2.31 v _130_/A (sky130_fd_sc_hd__or3b_4)
                  0.12    0.81    3.12 v _130_/X (sky130_fd_sc_hd__or3b_4)
     1    0.01                           _062_ (net)
                  0.12    0.00    3.12 v _131_/A (sky130_fd_sc_hd__buf_6)
                  0.07    0.28    3.40 v _131_/X (sky130_fd_sc_hd__buf_6)
     8    0.03                           _063_ (net)
                  0.07    0.00    3.40 v _132_/A2 (sky130_fd_sc_hd__a21bo_1)
                  0.08    0.38    3.78 v _132_/X (sky130_fd_sc_hd__a21bo_1)
     2    0.01                           _064_ (net)
                  0.08    0.00    3.78 v _134_/B (sky130_fd_sc_hd__and3_1)
                  0.09    0.38    4.16 v _134_/X (sky130_fd_sc_hd__and3_1)
     2    0.01                           _066_ (net)
                  0.09    0.00    4.16 v _150_/B1 (sky130_fd_sc_hd__a21oi_1)
                  0.35    0.35    4.51 ^ _150_/Y (sky130_fd_sc_hd__a21oi_1)
     3    0.01                           _081_ (net)
                  0.35    0.00    4.51 ^ _168_/A (sky130_fd_sc_hd__nor2_1)
                  0.14    0.27    4.78 v _168_/Y (sky130_fd_sc_hd__nor2_1)
     3    0.01                           _098_ (net)
                  0.14    0.00    4.78 v _169_/B (sky130_fd_sc_hd__or2_1)
                  0.12    0.54    5.31 v _169_/X (sky130_fd_sc_hd__or2_1)
     1    0.00                           _099_ (net)
                  0.12    0.00    5.31 v _170_/B (sky130_fd_sc_hd__xnor2_1)
                  0.11    0.25    5.56 v _170_/Y (sky130_fd_sc_hd__xnor2_1)
     1    0.00                           _100_ (net)
                  0.11    0.00    5.56 v _177_/A2 (sky130_fd_sc_hd__o22a_1)
                  0.15    0.47    6.03 v _177_/X (sky130_fd_sc_hd__o22a_1)
     2    0.01                           net23 (net)
                  0.15    0.00    6.03 v output23/A (sky130_fd_sc_hd__clkbuf_4)
                  0.14    0.38    6.41 v output23/X (sky130_fd_sc_hd__clkbuf_4)
     1    0.03                           result[3] (net)
                  0.14    0.00    6.41 v result[3] (out)
                                  6.41   data arrival time

                  0.00   10.00   10.00   clock __VIRTUAL_CLK__ (rise edge)
                          0.00   10.00   clock network delay (ideal)
                         -0.25    9.75   clock uncertainty
                          0.00    9.75   clock reconvergence pessimism
                         -2.00    7.75   output external delay
                                  7.75   data required time
-----------------------------------------------------------------------------
                                  7.75   data required time
                                 -6.41   data arrival time
-----------------------------------------------------------------------------
                                  1.34   slack (MET)


Startpoint: op[2] (input port clocked by __VIRTUAL_CLK__)
Endpoint: result[4] (output port clocked by __VIRTUAL_CLK__)
Path Group: __VIRTUAL_CLK__
Path Type: max
Corner: Slowest

Fanout     Cap    Slew   Delay    Time   Description
-----------------------------------------------------------------------------
                  0.00    0.00    0.00   clock __VIRTUAL_CLK__ (rise edge)
                          0.00    0.00   clock network delay (ideal)
                          2.00    2.00 v input external delay
                  0.02    0.01    2.01 v op[2] (in)
     1    0.00                           op[2] (net)
                  0.02    0.00    2.01 v input19/A (sky130_fd_sc_hd__buf_4)
                  0.10    0.30    2.31 v input19/X (sky130_fd_sc_hd__buf_4)
    10    0.03                           net19 (net)
                  0.10    0.00    2.31 v _130_/A (sky130_fd_sc_hd__or3b_4)
                  0.12    0.81    3.12 v _130_/X (sky130_fd_sc_hd__or3b_4)
     1    0.01                           _062_ (net)
                  0.12    0.00    3.12 v _131_/A (sky130_fd_sc_hd__buf_6)
                  0.07    0.28    3.40 v _131_/X (sky130_fd_sc_hd__buf_6)
     8    0.03                           _063_ (net)
                  0.07    0.00    3.40 v _151_/B1 (sky130_fd_sc_hd__o21a_1)
                  0.11    0.25    3.64 v _151_/X (sky130_fd_sc_hd__o21a_1)
     2    0.01                           _082_ (net)
                  0.11    0.00    3.64 v _162_/B1 (sky130_fd_sc_hd__a21o_1)
                  0.08    0.33    3.97 v _162_/X (sky130_fd_sc_hd__a21o_1)
     1    0.01                           _092_ (net)
                  0.08    0.00    3.97 v _163_/B (sky130_fd_sc_hd__xnor2_1)
                  0.16    0.27    4.25 v _163_/Y (sky130_fd_sc_hd__xnor2_1)
     3    0.01                           _093_ (net)
                  0.16    0.00    4.25 v _165_/B (sky130_fd_sc_hd__or2_1)
                  0.18    0.62    4.87 v _165_/X (sky130_fd_sc_hd__or2_1)
     3    0.01                           _095_ (net)
                  0.18    0.00    4.87 v _189_/B1 (sky130_fd_sc_hd__o21ai_1)
                  0.25    0.23    5.10 ^ _189_/Y (sky130_fd_sc_hd__o21ai_1)
     1    0.01                           _003_ (net)
                  0.25    0.00    5.10 ^ _190_/B (sky130_fd_sc_hd__xnor2_1)
                  0.24    0.29    5.39 ^ _190_/Y (sky130_fd_sc_hd__xnor2_1)
     1    0.00                           _004_ (net)
                  0.24    0.00    5.39 ^ _191_/B1 (sky130_fd_sc_hd__o32a_1)
                  0.16    0.42    5.82 ^ _191_/X (sky130_fd_sc_hd__o32a_1)
     2    0.01                           net24 (net)
                  0.16    0.00    5.82 ^ output24/A (sky130_fd_sc_hd__clkbuf_4)
                  0.18    0.39    6.21 ^ output24/X (sky130_fd_sc_hd__clkbuf_4)
     1    0.03                           result[4] (net)
                  0.18    0.00    6.21 ^ result[4] (out)
                                  6.21   data arrival time

                  0.00   10.00   10.00   clock __VIRTUAL_CLK__ (rise edge)
                          0.00   10.00   clock network delay (ideal)
                         -0.25    9.75   clock uncertainty
                          0.00    9.75   clock reconvergence pessimism
                         -2.00    7.75   output external delay
                                  7.75   data required time
-----------------------------------------------------------------------------
                                  7.75   data required time
                                 -6.21   data arrival time
-----------------------------------------------------------------------------
                                  1.54   slack (MET)


Startpoint: op[2] (input port clocked by __VIRTUAL_CLK__)
Endpoint: result[1] (output port clocked by __VIRTUAL_CLK__)
Path Group: __VIRTUAL_CLK__
Path Type: max
Corner: Slowest

Fanout     Cap    Slew   Delay    Time   Description
-----------------------------------------------------------------------------
                  0.00    0.00    0.00   clock __VIRTUAL_CLK__ (rise edge)
                          0.00    0.00   clock network delay (ideal)
                          2.00    2.00 v input external delay
                  0.02    0.01    2.01 v op[2] (in)
     1    0.00                           op[2] (net)
                  0.02    0.00    2.01 v input19/A (sky130_fd_sc_hd__buf_4)
                  0.10    0.30    2.31 v input19/X (sky130_fd_sc_hd__buf_4)
    10    0.03                           net19 (net)
                  0.10    0.00    2.31 v _130_/A (sky130_fd_sc_hd__or3b_4)
                  0.12    0.81    3.12 v _130_/X (sky130_fd_sc_hd__or3b_4)
     1    0.01                           _062_ (net)
                  0.12    0.00    3.12 v _131_/A (sky130_fd_sc_hd__buf_6)
                  0.07    0.28    3.40 v _131_/X (sky130_fd_sc_hd__buf_6)
     8    0.03                           _063_ (net)
                  0.07    0.00    3.40 v _132_/A2 (sky130_fd_sc_hd__a21bo_1)
                  0.08    0.38    3.78 v _132_/X (sky130_fd_sc_hd__a21bo_1)
     2    0.01                           _064_ (net)
                  0.08    0.00    3.78 v _134_/B (sky130_fd_sc_hd__and3_1)
                  0.09    0.38    4.16 v _134_/X (sky130_fd_sc_hd__and3_1)
     2    0.01                           _066_ (net)
                  0.09    0.00    4.16 v _136_/A (sky130_fd_sc_hd__or2b_1)
                  0.11    0.55    4.70 v _136_/X (sky130_fd_sc_hd__or2b_1)
     1    0.01                           _068_ (net)
                  0.11    0.00    4.70 v _138_/A (sky130_fd_sc_hd__xnor2_1)
                  0.09    0.25    4.95 v _138_/Y (sky130_fd_sc_hd__xnor2_1)
     1    0.00                           _070_ (net)
                  0.09    0.00    4.95 v _149_/A2 (sky130_fd_sc_hd__a211o_1)
                  0.13    0.63    5.58 v _149_/X (sky130_fd_sc_hd__a211o_1)
     2    0.01                           net21 (net)
                  0.13    0.00    5.58 v output21/A (sky130_fd_sc_hd__clkbuf_4)
                  0.14    0.37    5.94 v output21/X (sky130_fd_sc_hd__clkbuf_4)
     1    0.03                           result[1] (net)
                  0.14    0.00    5.94 v result[1] (out)
                                  5.94   data arrival time

                  0.00   10.00   10.00   clock __VIRTUAL_CLK__ (rise edge)
                          0.00   10.00   clock network delay (ideal)
                         -0.25    9.75   clock uncertainty
                          0.00    9.75   clock reconvergence pessimism
                         -2.00    7.75   output external delay
                                  7.75   data required time
-----------------------------------------------------------------------------
                                  7.75   data required time
                                 -5.94   data arrival time
-----------------------------------------------------------------------------
                                  1.81   slack (MET)


Startpoint: op[2] (input port clocked by __VIRTUAL_CLK__)
Endpoint: result[2] (output port clocked by __VIRTUAL_CLK__)
Path Group: __VIRTUAL_CLK__
Path Type: max
Corner: Slowest

Fanout     Cap    Slew   Delay    Time   Description
-----------------------------------------------------------------------------
                  0.00    0.00    0.00   clock __VIRTUAL_CLK__ (rise edge)
                          0.00    0.00   clock network delay (ideal)
                          2.00    2.00 v input external delay
                  0.02    0.01    2.01 v op[2] (in)
     1    0.00                           op[2] (net)
                  0.02    0.00    2.01 v input19/A (sky130_fd_sc_hd__buf_4)
                  0.10    0.30    2.31 v input19/X (sky130_fd_sc_hd__buf_4)
    10    0.03                           net19 (net)
                  0.10    0.00    2.31 v _130_/A (sky130_fd_sc_hd__or3b_4)
                  0.12    0.81    3.12 v _130_/X (sky130_fd_sc_hd__or3b_4)
     1    0.01                           _062_ (net)
                  0.12    0.00    3.12 v _131_/A (sky130_fd_sc_hd__buf_6)
                  0.07    0.28    3.40 v _131_/X (sky130_fd_sc_hd__buf_6)
     8    0.03                           _063_ (net)
                  0.07    0.00    3.40 v _151_/B1 (sky130_fd_sc_hd__o21a_1)
                  0.11    0.25    3.64 v _151_/X (sky130_fd_sc_hd__o21a_1)
     2    0.01                           _082_ (net)
                  0.11    0.00    3.64 v _152_/B (sky130_fd_sc_hd__xnor2_1)
                  0.31    0.34    3.99 ^ _152_/Y (sky130_fd_sc_hd__xnor2_1)
     2    0.01                           _083_ (net)
                  0.31    0.00    3.99 ^ _153_/B (sky130_fd_sc_hd__xnor2_1)
                  0.16    0.28    4.27 v _153_/Y (sky130_fd_sc_hd__xnor2_1)
     3    0.01                           _084_ (net)
                  0.16    0.00    4.27 v _155_/B (sky130_fd_sc_hd__or2_1)
                  0.10    0.52    4.78 v _155_/X (sky130_fd_sc_hd__or2_1)
     1    0.00                           _086_ (net)
                  0.10    0.00    4.78 v _161_/A3 (sky130_fd_sc_hd__a31o_1)
                  0.11    0.46    5.25 v _161_/X (sky130_fd_sc_hd__a31o_1)
     2    0.01                           net22 (net)
                  0.11    0.00    5.25 v output22/A (sky130_fd_sc_hd__clkbuf_4)
                  0.14    0.36    5.61 v output22/X (sky130_fd_sc_hd__clkbuf_4)
     1    0.03                           result[2] (net)
                  0.14    0.00    5.61 v result[2] (out)
                                  5.61   data arrival time

                  0.00   10.00   10.00   clock __VIRTUAL_CLK__ (rise edge)
                          0.00   10.00   clock network delay (ideal)
                         -0.25    9.75   clock uncertainty
                          0.00    9.75   clock reconvergence pessimism
                         -2.00    7.75   output external delay
                                  7.75   data required time
-----------------------------------------------------------------------------
                                  7.75   data required time
                                 -5.61   data arrival time
-----------------------------------------------------------------------------
                                  2.14   slack (MET)


Startpoint: op[1] (input port clocked by __VIRTUAL_CLK__)
Endpoint: result[0] (output port clocked by __VIRTUAL_CLK__)
Path Group: __VIRTUAL_CLK__
Path Type: max
Corner: Slowest

Fanout     Cap    Slew   Delay    Time   Description
-----------------------------------------------------------------------------
                  0.00    0.00    0.00   clock __VIRTUAL_CLK__ (rise edge)
                          0.00    0.00   clock network delay (ideal)
                          2.00    2.00 v input external delay
                  0.02    0.01    2.01 v op[1] (in)
     1    0.00                           op[1] (net)
                  0.02    0.00    2.01 v input18/A (sky130_fd_sc_hd__buf_2)
                  0.14    0.31    2.32 v input18/X (sky130_fd_sc_hd__buf_2)
    10    0.03                           net18 (net)
                  0.14    0.00    2.32 v _116_/A (sky130_fd_sc_hd__or3b_2)
                  0.26    1.33    3.65 v _116_/X (sky130_fd_sc_hd__or3b_2)
     4    0.02                           _049_ (net)
                  0.26    0.00    3.65 v _117_/B2 (sky130_fd_sc_hd__a2bb2o_1)
                  0.10    0.64    4.30 v _117_/X (sky130_fd_sc_hd__a2bb2o_1)
     1    0.00                           _050_ (net)
                  0.10    0.00    4.30 v _118_/B1 (sky130_fd_sc_hd__a21oi_1)
                  0.17    0.21    4.50 ^ _118_/Y (sky130_fd_sc_hd__a21oi_1)
     1    0.00                           _051_ (net)
                  0.17    0.00    4.50 ^ _127_/A (sky130_fd_sc_hd__or4_1)
                  0.07    0.23    4.73 ^ _127_/X (sky130_fd_sc_hd__or4_1)
     1    0.00                           _060_ (net)
                  0.07    0.00    4.73 ^ _128_/A (sky130_fd_sc_hd__buf_1)
                  0.23    0.28    5.01 ^ _128_/X (sky130_fd_sc_hd__buf_1)
     2    0.01                           net20 (net)
                  0.23    0.00    5.01 ^ output20/A (sky130_fd_sc_hd__clkbuf_4)
                  0.18    0.42    5.43 ^ output20/X (sky130_fd_sc_hd__clkbuf_4)
     1    0.03                           result[0] (net)
                  0.18    0.00    5.43 ^ result[0] (out)
                                  5.43   data arrival time

                  0.00   10.00   10.00   clock __VIRTUAL_CLK__ (rise edge)
                          0.00   10.00   clock network delay (ideal)
                         -0.25    9.75   clock uncertainty
                          0.00    9.75   clock reconvergence pessimism
                         -2.00    7.75   output external delay
                                  7.75   data required time
-----------------------------------------------------------------------------
                                  7.75   data required time
                                 -5.43   data arrival time
-----------------------------------------------------------------------------
                                  2.32   slack (MET)



======================= Typical Corner ===================================

Startpoint: op[2] (input port clocked by __VIRTUAL_CLK__)
Endpoint: zero (output port clocked by __VIRTUAL_CLK__)
Path Group: __VIRTUAL_CLK__
Path Type: max
Corner: Typical

Fanout     Cap    Slew   Delay    Time   Description
-----------------------------------------------------------------------------
                  0.00    0.00    0.00   clock __VIRTUAL_CLK__ (rise edge)
                          0.00    0.00   clock network delay (ideal)
                          2.00    2.00 v input external delay
                  0.01    0.00    2.00 v op[2] (in)
     1    0.00                           op[2] (net)
                  0.01    0.00    2.00 v input19/A (sky130_fd_sc_hd__buf_4)
                  0.06    0.16    2.16 v input19/X (sky130_fd_sc_hd__buf_4)
    10    0.03                           net19 (net)
                  0.06    0.00    2.17 v _130_/A (sky130_fd_sc_hd__or3b_4)
                  0.07    0.41    2.58 v _130_/X (sky130_fd_sc_hd__or3b_4)
     1    0.01                           _062_ (net)
                  0.07    0.00    2.58 v _131_/A (sky130_fd_sc_hd__buf_6)
                  0.04    0.15    2.73 v _131_/X (sky130_fd_sc_hd__buf_6)
     8    0.03                           _063_ (net)
                  0.04    0.00    2.73 v _132_/A2 (sky130_fd_sc_hd__a21bo_1)
                  0.04    0.20    2.94 v _132_/X (sky130_fd_sc_hd__a21bo_1)
     2    0.01                           _064_ (net)
                  0.04    0.00    2.94 v _134_/B (sky130_fd_sc_hd__and3_1)
                  0.05    0.18    3.12 v _134_/X (sky130_fd_sc_hd__and3_1)
     2    0.01                           _066_ (net)
                  0.05    0.00    3.12 v _136_/A (sky130_fd_sc_hd__or2b_1)
                  0.06    0.24    3.36 v _136_/X (sky130_fd_sc_hd__or2b_1)
     1    0.01                           _068_ (net)
                  0.06    0.00    3.36 v _138_/A (sky130_fd_sc_hd__xnor2_1)
                  0.05    0.13    3.49 v _138_/Y (sky130_fd_sc_hd__xnor2_1)
     1    0.00                           _070_ (net)
                  0.05    0.00    3.49 v _149_/A2 (sky130_fd_sc_hd__a211o_1)
                  0.07    0.33    3.82 v _149_/X (sky130_fd_sc_hd__a211o_1)
     2    0.01                           net21 (net)
                  0.07    0.00    3.82 v _236_/B (sky130_fd_sc_hd__or3_4)
                  0.07    0.39    4.21 v _236_/X (sky130_fd_sc_hd__or3_4)
     1    0.00                           _046_ (net)
                  0.07    0.00    4.21 v _237_/C (sky130_fd_sc_hd__or3_4)
                  0.07    0.36    4.56 v _237_/X (sky130_fd_sc_hd__or3_4)
     1    0.01                           _047_ (net)
                  0.07    0.00    4.57 v _238_/D (sky130_fd_sc_hd__nor4_4)
                  0.21    0.16    4.73 ^ _238_/Y (sky130_fd_sc_hd__nor4_4)
     1    0.01                           net28 (net)
                  0.21    0.00    4.73 ^ output28/A (sky130_fd_sc_hd__buf_6)
                  0.08    0.18    4.90 ^ output28/X (sky130_fd_sc_hd__buf_6)
     1    0.03                           zero (net)
                  0.08    0.00    4.91 ^ zero (out)
                                  4.91   data arrival time

                  0.00   10.00   10.00   clock __VIRTUAL_CLK__ (rise edge)
                          0.00   10.00   clock network delay (ideal)
                         -0.25    9.75   clock uncertainty
                          0.00    9.75   clock reconvergence pessimism
                         -2.00    7.75   output external delay
                                  7.75   data required time
-----------------------------------------------------------------------------
                                  7.75   data required time
                                 -4.91   data arrival time
-----------------------------------------------------------------------------
                                  2.84   slack (MET)


Startpoint: op[2] (input port clocked by __VIRTUAL_CLK__)
Endpoint: result[7] (output port clocked by __VIRTUAL_CLK__)
Path Group: __VIRTUAL_CLK__
Path Type: max
Corner: Typical

Fanout     Cap    Slew   Delay    Time   Description
-----------------------------------------------------------------------------
                  0.00    0.00    0.00   clock __VIRTUAL_CLK__ (rise edge)
                          0.00    0.00   clock network delay (ideal)
                          2.00    2.00 v input external delay
                  0.01    0.00    2.00 v op[2] (in)
     1    0.00                           op[2] (net)
                  0.01    0.00    2.00 v input19/A (sky130_fd_sc_hd__buf_4)
                  0.06    0.16    2.16 v input19/X (sky130_fd_sc_hd__buf_4)
    10    0.03                           net19 (net)
                  0.06    0.00    2.17 v _130_/A (sky130_fd_sc_hd__or3b_4)
                  0.07    0.41    2.58 v _130_/X (sky130_fd_sc_hd__or3b_4)
     1    0.01                           _062_ (net)
                  0.07    0.00    2.58 v _131_/A (sky130_fd_sc_hd__buf_6)
                  0.04    0.15    2.73 v _131_/X (sky130_fd_sc_hd__buf_6)
     8    0.03                           _063_ (net)
                  0.04    0.00    2.73 v _132_/A2 (sky130_fd_sc_hd__a21bo_1)
                  0.04    0.20    2.94 v _132_/X (sky130_fd_sc_hd__a21bo_1)
     2    0.01                           _064_ (net)
                  0.04    0.00    2.94 v _134_/B (sky130_fd_sc_hd__and3_1)
                  0.05    0.18    3.12 v _134_/X (sky130_fd_sc_hd__and3_1)
     2    0.01                           _066_ (net)
                  0.05    0.00    3.12 v _150_/B1 (sky130_fd_sc_hd__a21oi_1)
                  0.22    0.21    3.33 ^ _150_/Y (sky130_fd_sc_hd__a21oi_1)
     3    0.01                           _081_ (net)
                  0.22    0.00    3.33 ^ _168_/A (sky130_fd_sc_hd__nor2_1)
                  0.09    0.13    3.46 v _168_/Y (sky130_fd_sc_hd__nor2_1)
     3    0.01                           _098_ (net)
                  0.09    0.00    3.46 v _199_/A1 (sky130_fd_sc_hd__o211ai_2)
                  0.20    0.24    3.70 ^ _199_/Y (sky130_fd_sc_hd__o211ai_2)
     3    0.01                           _012_ (net)
                  0.20    0.00    3.70 ^ _213_/A1 (sky130_fd_sc_hd__a211oi_2)
                  0.09    0.12    3.82 v _213_/Y (sky130_fd_sc_hd__a211oi_2)
     3    0.01                           _025_ (net)
                  0.09    0.00    3.82 v _231_/A2 (sky130_fd_sc_hd__o31a_1)
                  0.04    0.29    4.12 v _231_/X (sky130_fd_sc_hd__o31a_1)
     1    0.00                           _042_ (net)
                  0.04    0.00    4.12 v _235_/A2 (sky130_fd_sc_hd__a21oi_1)
                  0.42    0.39    4.51 ^ _235_/Y (sky130_fd_sc_hd__a21oi_1)
     2    0.02                           net27 (net)
                  0.42    0.00    4.51 ^ output27/A (sky130_fd_sc_hd__clkbuf_4)
                  0.12    0.31    4.82 ^ output27/X (sky130_fd_sc_hd__clkbuf_4)
     1    0.04                           result[7] (net)
                  0.12    0.00    4.82 ^ result[7] (out)
                                  4.82   data arrival time

                  0.00   10.00   10.00   clock __VIRTUAL_CLK__ (rise edge)
                          0.00   10.00   clock network delay (ideal)
                         -0.25    9.75   clock uncertainty
                          0.00    9.75   clock reconvergence pessimism
                         -2.00    7.75   output external delay
                                  7.75   data required time
-----------------------------------------------------------------------------
                                  7.75   data required time
                                 -4.82   data arrival time
-----------------------------------------------------------------------------
                                  2.93   slack (MET)


Startpoint: op[2] (input port clocked by __VIRTUAL_CLK__)
Endpoint: result[6] (output port clocked by __VIRTUAL_CLK__)
Path Group: __VIRTUAL_CLK__
Path Type: max
Corner: Typical

Fanout     Cap    Slew   Delay    Time   Description
-----------------------------------------------------------------------------
                  0.00    0.00    0.00   clock __VIRTUAL_CLK__ (rise edge)
                          0.00    0.00   clock network delay (ideal)
                          2.00    2.00 v input external delay
                  0.01    0.00    2.00 v op[2] (in)
     1    0.00                           op[2] (net)
                  0.01    0.00    2.00 v input19/A (sky130_fd_sc_hd__buf_4)
                  0.06    0.16    2.16 v input19/X (sky130_fd_sc_hd__buf_4)
    10    0.03                           net19 (net)
                  0.06    0.00    2.17 v _130_/A (sky130_fd_sc_hd__or3b_4)
                  0.07    0.41    2.58 v _130_/X (sky130_fd_sc_hd__or3b_4)
     1    0.01                           _062_ (net)
                  0.07    0.00    2.58 v _131_/A (sky130_fd_sc_hd__buf_6)
                  0.04    0.15    2.73 v _131_/X (sky130_fd_sc_hd__buf_6)
     8    0.03                           _063_ (net)
                  0.04    0.00    2.73 v _151_/B1 (sky130_fd_sc_hd__o21a_1)
                  0.06    0.13    2.86 v _151_/X (sky130_fd_sc_hd__o21a_1)
     2    0.01                           _082_ (net)
                  0.06    0.00    2.86 v _162_/B1 (sky130_fd_sc_hd__a21o_1)
                  0.04    0.17    3.03 v _162_/X (sky130_fd_sc_hd__a21o_1)
     1    0.01                           _092_ (net)
                  0.04    0.00    3.03 v _163_/B (sky130_fd_sc_hd__xnor2_1)
                  0.22    0.22    3.25 ^ _163_/Y (sky130_fd_sc_hd__xnor2_1)
     3    0.01                           _093_ (net)
                  0.22    0.00    3.25 ^ _165_/B (sky130_fd_sc_hd__or2_1)
                  0.12    0.20    3.45 ^ _165_/X (sky130_fd_sc_hd__or2_1)
     3    0.01                           _095_ (net)
                  0.12    0.00    3.45 ^ _199_/C1 (sky130_fd_sc_hd__o211ai_2)
                  0.10    0.13    3.58 v _199_/Y (sky130_fd_sc_hd__o211ai_2)
     3    0.01                           _012_ (net)
                  0.10    0.00    3.58 v _214_/A1 (sky130_fd_sc_hd__a21o_1)
                  0.03    0.18    3.77 v _214_/X (sky130_fd_sc_hd__a21o_1)
     1    0.00                           _026_ (net)
                  0.03    0.00    3.77 v _215_/A2 (sky130_fd_sc_hd__a21o_1)
                  0.03    0.17    3.94 v _215_/X (sky130_fd_sc_hd__a21o_1)
     1    0.00                           _027_ (net)
                  0.03    0.00    3.94 v _223_/A2 (sky130_fd_sc_hd__o21ai_1)
                  0.34    0.30    4.24 ^ _223_/Y (sky130_fd_sc_hd__o21ai_1)
     2    0.02                           net26 (net)
                  0.34    0.00    4.24 ^ output26/A (sky130_fd_sc_hd__clkbuf_4)
                  0.11    0.29    4.53 ^ output26/X (sky130_fd_sc_hd__clkbuf_4)
     1    0.03                           result[6] (net)
                  0.11    0.00    4.53 ^ result[6] (out)
                                  4.53   data arrival time

                  0.00   10.00   10.00   clock __VIRTUAL_CLK__ (rise edge)
                          0.00   10.00   clock network delay (ideal)
                         -0.25    9.75   clock uncertainty
                          0.00    9.75   clock reconvergence pessimism
                         -2.00    7.75   output external delay
                                  7.75   data required time
-----------------------------------------------------------------------------
                                  7.75   data required time
                                 -4.53   data arrival time
-----------------------------------------------------------------------------
                                  3.22   slack (MET)


Startpoint: op[2] (input port clocked by __VIRTUAL_CLK__)
Endpoint: result[5] (output port clocked by __VIRTUAL_CLK__)
Path Group: __VIRTUAL_CLK__
Path Type: max
Corner: Typical

Fanout     Cap    Slew   Delay    Time   Description
-----------------------------------------------------------------------------
                  0.00    0.00    0.00   clock __VIRTUAL_CLK__ (rise edge)
                          0.00    0.00   clock network delay (ideal)
                          2.00    2.00 v input external delay
                  0.01    0.00    2.00 v op[2] (in)
     1    0.00                           op[2] (net)
                  0.01    0.00    2.00 v input19/A (sky130_fd_sc_hd__buf_4)
                  0.06    0.16    2.16 v input19/X (sky130_fd_sc_hd__buf_4)
    10    0.03                           net19 (net)
                  0.06    0.00    2.17 v _130_/A (sky130_fd_sc_hd__or3b_4)
                  0.07    0.41    2.58 v _130_/X (sky130_fd_sc_hd__or3b_4)
     1    0.01                           _062_ (net)
                  0.07    0.00    2.58 v _131_/A (sky130_fd_sc_hd__buf_6)
                  0.04    0.15    2.73 v _131_/X (sky130_fd_sc_hd__buf_6)
     8    0.03                           _063_ (net)
                  0.04    0.00    2.73 v _132_/A2 (sky130_fd_sc_hd__a21bo_1)
                  0.04    0.20    2.94 v _132_/X (sky130_fd_sc_hd__a21bo_1)
     2    0.01                           _064_ (net)
                  0.04    0.00    2.94 v _134_/B (sky130_fd_sc_hd__and3_1)
                  0.05    0.18    3.12 v _134_/X (sky130_fd_sc_hd__and3_1)
     2    0.01                           _066_ (net)
                  0.05    0.00    3.12 v _150_/B1 (sky130_fd_sc_hd__a21oi_1)
                  0.22    0.21    3.33 ^ _150_/Y (sky130_fd_sc_hd__a21oi_1)
     3    0.01                           _081_ (net)
                  0.22    0.00    3.33 ^ _168_/A (sky130_fd_sc_hd__nor2_1)
                  0.09    0.13    3.46 v _168_/Y (sky130_fd_sc_hd__nor2_1)
     3    0.01                           _098_ (net)
                  0.09    0.00    3.46 v _199_/A1 (sky130_fd_sc_hd__o211ai_2)
                  0.20    0.24    3.70 ^ _199_/Y (sky130_fd_sc_hd__o211ai_2)
     3    0.01                           _012_ (net)
                  0.20    0.00    3.70 ^ _200_/B (sky130_fd_sc_hd__nand2_1)
                  0.06    0.10    3.80 v _200_/Y (sky130_fd_sc_hd__nand2_1)
     1    0.00                           _013_ (net)
                  0.06    0.00    3.80 v _201_/B (sky130_fd_sc_hd__xnor2_1)
                  0.16    0.18    3.97 ^ _201_/Y (sky130_fd_sc_hd__xnor2_1)
     1    0.01                           _014_ (net)
                  0.16    0.00    3.97 ^ _208_/A2 (sky130_fd_sc_hd__o21a_1)
                  0.18    0.24    4.21 ^ _208_/X (sky130_fd_sc_hd__o21a_1)
     2    0.02                           net25 (net)
                  0.18    0.00    4.22 ^ output25/A (sky130_fd_sc_hd__clkbuf_4)
                  0.11    0.24    4.46 ^ output25/X (sky130_fd_sc_hd__clkbuf_4)
     1    0.03                           result[5] (net)
                  0.11    0.00    4.46 ^ result[5] (out)
                                  4.46   data arrival time

                  0.00   10.00   10.00   clock __VIRTUAL_CLK__ (rise edge)
                          0.00   10.00   clock network delay (ideal)
                         -0.25    9.75   clock uncertainty
                          0.00    9.75   clock reconvergence pessimism
                         -2.00    7.75   output external delay
                                  7.75   data required time
-----------------------------------------------------------------------------
                                  7.75   data required time
                                 -4.46   data arrival time
-----------------------------------------------------------------------------
                                  3.29   slack (MET)


Startpoint: op[2] (input port clocked by __VIRTUAL_CLK__)
Endpoint: result[3] (output port clocked by __VIRTUAL_CLK__)
Path Group: __VIRTUAL_CLK__
Path Type: max
Corner: Typical

Fanout     Cap    Slew   Delay    Time   Description
-----------------------------------------------------------------------------
                  0.00    0.00    0.00   clock __VIRTUAL_CLK__ (rise edge)
                          0.00    0.00   clock network delay (ideal)
                          2.00    2.00 v input external delay
                  0.01    0.00    2.00 v op[2] (in)
     1    0.00                           op[2] (net)
                  0.01    0.00    2.00 v input19/A (sky130_fd_sc_hd__buf_4)
                  0.06    0.16    2.16 v input19/X (sky130_fd_sc_hd__buf_4)
    10    0.03                           net19 (net)
                  0.06    0.00    2.17 v _130_/A (sky130_fd_sc_hd__or3b_4)
                  0.07    0.41    2.58 v _130_/X (sky130_fd_sc_hd__or3b_4)
     1    0.01                           _062_ (net)
                  0.07    0.00    2.58 v _131_/A (sky130_fd_sc_hd__buf_6)
                  0.04    0.15    2.73 v _131_/X (sky130_fd_sc_hd__buf_6)
     8    0.03                           _063_ (net)
                  0.04    0.00    2.73 v _132_/A2 (sky130_fd_sc_hd__a21bo_1)
                  0.04    0.20    2.94 v _132_/X (sky130_fd_sc_hd__a21bo_1)
     2    0.01                           _064_ (net)
                  0.04    0.00    2.94 v _134_/B (sky130_fd_sc_hd__and3_1)
                  0.05    0.18    3.12 v _134_/X (sky130_fd_sc_hd__and3_1)
     2    0.01                           _066_ (net)
                  0.05    0.00    3.12 v _150_/B1 (sky130_fd_sc_hd__a21oi_1)
                  0.22    0.21    3.33 ^ _150_/Y (sky130_fd_sc_hd__a21oi_1)
     3    0.01                           _081_ (net)
                  0.22    0.00    3.33 ^ _168_/A (sky130_fd_sc_hd__nor2_1)
                  0.09    0.13    3.46 v _168_/Y (sky130_fd_sc_hd__nor2_1)
     3    0.01                           _098_ (net)
                  0.09    0.00    3.46 v _169_/B (sky130_fd_sc_hd__or2_1)
                  0.06    0.24    3.70 v _169_/X (sky130_fd_sc_hd__or2_1)
     1    0.00                           _099_ (net)
                  0.06    0.00    3.70 v _170_/B (sky130_fd_sc_hd__xnor2_1)
                  0.15    0.16    3.86 ^ _170_/Y (sky130_fd_sc_hd__xnor2_1)
     1    0.00                           _100_ (net)
                  0.15    0.00    3.86 ^ _177_/A2 (sky130_fd_sc_hd__o22a_1)
                  0.10    0.20    4.06 ^ _177_/X (sky130_fd_sc_hd__o22a_1)
     2    0.01                           net23 (net)
                  0.10    0.00    4.06 ^ output23/A (sky130_fd_sc_hd__clkbuf_4)
                  0.11    0.22    4.28 ^ output23/X (sky130_fd_sc_hd__clkbuf_4)
     1    0.03                           result[3] (net)
                  0.11    0.00    4.28 ^ result[3] (out)
                                  4.28   data arrival time

                  0.00   10.00   10.00   clock __VIRTUAL_CLK__ (rise edge)
                          0.00   10.00   clock network delay (ideal)
                         -0.25    9.75   clock uncertainty
                          0.00    9.75   clock reconvergence pessimism
                         -2.00    7.75   output external delay
                                  7.75   data required time
-----------------------------------------------------------------------------
                                  7.75   data required time
                                 -4.28   data arrival time
-----------------------------------------------------------------------------
                                  3.47   slack (MET)


Startpoint: op[2] (input port clocked by __VIRTUAL_CLK__)
Endpoint: result[4] (output port clocked by __VIRTUAL_CLK__)
Path Group: __VIRTUAL_CLK__
Path Type: max
Corner: Typical

Fanout     Cap    Slew   Delay    Time   Description
-----------------------------------------------------------------------------
                  0.00    0.00    0.00   clock __VIRTUAL_CLK__ (rise edge)
                          0.00    0.00   clock network delay (ideal)
                          2.00    2.00 v input external delay
                  0.01    0.00    2.00 v op[2] (in)
     1    0.00                           op[2] (net)
                  0.01    0.00    2.00 v input19/A (sky130_fd_sc_hd__buf_4)
                  0.06    0.16    2.16 v input19/X (sky130_fd_sc_hd__buf_4)
    10    0.03                           net19 (net)
                  0.06    0.00    2.17 v _130_/A (sky130_fd_sc_hd__or3b_4)
                  0.07    0.41    2.58 v _130_/X (sky130_fd_sc_hd__or3b_4)
     1    0.01                           _062_ (net)
                  0.07    0.00    2.58 v _131_/A (sky130_fd_sc_hd__buf_6)
                  0.04    0.15    2.73 v _131_/X (sky130_fd_sc_hd__buf_6)
     8    0.03                           _063_ (net)
                  0.04    0.00    2.73 v _132_/A2 (sky130_fd_sc_hd__a21bo_1)
                  0.04    0.20    2.94 v _132_/X (sky130_fd_sc_hd__a21bo_1)
     2    0.01                           _064_ (net)
                  0.04    0.00    2.94 v _134_/B (sky130_fd_sc_hd__and3_1)
                  0.05    0.18    3.12 v _134_/X (sky130_fd_sc_hd__and3_1)
     2    0.01                           _066_ (net)
                  0.05    0.00    3.12 v _150_/B1 (sky130_fd_sc_hd__a21oi_1)
                  0.22    0.21    3.33 ^ _150_/Y (sky130_fd_sc_hd__a21oi_1)
     3    0.01                           _081_ (net)
                  0.22    0.00    3.33 ^ _168_/A (sky130_fd_sc_hd__nor2_1)
                  0.09    0.13    3.46 v _168_/Y (sky130_fd_sc_hd__nor2_1)
     3    0.01                           _098_ (net)
                  0.09    0.00    3.46 v _189_/A1 (sky130_fd_sc_hd__o21ai_1)
                  0.15    0.19    3.65 ^ _189_/Y (sky130_fd_sc_hd__o21ai_1)
     1    0.01                           _003_ (net)
                  0.15    0.00    3.65 ^ _190_/B (sky130_fd_sc_hd__xnor2_1)
                  0.15    0.15    3.80 ^ _190_/Y (sky130_fd_sc_hd__xnor2_1)
     1    0.00                           _004_ (net)
                  0.15    0.00    3.80 ^ _191_/B1 (sky130_fd_sc_hd__o32a_1)
                  0.10    0.21    4.01 ^ _191_/X (sky130_fd_sc_hd__o32a_1)
     2    0.01                           net24 (net)
                  0.10    0.00    4.01 ^ output24/A (sky130_fd_sc_hd__clkbuf_4)
                  0.11    0.21    4.23 ^ output24/X (sky130_fd_sc_hd__clkbuf_4)
     1    0.03                           result[4] (net)
                  0.11    0.00    4.23 ^ result[4] (out)
                                  4.23   data arrival time

                  0.00   10.00   10.00   clock __VIRTUAL_CLK__ (rise edge)
                          0.00   10.00   clock network delay (ideal)
                         -0.25    9.75   clock uncertainty
                          0.00    9.75   clock reconvergence pessimism
                         -2.00    7.75   output external delay
                                  7.75   data required time
-----------------------------------------------------------------------------
                                  7.75   data required time
                                 -4.23   data arrival time
-----------------------------------------------------------------------------
                                  3.52   slack (MET)


Startpoint: op[2] (input port clocked by __VIRTUAL_CLK__)
Endpoint: result[1] (output port clocked by __VIRTUAL_CLK__)
Path Group: __VIRTUAL_CLK__
Path Type: max
Corner: Typical

Fanout     Cap    Slew   Delay    Time   Description
-----------------------------------------------------------------------------
                  0.00    0.00    0.00   clock __VIRTUAL_CLK__ (rise edge)
                          0.00    0.00   clock network delay (ideal)
                          2.00    2.00 v input external delay
                  0.01    0.00    2.00 v op[2] (in)
     1    0.00                           op[2] (net)
                  0.01    0.00    2.00 v input19/A (sky130_fd_sc_hd__buf_4)
                  0.06    0.16    2.16 v input19/X (sky130_fd_sc_hd__buf_4)
    10    0.03                           net19 (net)
                  0.06    0.00    2.17 v _130_/A (sky130_fd_sc_hd__or3b_4)
                  0.07    0.41    2.58 v _130_/X (sky130_fd_sc_hd__or3b_4)
     1    0.01                           _062_ (net)
                  0.07    0.00    2.58 v _131_/A (sky130_fd_sc_hd__buf_6)
                  0.04    0.15    2.73 v _131_/X (sky130_fd_sc_hd__buf_6)
     8    0.03                           _063_ (net)
                  0.04    0.00    2.73 v _132_/A2 (sky130_fd_sc_hd__a21bo_1)
                  0.04    0.20    2.94 v _132_/X (sky130_fd_sc_hd__a21bo_1)
     2    0.01                           _064_ (net)
                  0.04    0.00    2.94 v _134_/B (sky130_fd_sc_hd__and3_1)
                  0.05    0.18    3.12 v _134_/X (sky130_fd_sc_hd__and3_1)
     2    0.01                           _066_ (net)
                  0.05    0.00    3.12 v _136_/A (sky130_fd_sc_hd__or2b_1)
                  0.06    0.24    3.36 v _136_/X (sky130_fd_sc_hd__or2b_1)
     1    0.01                           _068_ (net)
                  0.06    0.00    3.36 v _138_/A (sky130_fd_sc_hd__xnor2_1)
                  0.05    0.13    3.49 v _138_/Y (sky130_fd_sc_hd__xnor2_1)
     1    0.00                           _070_ (net)
                  0.05    0.00    3.49 v _149_/A2 (sky130_fd_sc_hd__a211o_1)
                  0.07    0.33    3.82 v _149_/X (sky130_fd_sc_hd__a211o_1)
     2    0.01                           net21 (net)
                  0.07    0.00    3.82 v output21/A (sky130_fd_sc_hd__clkbuf_4)
                  0.08    0.20    4.02 v output21/X (sky130_fd_sc_hd__clkbuf_4)
     1    0.03                           result[1] (net)
                  0.08    0.00    4.02 v result[1] (out)
                                  4.02   data arrival time

                  0.00   10.00   10.00   clock __VIRTUAL_CLK__ (rise edge)
                          0.00   10.00   clock network delay (ideal)
                         -0.25    9.75   clock uncertainty
                          0.00    9.75   clock reconvergence pessimism
                         -2.00    7.75   output external delay
                                  7.75   data required time
-----------------------------------------------------------------------------
                                  7.75   data required time
                                 -4.02   data arrival time
-----------------------------------------------------------------------------
                                  3.73   slack (MET)


Startpoint: op[2] (input port clocked by __VIRTUAL_CLK__)
Endpoint: result[2] (output port clocked by __VIRTUAL_CLK__)
Path Group: __VIRTUAL_CLK__
Path Type: max
Corner: Typical

Fanout     Cap    Slew   Delay    Time   Description
-----------------------------------------------------------------------------
                  0.00    0.00    0.00   clock __VIRTUAL_CLK__ (rise edge)
                          0.00    0.00   clock network delay (ideal)
                          2.00    2.00 v input external delay
                  0.01    0.00    2.00 v op[2] (in)
     1    0.00                           op[2] (net)
                  0.01    0.00    2.00 v input19/A (sky130_fd_sc_hd__buf_4)
                  0.06    0.16    2.16 v input19/X (sky130_fd_sc_hd__buf_4)
    10    0.03                           net19 (net)
                  0.06    0.00    2.17 v _130_/A (sky130_fd_sc_hd__or3b_4)
                  0.07    0.41    2.58 v _130_/X (sky130_fd_sc_hd__or3b_4)
     1    0.01                           _062_ (net)
                  0.07    0.00    2.58 v _131_/A (sky130_fd_sc_hd__buf_6)
                  0.04    0.15    2.73 v _131_/X (sky130_fd_sc_hd__buf_6)
     8    0.03                           _063_ (net)
                  0.04    0.00    2.73 v _132_/A2 (sky130_fd_sc_hd__a21bo_1)
                  0.04    0.20    2.94 v _132_/X (sky130_fd_sc_hd__a21bo_1)
     2    0.01                           _064_ (net)
                  0.04    0.00    2.94 v _134_/B (sky130_fd_sc_hd__and3_1)
                  0.05    0.18    3.12 v _134_/X (sky130_fd_sc_hd__and3_1)
     2    0.01                           _066_ (net)
                  0.05    0.00    3.12 v _150_/B1 (sky130_fd_sc_hd__a21oi_1)
                  0.22    0.21    3.33 ^ _150_/Y (sky130_fd_sc_hd__a21oi_1)
     3    0.01                           _081_ (net)
                  0.22    0.00    3.33 ^ _155_/A (sky130_fd_sc_hd__or2_1)
                  0.04    0.15    3.47 ^ _155_/X (sky130_fd_sc_hd__or2_1)
     1    0.00                           _086_ (net)
                  0.04    0.00    3.47 ^ _161_/A3 (sky130_fd_sc_hd__a31o_1)
                  0.09    0.18    3.65 ^ _161_/X (sky130_fd_sc_hd__a31o_1)
     2    0.01                           net22 (net)
                  0.09    0.00    3.65 ^ output22/A (sky130_fd_sc_hd__clkbuf_4)
                  0.11    0.21    3.87 ^ output22/X (sky130_fd_sc_hd__clkbuf_4)
     1    0.03                           result[2] (net)
                  0.11    0.00    3.87 ^ result[2] (out)
                                  3.87   data arrival time

                  0.00   10.00   10.00   clock __VIRTUAL_CLK__ (rise edge)
                          0.00   10.00   clock network delay (ideal)
                         -0.25    9.75   clock uncertainty
                          0.00    9.75   clock reconvergence pessimism
                         -2.00    7.75   output external delay
                                  7.75   data required time
-----------------------------------------------------------------------------
                                  7.75   data required time
                                 -3.87   data arrival time
-----------------------------------------------------------------------------
                                  3.88   slack (MET)


Startpoint: op[1] (input port clocked by __VIRTUAL_CLK__)
Endpoint: result[0] (output port clocked by __VIRTUAL_CLK__)
Path Group: __VIRTUAL_CLK__
Path Type: max
Corner: Typical

Fanout     Cap    Slew   Delay    Time   Description
-----------------------------------------------------------------------------
                  0.00    0.00    0.00   clock __VIRTUAL_CLK__ (rise edge)
                          0.00    0.00   clock network delay (ideal)
                          2.00    2.00 v input external delay
                  0.01    0.00    2.00 v op[1] (in)
     1    0.00                           op[1] (net)
                  0.01    0.00    2.00 v input18/A (sky130_fd_sc_hd__buf_2)
                  0.07    0.16    2.16 v input18/X (sky130_fd_sc_hd__buf_2)
    10    0.03                           net18 (net)
                  0.07    0.00    2.16 v _116_/A (sky130_fd_sc_hd__or3b_2)
                  0.13    0.58    2.74 v _116_/X (sky130_fd_sc_hd__or3b_2)
     4    0.02                           _049_ (net)
                  0.13    0.00    2.74 v _117_/B2 (sky130_fd_sc_hd__a2bb2o_1)
                  0.05    0.29    3.02 v _117_/X (sky130_fd_sc_hd__a2bb2o_1)
     1    0.00                           _050_ (net)
                  0.05    0.00    3.02 v _118_/B1 (sky130_fd_sc_hd__a21oi_1)
                  0.11    0.12    3.14 ^ _118_/Y (sky130_fd_sc_hd__a21oi_1)
     1    0.00                           _051_ (net)
                  0.11    0.00    3.14 ^ _127_/A (sky130_fd_sc_hd__or4_1)
                  0.04    0.13    3.27 ^ _127_/X (sky130_fd_sc_hd__or4_1)
     1    0.00                           _060_ (net)
                  0.04    0.00    3.27 ^ _128_/A (sky130_fd_sc_hd__buf_1)
                  0.14    0.16    3.43 ^ _128_/X (sky130_fd_sc_hd__buf_1)
     2    0.01                           net20 (net)
                  0.14    0.00    3.43 ^ output20/A (sky130_fd_sc_hd__clkbuf_4)
                  0.11    0.23    3.66 ^ output20/X (sky130_fd_sc_hd__clkbuf_4)
     1    0.03                           result[0] (net)
                  0.11    0.00    3.66 ^ result[0] (out)
                                  3.66   data arrival time

                  0.00   10.00   10.00   clock __VIRTUAL_CLK__ (rise edge)
                          0.00   10.00   clock network delay (ideal)
                         -0.25    9.75   clock uncertainty
                          0.00    9.75   clock reconvergence pessimism
                         -2.00    7.75   output external delay
                                  7.75   data required time
-----------------------------------------------------------------------------
                                  7.75   data required time
                                 -3.66   data arrival time
-----------------------------------------------------------------------------
                                  4.09   slack (MET)



