#! /usr/bin/vvp
:ivl_version "12.0 (stable)";
:ivl_delay_selection "TYPICAL";
:vpi_time_precision + 0;
:vpi_module "/usr/lib/x86_64-linux-gnu/ivl/system.vpi";
:vpi_module "/usr/lib/x86_64-linux-gnu/ivl/vhdl_sys.vpi";
:vpi_module "/usr/lib/x86_64-linux-gnu/ivl/vhdl_textio.vpi";
:vpi_module "/usr/lib/x86_64-linux-gnu/ivl/v2005_math.vpi";
:vpi_module "/usr/lib/x86_64-linux-gnu/ivl/va_math.vpi";
S_0x63e42d86b7b0 .scope module, "tb_half_adder" "tb_half_adder" 2 1;
 .timescale 0 0;
v0x63e42d87d630_0 .var "a", 0 0;
v0x63e42d87d6f0_0 .var "b", 0 0;
v0x63e42d87d7c0_0 .net "carry", 0 0, L_0x63e42d87daf0;  1 drivers
v0x63e42d87d8c0_0 .net "sum", 0 0, L_0x63e42d87d990;  1 drivers
S_0x63e42d86b940 .scope module, "uut" "half_adder" 2 6, 3 1 0, S_0x63e42d86b7b0;
 .timescale 0 0;
    .port_info 0 /INPUT 1 "a";
    .port_info 1 /INPUT 1 "b";
    .port_info 2 /OUTPUT 1 "sum";
    .port_info 3 /OUTPUT 1 "carry";
L_0x63e42d87d990 .functor XOR 1, v0x63e42d87d630_0, v0x63e42d87d6f0_0, C4<0>, C4<0>;
L_0x63e42d87daf0 .functor AND 1, v0x63e42d87d630_0, v0x63e42d87d6f0_0, C4<1>, C4<1>;
v0x63e42d86bb90_0 .net "a", 0 0, v0x63e42d87d630_0;  1 drivers
v0x63e42d87d330_0 .net "b", 0 0, v0x63e42d87d6f0_0;  1 drivers
v0x63e42d87d3f0_0 .net "carry", 0 0, L_0x63e42d87daf0;  alias, 1 drivers
v0x63e42d87d4c0_0 .net "sum", 0 0, L_0x63e42d87d990;  alias, 1 drivers
    .scope S_0x63e42d86b7b0;
T_0 ;
    %vpi_call 2 14 "$dumpfile", "half_adder.vcd" {0 0 0};
    %vpi_call 2 15 "$dumpvars", 32'sb00000000000000000000000000000000, S_0x63e42d86b7b0 {0 0 0};
    %pushi/vec4 0, 0, 1;
    %store/vec4 v0x63e42d87d630_0, 0, 1;
    %pushi/vec4 0, 0, 1;
    %store/vec4 v0x63e42d87d6f0_0, 0, 1;
    %delay 10, 0;
    %pushi/vec4 0, 0, 1;
    %store/vec4 v0x63e42d87d630_0, 0, 1;
    %pushi/vec4 1, 0, 1;
    %store/vec4 v0x63e42d87d6f0_0, 0, 1;
    %delay 10, 0;
    %pushi/vec4 1, 0, 1;
    %store/vec4 v0x63e42d87d630_0, 0, 1;
    %pushi/vec4 0, 0, 1;
    %store/vec4 v0x63e42d87d6f0_0, 0, 1;
    %delay 10, 0;
    %pushi/vec4 1, 0, 1;
    %store/vec4 v0x63e42d87d630_0, 0, 1;
    %pushi/vec4 1, 0, 1;
    %store/vec4 v0x63e42d87d6f0_0, 0, 1;
    %delay 10, 0;
    %end;
    .thread T_0;
# The file index is used to find the file name in the following table.
:file_names 4;
    "N/A";
    "<interactive>";
    "tb_half_adder.v";
    "half_adder.v";
