
===========================================================================
report_checks -path_delay min (Hold)
============================================================================
======================= Typical Corner ===================================

Startpoint: op[2] (input port clocked by __VIRTUAL_CLK__)
Endpoint: result[2] (output port clocked by __VIRTUAL_CLK__)
Path Group: __VIRTUAL_CLK__
Path Type: min

Fanout     Cap    Slew   Delay    Time   Description
-----------------------------------------------------------------------------
                  0.00    0.00    0.00   clock __VIRTUAL_CLK__ (rise edge)
                          0.00    0.00   clock network delay (ideal)
                          2.00    2.00 ^ input external delay
                  0.02    0.01    2.01 ^ op[2] (in)
     1    0.00                           op[2] (net)
                  0.02    0.00    2.01 ^ input19/A (sky130_fd_sc_hd__buf_4)
                  0.11    0.14    2.15 ^ input19/X (sky130_fd_sc_hd__buf_4)
    10    0.04                           net19 (net)
                  0.11    0.00    2.16 ^ _129_/A (sky130_fd_sc_hd__nor2_2)
                  0.08    0.10    2.25 v _129_/Y (sky130_fd_sc_hd__nor2_2)
     6    0.03                           _061_ (net)
                  0.08    0.00    2.25 v _161_/A1 (sky130_fd_sc_hd__a31o_1)
                  0.06    0.19    2.45 v _161_/X (sky130_fd_sc_hd__a31o_1)
     2    0.01                           net22 (net)
                  0.06    0.00    2.45 v output22/A (sky130_fd_sc_hd__clkbuf_4)
                  0.08    0.18    2.63 v output22/X (sky130_fd_sc_hd__clkbuf_4)
     1    0.03                           result[2] (net)
                  0.08    0.00    2.63 v result[2] (out)
                                  2.63   data arrival time

                  0.00    0.00    0.00   clock __VIRTUAL_CLK__ (rise edge)
                          0.00    0.00   clock network delay (ideal)
                          0.25    0.25   clock uncertainty
                          0.00    0.25   clock reconvergence pessimism
                         -2.00   -1.75   output external delay
                                 -1.75   data required time
-----------------------------------------------------------------------------
                                 -1.75   data required time
                                 -2.63   data arrival time
-----------------------------------------------------------------------------
                                  4.38   slack (MET)


Startpoint: a[2] (input port clocked by __VIRTUAL_CLK__)
Endpoint: result[1] (output port clocked by __VIRTUAL_CLK__)
Path Group: __VIRTUAL_CLK__
Path Type: min

Fanout     Cap    Slew   Delay    Time   Description
-----------------------------------------------------------------------------
                  0.00    0.00    0.00   clock __VIRTUAL_CLK__ (rise edge)
                          0.00    0.00   clock network delay (ideal)
                          2.00    2.00 ^ input external delay
                  0.02    0.01    2.01 ^ a[2] (in)
     1    0.00                           a[2] (net)
                  0.02    0.00    2.01 ^ input3/A (sky130_fd_sc_hd__buf_2)
                  0.15    0.17    2.18 ^ input3/X (sky130_fd_sc_hd__buf_2)
     8    0.03                           net3 (net)
                  0.15    0.00    2.18 ^ _148_/A1 (sky130_fd_sc_hd__a221o_1)
                  0.05    0.17    2.35 ^ _148_/X (sky130_fd_sc_hd__a221o_1)
     1    0.00                           _080_ (net)
                  0.05    0.00    2.35 ^ _149_/C1 (sky130_fd_sc_hd__a211o_1)
                  0.08    0.11    2.46 ^ _149_/X (sky130_fd_sc_hd__a211o_1)
     2    0.01                           net21 (net)
                  0.08    0.00    2.46 ^ output21/A (sky130_fd_sc_hd__clkbuf_4)
                  0.11    0.19    2.65 ^ output21/X (sky130_fd_sc_hd__clkbuf_4)
     1    0.03                           result[1] (net)
                  0.11    0.00    2.65 ^ result[1] (out)
                                  2.65   data arrival time

                  0.00    0.00    0.00   clock __VIRTUAL_CLK__ (rise edge)
                          0.00    0.00   clock network delay (ideal)
                          0.25    0.25   clock uncertainty
                          0.00    0.25   clock reconvergence pessimism
                         -2.00   -1.75   output external delay
                                 -1.75   data required time
-----------------------------------------------------------------------------
                                 -1.75   data required time
                                 -2.65   data arrival time
-----------------------------------------------------------------------------
                                  4.40   slack (MET)


Startpoint: b[4] (input port clocked by __VIRTUAL_CLK__)
Endpoint: result[4] (output port clocked by __VIRTUAL_CLK__)
Path Group: __VIRTUAL_CLK__
Path Type: min

Fanout     Cap    Slew   Delay    Time   Description
-----------------------------------------------------------------------------
                  0.00    0.00    0.00   clock __VIRTUAL_CLK__ (rise edge)
                          0.00    0.00   clock network delay (ideal)
                          2.00    2.00 ^ input external delay
                  0.02    0.01    2.01 ^ b[4] (in)
     1    0.00                           b[4] (net)
                  0.02    0.00    2.01 ^ input13/A (sky130_fd_sc_hd__clkbuf_2)
                  0.12    0.14    2.15 ^ input13/X (sky130_fd_sc_hd__clkbuf_2)
     5    0.02                           net13 (net)
                  0.12    0.00    2.15 ^ _179_/A2 (sky130_fd_sc_hd__o22a_1)
                  0.04    0.13    2.29 ^ _179_/X (sky130_fd_sc_hd__o22a_1)
     1    0.00                           _108_ (net)
                  0.04    0.00    2.29 ^ _191_/A1 (sky130_fd_sc_hd__o32a_1)
                  0.09    0.17    2.46 ^ _191_/X (sky130_fd_sc_hd__o32a_1)
     2    0.01                           net24 (net)
                  0.09    0.00    2.46 ^ output24/A (sky130_fd_sc_hd__clkbuf_4)
                  0.11    0.19    2.65 ^ output24/X (sky130_fd_sc_hd__clkbuf_4)
     1    0.03                           result[4] (net)
                  0.11    0.00    2.65 ^ result[4] (out)
                                  2.65   data arrival time

                  0.00    0.00    0.00   clock __VIRTUAL_CLK__ (rise edge)
                          0.00    0.00   clock network delay (ideal)
                          0.25    0.25   clock uncertainty
                          0.00    0.25   clock reconvergence pessimism
                         -2.00   -1.75   output external delay
                                 -1.75   data required time
-----------------------------------------------------------------------------
                                 -1.75   data required time
                                 -2.65   data arrival time
-----------------------------------------------------------------------------
                                  4.40   slack (MET)


Startpoint: a[0] (input port clocked by __VIRTUAL_CLK__)
Endpoint: result[0] (output port clocked by __VIRTUAL_CLK__)
Path Group: __VIRTUAL_CLK__
Path Type: min

Fanout     Cap    Slew   Delay    Time   Description
-----------------------------------------------------------------------------
                  0.00    0.00    0.00   clock __VIRTUAL_CLK__ (rise edge)
                          0.00    0.00   clock network delay (ideal)
                          2.00    2.00 v input external delay
                  0.01    0.00    2.00 v a[0] (in)
     1    0.00                           a[0] (net)
                  0.01    0.00    2.00 v input1/A (sky130_fd_sc_hd__clkbuf_2)
                  0.09    0.14    2.14 v input1/X (sky130_fd_sc_hd__clkbuf_2)
     7    0.02                           net1 (net)
                  0.09    0.00    2.14 v _126_/A (sky130_fd_sc_hd__nor2_1)
                  0.06    0.10    2.24 ^ _126_/Y (sky130_fd_sc_hd__nor2_1)
     1    0.00                           _059_ (net)
                  0.06    0.00    2.24 ^ _127_/D (sky130_fd_sc_hd__or4_1)
                  0.04    0.09    2.33 ^ _127_/X (sky130_fd_sc_hd__or4_1)
     1    0.00                           _060_ (net)
                  0.04    0.00    2.33 ^ _128_/A (sky130_fd_sc_hd__buf_1)
                  0.14    0.14    2.47 ^ _128_/X (sky130_fd_sc_hd__buf_1)
     2    0.01                           net20 (net)
                  0.14    0.00    2.48 ^ output20/A (sky130_fd_sc_hd__clkbuf_4)
                  0.11    0.21    2.69 ^ output20/X (sky130_fd_sc_hd__clkbuf_4)
     1    0.03                           result[0] (net)
                  0.11    0.00    2.69 ^ result[0] (out)
                                  2.69   data arrival time

                  0.00    0.00    0.00   clock __VIRTUAL_CLK__ (rise edge)
                          0.00    0.00   clock network delay (ideal)
                          0.25    0.25   clock uncertainty
                          0.00    0.25   clock reconvergence pessimism
                         -2.00   -1.75   output external delay
                                 -1.75   data required time
-----------------------------------------------------------------------------
                                 -1.75   data required time
                                 -2.69   data arrival time
-----------------------------------------------------------------------------
                                  4.44   slack (MET)


Startpoint: b[7] (input port clocked by __VIRTUAL_CLK__)
Endpoint: result[7] (output port clocked by __VIRTUAL_CLK__)
Path Group: __VIRTUAL_CLK__
Path Type: min

Fanout     Cap    Slew   Delay    Time   Description
-----------------------------------------------------------------------------
                  0.00    0.00    0.00   clock __VIRTUAL_CLK__ (rise edge)
                          0.00    0.00   clock network delay (ideal)
                          2.00    2.00 ^ input external delay
                  0.02    0.01    2.01 ^ b[7] (in)
     1    0.00                           b[7] (net)
                  0.02    0.00    2.01 ^ input16/A (sky130_fd_sc_hd__clkbuf_1)
                  0.08    0.09    2.11 ^ input16/X (sky130_fd_sc_hd__clkbuf_1)
     2    0.01                           net16 (net)
                  0.08    0.00    2.11 ^ _226_/B (sky130_fd_sc_hd__nand2_1)
                  0.06    0.07    2.18 v _226_/Y (sky130_fd_sc_hd__nand2_1)
     2    0.01                           _037_ (net)
                  0.06    0.00    2.18 v _227_/B (sky130_fd_sc_hd__nand2_1)
                  0.09    0.10    2.28 ^ _227_/Y (sky130_fd_sc_hd__nand2_1)
     2    0.01                           _038_ (net)
                  0.09    0.00    2.28 ^ _234_/A2 (sky130_fd_sc_hd__o211a_1)
                  0.05    0.14    2.42 ^ _234_/X (sky130_fd_sc_hd__o211a_1)
     1    0.00                           _045_ (net)
                  0.05    0.00    2.42 ^ _235_/B1 (sky130_fd_sc_hd__a21oi_1)
                  0.09    0.08    2.51 v _235_/Y (sky130_fd_sc_hd__a21oi_1)
     2    0.02                           net27 (net)
                  0.09    0.00    2.51 v output27/A (sky130_fd_sc_hd__clkbuf_4)
                  0.08    0.19    2.70 v output27/X (sky130_fd_sc_hd__clkbuf_4)
     1    0.04                           result[7] (net)
                  0.08    0.00    2.70 v result[7] (out)
                                  2.70   data arrival time

                  0.00    0.00    0.00   clock __VIRTUAL_CLK__ (rise edge)
                          0.00    0.00   clock network delay (ideal)
                          0.25    0.25   clock uncertainty
                          0.00    0.25   clock reconvergence pessimism
                         -2.00   -1.75   output external delay
                                 -1.75   data required time
-----------------------------------------------------------------------------
                                 -1.75   data required time
                                 -2.70   data arrival time
-----------------------------------------------------------------------------
                                  4.45   slack (MET)


Startpoint: a[4] (input port clocked by __VIRTUAL_CLK__)
Endpoint: zero (output port clocked by __VIRTUAL_CLK__)
Path Group: __VIRTUAL_CLK__
Path Type: min

Fanout     Cap    Slew   Delay    Time   Description
-----------------------------------------------------------------------------
                  0.00    0.00    0.00   clock __VIRTUAL_CLK__ (rise edge)
                          0.00    0.00   clock network delay (ideal)
                          2.00    2.00 ^ input external delay
                  0.02    0.01    2.01 ^ a[4] (in)
     1    0.00                           a[4] (net)
                  0.02    0.00    2.01 ^ input5/A (sky130_fd_sc_hd__clkbuf_2)
                  0.15    0.16    2.18 ^ input5/X (sky130_fd_sc_hd__clkbuf_2)
     7    0.03                           net5 (net)
                  0.15    0.00    2.18 ^ _207_/A1 (sky130_fd_sc_hd__a211o_1)
                  0.04    0.14    2.32 ^ _207_/X (sky130_fd_sc_hd__a211o_1)
     1    0.00                           _020_ (net)
                  0.04    0.00    2.32 ^ _208_/B1 (sky130_fd_sc_hd__o21a_1)
                  0.18    0.20    2.52 ^ _208_/X (sky130_fd_sc_hd__o21a_1)
     2    0.02                           net25 (net)
                  0.18    0.00    2.52 ^ _238_/A (sky130_fd_sc_hd__nor4_4)
                  0.02    0.07    2.58 v _238_/Y (sky130_fd_sc_hd__nor4_4)
     1    0.01                           net28 (net)
                  0.02    0.00    2.58 v output28/A (sky130_fd_sc_hd__buf_6)
                  0.04    0.12    2.70 v output28/X (sky130_fd_sc_hd__buf_6)
     1    0.03                           zero (net)
                  0.04    0.00    2.70 v zero (out)
                                  2.70   data arrival time

                  0.00    0.00    0.00   clock __VIRTUAL_CLK__ (rise edge)
                          0.00    0.00   clock network delay (ideal)
                          0.25    0.25   clock uncertainty
                          0.00    0.25   clock reconvergence pessimism
                         -2.00   -1.75   output external delay
                                 -1.75   data required time
-----------------------------------------------------------------------------
                                 -1.75   data required time
                                 -2.70   data arrival time
-----------------------------------------------------------------------------
                                  4.45   slack (MET)


Startpoint: b[3] (input port clocked by __VIRTUAL_CLK__)
Endpoint: result[3] (output port clocked by __VIRTUAL_CLK__)
Path Group: __VIRTUAL_CLK__
Path Type: min

Fanout     Cap    Slew   Delay    Time   Description
-----------------------------------------------------------------------------
                  0.00    0.00    0.00   clock __VIRTUAL_CLK__ (rise edge)
                          0.00    0.00   clock network delay (ideal)
                          2.00    2.00 v input external delay
                  0.01    0.01    2.01 v b[3] (in)
     1    0.00                           b[3] (net)
                  0.01    0.00    2.01 v input12/A (sky130_fd_sc_hd__clkbuf_2)
                  0.09    0.13    2.14 v input12/X (sky130_fd_sc_hd__clkbuf_2)
     5    0.02                           net12 (net)
                  0.09    0.00    2.14 v _171_/B (sky130_fd_sc_hd__nand2_1)
                  0.05    0.08    2.22 ^ _171_/Y (sky130_fd_sc_hd__nand2_1)
     1    0.00                           _101_ (net)
                  0.05    0.00    2.22 ^ _173_/A2 (sky130_fd_sc_hd__a31o_1)
                  0.06    0.13    2.36 ^ _173_/X (sky130_fd_sc_hd__a31o_1)
     1    0.00                           _103_ (net)
                  0.06    0.00    2.36 ^ _177_/B1 (sky130_fd_sc_hd__o22a_1)
                  0.10    0.16    2.52 ^ _177_/X (sky130_fd_sc_hd__o22a_1)
     2    0.01                           net23 (net)
                  0.10    0.00    2.52 ^ output23/A (sky130_fd_sc_hd__clkbuf_4)
                  0.11    0.19    2.72 ^ output23/X (sky130_fd_sc_hd__clkbuf_4)
     1    0.03                           result[3] (net)
                  0.11    0.00    2.72 ^ result[3] (out)
                                  2.72   data arrival time

                  0.00    0.00    0.00   clock __VIRTUAL_CLK__ (rise edge)
                          0.00    0.00   clock network delay (ideal)
                          0.25    0.25   clock uncertainty
                          0.00    0.25   clock reconvergence pessimism
                         -2.00   -1.75   output external delay
                                 -1.75   data required time
-----------------------------------------------------------------------------
                                 -1.75   data required time
                                 -2.72   data arrival time
-----------------------------------------------------------------------------
                                  4.47   slack (MET)


Startpoint: a[4] (input port clocked by __VIRTUAL_CLK__)
Endpoint: result[5] (output port clocked by __VIRTUAL_CLK__)
Path Group: __VIRTUAL_CLK__
Path Type: min

Fanout     Cap    Slew   Delay    Time   Description
-----------------------------------------------------------------------------
                  0.00    0.00    0.00   clock __VIRTUAL_CLK__ (rise edge)
                          0.00    0.00   clock network delay (ideal)
                          2.00    2.00 ^ input external delay
                  0.02    0.01    2.01 ^ a[4] (in)
     1    0.00                           a[4] (net)
                  0.02    0.00    2.01 ^ input5/A (sky130_fd_sc_hd__clkbuf_2)
                  0.15    0.16    2.18 ^ input5/X (sky130_fd_sc_hd__clkbuf_2)
     7    0.03                           net5 (net)
                  0.15    0.00    2.18 ^ _207_/A1 (sky130_fd_sc_hd__a211o_1)
                  0.04    0.14    2.32 ^ _207_/X (sky130_fd_sc_hd__a211o_1)
     1    0.00                           _020_ (net)
                  0.04    0.00    2.32 ^ _208_/B1 (sky130_fd_sc_hd__o21a_1)
                  0.18    0.20    2.52 ^ _208_/X (sky130_fd_sc_hd__o21a_1)
     2    0.02                           net25 (net)
                  0.18    0.00    2.52 ^ output25/A (sky130_fd_sc_hd__clkbuf_4)
                  0.11    0.22    2.74 ^ output25/X (sky130_fd_sc_hd__clkbuf_4)
     1    0.03                           result[5] (net)
                  0.11    0.00    2.74 ^ result[5] (out)
                                  2.74   data arrival time

                  0.00    0.00    0.00   clock __VIRTUAL_CLK__ (rise edge)
                          0.00    0.00   clock network delay (ideal)
                          0.25    0.25   clock uncertainty
                          0.00    0.25   clock reconvergence pessimism
                         -2.00   -1.75   output external delay
                                 -1.75   data required time
-----------------------------------------------------------------------------
                                 -1.75   data required time
                                 -2.74   data arrival time
-----------------------------------------------------------------------------
                                  4.49   slack (MET)


Startpoint: op[2] (input port clocked by __VIRTUAL_CLK__)
Endpoint: result[6] (output port clocked by __VIRTUAL_CLK__)
Path Group: __VIRTUAL_CLK__
Path Type: min

Fanout     Cap    Slew   Delay    Time   Description
-----------------------------------------------------------------------------
                  0.00    0.00    0.00   clock __VIRTUAL_CLK__ (rise edge)
                          0.00    0.00   clock network delay (ideal)
                          2.00    2.00 ^ input external delay
                  0.02    0.01    2.01 ^ op[2] (in)
     1    0.00                           op[2] (net)
                  0.02    0.00    2.01 ^ input19/A (sky130_fd_sc_hd__buf_4)
                  0.11    0.14    2.15 ^ input19/X (sky130_fd_sc_hd__buf_4)
    10    0.04                           net19 (net)
                  0.11    0.00    2.16 ^ _115_/A (sky130_fd_sc_hd__or2_2)
                  0.14    0.19    2.35 ^ _115_/X (sky130_fd_sc_hd__or2_2)
     6    0.03                           _048_ (net)
                  0.14    0.00    2.35 ^ _215_/B1 (sky130_fd_sc_hd__a21o_1)
                  0.04    0.10    2.45 ^ _215_/X (sky130_fd_sc_hd__a21o_1)
     1    0.00                           _027_ (net)
                  0.04    0.00    2.45 ^ _223_/A2 (sky130_fd_sc_hd__o21ai_1)
                  0.11    0.11    2.56 v _223_/Y (sky130_fd_sc_hd__o21ai_1)
     2    0.02                           net26 (net)
                  0.11    0.00    2.56 v output26/A (sky130_fd_sc_hd__clkbuf_4)
                  0.08    0.20    2.76 v output26/X (sky130_fd_sc_hd__clkbuf_4)
     1    0.03                           result[6] (net)
                  0.08    0.00    2.76 v result[6] (out)
                                  2.76   data arrival time

                  0.00    0.00    0.00   clock __VIRTUAL_CLK__ (rise edge)
                          0.00    0.00   clock network delay (ideal)
                          0.25    0.25   clock uncertainty
                          0.00    0.25   clock reconvergence pessimism
                         -2.00   -1.75   output external delay
                                 -1.75   data required time
-----------------------------------------------------------------------------
                                 -1.75   data required time
                                 -2.76   data arrival time
-----------------------------------------------------------------------------
                                  4.51   slack (MET)



