Instance name,  X location,  Y location,  Voltage 
input8, 46.84, 57.12, 1.79995
input11, 46.84, 57.12, 1.79995
output22, 46.84, 57.12, 1.79995
FILLER_0_17_77, 46.84, 57.12, 1.79995
FILLER_0_17_85, 46.84, 57.12, 1.79995
_154_, 46.84, 51.68, 1.79995
_155_, 46.84, 51.68, 1.79995
_161_, 46.84, 51.68, 1.79995
_168_, 46.84, 51.68, 1.79995
FILLER_0_14_85, 46.84, 51.68, 1.79995
FILLER_0_15_99, 46.84, 51.68, 1.79995
FILLER_0_16_97, 46.84, 51.68, 1.79995
_135_, 46.84, 46.24, 1.79996
_150_, 46.84, 46.24, 1.79996
FILLER_0_12_78, 46.84, 46.24, 1.79996
FILLER_0_13_88, 46.84, 46.24, 1.79996
_132_, 46.84, 40.8, 1.79996
_133_, 46.84, 40.8, 1.79996
_134_, 46.84, 40.8, 1.79996
_138_, 46.84, 40.8, 1.79996
_149_, 46.84, 40.8, 1.79996
_236_, 46.84, 40.8, 1.79996
input10, 46.84, 40.8, 1.79996
_136_, 46.84, 35.36, 1.79996
_157_, 46.84, 35.36, 1.79996
_160_, 46.84, 35.36, 1.79996
output28, 46.84, 35.36, 1.79996
FILLER_0_8_81, 46.84, 35.36, 1.79996
FILLER_0_9_77, 46.84, 35.36, 1.79996
_143_, 46.84, 29.92, 1.79997
_144_, 46.84, 29.92, 1.79997
_148_, 46.84, 29.92, 1.79997
_158_, 46.84, 29.92, 1.79997
FILLER_0_6_85, 46.84, 29.92, 1.79997
FILLER_0_8_92, 46.84, 29.92, 1.79997
_141_, 46.84, 24.48, 1.79997
_142_, 46.84, 24.48, 1.79997
_147_, 46.84, 24.48, 1.79997
FILLER_0_4_78, 46.84, 24.48, 1.79997
FILLER_0_5_77, 46.84, 24.48, 1.79997
FILLER_0_6_93, 46.84, 24.48, 1.79997
_121_, 46.84, 19.04, 1.79997
_137_, 46.84, 19.04, 1.79997
_219_, 46.84, 19.04, 1.79997
_220_, 46.84, 19.04, 1.79997
FILLER_0_2_79, 46.84, 19.04, 1.79997
FILLER_0_3_85, 46.84, 19.04, 1.79997
_124_, 46.84, 13.6, 1.79995
_127_, 46.84, 13.6, 1.79995
_128_, 46.84, 13.6, 1.79995
_217_, 46.84, 13.6, 1.79995
input9, 46.84, 13.6, 1.79995
input15, 46.84, 13.6, 1.79995
output25, 46.84, 13.6, 1.79995
FILLER_0_0_85, 46.84, 13.6, 1.79995
FILLER_0_1_94, 46.84, 13.6, 1.79995
FILLER_0_2_93, 46.84, 13.6, 1.79995
_187_, 21.84, 57.12, 1.79995
input6, 21.84, 57.12, 1.79995
FILLER_0_16_33, 21.84, 57.12, 1.79995
FILLER_0_17_29, 21.84, 57.12, 1.79995
_190_, 21.84, 51.68, 1.79995
_199_, 21.84, 51.68, 1.79995
_200_, 21.84, 51.68, 1.79995
_201_, 21.84, 51.68, 1.79995
FILLER_0_15_33, 21.84, 51.68, 1.79995
_189_, 21.84, 46.24, 1.79995
_192_, 21.84, 46.24, 1.79995
FILLER_0_13_46, 21.84, 46.24, 1.79995
FILLER_0_14_39, 21.84, 46.24, 1.79995
FILLER_0_14_48, 21.84, 46.24, 1.79995
_178_, 21.84, 40.8, 1.79996
_191_, 21.84, 40.8, 1.79996
FILLER_0_10_29, 21.84, 40.8, 1.79996
FILLER_0_11_38, 21.84, 40.8, 1.79996
_179_, 21.84, 35.36, 1.79996
_180_, 21.84, 35.36, 1.79996
_208_, 21.84, 35.36, 1.79996
_235_, 21.84, 35.36, 1.79996
FILLER_0_8_29, 21.84, 35.36, 1.79996
FILLER_0_9_31, 21.84, 35.36, 1.79996
_181_, 21.84, 29.92, 1.79997
_182_, 21.84, 29.92, 1.79997
_202_, 21.84, 29.92, 1.79997
_207_, 21.84, 29.92, 1.79997
wire29, 21.84, 29.92, 1.79997
FILLER_0_6_29, 21.84, 29.92, 1.79997
FILLER_0_7_31, 21.84, 29.92, 1.79997
FILLER_0_8_37, 21.84, 29.92, 1.79997
FILLER_0_8_48, 21.84, 29.92, 1.79997
_203_, 21.84, 24.48, 1.79997
_204_, 21.84, 24.48, 1.79997
_206_, 21.84, 24.48, 1.79997
_232_, 21.84, 24.48, 1.79997
_233_, 21.84, 24.48, 1.79997
FILLER_0_5_37, 21.84, 24.48, 1.79997
FILLER_0_5_46, 21.84, 24.48, 1.79997
_119_, 21.84, 19.04, 1.79997
_130_, 21.84, 19.04, 1.79997
_131_, 21.84, 19.04, 1.79997
_146_, 21.84, 19.04, 1.79997
FILLER_0_2_29, 21.84, 19.04, 1.79997
FILLER_0_3_43, 21.84, 19.04, 1.79997
_116_, 21.84, 13.6, 1.79996
_120_, 21.84, 13.6, 1.79996
_122_, 21.84, 13.6, 1.79996
_125_, 21.84, 13.6, 1.79996
_139_, 21.84, 13.6, 1.79996
_145_, 21.84, 13.6, 1.79996
input18, 21.84, 13.6, 1.79996
FILLER_0_0_35, 21.84, 13.6, 1.79996
PHY_32, 5.52, 57.12, 1.79994
PHY_34, 5.52, 57.12, 1.79994
input14, 5.52, 57.12, 1.79994
FILLER_0_17_7, 5.52, 57.12, 1.79994
PHY_33, 56.12, 57.12, 1.79994
PHY_35, 56.12, 57.12, 1.79994
output21, 56.12, 57.12, 1.79994
_186_, 13.68, 57.12, 1.79995
input3, 13.68, 57.12, 1.79995
input5, 13.68, 57.12, 1.79995
FILLER_0_17_21, 13.68, 57.12, 1.79995
_169_, 34.34, 57.12, 1.79994
output24, 34.34, 57.12, 1.79994
PHY_28, 5.52, 51.68, 1.79994
PHY_30, 5.52, 51.68, 1.79994
output27, 5.52, 51.68, 1.79994
PHY_29, 56.12, 51.68, 1.79995
PHY_31, 56.12, 51.68, 1.79995
input2, 56.12, 51.68, 1.79995
FILLER_0_14_103, 56.12, 51.68, 1.79995
_183_, 13.68, 51.68, 1.79994
_195_, 13.68, 51.68, 1.79994
_196_, 13.68, 51.68, 1.79994
_197_, 13.68, 51.68, 1.79994
_198_, 13.68, 51.68, 1.79994
FILLER_0_14_10, 13.68, 51.68, 1.79994
FILLER_0_15_20, 13.68, 51.68, 1.79994
FILLER_0_16_21, 13.68, 51.68, 1.79994
_152_, 34.34, 51.68, 1.79994
_153_, 34.34, 51.68, 1.79994
_164_, 34.34, 51.68, 1.79994
_165_, 34.34, 51.68, 1.79994
_166_, 34.34, 51.68, 1.79994
_167_, 34.34, 51.68, 1.79994
_170_, 34.34, 51.68, 1.79994
_188_, 34.34, 51.68, 1.79994
FILLER_0_15_76, 34.34, 51.68, 1.79994
FILLER_0_16_63, 34.34, 51.68, 1.79994
_194_, 5.52, 46.24, 1.79994
PHY_24, 5.52, 46.24, 1.79994
PHY_26, 5.52, 46.24, 1.79994
output23, 5.52, 46.24, 1.79994
PHY_25, 56.12, 46.24, 1.79996
PHY_27, 56.12, 46.24, 1.79996
FILLER_0_13_100, 56.12, 46.24, 1.79996
_209_, 13.68, 46.24, 1.79994
_213_, 13.68, 46.24, 1.79994
_214_, 13.68, 46.24, 1.79994
FILLER_0_13_9, 13.68, 46.24, 1.79994
_163_, 34.34, 46.24, 1.79996
FILLER_0_14_76, 34.34, 46.24, 1.79996
_185_, 5.52, 40.8, 1.79996
_193_, 5.52, 40.8, 1.79996
PHY_20, 5.52, 40.8, 1.79996
PHY_22, 5.52, 40.8, 1.79996
FILLER_0_11_3, 5.52, 40.8, 1.79996
PHY_21, 56.12, 40.8, 1.79996
PHY_23, 56.12, 40.8, 1.79996
FILLER_0_10_100, 56.12, 40.8, 1.79996
_215_, 13.68, 40.8, 1.79996
FILLER_0_10_9, 13.68, 40.8, 1.79996
FILLER_0_11_14, 13.68, 40.8, 1.79996
FILLER_0_12_22, 13.68, 40.8, 1.79996
_151_, 34.34, 40.8, 1.79995
_162_, 34.34, 40.8, 1.79995
_177_, 34.34, 40.8, 1.79995
_184_, 34.34, 40.8, 1.79995
_237_, 34.34, 40.8, 1.79995
FILLER_0_10_52, 34.34, 40.8, 1.79995
FILLER_0_11_50, 34.34, 40.8, 1.79995
PHY_16, 5.52, 35.36, 1.79994
PHY_18, 5.52, 35.36, 1.79994
output26, 5.52, 35.36, 1.79994
FILLER_0_9_3, 5.52, 35.36, 1.79994
PHY_17, 56.12, 35.36, 1.79996
PHY_19, 56.12, 35.36, 1.79996
FILLER_0_8_100, 56.12, 35.36, 1.79996
_212_, 13.68, 35.36, 1.79995
_223_, 13.68, 35.36, 1.79995
_224_, 13.68, 35.36, 1.79995
_230_, 13.68, 35.36, 1.79995
_231_, 13.68, 35.36, 1.79995
FILLER_0_8_11, 13.68, 35.36, 1.79995
FILLER_0_9_17, 13.68, 35.36, 1.79995
_176_, 34.34, 35.36, 1.79996
_238_, 34.34, 35.36, 1.79996
FILLER_0_9_69, 34.34, 35.36, 1.79996
FILLER_0_10_64, 34.34, 35.36, 1.79996
PHY_12, 5.52, 29.92, 1.79997
PHY_14, 5.52, 29.92, 1.79997
input13, 5.52, 29.92, 1.79997
FILLER_0_8_3, 5.52, 29.92, 1.79997
_140_, 56.12, 29.92, 1.79997
PHY_13, 56.12, 29.92, 1.79997
PHY_15, 56.12, 29.92, 1.79997
FILLER_0_6_101, 56.12, 29.92, 1.79997
_228_, 13.68, 29.92, 1.79997
_229_, 13.68, 29.92, 1.79997
FILLER_0_8_20, 13.68, 29.92, 1.79997
_156_, 34.34, 29.92, 1.79997
_159_, 34.34, 29.92, 1.79997
_172_, 34.34, 29.92, 1.79997
_173_, 34.34, 29.92, 1.79997
_174_, 34.34, 29.92, 1.79997
_175_, 34.34, 29.92, 1.79997
FILLER_0_6_53, 34.34, 29.92, 1.79997
FILLER_0_7_51, 34.34, 29.92, 1.79997
FILLER_0_8_70, 34.34, 29.92, 1.79997
_210_, 5.52, 24.48, 1.79997
_211_, 5.52, 24.48, 1.79997
PHY_8, 5.52, 24.48, 1.79997
PHY_10, 5.52, 24.48, 1.79997
_216_, 56.12, 24.48, 1.79997
PHY_9, 56.12, 24.48, 1.79997
PHY_11, 56.12, 24.48, 1.79997
input7, 56.12, 24.48, 1.79997
FILLER_0_4_103, 56.12, 24.48, 1.79997
_234_, 13.68, 24.48, 1.79997
FILLER_0_4_15, 13.68, 24.48, 1.79997
FILLER_0_5_11, 13.68, 24.48, 1.79997
FILLER_0_6_23, 13.68, 24.48, 1.79997
_171_, 34.34, 24.48, 1.79997
_205_, 34.34, 24.48, 1.79997
FILLER_0_4_59, 34.34, 24.48, 1.79997
PHY_4, 5.52, 19.04, 1.79997
PHY_6, 5.52, 19.04, 1.79997
_218_, 56.12, 19.04, 1.79997
PHY_5, 56.12, 19.04, 1.79997
PHY_7, 56.12, 19.04, 1.79997
FILLER_0_2_101, 56.12, 19.04, 1.79997
_225_, 13.68, 19.04, 1.79997
_226_, 13.68, 19.04, 1.79997
_227_, 13.68, 19.04, 1.79997
FILLER_0_3_15, 13.68, 19.04, 1.79997
FILLER_0_4_25, 13.68, 19.04, 1.79997
_129_, 34.34, 19.04, 1.79997
_221_, 34.34, 19.04, 1.79997
_222_, 34.34, 19.04, 1.79997
max_cap30, 34.34, 19.04, 1.79997
FILLER_0_3_53, 34.34, 19.04, 1.79997
PHY_0, 5.52, 13.6, 1.79995
PHY_2, 5.52, 13.6, 1.79995
input1, 5.52, 13.6, 1.79995
input4, 5.52, 13.6, 1.79995
input16, 5.52, 13.6, 1.79995
PHY_1, 56.12, 13.6, 1.79995
PHY_3, 56.12, 13.6, 1.79995
input12, 56.12, 13.6, 1.79995
input19, 56.12, 13.6, 1.79995
input17, 13.68, 13.6, 1.79995
FILLER_0_2_19, 13.68, 13.6, 1.79995
_115_, 34.34, 13.6, 1.79995
_117_, 34.34, 13.6, 1.79995
_118_, 34.34, 13.6, 1.79995
_123_, 34.34, 13.6, 1.79995
_126_, 34.34, 13.6, 1.79995
output20, 34.34, 13.6, 1.79995
FILLER_0_0_53, 34.34, 13.6, 1.79995
FILLER_0_0_63, 34.34, 13.6, 1.79995
FILLER_0_1_51, 34.34, 13.6, 1.79995
FILLER_0_1_61, 34.34, 13.6, 1.79995
FILLER_0_2_69, 34.34, 13.6, 1.79995

