Instance name,  X location,  Y location,  Voltage 
input8, 50.14, 59.84, 4.00603e-05
FILLER_0_17_85, 50.14, 59.84, 4.00603e-05
_155_, 50.14, 54.4, 5.4096e-05
_161_, 50.14, 54.4, 5.4096e-05
_168_, 50.14, 54.4, 5.4096e-05
output21, 50.14, 54.4, 5.4096e-05
output22, 50.14, 54.4, 5.4096e-05
FILLER_0_16_97, 50.14, 54.4, 5.4096e-05
_150_, 50.14, 48.96, 3.77637e-05
_154_, 50.14, 48.96, 3.77637e-05
input2, 50.14, 48.96, 3.77637e-05
FILLER_0_13_88, 50.14, 48.96, 3.77637e-05
FILLER_0_14_85, 50.14, 48.96, 3.77637e-05
FILLER_0_14_103, 50.14, 48.96, 3.77637e-05
FILLER_0_15_99, 50.14, 48.96, 3.77637e-05
_134_, 50.14, 43.52, 3.85272e-05
_135_, 50.14, 43.52, 3.85272e-05
_138_, 50.14, 43.52, 3.85272e-05
input10, 50.14, 43.52, 3.85272e-05
FILLER_0_13_100, 50.14, 43.52, 3.85272e-05
_136_, 50.14, 38.08, 3.80217e-05
_149_, 50.14, 38.08, 3.80217e-05
_236_, 50.14, 38.08, 3.80217e-05
FILLER_0_10_100, 50.14, 38.08, 3.80217e-05
_143_, 50.14, 32.64, 3.05547e-05
_144_, 50.14, 32.64, 3.05547e-05
_148_, 50.14, 32.64, 3.05547e-05
_157_, 50.14, 32.64, 3.05547e-05
output28, 50.14, 32.64, 3.05547e-05
FILLER_0_8_92, 50.14, 32.64, 3.05547e-05
FILLER_0_8_100, 50.14, 32.64, 3.05547e-05
_140_, 50.14, 27.2, 2.83735e-05
_141_, 50.14, 27.2, 2.83735e-05
_142_, 50.14, 27.2, 2.83735e-05
FILLER_0_6_85, 50.14, 27.2, 2.83735e-05
FILLER_0_6_93, 50.14, 27.2, 2.83735e-05
FILLER_0_6_101, 50.14, 27.2, 2.83735e-05
_137_, 50.14, 21.76, 3.15519e-05
_147_, 50.14, 21.76, 3.15519e-05
_216_, 50.14, 21.76, 3.15519e-05
_219_, 50.14, 21.76, 3.15519e-05
_220_, 50.14, 21.76, 3.15519e-05
input7, 50.14, 21.76, 3.15519e-05
FILLER_0_3_85, 50.14, 21.76, 3.15519e-05
FILLER_0_4_103, 50.14, 21.76, 3.15519e-05
_121_, 50.14, 16.32, 3.41786e-05
_124_, 50.14, 16.32, 3.41786e-05
_128_, 50.14, 16.32, 3.41786e-05
_217_, 50.14, 16.32, 3.41786e-05
_218_, 50.14, 16.32, 3.41786e-05
FILLER_0_1_94, 50.14, 16.32, 3.41786e-05
FILLER_0_2_93, 50.14, 16.32, 3.41786e-05
FILLER_0_2_101, 50.14, 16.32, 3.41786e-05
input9, 50.14, 10.88, 4.23862e-05
input12, 50.14, 10.88, 4.23862e-05
input15, 50.14, 10.88, 4.23862e-05
input19, 50.14, 10.88, 4.23862e-05
FILLER_0_0_85, 50.14, 10.88, 4.23862e-05
input6, 25.14, 59.84, 4.12365e-05
_190_, 25.14, 54.4, 5.19375e-05
_199_, 25.14, 54.4, 5.19375e-05
FILLER_0_15_33, 25.14, 54.4, 5.19375e-05
FILLER_0_16_33, 25.14, 54.4, 5.19375e-05
_188_, 25.14, 48.96, 4.14539e-05
_189_, 25.14, 48.96, 4.14539e-05
_192_, 25.14, 48.96, 4.14539e-05
FILLER_0_14_39, 25.14, 48.96, 4.14539e-05
FILLER_0_14_48, 25.14, 48.96, 4.14539e-05
_191_, 25.14, 43.52, 4.28705e-05
FILLER_0_11_38, 25.14, 43.52, 4.28705e-05
FILLER_0_13_46, 25.14, 43.52, 4.28705e-05
_178_, 25.14, 38.08, 4.1962e-05
_179_, 25.14, 38.08, 4.1962e-05
_180_, 25.14, 38.08, 4.1962e-05
_208_, 25.14, 38.08, 4.1962e-05
FILLER_0_10_52, 25.14, 38.08, 4.1962e-05
FILLER_0_11_50, 25.14, 38.08, 4.1962e-05
_182_, 25.14, 32.64, 2.91002e-05
_207_, 25.14, 32.64, 2.91002e-05
FILLER_0_8_37, 25.14, 32.64, 2.91002e-05
FILLER_0_8_48, 25.14, 32.64, 2.91002e-05
_181_, 25.14, 27.2, 2.86014e-05
_202_, 25.14, 27.2, 2.86014e-05
_203_, 25.14, 27.2, 2.86014e-05
_204_, 25.14, 27.2, 2.86014e-05
_206_, 25.14, 27.2, 2.86014e-05
wire29, 25.14, 27.2, 2.86014e-05
FILLER_0_5_37, 25.14, 27.2, 2.86014e-05
FILLER_0_6_53, 25.14, 27.2, 2.86014e-05
FILLER_0_7_51, 25.14, 27.2, 2.86014e-05
_146_, 25.14, 21.76, 2.84452e-05
FILLER_0_5_46, 25.14, 21.76, 2.84452e-05
_119_, 25.14, 16.32, 3.50343e-05
_120_, 25.14, 16.32, 3.50343e-05
_125_, 25.14, 16.32, 3.50343e-05
_130_, 25.14, 16.32, 3.50343e-05
_139_, 25.14, 16.32, 3.50343e-05
FILLER_0_3_43, 25.14, 16.32, 3.50343e-05
FILLER_0_3_53, 25.14, 16.32, 3.50343e-05
_116_, 25.14, 10.88, 4.03859e-05
_122_, 25.14, 10.88, 4.03859e-05
FILLER_0_0_35, 25.14, 10.88, 4.03859e-05
FILLER_0_0_53, 25.14, 10.88, 4.03859e-05
FILLER_0_1_51, 25.14, 10.88, 4.03859e-05
PHY_34, 5.52, 59.84, 4.43573e-05
PHY_35, 56.12, 59.84, 4.00603e-05
input3, 15.33, 59.84, 4.43573e-05
input5, 15.33, 59.84, 4.43573e-05
FILLER_0_17_21, 15.33, 59.84, 4.43573e-05
output24, 37.64, 59.84, 4.58544e-05
PHY_30, 5.52, 54.4, 6.8433e-05
PHY_32, 5.52, 54.4, 6.8433e-05
input14, 5.52, 54.4, 6.8433e-05
output27, 5.52, 54.4, 6.8433e-05
FILLER_0_17_7, 5.52, 54.4, 6.8433e-05
PHY_31, 56.12, 54.4, 5.4096e-05
PHY_33, 56.12, 54.4, 5.4096e-05
_183_, 15.33, 54.4, 6.17486e-05
_186_, 15.33, 54.4, 6.17486e-05
_187_, 15.33, 54.4, 6.17486e-05
_198_, 15.33, 54.4, 6.17486e-05
FILLER_0_15_20, 15.33, 54.4, 6.17486e-05
FILLER_0_16_21, 15.33, 54.4, 6.17486e-05
FILLER_0_17_29, 15.33, 54.4, 6.17486e-05
_152_, 37.64, 54.4, 5.85655e-05
_153_, 37.64, 54.4, 5.85655e-05
_165_, 37.64, 54.4, 5.85655e-05
_167_, 37.64, 54.4, 5.85655e-05
_169_, 37.64, 54.4, 5.85655e-05
_170_, 37.64, 54.4, 5.85655e-05
input11, 37.64, 54.4, 5.85655e-05
FILLER_0_16_63, 37.64, 54.4, 5.85655e-05
FILLER_0_17_77, 37.64, 54.4, 5.85655e-05
_194_, 5.52, 48.96, 5.02857e-05
PHY_26, 5.52, 48.96, 5.02857e-05
PHY_28, 5.52, 48.96, 5.02857e-05
FILLER_0_14_10, 5.52, 48.96, 5.02857e-05
PHY_27, 56.12, 48.96, 3.77637e-05
PHY_29, 56.12, 48.96, 3.77637e-05
_195_, 15.33, 48.96, 4.95459e-05
_196_, 15.33, 48.96, 4.95459e-05
_197_, 15.33, 48.96, 4.95459e-05
_200_, 15.33, 48.96, 4.95459e-05
_201_, 15.33, 48.96, 4.95459e-05
_209_, 15.33, 48.96, 4.95459e-05
_214_, 15.33, 48.96, 4.95459e-05
_163_, 37.64, 48.96, 4.09733e-05
_164_, 37.64, 48.96, 4.09733e-05
_166_, 37.64, 48.96, 4.09733e-05
FILLER_0_14_76, 37.64, 48.96, 4.09733e-05
FILLER_0_15_76, 37.64, 48.96, 4.09733e-05
_185_, 5.52, 43.52, 6.24641e-05
PHY_22, 5.52, 43.52, 6.24641e-05
PHY_24, 5.52, 43.52, 6.24641e-05
output23, 5.52, 43.52, 6.24641e-05
FILLER_0_13_9, 5.52, 43.52, 6.24641e-05
PHY_23, 56.12, 43.52, 3.85272e-05
PHY_25, 56.12, 43.52, 3.85272e-05
_213_, 15.33, 43.52, 5.41358e-05
_215_, 15.33, 43.52, 5.41358e-05
FILLER_0_11_14, 15.33, 43.52, 5.41358e-05
FILLER_0_12_22, 15.33, 43.52, 5.41358e-05
_151_, 37.64, 43.52, 4.31032e-05
_162_, 37.64, 43.52, 4.31032e-05
_184_, 37.64, 43.52, 4.31032e-05
_237_, 37.64, 43.52, 4.31032e-05
FILLER_0_12_78, 37.64, 43.52, 4.31032e-05
_193_, 5.52, 38.08, 5.90339e-05
PHY_18, 5.52, 38.08, 5.90339e-05
PHY_20, 5.52, 38.08, 5.90339e-05
output26, 5.52, 38.08, 5.90339e-05
FILLER_0_10_9, 5.52, 38.08, 5.90339e-05
FILLER_0_11_3, 5.52, 38.08, 5.90339e-05
PHY_19, 56.12, 38.08, 3.80217e-05
PHY_21, 56.12, 38.08, 3.80217e-05
_223_, 15.33, 38.08, 5.25525e-05
_230_, 15.33, 38.08, 5.25525e-05
_231_, 15.33, 38.08, 5.25525e-05
FILLER_0_9_17, 15.33, 38.08, 5.25525e-05
FILLER_0_10_29, 15.33, 38.08, 5.25525e-05
_132_, 37.64, 38.08, 4.3185e-05
_133_, 37.64, 38.08, 4.3185e-05
_177_, 37.64, 38.08, 4.3185e-05
_238_, 37.64, 38.08, 4.3185e-05
FILLER_0_9_69, 37.64, 38.08, 4.3185e-05
FILLER_0_10_64, 37.64, 38.08, 4.3185e-05
_212_, 5.52, 32.64, 3.45531e-05
PHY_14, 5.52, 32.64, 3.45531e-05
PHY_16, 5.52, 32.64, 3.45531e-05
FILLER_0_8_3, 5.52, 32.64, 3.45531e-05
FILLER_0_9_3, 5.52, 32.64, 3.45531e-05
PHY_15, 56.12, 32.64, 3.05547e-05
PHY_17, 56.12, 32.64, 3.05547e-05
_224_, 15.33, 32.64, 3.35028e-05
_235_, 15.33, 32.64, 3.35028e-05
FILLER_0_8_11, 15.33, 32.64, 3.35028e-05
FILLER_0_8_20, 15.33, 32.64, 3.35028e-05
FILLER_0_8_29, 15.33, 32.64, 3.35028e-05
FILLER_0_9_31, 15.33, 32.64, 3.35028e-05
_159_, 37.64, 32.64, 3.24273e-05
_160_, 37.64, 32.64, 3.24273e-05
_172_, 37.64, 32.64, 3.24273e-05
_174_, 37.64, 32.64, 3.24273e-05
_175_, 37.64, 32.64, 3.24273e-05
_176_, 37.64, 32.64, 3.24273e-05
FILLER_0_8_70, 37.64, 32.64, 3.24273e-05
FILLER_0_8_81, 37.64, 32.64, 3.24273e-05
FILLER_0_9_77, 37.64, 32.64, 3.24273e-05
_210_, 5.52, 27.2, 3.515e-05
_229_, 5.52, 27.2, 3.515e-05
PHY_10, 5.52, 27.2, 3.515e-05
PHY_12, 5.52, 27.2, 3.515e-05
input13, 5.52, 27.2, 3.515e-05
PHY_11, 56.12, 27.2, 2.83735e-05
PHY_13, 56.12, 27.2, 2.83735e-05
_228_, 15.33, 27.2, 3.25946e-05
_234_, 15.33, 27.2, 3.25946e-05
FILLER_0_5_11, 15.33, 27.2, 3.25946e-05
FILLER_0_6_23, 15.33, 27.2, 3.25946e-05
FILLER_0_6_29, 15.33, 27.2, 3.25946e-05
FILLER_0_7_31, 15.33, 27.2, 3.25946e-05
_156_, 37.64, 27.2, 3.00541e-05
_158_, 37.64, 27.2, 3.00541e-05
_171_, 37.64, 27.2, 3.00541e-05
_173_, 37.64, 27.2, 3.00541e-05
_205_, 37.64, 27.2, 3.00541e-05
_211_, 5.52, 21.76, 3.21696e-05
PHY_6, 5.52, 21.76, 3.21696e-05
PHY_8, 5.52, 21.76, 3.21696e-05
PHY_7, 56.12, 21.76, 3.15519e-05
PHY_9, 56.12, 21.76, 3.15519e-05
_225_, 15.33, 21.76, 3.13154e-05
_227_, 15.33, 21.76, 3.13154e-05
_232_, 15.33, 21.76, 3.13154e-05
_233_, 15.33, 21.76, 3.13154e-05
FILLER_0_3_15, 15.33, 21.76, 3.13154e-05
FILLER_0_4_15, 15.33, 21.76, 3.13154e-05
FILLER_0_4_25, 15.33, 21.76, 3.13154e-05
_221_, 37.64, 21.76, 3.13897e-05
_222_, 37.64, 21.76, 3.13897e-05
max_cap30, 37.64, 21.76, 3.13897e-05
FILLER_0_4_59, 37.64, 21.76, 3.13897e-05
FILLER_0_4_78, 37.64, 21.76, 3.13897e-05
FILLER_0_5_77, 37.64, 21.76, 3.13897e-05
PHY_2, 5.52, 16.32, 4.06783e-05
PHY_4, 5.52, 16.32, 4.06783e-05
input4, 5.52, 16.32, 4.06783e-05
PHY_3, 56.12, 16.32, 3.41786e-05
PHY_5, 56.12, 16.32, 3.41786e-05
_131_, 15.33, 16.32, 3.89186e-05
_226_, 15.33, 16.32, 3.89186e-05
FILLER_0_2_19, 15.33, 16.32, 3.89186e-05
FILLER_0_2_29, 15.33, 16.32, 3.89186e-05
_115_, 37.64, 16.32, 3.73589e-05
_123_, 37.64, 16.32, 3.73589e-05
_126_, 37.64, 16.32, 3.73589e-05
_129_, 37.64, 16.32, 3.73589e-05
FILLER_0_1_61, 37.64, 16.32, 3.73589e-05
FILLER_0_2_69, 37.64, 16.32, 3.73589e-05
FILLER_0_2_79, 37.64, 16.32, 3.73589e-05
PHY_0, 5.52, 10.88, 5.01129e-05
input1, 5.52, 10.88, 5.01129e-05
input16, 5.52, 10.88, 5.01129e-05
input17, 5.52, 10.88, 5.01129e-05
PHY_1, 56.12, 10.88, 4.23862e-05
_145_, 15.33, 10.88, 4.62456e-05
input18, 15.33, 10.88, 4.62456e-05
_117_, 37.64, 10.88, 5.07807e-05
_118_, 37.64, 10.88, 5.07807e-05
_127_, 37.64, 10.88, 5.07807e-05
output20, 37.64, 10.88, 5.07807e-05
output25, 37.64, 10.88, 5.07807e-05
FILLER_0_0_63, 37.64, 10.88, 5.07807e-05

