#! /usr/bin/vvp
:ivl_version "12.0 (stable)";
:ivl_delay_selection "TYPICAL";
:vpi_time_precision + 0;
:vpi_module "/usr/lib/x86_64-linux-gnu/ivl/system.vpi";
:vpi_module "/usr/lib/x86_64-linux-gnu/ivl/vhdl_sys.vpi";
:vpi_module "/usr/lib/x86_64-linux-gnu/ivl/vhdl_textio.vpi";
:vpi_module "/usr/lib/x86_64-linux-gnu/ivl/v2005_math.vpi";
:vpi_module "/usr/lib/x86_64-linux-gnu/ivl/va_math.vpi";
S_0x59bb040dfdb0 .scope module, "tb_seq_detector" "tb_seq_detector" 2 1;
 .timescale 0 0;
v0x59bb040f5790_0 .var "clk", 0 0;
v0x59bb040f5850_0 .net "detected", 0 0, v0x59bb040f5390_0;  1 drivers
v0x59bb040f5920_0 .var "din", 0 0;
v0x59bb040f5a20_0 .var "reset", 0 0;
S_0x59bb040dff40 .scope module, "uut" "seq_detector" 2 6, 3 1 0, S_0x59bb040dfdb0;
 .timescale 0 0;
    .port_info 0 /INPUT 1 "clk";
    .port_info 1 /INPUT 1 "reset";
    .port_info 2 /INPUT 1 "din";
    .port_info 3 /OUTPUT 1 "detected";
P_0x59bb040a3490 .param/l "S0" 0 3 8, C4<000>;
P_0x59bb040a34d0 .param/l "S1" 0 3 9, C4<001>;
P_0x59bb040a3510 .param/l "S2" 0 3 10, C4<010>;
P_0x59bb040a3550 .param/l "S3" 0 3 11, C4<011>;
P_0x59bb040a3590 .param/l "S4" 0 3 12, C4<100>;
v0x59bb040e0620_0 .net "clk", 0 0, v0x59bb040f5790_0;  1 drivers
v0x59bb040f52b0_0 .var "current_state", 2 0;
v0x59bb040f5390_0 .var "detected", 0 0;
v0x59bb040f5460_0 .net "din", 0 0, v0x59bb040f5920_0;  1 drivers
v0x59bb040f5520_0 .var "next_state", 2 0;
v0x59bb040f5650_0 .net "reset", 0 0, v0x59bb040f5a20_0;  1 drivers
E_0x59bb040a4060 .event anyedge, v0x59bb040f52b0_0;
E_0x59bb040a3d90 .event anyedge, v0x59bb040f52b0_0, v0x59bb040f5460_0;
E_0x59bb040dcf80 .event posedge, v0x59bb040f5650_0, v0x59bb040e0620_0;
    .scope S_0x59bb040dff40;
T_0 ;
    %wait E_0x59bb040dcf80;
    %load/vec4 v0x59bb040f5650_0;
    %flag_set/vec4 8;
    %jmp/0xz  T_0.0, 8;
    %pushi/vec4 0, 0, 3;
    %assign/vec4 v0x59bb040f52b0_0, 0;
    %jmp T_0.1;
T_0.0 ;
    %load/vec4 v0x59bb040f5520_0;
    %assign/vec4 v0x59bb040f52b0_0, 0;
T_0.1 ;
    %jmp T_0;
    .thread T_0;
    .scope S_0x59bb040dff40;
T_1 ;
    %wait E_0x59bb040a3d90;
    %load/vec4 v0x59bb040f52b0_0;
    %dup/vec4;
    %pushi/vec4 0, 0, 3;
    %cmp/u;
    %jmp/1 T_1.0, 6;
    %dup/vec4;
    %pushi/vec4 1, 0, 3;
    %cmp/u;
    %jmp/1 T_1.1, 6;
    %dup/vec4;
    %pushi/vec4 2, 0, 3;
    %cmp/u;
    %jmp/1 T_1.2, 6;
    %dup/vec4;
    %pushi/vec4 3, 0, 3;
    %cmp/u;
    %jmp/1 T_1.3, 6;
    %dup/vec4;
    %pushi/vec4 4, 0, 3;
    %cmp/u;
    %jmp/1 T_1.4, 6;
    %pushi/vec4 0, 0, 3;
    %store/vec4 v0x59bb040f5520_0, 0, 3;
    %jmp T_1.6;
T_1.0 ;
    %load/vec4 v0x59bb040f5460_0;
    %flag_set/vec4 8;
    %jmp/0 T_1.7, 8;
    %pushi/vec4 1, 0, 3;
    %jmp/1 T_1.8, 8;
T_1.7 ; End of true expr.
    %pushi/vec4 0, 0, 3;
    %jmp/0 T_1.8, 8;
 ; End of false expr.
    %blend;
T_1.8;
    %store/vec4 v0x59bb040f5520_0, 0, 3;
    %jmp T_1.6;
T_1.1 ;
    %load/vec4 v0x59bb040f5460_0;
    %flag_set/vec4 8;
    %jmp/0 T_1.9, 8;
    %pushi/vec4 1, 0, 3;
    %jmp/1 T_1.10, 8;
T_1.9 ; End of true expr.
    %pushi/vec4 2, 0, 3;
    %jmp/0 T_1.10, 8;
 ; End of false expr.
    %blend;
T_1.10;
    %store/vec4 v0x59bb040f5520_0, 0, 3;
    %jmp T_1.6;
T_1.2 ;
    %load/vec4 v0x59bb040f5460_0;
    %flag_set/vec4 8;
    %jmp/0 T_1.11, 8;
    %pushi/vec4 3, 0, 3;
    %jmp/1 T_1.12, 8;
T_1.11 ; End of true expr.
    %pushi/vec4 0, 0, 3;
    %jmp/0 T_1.12, 8;
 ; End of false expr.
    %blend;
T_1.12;
    %store/vec4 v0x59bb040f5520_0, 0, 3;
    %jmp T_1.6;
T_1.3 ;
    %load/vec4 v0x59bb040f5460_0;
    %flag_set/vec4 8;
    %jmp/0 T_1.13, 8;
    %pushi/vec4 4, 0, 3;
    %jmp/1 T_1.14, 8;
T_1.13 ; End of true expr.
    %pushi/vec4 2, 0, 3;
    %jmp/0 T_1.14, 8;
 ; End of false expr.
    %blend;
T_1.14;
    %store/vec4 v0x59bb040f5520_0, 0, 3;
    %jmp T_1.6;
T_1.4 ;
    %load/vec4 v0x59bb040f5460_0;
    %flag_set/vec4 8;
    %jmp/0 T_1.15, 8;
    %pushi/vec4 1, 0, 3;
    %jmp/1 T_1.16, 8;
T_1.15 ; End of true expr.
    %pushi/vec4 0, 0, 3;
    %jmp/0 T_1.16, 8;
 ; End of false expr.
    %blend;
T_1.16;
    %store/vec4 v0x59bb040f5520_0, 0, 3;
    %jmp T_1.6;
T_1.6 ;
    %pop/vec4 1;
    %jmp T_1;
    .thread T_1, $push;
    .scope S_0x59bb040dff40;
T_2 ;
    %wait E_0x59bb040a4060;
    %load/vec4 v0x59bb040f52b0_0;
    %cmpi/e 4, 0, 3;
    %flag_mov 8, 4;
    %jmp/0 T_2.0, 8;
    %pushi/vec4 1, 0, 2;
    %jmp/1 T_2.1, 8;
T_2.0 ; End of true expr.
    %pushi/vec4 0, 0, 2;
    %jmp/0 T_2.1, 8;
 ; End of false expr.
    %blend;
T_2.1;
    %pad/s 1;
    %store/vec4 v0x59bb040f5390_0, 0, 1;
    %jmp T_2;
    .thread T_2, $push;
    .scope S_0x59bb040dfdb0;
T_3 ;
    %delay 5, 0;
    %load/vec4 v0x59bb040f5790_0;
    %inv;
    %store/vec4 v0x59bb040f5790_0, 0, 1;
    %jmp T_3;
    .thread T_3;
    .scope S_0x59bb040dfdb0;
T_4 ;
    %vpi_call 2 16 "$dumpfile", "seq_detector.vcd" {0 0 0};
    %vpi_call 2 17 "$dumpvars", 32'sb00000000000000000000000000000000, S_0x59bb040dfdb0 {0 0 0};
    %pushi/vec4 0, 0, 1;
    %store/vec4 v0x59bb040f5790_0, 0, 1;
    %pushi/vec4 1, 0, 1;
    %store/vec4 v0x59bb040f5a20_0, 0, 1;
    %delay 10, 0;
    %pushi/vec4 0, 0, 1;
    %store/vec4 v0x59bb040f5a20_0, 0, 1;
    %pushi/vec4 1, 0, 1;
    %store/vec4 v0x59bb040f5920_0, 0, 1;
    %delay 10, 0;
    %pushi/vec4 0, 0, 1;
    %store/vec4 v0x59bb040f5920_0, 0, 1;
    %delay 10, 0;
    %pushi/vec4 1, 0, 1;
    %store/vec4 v0x59bb040f5920_0, 0, 1;
    %delay 10, 0;
    %pushi/vec4 1, 0, 1;
    %store/vec4 v0x59bb040f5920_0, 0, 1;
    %delay 10, 0;
    %pushi/vec4 1, 0, 1;
    %store/vec4 v0x59bb040f5920_0, 0, 1;
    %delay 10, 0;
    %pushi/vec4 0, 0, 1;
    %store/vec4 v0x59bb040f5920_0, 0, 1;
    %delay 10, 0;
    %pushi/vec4 1, 0, 1;
    %store/vec4 v0x59bb040f5920_0, 0, 1;
    %delay 10, 0;
    %pushi/vec4 1, 0, 1;
    %store/vec4 v0x59bb040f5920_0, 0, 1;
    %delay 10, 0;
    %vpi_call 2 35 "$finish" {0 0 0};
    %end;
    .thread T_4;
# The file index is used to find the file name in the following table.
:file_names 4;
    "N/A";
    "<interactive>";
    "tb_seq_detector.v";
    "seq_detector.v";
