
===========================================================================
 report_power
============================================================================
======================= Fastest Corner ===================================

Group                  Internal  Switching    Leakage      Total
                          Power      Power      Power      Power (Watts)
----------------------------------------------------------------
Sequential             1.14e-04   3.43e-05   1.23e-07   1.49e-04  32.6%
Combinational          1.82e-04   1.26e-04   2.31e-09   3.08e-04  67.4%
Macro                  0.00e+00   0.00e+00   0.00e+00   0.00e+00   0.0%
Pad                    0.00e+00   0.00e+00   0.00e+00   0.00e+00   0.0%
----------------------------------------------------------------
Total                  2.96e-04   1.60e-04   1.25e-07   4.57e-04 100.0%
                          64.9%      35.1%       0.0%

======================= Slowest Corner ===================================

Group                  Internal  Switching    Leakage      Total
                          Power      Power      Power      Power (Watts)
----------------------------------------------------------------
Sequential             7.78e-05   2.22e-05   6.06e-07   1.01e-04  32.1%
Combinational          1.29e-04   8.23e-05   9.55e-07   2.13e-04  67.9%
Macro                  0.00e+00   0.00e+00   0.00e+00   0.00e+00   0.0%
Pad                    0.00e+00   0.00e+00   0.00e+00   0.00e+00   0.0%
----------------------------------------------------------------
Total                  2.07e-04   1.04e-04   1.56e-06   3.13e-04 100.0%
                          66.1%      33.4%       0.5%

======================= Typical Corner ===================================

Group                  Internal  Switching    Leakage      Total
                          Power      Power      Power      Power (Watts)
----------------------------------------------------------------
Sequential             9.94e-05   2.86e-05   1.22e-07   1.28e-04  32.5%
Combinational          1.60e-04   1.06e-04   1.13e-09   2.66e-04  67.5%
Macro                  0.00e+00   0.00e+00   0.00e+00   0.00e+00   0.0%
Pad                    0.00e+00   0.00e+00   0.00e+00   0.00e+00   0.0%
----------------------------------------------------------------
Total                  2.60e-04   1.34e-04   1.24e-07   3.94e-04 100.0%
                          65.9%      34.1%       0.0%

