
===========================================================================
 report_power
============================================================================
======================= Fastest Corner ===================================

Group                  Internal  Switching    Leakage      Total
                          Power      Power      Power      Power (Watts)
----------------------------------------------------------------
Sequential             4.89e-03   9.44e-04   1.90e-07   5.83e-03  32.4%
Combinational          6.24e-03   5.92e-03   9.53e-08   1.22e-02  67.6%
Macro                  0.00e+00   0.00e+00   0.00e+00   0.00e+00   0.0%
Pad                    0.00e+00   0.00e+00   0.00e+00   0.00e+00   0.0%
----------------------------------------------------------------
Total                  1.11e-02   6.86e-03   2.86e-07   1.80e-02 100.0%
                          61.8%      38.2%       0.0%

======================= Slowest Corner ===================================

Group                  Internal  Switching    Leakage      Total
                          Power      Power      Power      Power (Watts)
----------------------------------------------------------------
Sequential             3.32e-03   6.19e-04   2.45e-05   3.97e-03  32.2%
Combinational          4.45e-03   3.86e-03   4.69e-05   8.36e-03  67.8%
Macro                  0.00e+00   0.00e+00   0.00e+00   0.00e+00   0.0%
Pad                    0.00e+00   0.00e+00   0.00e+00   0.00e+00   0.0%
----------------------------------------------------------------
Total                  7.77e-03   4.48e-03   7.14e-05   1.23e-02 100.0%
                          63.1%      36.4%       0.6%

======================= Typical Corner ===================================

Group                  Internal  Switching    Leakage      Total
                          Power      Power      Power      Power (Watts)
----------------------------------------------------------------
Sequential             4.23e-03   7.92e-04   1.80e-07   5.03e-03  32.4%
Combinational          5.52e-03   4.97e-03   4.80e-08   1.05e-02  67.6%
Macro                  0.00e+00   0.00e+00   0.00e+00   0.00e+00   0.0%
Pad                    0.00e+00   0.00e+00   0.00e+00   0.00e+00   0.0%
----------------------------------------------------------------
Total                  9.75e-03   5.76e-03   2.28e-07   1.55e-02 100.0%
                          62.9%      37.1%       0.0%

