#! /usr/bin/vvp
:ivl_version "12.0 (stable)";
:ivl_delay_selection "TYPICAL";
:vpi_time_precision + 0;
:vpi_module "/usr/lib/x86_64-linux-gnu/ivl/system.vpi";
:vpi_module "/usr/lib/x86_64-linux-gnu/ivl/vhdl_sys.vpi";
:vpi_module "/usr/lib/x86_64-linux-gnu/ivl/vhdl_textio.vpi";
:vpi_module "/usr/lib/x86_64-linux-gnu/ivl/v2005_math.vpi";
:vpi_module "/usr/lib/x86_64-linux-gnu/ivl/va_math.vpi";
S_0x5f624b77f590 .scope module, "tb_mux_4x1" "tb_mux_4x1" 2 1;
 .timescale 0 0;
v0x5f624b797120_0 .var "i0", 0 0;
v0x5f624b7971e0_0 .var "i1", 0 0;
v0x5f624b7972b0_0 .var "i2", 0 0;
v0x5f624b7973b0_0 .var "i3", 0 0;
v0x5f624b797480_0 .var "s0", 0 0;
v0x5f624b797520_0 .var "s1", 0 0;
v0x5f624b7975f0_0 .net "y", 0 0, L_0x5f624b798160;  1 drivers
S_0x5f624b77f720 .scope module, "uut" "mux_4x1" 2 7, 3 1 0, S_0x5f624b77f590;
 .timescale 0 0;
    .port_info 0 /INPUT 1 "i0";
    .port_info 1 /INPUT 1 "i1";
    .port_info 2 /INPUT 1 "i2";
    .port_info 3 /INPUT 1 "i3";
    .port_info 4 /INPUT 1 "s0";
    .port_info 5 /INPUT 1 "s1";
    .port_info 6 /OUTPUT 1 "y";
L_0x5f624b7976c0 .functor NOT 1, v0x5f624b797520_0, C4<0>, C4<0>, C4<0>;
L_0x5f624b7977b0 .functor NOT 1, v0x5f624b797480_0, C4<0>, C4<0>, C4<0>;
L_0x5f624b797870 .functor AND 1, L_0x5f624b7976c0, L_0x5f624b7977b0, C4<1>, C4<1>;
L_0x5f624b797980 .functor AND 1, L_0x5f624b797870, v0x5f624b797120_0, C4<1>, C4<1>;
L_0x5f624b797ac0 .functor NOT 1, v0x5f624b797520_0, C4<0>, C4<0>, C4<0>;
L_0x5f624b797b30 .functor AND 1, L_0x5f624b797ac0, v0x5f624b797480_0, C4<1>, C4<1>;
L_0x5f624b797c30 .functor AND 1, L_0x5f624b797b30, v0x5f624b7971e0_0, C4<1>, C4<1>;
L_0x5f624b797d40 .functor OR 1, L_0x5f624b797980, L_0x5f624b797c30, C4<0>, C4<0>;
L_0x5f624b797ea0 .functor NOT 1, v0x5f624b797480_0, C4<0>, C4<0>, C4<0>;
L_0x5f624b797f10 .functor AND 1, v0x5f624b797520_0, L_0x5f624b797ea0, C4<1>, C4<1>;
L_0x5f624b797fe0 .functor AND 1, L_0x5f624b797f10, v0x5f624b7972b0_0, C4<1>, C4<1>;
L_0x5f624b798050 .functor OR 1, L_0x5f624b797d40, L_0x5f624b797fe0, C4<0>, C4<0>;
L_0x5f624b7981d0 .functor AND 1, v0x5f624b797520_0, v0x5f624b797480_0, C4<1>, C4<1>;
L_0x5f624b798240 .functor AND 1, L_0x5f624b7981d0, v0x5f624b7973b0_0, C4<1>, C4<1>;
L_0x5f624b798160 .functor OR 1, L_0x5f624b798050, L_0x5f624b798240, C4<0>, C4<0>;
v0x5f624b745490_0 .net *"_ivl_0", 0 0, L_0x5f624b7976c0;  1 drivers
v0x5f624b795f70_0 .net *"_ivl_10", 0 0, L_0x5f624b797b30;  1 drivers
v0x5f624b796050_0 .net *"_ivl_12", 0 0, L_0x5f624b797c30;  1 drivers
v0x5f624b796110_0 .net *"_ivl_14", 0 0, L_0x5f624b797d40;  1 drivers
v0x5f624b7961f0_0 .net *"_ivl_16", 0 0, L_0x5f624b797ea0;  1 drivers
v0x5f624b796320_0 .net *"_ivl_18", 0 0, L_0x5f624b797f10;  1 drivers
v0x5f624b796400_0 .net *"_ivl_2", 0 0, L_0x5f624b7977b0;  1 drivers
v0x5f624b7964e0_0 .net *"_ivl_20", 0 0, L_0x5f624b797fe0;  1 drivers
v0x5f624b7965c0_0 .net *"_ivl_22", 0 0, L_0x5f624b798050;  1 drivers
v0x5f624b7966a0_0 .net *"_ivl_24", 0 0, L_0x5f624b7981d0;  1 drivers
v0x5f624b796780_0 .net *"_ivl_26", 0 0, L_0x5f624b798240;  1 drivers
v0x5f624b796860_0 .net *"_ivl_4", 0 0, L_0x5f624b797870;  1 drivers
v0x5f624b796940_0 .net *"_ivl_6", 0 0, L_0x5f624b797980;  1 drivers
v0x5f624b796a20_0 .net *"_ivl_8", 0 0, L_0x5f624b797ac0;  1 drivers
v0x5f624b796b00_0 .net "i0", 0 0, v0x5f624b797120_0;  1 drivers
v0x5f624b796bc0_0 .net "i1", 0 0, v0x5f624b7971e0_0;  1 drivers
v0x5f624b796c80_0 .net "i2", 0 0, v0x5f624b7972b0_0;  1 drivers
v0x5f624b796d40_0 .net "i3", 0 0, v0x5f624b7973b0_0;  1 drivers
v0x5f624b796e00_0 .net "s0", 0 0, v0x5f624b797480_0;  1 drivers
v0x5f624b796ec0_0 .net "s1", 0 0, v0x5f624b797520_0;  1 drivers
v0x5f624b796f80_0 .net "y", 0 0, L_0x5f624b798160;  alias, 1 drivers
    .scope S_0x5f624b77f590;
T_0 ;
    %vpi_call 2 15 "$dumpfile", "mux_4x1.vcd" {0 0 0};
    %vpi_call 2 16 "$dumpvars", 32'sb00000000000000000000000000000000, S_0x5f624b77f590 {0 0 0};
    %pushi/vec4 1, 0, 1;
    %store/vec4 v0x5f624b797120_0, 0, 1;
    %pushi/vec4 0, 0, 1;
    %store/vec4 v0x5f624b7971e0_0, 0, 1;
    %pushi/vec4 1, 0, 1;
    %store/vec4 v0x5f624b7972b0_0, 0, 1;
    %pushi/vec4 0, 0, 1;
    %store/vec4 v0x5f624b7973b0_0, 0, 1;
    %pushi/vec4 0, 0, 1;
    %store/vec4 v0x5f624b797520_0, 0, 1;
    %pushi/vec4 0, 0, 1;
    %store/vec4 v0x5f624b797480_0, 0, 1;
    %delay 10, 0;
    %pushi/vec4 0, 0, 1;
    %store/vec4 v0x5f624b797520_0, 0, 1;
    %pushi/vec4 1, 0, 1;
    %store/vec4 v0x5f624b797480_0, 0, 1;
    %delay 10, 0;
    %pushi/vec4 1, 0, 1;
    %store/vec4 v0x5f624b797520_0, 0, 1;
    %pushi/vec4 0, 0, 1;
    %store/vec4 v0x5f624b797480_0, 0, 1;
    %delay 10, 0;
    %pushi/vec4 1, 0, 1;
    %store/vec4 v0x5f624b797520_0, 0, 1;
    %pushi/vec4 1, 0, 1;
    %store/vec4 v0x5f624b797480_0, 0, 1;
    %delay 10, 0;
    %end;
    .thread T_0;
# The file index is used to find the file name in the following table.
:file_names 4;
    "N/A";
    "<interactive>";
    "tb_mux_4x1.v";
    "mux_4x1.v";
