#! /usr/bin/vvp
:ivl_version "12.0 (stable)";
:ivl_delay_selection "TYPICAL";
:vpi_time_precision + 0;
:vpi_module "/usr/lib/x86_64-linux-gnu/ivl/system.vpi";
:vpi_module "/usr/lib/x86_64-linux-gnu/ivl/vhdl_sys.vpi";
:vpi_module "/usr/lib/x86_64-linux-gnu/ivl/vhdl_textio.vpi";
:vpi_module "/usr/lib/x86_64-linux-gnu/ivl/v2005_math.vpi";
:vpi_module "/usr/lib/x86_64-linux-gnu/ivl/va_math.vpi";
S_0x5e58551fc9e0 .scope module, "tb_rca" "tb_rca" 2 1;
 .timescale 0 0;
v0x5e585522fa50_0 .var "a", 3 0;
v0x5e585522fb30_0 .var "b", 3 0;
v0x5e585522fbd0_0 .var "cin", 0 0;
v0x5e585522fcf0_0 .net "cout", 0 0, L_0x5e5855231cb0;  1 drivers
v0x5e585522fde0_0 .net "sum", 3 0, L_0x5e5855232070;  1 drivers
S_0x5e5855202750 .scope module, "uut" "rca" 2 8, 3 9 0, S_0x5e58551fc9e0;
 .timescale 0 0;
    .port_info 0 /INPUT 4 "a";
    .port_info 1 /INPUT 4 "b";
    .port_info 2 /INPUT 1 "cin";
    .port_info 3 /OUTPUT 4 "sum";
    .port_info 4 /OUTPUT 1 "cout";
v0x5e585522f340_0 .net "a", 3 0, v0x5e585522fa50_0;  1 drivers
v0x5e585522f440_0 .net "b", 3 0, v0x5e585522fb30_0;  1 drivers
v0x5e585522f520_0 .net "c1", 0 0, L_0x5e5855230410;  1 drivers
v0x5e585522f5c0_0 .net "c2", 0 0, L_0x5e5855230c60;  1 drivers
v0x5e585522f6b0_0 .net "c3", 0 0, L_0x5e5855231440;  1 drivers
v0x5e585522f7f0_0 .net "cin", 0 0, v0x5e585522fbd0_0;  1 drivers
v0x5e585522f890_0 .net "cout", 0 0, L_0x5e5855231cb0;  alias, 1 drivers
v0x5e585522f930_0 .net "sum", 3 0, L_0x5e5855232070;  alias, 1 drivers
L_0x5e5855230520 .part v0x5e585522fa50_0, 0, 1;
L_0x5e5855230650 .part v0x5e585522fb30_0, 0, 1;
L_0x5e5855230d70 .part v0x5e585522fa50_0, 1, 1;
L_0x5e5855230ea0 .part v0x5e585522fb30_0, 1, 1;
L_0x5e5855231550 .part v0x5e585522fa50_0, 2, 1;
L_0x5e5855231710 .part v0x5e585522fb30_0, 2, 1;
L_0x5e5855231dc0 .part v0x5e585522fa50_0, 3, 1;
L_0x5e5855231ef0 .part v0x5e585522fb30_0, 3, 1;
L_0x5e5855232070 .concat8 [ 1 1 1 1], L_0x5e585522ff70, L_0x5e58552307f0, L_0x5e5855231070, L_0x5e5855231980;
S_0x5e585520ae40 .scope module, "fa0" "fa" 3 17, 3 1 0, S_0x5e5855202750;
 .timescale 0 0;
    .port_info 0 /INPUT 1 "a";
    .port_info 1 /INPUT 1 "b";
    .port_info 2 /INPUT 1 "cin";
    .port_info 3 /OUTPUT 1 "sum";
    .port_info 4 /OUTPUT 1 "cout";
L_0x5e585522fed0 .functor XOR 1, L_0x5e5855230520, L_0x5e5855230650, C4<0>, C4<0>;
L_0x5e585522ff70 .functor XOR 1, L_0x5e585522fed0, v0x5e585522fbd0_0, C4<0>, C4<0>;
L_0x5e5855230060 .functor AND 1, L_0x5e5855230520, L_0x5e5855230650, C4<1>, C4<1>;
L_0x5e5855230170 .functor AND 1, L_0x5e5855230650, v0x5e585522fbd0_0, C4<1>, C4<1>;
L_0x5e58552302a0 .functor OR 1, L_0x5e5855230060, L_0x5e5855230170, C4<0>, C4<0>;
L_0x5e5855230360 .functor AND 1, L_0x5e5855230520, v0x5e585522fbd0_0, C4<1>, C4<1>;
L_0x5e5855230410 .functor OR 1, L_0x5e58552302a0, L_0x5e5855230360, C4<0>, C4<0>;
v0x5e5855204a40_0 .net *"_ivl_0", 0 0, L_0x5e585522fed0;  1 drivers
v0x5e5855202210_0 .net *"_ivl_10", 0 0, L_0x5e5855230360;  1 drivers
v0x5e58551ff9e0_0 .net *"_ivl_4", 0 0, L_0x5e5855230060;  1 drivers
v0x5e58551fd200_0 .net *"_ivl_6", 0 0, L_0x5e5855230170;  1 drivers
v0x5e585522cca0_0 .net *"_ivl_8", 0 0, L_0x5e58552302a0;  1 drivers
v0x5e585522cdd0_0 .net "a", 0 0, L_0x5e5855230520;  1 drivers
v0x5e585522ce90_0 .net "b", 0 0, L_0x5e5855230650;  1 drivers
v0x5e585522cf50_0 .net "cin", 0 0, v0x5e585522fbd0_0;  alias, 1 drivers
v0x5e585522d010_0 .net "cout", 0 0, L_0x5e5855230410;  alias, 1 drivers
v0x5e585522d0d0_0 .net "sum", 0 0, L_0x5e585522ff70;  1 drivers
S_0x5e585522d230 .scope module, "fa1" "fa" 3 21, 3 1 0, S_0x5e5855202750;
 .timescale 0 0;
    .port_info 0 /INPUT 1 "a";
    .port_info 1 /INPUT 1 "b";
    .port_info 2 /INPUT 1 "cin";
    .port_info 3 /OUTPUT 1 "sum";
    .port_info 4 /OUTPUT 1 "cout";
L_0x5e5855230780 .functor XOR 1, L_0x5e5855230d70, L_0x5e5855230ea0, C4<0>, C4<0>;
L_0x5e58552307f0 .functor XOR 1, L_0x5e5855230780, L_0x5e5855230410, C4<0>, C4<0>;
L_0x5e5855230940 .functor AND 1, L_0x5e5855230d70, L_0x5e5855230ea0, C4<1>, C4<1>;
L_0x5e5855230a00 .functor AND 1, L_0x5e5855230ea0, L_0x5e5855230410, C4<1>, C4<1>;
L_0x5e5855230aa0 .functor OR 1, L_0x5e5855230940, L_0x5e5855230a00, C4<0>, C4<0>;
L_0x5e5855230bb0 .functor AND 1, L_0x5e5855230d70, L_0x5e5855230410, C4<1>, C4<1>;
L_0x5e5855230c60 .functor OR 1, L_0x5e5855230aa0, L_0x5e5855230bb0, C4<0>, C4<0>;
v0x5e585522d3e0_0 .net *"_ivl_0", 0 0, L_0x5e5855230780;  1 drivers
v0x5e585522d4c0_0 .net *"_ivl_10", 0 0, L_0x5e5855230bb0;  1 drivers
v0x5e585522d5a0_0 .net *"_ivl_4", 0 0, L_0x5e5855230940;  1 drivers
v0x5e585522d660_0 .net *"_ivl_6", 0 0, L_0x5e5855230a00;  1 drivers
v0x5e585522d740_0 .net *"_ivl_8", 0 0, L_0x5e5855230aa0;  1 drivers
v0x5e585522d870_0 .net "a", 0 0, L_0x5e5855230d70;  1 drivers
v0x5e585522d930_0 .net "b", 0 0, L_0x5e5855230ea0;  1 drivers
v0x5e585522d9f0_0 .net "cin", 0 0, L_0x5e5855230410;  alias, 1 drivers
v0x5e585522da90_0 .net "cout", 0 0, L_0x5e5855230c60;  alias, 1 drivers
v0x5e585522db30_0 .net "sum", 0 0, L_0x5e58552307f0;  1 drivers
S_0x5e585522dc90 .scope module, "fa2" "fa" 3 25, 3 1 0, S_0x5e5855202750;
 .timescale 0 0;
    .port_info 0 /INPUT 1 "a";
    .port_info 1 /INPUT 1 "b";
    .port_info 2 /INPUT 1 "cin";
    .port_info 3 /OUTPUT 1 "sum";
    .port_info 4 /OUTPUT 1 "cout";
L_0x5e5855231000 .functor XOR 1, L_0x5e5855231550, L_0x5e5855231710, C4<0>, C4<0>;
L_0x5e5855231070 .functor XOR 1, L_0x5e5855231000, L_0x5e5855230c60, C4<0>, C4<0>;
L_0x5e5855231170 .functor AND 1, L_0x5e5855231550, L_0x5e5855231710, C4<1>, C4<1>;
L_0x5e58552311e0 .functor AND 1, L_0x5e5855231710, L_0x5e5855230c60, C4<1>, C4<1>;
L_0x5e5855231280 .functor OR 1, L_0x5e5855231170, L_0x5e58552311e0, C4<0>, C4<0>;
L_0x5e5855231390 .functor AND 1, L_0x5e5855231550, L_0x5e5855230c60, C4<1>, C4<1>;
L_0x5e5855231440 .functor OR 1, L_0x5e5855231280, L_0x5e5855231390, C4<0>, C4<0>;
v0x5e585522de50_0 .net *"_ivl_0", 0 0, L_0x5e5855231000;  1 drivers
v0x5e585522df30_0 .net *"_ivl_10", 0 0, L_0x5e5855231390;  1 drivers
v0x5e585522e010_0 .net *"_ivl_4", 0 0, L_0x5e5855231170;  1 drivers
v0x5e585522e100_0 .net *"_ivl_6", 0 0, L_0x5e58552311e0;  1 drivers
v0x5e585522e1e0_0 .net *"_ivl_8", 0 0, L_0x5e5855231280;  1 drivers
v0x5e585522e310_0 .net "a", 0 0, L_0x5e5855231550;  1 drivers
v0x5e585522e3d0_0 .net "b", 0 0, L_0x5e5855231710;  1 drivers
v0x5e585522e490_0 .net "cin", 0 0, L_0x5e5855230c60;  alias, 1 drivers
v0x5e585522e530_0 .net "cout", 0 0, L_0x5e5855231440;  alias, 1 drivers
v0x5e585522e660_0 .net "sum", 0 0, L_0x5e5855231070;  1 drivers
S_0x5e585522e7f0 .scope module, "fa3" "fa" 3 29, 3 1 0, S_0x5e5855202750;
 .timescale 0 0;
    .port_info 0 /INPUT 1 "a";
    .port_info 1 /INPUT 1 "b";
    .port_info 2 /INPUT 1 "cin";
    .port_info 3 /OUTPUT 1 "sum";
    .port_info 4 /OUTPUT 1 "cout";
L_0x5e5855231910 .functor XOR 1, L_0x5e5855231dc0, L_0x5e5855231ef0, C4<0>, C4<0>;
L_0x5e5855231980 .functor XOR 1, L_0x5e5855231910, L_0x5e5855231440, C4<0>, C4<0>;
L_0x5e5855231a80 .functor AND 1, L_0x5e5855231dc0, L_0x5e5855231ef0, C4<1>, C4<1>;
L_0x5e5855231af0 .functor AND 1, L_0x5e5855231ef0, L_0x5e5855231440, C4<1>, C4<1>;
L_0x5e5855231b90 .functor OR 1, L_0x5e5855231a80, L_0x5e5855231af0, C4<0>, C4<0>;
L_0x5e5855231c00 .functor AND 1, L_0x5e5855231dc0, L_0x5e5855231440, C4<1>, C4<1>;
L_0x5e5855231cb0 .functor OR 1, L_0x5e5855231b90, L_0x5e5855231c00, C4<0>, C4<0>;
v0x5e585522e980_0 .net *"_ivl_0", 0 0, L_0x5e5855231910;  1 drivers
v0x5e585522ea80_0 .net *"_ivl_10", 0 0, L_0x5e5855231c00;  1 drivers
v0x5e585522eb60_0 .net *"_ivl_4", 0 0, L_0x5e5855231a80;  1 drivers
v0x5e585522ec50_0 .net *"_ivl_6", 0 0, L_0x5e5855231af0;  1 drivers
v0x5e585522ed30_0 .net *"_ivl_8", 0 0, L_0x5e5855231b90;  1 drivers
v0x5e585522ee60_0 .net "a", 0 0, L_0x5e5855231dc0;  1 drivers
v0x5e585522ef20_0 .net "b", 0 0, L_0x5e5855231ef0;  1 drivers
v0x5e585522efe0_0 .net "cin", 0 0, L_0x5e5855231440;  alias, 1 drivers
v0x5e585522f080_0 .net "cout", 0 0, L_0x5e5855231cb0;  alias, 1 drivers
v0x5e585522f1b0_0 .net "sum", 0 0, L_0x5e5855231980;  1 drivers
    .scope S_0x5e58551fc9e0;
T_0 ;
    %vpi_call 2 16 "$dumpfile", "rca.vcd" {0 0 0};
    %vpi_call 2 17 "$dumpvars", 32'sb00000000000000000000000000000000, S_0x5e58551fc9e0 {0 0 0};
    %pushi/vec4 0, 0, 4;
    %store/vec4 v0x5e585522fa50_0, 0, 4;
    %pushi/vec4 0, 0, 4;
    %store/vec4 v0x5e585522fb30_0, 0, 4;
    %pushi/vec4 0, 0, 1;
    %store/vec4 v0x5e585522fbd0_0, 0, 1;
    %delay 10, 0;
    %pushi/vec4 5, 0, 4;
    %store/vec4 v0x5e585522fa50_0, 0, 4;
    %pushi/vec4 3, 0, 4;
    %store/vec4 v0x5e585522fb30_0, 0, 4;
    %pushi/vec4 0, 0, 1;
    %store/vec4 v0x5e585522fbd0_0, 0, 1;
    %delay 10, 0;
    %pushi/vec4 8, 0, 4;
    %store/vec4 v0x5e585522fa50_0, 0, 4;
    %pushi/vec4 7, 0, 4;
    %store/vec4 v0x5e585522fb30_0, 0, 4;
    %pushi/vec4 0, 0, 1;
    %store/vec4 v0x5e585522fbd0_0, 0, 1;
    %delay 10, 0;
    %pushi/vec4 15, 0, 4;
    %store/vec4 v0x5e585522fa50_0, 0, 4;
    %pushi/vec4 15, 0, 4;
    %store/vec4 v0x5e585522fb30_0, 0, 4;
    %pushi/vec4 1, 0, 1;
    %store/vec4 v0x5e585522fbd0_0, 0, 1;
    %delay 10, 0;
    %vpi_call 2 24 "$finish" {0 0 0};
    %end;
    .thread T_0;
# The file index is used to find the file name in the following table.
:file_names 4;
    "N/A";
    "<interactive>";
    "tb_rca.v";
    "rca.v";
