
===========================================================================
report_checks -path_delay max (Setup)
============================================================================
======================= Typical Corner ===================================

Startpoint: op[0] (input port clocked by __VIRTUAL_CLK__)
Endpoint: zero (output port clocked by __VIRTUAL_CLK__)
Path Group: __VIRTUAL_CLK__
Path Type: max

Fanout     Cap    Slew   Delay    Time   Description
-----------------------------------------------------------------------------
                  0.00    0.00    0.00   clock __VIRTUAL_CLK__ (rise edge)
                          0.00    0.00   clock network delay (ideal)
                          2.00    2.00 ^ input external delay
                  0.11    0.08    2.08 ^ op[0] (in)
     8    0.02                           op[0] (net)
                  0.11    0.00    2.08 ^ _130_/C_N (sky130_fd_sc_hd__or3b_2)
                  0.07    0.46    2.54 v _130_/X (sky130_fd_sc_hd__or3b_2)
     1    0.00                           _062_ (net)
                  0.07    0.00    2.54 v _131_/A (sky130_fd_sc_hd__buf_1)
                  0.13    0.19    2.73 v _131_/X (sky130_fd_sc_hd__buf_1)
     8    0.02                           _063_ (net)
                  0.13    0.00    2.73 v _132_/A2 (sky130_fd_sc_hd__a21bo_2)
                  0.04    0.26    2.99 v _132_/X (sky130_fd_sc_hd__a21bo_2)
     2    0.00                           _064_ (net)
                  0.04    0.00    2.99 v _134_/B (sky130_fd_sc_hd__and3_2)
                  0.05    0.21    3.19 v _134_/X (sky130_fd_sc_hd__and3_2)
     2    0.01                           _066_ (net)
                  0.05    0.00    3.19 v _136_/A (sky130_fd_sc_hd__or2b_2)
                  0.07    0.32    3.51 v _136_/X (sky130_fd_sc_hd__or2b_2)
     1    0.01                           _068_ (net)
                  0.07    0.00    3.51 v _138_/A (sky130_fd_sc_hd__xnor2_2)
                  0.04    0.14    3.65 v _138_/Y (sky130_fd_sc_hd__xnor2_2)
     1    0.00                           _070_ (net)
                  0.04    0.00    3.65 v _149_/A2 (sky130_fd_sc_hd__a211o_2)
                  0.12    0.44    4.10 v _149_/X (sky130_fd_sc_hd__a211o_2)
     2    0.03                           result[1] (net)
                  0.12    0.00    4.10 v _236_/B (sky130_fd_sc_hd__or3_2)
                  0.07    0.48    4.57 v _236_/X (sky130_fd_sc_hd__or3_2)
     1    0.00                           _046_ (net)
                  0.07    0.00    4.57 v _237_/C (sky130_fd_sc_hd__or3_2)
                  0.08    0.44    5.01 v _237_/X (sky130_fd_sc_hd__or3_2)
     1    0.00                           _047_ (net)
                  0.08    0.00    5.01 v _238_/D (sky130_fd_sc_hd__nor4_2)
                  0.82    0.65    5.66 ^ _238_/Y (sky130_fd_sc_hd__nor4_2)
     1    0.03                           zero (net)
                  0.82    0.00    5.66 ^ zero (out)
                                  5.66   data arrival time

                  0.00   10.00   10.00   clock __VIRTUAL_CLK__ (rise edge)
                          0.00   10.00   clock network delay (ideal)
                         -0.25    9.75   clock uncertainty
                          0.00    9.75   clock reconvergence pessimism
                         -2.00    7.75   output external delay
                                  7.75   data required time
-----------------------------------------------------------------------------
                                  7.75   data required time
                                 -5.66   data arrival time
-----------------------------------------------------------------------------
                                  2.09   slack (MET)


Startpoint: op[0] (input port clocked by __VIRTUAL_CLK__)
Endpoint: result[7] (output port clocked by __VIRTUAL_CLK__)
Path Group: __VIRTUAL_CLK__
Path Type: max

Fanout     Cap    Slew   Delay    Time   Description
-----------------------------------------------------------------------------
                  0.00    0.00    0.00   clock __VIRTUAL_CLK__ (rise edge)
                          0.00    0.00   clock network delay (ideal)
                          2.00    2.00 ^ input external delay
                  0.11    0.08    2.08 ^ op[0] (in)
     8    0.02                           op[0] (net)
                  0.11    0.00    2.08 ^ _130_/C_N (sky130_fd_sc_hd__or3b_2)
                  0.07    0.46    2.54 v _130_/X (sky130_fd_sc_hd__or3b_2)
     1    0.00                           _062_ (net)
                  0.07    0.00    2.54 v _131_/A (sky130_fd_sc_hd__buf_1)
                  0.13    0.19    2.73 v _131_/X (sky130_fd_sc_hd__buf_1)
     8    0.02                           _063_ (net)
                  0.13    0.00    2.73 v _151_/B1 (sky130_fd_sc_hd__o21a_2)
                  0.05    0.18    2.91 v _151_/X (sky130_fd_sc_hd__o21a_2)
     2    0.01                           _082_ (net)
                  0.05    0.00    2.91 v _162_/B1 (sky130_fd_sc_hd__a21o_2)
                  0.05    0.21    3.12 v _162_/X (sky130_fd_sc_hd__a21o_2)
     1    0.01                           _092_ (net)
                  0.05    0.00    3.12 v _163_/B (sky130_fd_sc_hd__xnor2_2)
                  0.06    0.15    3.27 v _163_/Y (sky130_fd_sc_hd__xnor2_2)
     3    0.01                           _093_ (net)
                  0.06    0.00    3.27 v _188_/A2 (sky130_fd_sc_hd__a21o_2)
                  0.05    0.24    3.51 v _188_/X (sky130_fd_sc_hd__a21o_2)
     2    0.01                           _002_ (net)
                  0.05    0.00    3.51 v _199_/A2 (sky130_fd_sc_hd__o211ai_2)
                  0.20    0.20    3.71 ^ _199_/Y (sky130_fd_sc_hd__o211ai_2)
     3    0.01                           _012_ (net)
                  0.20    0.00    3.71 ^ _213_/A1 (sky130_fd_sc_hd__a211oi_2)
                  0.10    0.13    3.84 v _213_/Y (sky130_fd_sc_hd__a211oi_2)
     3    0.01                           _025_ (net)
                  0.10    0.00    3.84 v _231_/A2 (sky130_fd_sc_hd__o31a_2)
                  0.06    0.36    4.20 v _231_/X (sky130_fd_sc_hd__o31a_2)
     1    0.00                           _042_ (net)
                  0.06    0.00    4.20 v _235_/A2 (sky130_fd_sc_hd__a21oi_2)
                  0.47    0.42    4.62 ^ _235_/Y (sky130_fd_sc_hd__a21oi_2)
     2    0.04                           result[7] (net)
                  0.47    0.00    4.62 ^ result[7] (out)
                                  4.62   data arrival time

                  0.00   10.00   10.00   clock __VIRTUAL_CLK__ (rise edge)
                          0.00   10.00   clock network delay (ideal)
                         -0.25    9.75   clock uncertainty
                          0.00    9.75   clock reconvergence pessimism
                         -2.00    7.75   output external delay
                                  7.75   data required time
-----------------------------------------------------------------------------
                                  7.75   data required time
                                 -4.62   data arrival time
-----------------------------------------------------------------------------
                                  3.13   slack (MET)


Startpoint: op[0] (input port clocked by __VIRTUAL_CLK__)
Endpoint: result[6] (output port clocked by __VIRTUAL_CLK__)
Path Group: __VIRTUAL_CLK__
Path Type: max

Fanout     Cap    Slew   Delay    Time   Description
-----------------------------------------------------------------------------
                  0.00    0.00    0.00   clock __VIRTUAL_CLK__ (rise edge)
                          0.00    0.00   clock network delay (ideal)
                          2.00    2.00 ^ input external delay
                  0.11    0.08    2.08 ^ op[0] (in)
     8    0.02                           op[0] (net)
                  0.11    0.00    2.08 ^ _130_/C_N (sky130_fd_sc_hd__or3b_2)
                  0.07    0.46    2.54 v _130_/X (sky130_fd_sc_hd__or3b_2)
     1    0.00                           _062_ (net)
                  0.07    0.00    2.54 v _131_/A (sky130_fd_sc_hd__buf_1)
                  0.13    0.19    2.73 v _131_/X (sky130_fd_sc_hd__buf_1)
     8    0.02                           _063_ (net)
                  0.13    0.00    2.73 v _151_/B1 (sky130_fd_sc_hd__o21a_2)
                  0.05    0.18    2.91 v _151_/X (sky130_fd_sc_hd__o21a_2)
     2    0.01                           _082_ (net)
                  0.05    0.00    2.91 v _162_/B1 (sky130_fd_sc_hd__a21o_2)
                  0.05    0.21    3.12 v _162_/X (sky130_fd_sc_hd__a21o_2)
     1    0.01                           _092_ (net)
                  0.05    0.00    3.12 v _163_/B (sky130_fd_sc_hd__xnor2_2)
                  0.17    0.17    3.29 ^ _163_/Y (sky130_fd_sc_hd__xnor2_2)
     3    0.01                           _093_ (net)
                  0.17    0.00    3.29 ^ _165_/B (sky130_fd_sc_hd__or2_2)
                  0.08    0.18    3.47 ^ _165_/X (sky130_fd_sc_hd__or2_2)
     3    0.01                           _095_ (net)
                  0.08    0.00    3.47 ^ _199_/C1 (sky130_fd_sc_hd__o211ai_2)
                  0.10    0.11    3.59 v _199_/Y (sky130_fd_sc_hd__o211ai_2)
     3    0.01                           _012_ (net)
                  0.10    0.00    3.59 v _214_/A1 (sky130_fd_sc_hd__a21o_2)
                  0.03    0.21    3.80 v _214_/X (sky130_fd_sc_hd__a21o_2)
     1    0.00                           _026_ (net)
                  0.03    0.00    3.80 v _215_/A2 (sky130_fd_sc_hd__a21o_2)
                  0.04    0.21    4.01 v _215_/X (sky130_fd_sc_hd__a21o_2)
     1    0.00                           _027_ (net)
                  0.04    0.00    4.01 v _223_/A2 (sky130_fd_sc_hd__o21ai_2)
                  0.45    0.38    4.39 ^ _223_/Y (sky130_fd_sc_hd__o21ai_2)
     2    0.04                           result[6] (net)
                  0.45    0.00    4.39 ^ result[6] (out)
                                  4.39   data arrival time

                  0.00   10.00   10.00   clock __VIRTUAL_CLK__ (rise edge)
                          0.00   10.00   clock network delay (ideal)
                         -0.25    9.75   clock uncertainty
                          0.00    9.75   clock reconvergence pessimism
                         -2.00    7.75   output external delay
                                  7.75   data required time
-----------------------------------------------------------------------------
                                  7.75   data required time
                                 -4.39   data arrival time
-----------------------------------------------------------------------------
                                  3.36   slack (MET)


Startpoint: op[0] (input port clocked by __VIRTUAL_CLK__)
Endpoint: result[5] (output port clocked by __VIRTUAL_CLK__)
Path Group: __VIRTUAL_CLK__
Path Type: max

Fanout     Cap    Slew   Delay    Time   Description
-----------------------------------------------------------------------------
                  0.00    0.00    0.00   clock __VIRTUAL_CLK__ (rise edge)
                          0.00    0.00   clock network delay (ideal)
                          2.00    2.00 ^ input external delay
                  0.11    0.08    2.08 ^ op[0] (in)
     8    0.02                           op[0] (net)
                  0.11    0.00    2.08 ^ _130_/C_N (sky130_fd_sc_hd__or3b_2)
                  0.07    0.46    2.54 v _130_/X (sky130_fd_sc_hd__or3b_2)
     1    0.00                           _062_ (net)
                  0.07    0.00    2.54 v _131_/A (sky130_fd_sc_hd__buf_1)
                  0.13    0.19    2.73 v _131_/X (sky130_fd_sc_hd__buf_1)
     8    0.02                           _063_ (net)
                  0.13    0.00    2.73 v _184_/B1 (sky130_fd_sc_hd__o41a_2)
                  0.09    0.18    2.91 v _184_/X (sky130_fd_sc_hd__o41a_2)
     2    0.01                           _113_ (net)
                  0.09    0.00    2.91 v _193_/B1 (sky130_fd_sc_hd__a21o_2)
                  0.06    0.24    3.15 v _193_/X (sky130_fd_sc_hd__a21o_2)
     3    0.01                           _006_ (net)
                  0.06    0.00    3.15 v _194_/B (sky130_fd_sc_hd__xor2_2)
                  0.06    0.16    3.32 v _194_/X (sky130_fd_sc_hd__xor2_2)
     3    0.01                           _007_ (net)
                  0.06    0.00    3.32 v _196_/B (sky130_fd_sc_hd__and2_2)
                  0.05    0.22    3.53 v _196_/X (sky130_fd_sc_hd__and2_2)
     3    0.01                           _009_ (net)
                  0.05    0.00    3.53 v _197_/B (sky130_fd_sc_hd__or2_2)
                  0.07    0.31    3.84 v _197_/X (sky130_fd_sc_hd__or2_2)
     1    0.01                           _010_ (net)
                  0.07    0.00    3.84 v _201_/A (sky130_fd_sc_hd__xnor2_2)
                  0.04    0.14    3.98 v _201_/Y (sky130_fd_sc_hd__xnor2_2)
     1    0.00                           _014_ (net)
                  0.04    0.00    3.98 v _208_/A2 (sky130_fd_sc_hd__o21a_2)
                  0.11    0.29    4.27 v _208_/X (sky130_fd_sc_hd__o21a_2)
     2    0.04                           result[5] (net)
                  0.11    0.00    4.27 v result[5] (out)
                                  4.27   data arrival time

                  0.00   10.00   10.00   clock __VIRTUAL_CLK__ (rise edge)
                          0.00   10.00   clock network delay (ideal)
                         -0.25    9.75   clock uncertainty
                          0.00    9.75   clock reconvergence pessimism
                         -2.00    7.75   output external delay
                                  7.75   data required time
-----------------------------------------------------------------------------
                                  7.75   data required time
                                 -4.27   data arrival time
-----------------------------------------------------------------------------
                                  3.48   slack (MET)


Startpoint: op[0] (input port clocked by __VIRTUAL_CLK__)
Endpoint: result[3] (output port clocked by __VIRTUAL_CLK__)
Path Group: __VIRTUAL_CLK__
Path Type: max

Fanout     Cap    Slew   Delay    Time   Description
-----------------------------------------------------------------------------
                  0.00    0.00    0.00   clock __VIRTUAL_CLK__ (rise edge)
                          0.00    0.00   clock network delay (ideal)
                          2.00    2.00 ^ input external delay
                  0.11    0.08    2.08 ^ op[0] (in)
     8    0.02                           op[0] (net)
                  0.11    0.00    2.08 ^ _130_/C_N (sky130_fd_sc_hd__or3b_2)
                  0.07    0.46    2.54 v _130_/X (sky130_fd_sc_hd__or3b_2)
     1    0.00                           _062_ (net)
                  0.07    0.00    2.54 v _131_/A (sky130_fd_sc_hd__buf_1)
                  0.13    0.19    2.73 v _131_/X (sky130_fd_sc_hd__buf_1)
     8    0.02                           _063_ (net)
                  0.13    0.00    2.73 v _132_/A2 (sky130_fd_sc_hd__a21bo_2)
                  0.04    0.26    2.99 v _132_/X (sky130_fd_sc_hd__a21bo_2)
     2    0.00                           _064_ (net)
                  0.04    0.00    2.99 v _135_/A1 (sky130_fd_sc_hd__a21o_2)
                  0.04    0.20    3.18 v _135_/X (sky130_fd_sc_hd__a21o_2)
     2    0.01                           _067_ (net)
                  0.04    0.00    3.18 v _150_/A1 (sky130_fd_sc_hd__a21oi_2)
                  0.16    0.18    3.36 ^ _150_/Y (sky130_fd_sc_hd__a21oi_2)
     3    0.01                           _081_ (net)
                  0.16    0.00    3.36 ^ _168_/A (sky130_fd_sc_hd__nor2_2)
                  0.06    0.08    3.45 v _168_/Y (sky130_fd_sc_hd__nor2_2)
     3    0.01                           _098_ (net)
                  0.06    0.00    3.45 v _169_/B (sky130_fd_sc_hd__or2_2)
                  0.07    0.31    3.76 v _169_/X (sky130_fd_sc_hd__or2_2)
     1    0.01                           _099_ (net)
                  0.07    0.00    3.76 v _170_/B (sky130_fd_sc_hd__xnor2_2)
                  0.04    0.14    3.89 v _170_/Y (sky130_fd_sc_hd__xnor2_2)
     1    0.00                           _100_ (net)
                  0.04    0.00    3.89 v _177_/A2 (sky130_fd_sc_hd__o22a_2)
                  0.12    0.31    4.21 v _177_/X (sky130_fd_sc_hd__o22a_2)
     2    0.03                           result[3] (net)
                  0.12    0.00    4.21 v result[3] (out)
                                  4.21   data arrival time

                  0.00   10.00   10.00   clock __VIRTUAL_CLK__ (rise edge)
                          0.00   10.00   clock network delay (ideal)
                         -0.25    9.75   clock uncertainty
                          0.00    9.75   clock reconvergence pessimism
                         -2.00    7.75   output external delay
                                  7.75   data required time
-----------------------------------------------------------------------------
                                  7.75   data required time
                                 -4.21   data arrival time
-----------------------------------------------------------------------------
                                  3.54   slack (MET)


Startpoint: op[0] (input port clocked by __VIRTUAL_CLK__)
Endpoint: result[1] (output port clocked by __VIRTUAL_CLK__)
Path Group: __VIRTUAL_CLK__
Path Type: max

Fanout     Cap    Slew   Delay    Time   Description
-----------------------------------------------------------------------------
                  0.00    0.00    0.00   clock __VIRTUAL_CLK__ (rise edge)
                          0.00    0.00   clock network delay (ideal)
                          2.00    2.00 ^ input external delay
                  0.11    0.08    2.08 ^ op[0] (in)
     8    0.02                           op[0] (net)
                  0.11    0.00    2.08 ^ _130_/C_N (sky130_fd_sc_hd__or3b_2)
                  0.07    0.46    2.54 v _130_/X (sky130_fd_sc_hd__or3b_2)
     1    0.00                           _062_ (net)
                  0.07    0.00    2.54 v _131_/A (sky130_fd_sc_hd__buf_1)
                  0.13    0.19    2.73 v _131_/X (sky130_fd_sc_hd__buf_1)
     8    0.02                           _063_ (net)
                  0.13    0.00    2.73 v _132_/A2 (sky130_fd_sc_hd__a21bo_2)
                  0.04    0.26    2.99 v _132_/X (sky130_fd_sc_hd__a21bo_2)
     2    0.00                           _064_ (net)
                  0.04    0.00    2.99 v _134_/B (sky130_fd_sc_hd__and3_2)
                  0.05    0.21    3.19 v _134_/X (sky130_fd_sc_hd__and3_2)
     2    0.01                           _066_ (net)
                  0.05    0.00    3.19 v _136_/A (sky130_fd_sc_hd__or2b_2)
                  0.07    0.32    3.51 v _136_/X (sky130_fd_sc_hd__or2b_2)
     1    0.01                           _068_ (net)
                  0.07    0.00    3.51 v _138_/A (sky130_fd_sc_hd__xnor2_2)
                  0.04    0.14    3.65 v _138_/Y (sky130_fd_sc_hd__xnor2_2)
     1    0.00                           _070_ (net)
                  0.04    0.00    3.65 v _149_/A2 (sky130_fd_sc_hd__a211o_2)
                  0.12    0.44    4.10 v _149_/X (sky130_fd_sc_hd__a211o_2)
     2    0.03                           result[1] (net)
                  0.12    0.00    4.10 v result[1] (out)
                                  4.10   data arrival time

                  0.00   10.00   10.00   clock __VIRTUAL_CLK__ (rise edge)
                          0.00   10.00   clock network delay (ideal)
                         -0.25    9.75   clock uncertainty
                          0.00    9.75   clock reconvergence pessimism
                         -2.00    7.75   output external delay
                                  7.75   data required time
-----------------------------------------------------------------------------
                                  7.75   data required time
                                 -4.10   data arrival time
-----------------------------------------------------------------------------
                                  3.65   slack (MET)


Startpoint: op[0] (input port clocked by __VIRTUAL_CLK__)
Endpoint: result[4] (output port clocked by __VIRTUAL_CLK__)
Path Group: __VIRTUAL_CLK__
Path Type: max

Fanout     Cap    Slew   Delay    Time   Description
-----------------------------------------------------------------------------
                  0.00    0.00    0.00   clock __VIRTUAL_CLK__ (rise edge)
                          0.00    0.00   clock network delay (ideal)
                          2.00    2.00 ^ input external delay
                  0.11    0.08    2.08 ^ op[0] (in)
     8    0.02                           op[0] (net)
                  0.11    0.00    2.08 ^ _130_/C_N (sky130_fd_sc_hd__or3b_2)
                  0.07    0.46    2.54 v _130_/X (sky130_fd_sc_hd__or3b_2)
     1    0.00                           _062_ (net)
                  0.07    0.00    2.54 v _131_/A (sky130_fd_sc_hd__buf_1)
                  0.13    0.19    2.73 v _131_/X (sky130_fd_sc_hd__buf_1)
     8    0.02                           _063_ (net)
                  0.13    0.00    2.73 v _151_/B1 (sky130_fd_sc_hd__o21a_2)
                  0.05    0.18    2.91 v _151_/X (sky130_fd_sc_hd__o21a_2)
     2    0.01                           _082_ (net)
                  0.05    0.00    2.91 v _162_/B1 (sky130_fd_sc_hd__a21o_2)
                  0.05    0.21    3.12 v _162_/X (sky130_fd_sc_hd__a21o_2)
     1    0.01                           _092_ (net)
                  0.05    0.00    3.12 v _163_/B (sky130_fd_sc_hd__xnor2_2)
                  0.06    0.15    3.27 v _163_/Y (sky130_fd_sc_hd__xnor2_2)
     3    0.01                           _093_ (net)
                  0.06    0.00    3.27 v _165_/B (sky130_fd_sc_hd__or2_2)
                  0.08    0.33    3.60 v _165_/X (sky130_fd_sc_hd__or2_2)
     3    0.01                           _095_ (net)
                  0.08    0.00    3.60 v _189_/B1 (sky130_fd_sc_hd__o21ai_2)
                  0.14    0.09    3.69 ^ _189_/Y (sky130_fd_sc_hd__o21ai_2)
     1    0.01                           _003_ (net)
                  0.14    0.00    3.69 ^ _190_/B (sky130_fd_sc_hd__xnor2_2)
                  0.10    0.12    3.81 ^ _190_/Y (sky130_fd_sc_hd__xnor2_2)
     1    0.00                           _004_ (net)
                  0.10    0.00    3.81 ^ _191_/B1 (sky130_fd_sc_hd__o32a_2)
                  0.19    0.28    4.10 ^ _191_/X (sky130_fd_sc_hd__o32a_2)
     2    0.04                           result[4] (net)
                  0.19    0.00    4.10 ^ result[4] (out)
                                  4.10   data arrival time

                  0.00   10.00   10.00   clock __VIRTUAL_CLK__ (rise edge)
                          0.00   10.00   clock network delay (ideal)
                         -0.25    9.75   clock uncertainty
                          0.00    9.75   clock reconvergence pessimism
                         -2.00    7.75   output external delay
                                  7.75   data required time
-----------------------------------------------------------------------------
                                  7.75   data required time
                                 -4.10   data arrival time
-----------------------------------------------------------------------------
                                  3.65   slack (MET)


Startpoint: op[0] (input port clocked by __VIRTUAL_CLK__)
Endpoint: result[2] (output port clocked by __VIRTUAL_CLK__)
Path Group: __VIRTUAL_CLK__
Path Type: max

Fanout     Cap    Slew   Delay    Time   Description
-----------------------------------------------------------------------------
                  0.00    0.00    0.00   clock __VIRTUAL_CLK__ (rise edge)
                          0.00    0.00   clock network delay (ideal)
                          2.00    2.00 ^ input external delay
                  0.11    0.08    2.08 ^ op[0] (in)
     8    0.02                           op[0] (net)
                  0.11    0.00    2.08 ^ _130_/C_N (sky130_fd_sc_hd__or3b_2)
                  0.07    0.46    2.54 v _130_/X (sky130_fd_sc_hd__or3b_2)
     1    0.00                           _062_ (net)
                  0.07    0.00    2.54 v _131_/A (sky130_fd_sc_hd__buf_1)
                  0.13    0.19    2.73 v _131_/X (sky130_fd_sc_hd__buf_1)
     8    0.02                           _063_ (net)
                  0.13    0.00    2.73 v _151_/B1 (sky130_fd_sc_hd__o21a_2)
                  0.05    0.18    2.91 v _151_/X (sky130_fd_sc_hd__o21a_2)
     2    0.01                           _082_ (net)
                  0.05    0.00    2.91 v _152_/B (sky130_fd_sc_hd__xnor2_2)
                  0.07    0.15    3.06 v _152_/Y (sky130_fd_sc_hd__xnor2_2)
     2    0.01                           _083_ (net)
                  0.07    0.00    3.06 v _153_/B (sky130_fd_sc_hd__xnor2_2)
                  0.07    0.16    3.22 v _153_/Y (sky130_fd_sc_hd__xnor2_2)
     3    0.01                           _084_ (net)
                  0.07    0.00    3.22 v _155_/B (sky130_fd_sc_hd__or2_2)
                  0.05    0.29    3.51 v _155_/X (sky130_fd_sc_hd__or2_2)
     1    0.00                           _086_ (net)
                  0.05    0.00    3.51 v _161_/A3 (sky130_fd_sc_hd__a31o_2)
                  0.11    0.34    3.85 v _161_/X (sky130_fd_sc_hd__a31o_2)
     2    0.03                           result[2] (net)
                  0.11    0.00    3.85 v result[2] (out)
                                  3.85   data arrival time

                  0.00   10.00   10.00   clock __VIRTUAL_CLK__ (rise edge)
                          0.00   10.00   clock network delay (ideal)
                         -0.25    9.75   clock uncertainty
                          0.00    9.75   clock reconvergence pessimism
                         -2.00    7.75   output external delay
                                  7.75   data required time
-----------------------------------------------------------------------------
                                  7.75   data required time
                                 -3.85   data arrival time
-----------------------------------------------------------------------------
                                  3.90   slack (MET)


Startpoint: op[2] (input port clocked by __VIRTUAL_CLK__)
Endpoint: result[0] (output port clocked by __VIRTUAL_CLK__)
Path Group: __VIRTUAL_CLK__
Path Type: max

Fanout     Cap    Slew   Delay    Time   Description
-----------------------------------------------------------------------------
                  0.00    0.00    0.00   clock __VIRTUAL_CLK__ (rise edge)
                          0.00    0.00   clock network delay (ideal)
                          2.00    2.00 ^ input external delay
                  0.12    0.08    2.08 ^ op[2] (in)
    10    0.02                           op[2] (net)
                  0.12    0.00    2.08 ^ _122_/A_N (sky130_fd_sc_hd__and3b_2)
                  0.04    0.22    2.30 v _122_/X (sky130_fd_sc_hd__and3b_2)
     1    0.00                           _055_ (net)
                  0.04    0.00    2.30 v _123_/A (sky130_fd_sc_hd__buf_1)
                  0.12    0.16    2.47 v _123_/X (sky130_fd_sc_hd__buf_1)
     8    0.02                           _056_ (net)
                  0.12    0.00    2.47 v _124_/B1 (sky130_fd_sc_hd__o21a_2)
                  0.03    0.14    2.61 v _124_/X (sky130_fd_sc_hd__o21a_2)
     1    0.00                           _057_ (net)
                  0.03    0.00    2.61 v _127_/C (sky130_fd_sc_hd__or4_2)
                  0.09    0.62    3.23 v _127_/X (sky130_fd_sc_hd__or4_2)
     1    0.00                           _060_ (net)
                  0.09    0.00    3.23 v _128_/A (sky130_fd_sc_hd__buf_1)
                  0.20    0.26    3.49 v _128_/X (sky130_fd_sc_hd__buf_1)
     2    0.03                           result[0] (net)
                  0.20    0.00    3.49 v result[0] (out)
                                  3.49   data arrival time

                  0.00   10.00   10.00   clock __VIRTUAL_CLK__ (rise edge)
                          0.00   10.00   clock network delay (ideal)
                         -0.25    9.75   clock uncertainty
                          0.00    9.75   clock reconvergence pessimism
                         -2.00    7.75   output external delay
                                  7.75   data required time
-----------------------------------------------------------------------------
                                  7.75   data required time
                                 -3.49   data arrival time
-----------------------------------------------------------------------------
                                  4.26   slack (MET)



