
===========================================================================
report_checks -path_delay min (Hold)
============================================================================
======================= Typical Corner ===================================

Startpoint: a[5] (input port clocked by __VIRTUAL_CLK__)
Endpoint: result[6] (output port clocked by __VIRTUAL_CLK__)
Path Group: __VIRTUAL_CLK__
Path Type: min

Fanout     Cap    Slew   Delay    Time   Description
-----------------------------------------------------------------------------
                  0.00    0.00    0.00   clock __VIRTUAL_CLK__ (rise edge)
                          0.00    0.00   clock network delay (ideal)
                          2.00    2.00 ^ input external delay
                  0.10    0.06    2.06 ^ a[5] (in)
     6    0.02                           a[5] (net)
                  0.10    0.00    2.06 ^ _222_/A1 (sky130_fd_sc_hd__a2111oi_2)
                  0.03    0.07    2.13 v _222_/Y (sky130_fd_sc_hd__a2111oi_2)
     1    0.00                           _034_ (net)
                  0.03    0.00    2.13 v _223_/B1 (sky130_fd_sc_hd__o21ai_2)
                  0.23    0.16    2.30 ^ _223_/Y (sky130_fd_sc_hd__o21ai_2)
     2    0.04                           result[6] (net)
                  0.23    0.00    2.30 ^ result[6] (out)
                                  2.30   data arrival time

                  0.00    0.00    0.00   clock __VIRTUAL_CLK__ (rise edge)
                          0.00    0.00   clock network delay (ideal)
                          0.25    0.25   clock uncertainty
                          0.00    0.25   clock reconvergence pessimism
                         -2.00   -1.75   output external delay
                                 -1.75   data required time
-----------------------------------------------------------------------------
                                 -1.75   data required time
                                 -2.30   data arrival time
-----------------------------------------------------------------------------
                                  4.05   slack (MET)


Startpoint: a[1] (input port clocked by __VIRTUAL_CLK__)
Endpoint: result[1] (output port clocked by __VIRTUAL_CLK__)
Path Group: __VIRTUAL_CLK__
Path Type: min

Fanout     Cap    Slew   Delay    Time   Description
-----------------------------------------------------------------------------
                  0.00    0.00    0.00   clock __VIRTUAL_CLK__ (rise edge)
                          0.00    0.00   clock network delay (ideal)
                          2.00    2.00 v input external delay
                  0.04    0.02    2.02 v a[1] (in)
     7    0.01                           a[1] (net)
                  0.04    0.00    2.02 v _140_/A (sky130_fd_sc_hd__nand2_2)
                  0.05    0.06    2.08 ^ _140_/Y (sky130_fd_sc_hd__nand2_2)
     2    0.01                           _072_ (net)
                  0.05    0.00    2.08 ^ _144_/A2 (sky130_fd_sc_hd__a31o_2)
                  0.03    0.13    2.21 ^ _144_/X (sky130_fd_sc_hd__a31o_2)
     1    0.00                           _076_ (net)
                  0.03    0.00    2.21 ^ _149_/B1 (sky130_fd_sc_hd__a211o_2)
                  0.17    0.18    2.39 ^ _149_/X (sky130_fd_sc_hd__a211o_2)
     2    0.04                           result[1] (net)
                  0.17    0.00    2.39 ^ result[1] (out)
                                  2.39   data arrival time

                  0.00    0.00    0.00   clock __VIRTUAL_CLK__ (rise edge)
                          0.00    0.00   clock network delay (ideal)
                          0.25    0.25   clock uncertainty
                          0.00    0.25   clock reconvergence pessimism
                         -2.00   -1.75   output external delay
                                 -1.75   data required time
-----------------------------------------------------------------------------
                                 -1.75   data required time
                                 -2.39   data arrival time
-----------------------------------------------------------------------------
                                  4.14   slack (MET)


Startpoint: op[1] (input port clocked by __VIRTUAL_CLK__)
Endpoint: result[2] (output port clocked by __VIRTUAL_CLK__)
Path Group: __VIRTUAL_CLK__
Path Type: min

Fanout     Cap    Slew   Delay    Time   Description
-----------------------------------------------------------------------------
                  0.00    0.00    0.00   clock __VIRTUAL_CLK__ (rise edge)
                          0.00    0.00   clock network delay (ideal)
                          2.00    2.00 ^ input external delay
                  0.10    0.07    2.07 ^ op[1] (in)
    10    0.02                           op[1] (net)
                  0.10    0.00    2.07 ^ _129_/B (sky130_fd_sc_hd__nor2_2)
                  0.05    0.06    2.13 v _129_/Y (sky130_fd_sc_hd__nor2_2)
     6    0.01                           _061_ (net)
                  0.05    0.00    2.13 v _161_/A1 (sky130_fd_sc_hd__a31o_2)
                  0.11    0.26    2.39 v _161_/X (sky130_fd_sc_hd__a31o_2)
     2    0.03                           result[2] (net)
                  0.11    0.00    2.39 v result[2] (out)
                                  2.39   data arrival time

                  0.00    0.00    0.00   clock __VIRTUAL_CLK__ (rise edge)
                          0.00    0.00   clock network delay (ideal)
                          0.25    0.25   clock uncertainty
                          0.00    0.25   clock reconvergence pessimism
                         -2.00   -1.75   output external delay
                                 -1.75   data required time
-----------------------------------------------------------------------------
                                 -1.75   data required time
                                 -2.39   data arrival time
-----------------------------------------------------------------------------
                                  4.14   slack (MET)


Startpoint: b[7] (input port clocked by __VIRTUAL_CLK__)
Endpoint: result[7] (output port clocked by __VIRTUAL_CLK__)
Path Group: __VIRTUAL_CLK__
Path Type: min

Fanout     Cap    Slew   Delay    Time   Description
-----------------------------------------------------------------------------
                  0.00    0.00    0.00   clock __VIRTUAL_CLK__ (rise edge)
                          0.00    0.00   clock network delay (ideal)
                          2.00    2.00 ^ input external delay
                  0.04    0.02    2.02 ^ b[7] (in)
     2    0.01                           b[7] (net)
                  0.04    0.00    2.02 ^ _226_/B (sky130_fd_sc_hd__nand2_2)
                  0.04    0.05    2.07 v _226_/Y (sky130_fd_sc_hd__nand2_2)
     2    0.01                           _037_ (net)
                  0.04    0.00    2.07 v _227_/B (sky130_fd_sc_hd__nand2_2)
                  0.07    0.08    2.15 ^ _227_/Y (sky130_fd_sc_hd__nand2_2)
     2    0.01                           _038_ (net)
                  0.07    0.00    2.15 ^ _234_/A2 (sky130_fd_sc_hd__o211a_2)
                  0.05    0.16    2.31 ^ _234_/X (sky130_fd_sc_hd__o211a_2)
     1    0.00                           _045_ (net)
                  0.05    0.00    2.31 ^ _235_/B1 (sky130_fd_sc_hd__a21oi_2)
                  0.09    0.08    2.40 v _235_/Y (sky130_fd_sc_hd__a21oi_2)
     2    0.04                           result[7] (net)
                  0.09    0.00    2.40 v result[7] (out)
                                  2.40   data arrival time

                  0.00    0.00    0.00   clock __VIRTUAL_CLK__ (rise edge)
                          0.00    0.00   clock network delay (ideal)
                          0.25    0.25   clock uncertainty
                          0.00    0.25   clock reconvergence pessimism
                         -2.00   -1.75   output external delay
                                 -1.75   data required time
-----------------------------------------------------------------------------
                                 -1.75   data required time
                                 -2.40   data arrival time
-----------------------------------------------------------------------------
                                  4.15   slack (MET)


Startpoint: a[4] (input port clocked by __VIRTUAL_CLK__)
Endpoint: result[5] (output port clocked by __VIRTUAL_CLK__)
Path Group: __VIRTUAL_CLK__
Path Type: min

Fanout     Cap    Slew   Delay    Time   Description
-----------------------------------------------------------------------------
                  0.00    0.00    0.00   clock __VIRTUAL_CLK__ (rise edge)
                          0.00    0.00   clock network delay (ideal)
                          2.00    2.00 ^ input external delay
                  0.11    0.07    2.07 ^ a[4] (in)
     7    0.02                           a[4] (net)
                  0.11    0.00    2.07 ^ _207_/A1 (sky130_fd_sc_hd__a211o_2)
                  0.03    0.13    2.20 ^ _207_/X (sky130_fd_sc_hd__a211o_2)
     1    0.00                           _020_ (net)
                  0.03    0.00    2.20 ^ _208_/B1 (sky130_fd_sc_hd__o21a_2)
                  0.20    0.23    2.42 ^ _208_/X (sky130_fd_sc_hd__o21a_2)
     2    0.04                           result[5] (net)
                  0.20    0.00    2.42 ^ result[5] (out)
                                  2.42   data arrival time

                  0.00    0.00    0.00   clock __VIRTUAL_CLK__ (rise edge)
                          0.00    0.00   clock network delay (ideal)
                          0.25    0.25   clock uncertainty
                          0.00    0.25   clock reconvergence pessimism
                         -2.00   -1.75   output external delay
                                 -1.75   data required time
-----------------------------------------------------------------------------
                                 -1.75   data required time
                                 -2.42   data arrival time
-----------------------------------------------------------------------------
                                  4.17   slack (MET)


Startpoint: a[5] (input port clocked by __VIRTUAL_CLK__)
Endpoint: result[4] (output port clocked by __VIRTUAL_CLK__)
Path Group: __VIRTUAL_CLK__
Path Type: min

Fanout     Cap    Slew   Delay    Time   Description
-----------------------------------------------------------------------------
                  0.00    0.00    0.00   clock __VIRTUAL_CLK__ (rise edge)
                          0.00    0.00   clock network delay (ideal)
                          2.00    2.00 ^ input external delay
                  0.10    0.06    2.06 ^ a[5] (in)
     6    0.02                           a[5] (net)
                  0.10    0.00    2.06 ^ _182_/A1 (sky130_fd_sc_hd__a221o_2)
                  0.03    0.14    2.20 ^ _182_/X (sky130_fd_sc_hd__a221o_2)
     1    0.00                           _111_ (net)
                  0.03    0.00    2.20 ^ _191_/A3 (sky130_fd_sc_hd__o32a_2)
                  0.19    0.23    2.43 ^ _191_/X (sky130_fd_sc_hd__o32a_2)
     2    0.04                           result[4] (net)
                  0.19    0.00    2.43 ^ result[4] (out)
                                  2.43   data arrival time

                  0.00    0.00    0.00   clock __VIRTUAL_CLK__ (rise edge)
                          0.00    0.00   clock network delay (ideal)
                          0.25    0.25   clock uncertainty
                          0.00    0.25   clock reconvergence pessimism
                         -2.00   -1.75   output external delay
                                 -1.75   data required time
-----------------------------------------------------------------------------
                                 -1.75   data required time
                                 -2.43   data arrival time
-----------------------------------------------------------------------------
                                  4.18   slack (MET)


Startpoint: a[3] (input port clocked by __VIRTUAL_CLK__)
Endpoint: result[3] (output port clocked by __VIRTUAL_CLK__)
Path Group: __VIRTUAL_CLK__
Path Type: min

Fanout     Cap    Slew   Delay    Time   Description
-----------------------------------------------------------------------------
                  0.00    0.00    0.00   clock __VIRTUAL_CLK__ (rise edge)
                          0.00    0.00   clock network delay (ideal)
                          2.00    2.00 v input external delay
                  0.05    0.03    2.03 v a[3] (in)
     9    0.02                           a[3] (net)
                  0.05    0.00    2.03 v _171_/A (sky130_fd_sc_hd__nand2_2)
                  0.03    0.05    2.08 ^ _171_/Y (sky130_fd_sc_hd__nand2_2)
     1    0.00                           _101_ (net)
                  0.03    0.00    2.08 ^ _173_/A2 (sky130_fd_sc_hd__a31o_2)
                  0.03    0.12    2.20 ^ _173_/X (sky130_fd_sc_hd__a31o_2)
     1    0.00                           _103_ (net)
                  0.03    0.00    2.20 ^ _177_/B1 (sky130_fd_sc_hd__o22a_2)
                  0.18    0.23    2.43 ^ _177_/X (sky130_fd_sc_hd__o22a_2)
     2    0.04                           result[3] (net)
                  0.18    0.00    2.43 ^ result[3] (out)
                                  2.43   data arrival time

                  0.00    0.00    0.00   clock __VIRTUAL_CLK__ (rise edge)
                          0.00    0.00   clock network delay (ideal)
                          0.25    0.25   clock uncertainty
                          0.00    0.25   clock reconvergence pessimism
                         -2.00   -1.75   output external delay
                                 -1.75   data required time
-----------------------------------------------------------------------------
                                 -1.75   data required time
                                 -2.43   data arrival time
-----------------------------------------------------------------------------
                                  4.18   slack (MET)


Startpoint: a[5] (input port clocked by __VIRTUAL_CLK__)
Endpoint: zero (output port clocked by __VIRTUAL_CLK__)
Path Group: __VIRTUAL_CLK__
Path Type: min

Fanout     Cap    Slew   Delay    Time   Description
-----------------------------------------------------------------------------
                  0.00    0.00    0.00   clock __VIRTUAL_CLK__ (rise edge)
                          0.00    0.00   clock network delay (ideal)
                          2.00    2.00 ^ input external delay
                  0.10    0.06    2.06 ^ a[5] (in)
     6    0.02                           a[5] (net)
                  0.10    0.00    2.06 ^ _222_/A1 (sky130_fd_sc_hd__a2111oi_2)
                  0.03    0.07    2.13 v _222_/Y (sky130_fd_sc_hd__a2111oi_2)
     1    0.00                           _034_ (net)
                  0.03    0.00    2.13 v _223_/B1 (sky130_fd_sc_hd__o21ai_2)
                  0.23    0.16    2.30 ^ _223_/Y (sky130_fd_sc_hd__o21ai_2)
     2    0.04                           result[6] (net)
                  0.23    0.00    2.30 ^ _238_/B (sky130_fd_sc_hd__nor4_2)
                  0.08    0.15    2.45 v _238_/Y (sky130_fd_sc_hd__nor4_2)
     1    0.03                           zero (net)
                  0.08    0.00    2.45 v zero (out)
                                  2.45   data arrival time

                  0.00    0.00    0.00   clock __VIRTUAL_CLK__ (rise edge)
                          0.00    0.00   clock network delay (ideal)
                          0.25    0.25   clock uncertainty
                          0.00    0.25   clock reconvergence pessimism
                         -2.00   -1.75   output external delay
                                 -1.75   data required time
-----------------------------------------------------------------------------
                                 -1.75   data required time
                                 -2.45   data arrival time
-----------------------------------------------------------------------------
                                  4.20   slack (MET)


Startpoint: a[0] (input port clocked by __VIRTUAL_CLK__)
Endpoint: result[0] (output port clocked by __VIRTUAL_CLK__)
Path Group: __VIRTUAL_CLK__
Path Type: min

Fanout     Cap    Slew   Delay    Time   Description
-----------------------------------------------------------------------------
                  0.00    0.00    0.00   clock __VIRTUAL_CLK__ (rise edge)
                          0.00    0.00   clock network delay (ideal)
                          2.00    2.00 v input external delay
                  0.04    0.03    2.03 v a[0] (in)
     7    0.02                           a[0] (net)
                  0.04    0.00    2.03 v _126_/A (sky130_fd_sc_hd__nor2_2)
                  0.05    0.08    2.10 ^ _126_/Y (sky130_fd_sc_hd__nor2_2)
     1    0.00                           _059_ (net)
                  0.05    0.00    2.10 ^ _127_/D (sky130_fd_sc_hd__or4_2)
                  0.03    0.09    2.20 ^ _127_/X (sky130_fd_sc_hd__or4_2)
     1    0.00                           _060_ (net)
                  0.03    0.00    2.20 ^ _128_/A (sky130_fd_sc_hd__buf_1)
                  0.41    0.31    2.51 ^ _128_/X (sky130_fd_sc_hd__buf_1)
     2    0.04                           result[0] (net)
                  0.41    0.00    2.51 ^ result[0] (out)
                                  2.51   data arrival time

                  0.00    0.00    0.00   clock __VIRTUAL_CLK__ (rise edge)
                          0.00    0.00   clock network delay (ideal)
                          0.25    0.25   clock uncertainty
                          0.00    0.25   clock reconvergence pessimism
                         -2.00   -1.75   output external delay
                                 -1.75   data required time
-----------------------------------------------------------------------------
                                 -1.75   data required time
                                 -2.51   data arrival time
-----------------------------------------------------------------------------
                                  4.26   slack (MET)



