Instance name,  X location,  Y location,  Voltage 
hold4, 29.65, 35.36, 1.79997
_40_, 29.65, 29.92, 1.79997
hold9, 29.65, 29.92, 1.79997
_41_, 29.65, 24.48, 1.79995
output6, 29.65, 24.48, 1.79995
FILLER_0_4_49, 29.65, 24.48, 1.79995
_35_, 29.65, 19.04, 1.79995
_38_, 29.65, 19.04, 1.79995
_36_, 29.65, 13.6, 1.79994
output4, 29.65, 13.6, 1.79994
hold7, 29.65, 13.6, 1.79994
_26_, 22.755, 35.36, 1.79997
_28_, 22.755, 35.36, 1.79997
output3, 22.755, 35.36, 1.79997
_27_, 22.755, 29.92, 1.79996
_48_, 22.755, 29.92, 1.79996
hold8, 22.755, 24.48, 1.79995
FILLER_0_5_44, 22.755, 24.48, 1.79995
_39_, 22.755, 19.04, 1.79994
_46_, 22.755, 19.04, 1.79994
hold6, 22.755, 19.04, 1.79994
_23_, 22.755, 13.6, 1.79994
input1, 22.755, 13.6, 1.79994
_29_, 15.86, 35.36, 1.79997
_31_, 15.86, 35.36, 1.79997
_43_, 15.86, 35.36, 1.79997
FILLER_0_9_19, 15.86, 35.36, 1.79997
hold3, 15.86, 29.92, 1.79996
_42_, 15.86, 24.48, 1.79994
_49_, 15.86, 24.48, 1.79994
clkbuf_1_1__f_clk, 15.86, 24.48, 1.79994
hold1, 15.86, 24.48, 1.79994
hold5, 15.86, 24.48, 1.79994
_25_, 15.86, 19.04, 1.79993
clkbuf_0_clk, 15.86, 19.04, 1.79993
_24_, 15.86, 13.6, 1.79992
_34_, 15.86, 13.6, 1.79992
_37_, 15.86, 13.6, 1.79992
_47_, 15.86, 13.6, 1.79992
output5, 15.86, 13.6, 1.79992
output7, 15.86, 13.6, 1.79992
output8, 8.965, 35.36, 1.79996
output9, 8.965, 35.36, 1.79996
_30_, 8.965, 29.92, 1.79995
_50_, 8.965, 29.92, 1.79995
_51_, 8.965, 29.92, 1.79995
_22_, 8.965, 19.04, 1.79993
_44_, 8.965, 19.04, 1.79993
_45_, 8.965, 19.04, 1.79993
_33_, 8.965, 13.6, 1.79992
clkbuf_1_0__f_clk, 8.965, 13.6, 1.79992
PHY_16, 5.52, 35.36, 1.79996
PHY_18, 5.52, 35.36, 1.79996
FILLER_0_9_3, 5.52, 35.36, 1.79996
PHY_17, 33.12, 35.36, 1.79997
PHY_19, 33.12, 35.36, 1.79997
_32_, 5.52, 29.92, 1.79995
PHY_12, 5.52, 29.92, 1.79995
PHY_14, 5.52, 29.92, 1.79995
hold2, 5.52, 29.92, 1.79995
PHY_13, 33.12, 29.92, 1.79997
PHY_15, 33.12, 29.92, 1.79997
PHY_8, 5.52, 24.48, 1.79995
PHY_10, 5.52, 24.48, 1.79995
PHY_9, 33.12, 24.48, 1.79995
PHY_11, 33.12, 24.48, 1.79995
PHY_4, 5.52, 19.04, 1.79993
PHY_6, 5.52, 19.04, 1.79993
FILLER_0_3_3, 5.52, 19.04, 1.79993
PHY_5, 33.12, 19.04, 1.79995
PHY_7, 33.12, 19.04, 1.79995
PHY_0, 5.52, 13.6, 1.79992
PHY_2, 5.52, 13.6, 1.79992
output2, 5.52, 13.6, 1.79992
FILLER_0_0_3, 5.52, 13.6, 1.79992
PHY_1, 33.12, 13.6, 1.79994
PHY_3, 33.12, 13.6, 1.79994

