Instance name,  X location,  Y location,  Voltage 
PHY_19, 32.95, 38.08, 2.5583e-05
_40_, 32.95, 32.64, 3.21942e-05
PHY_15, 32.95, 32.64, 3.21942e-05
PHY_17, 32.95, 32.64, 3.21942e-05
PHY_11, 32.95, 27.2, 2.96048e-05
PHY_13, 32.95, 27.2, 2.96048e-05
_38_, 32.95, 21.76, 4.64469e-05
PHY_7, 32.95, 21.76, 4.64469e-05
PHY_9, 32.95, 21.76, 4.64469e-05
PHY_3, 32.95, 16.32, 3.34779e-05
PHY_5, 32.95, 16.32, 3.34779e-05
PHY_1, 32.95, 10.88, 4.14053e-05
_28_, 26.055, 38.08, 2.62066e-05
hold4, 26.055, 32.64, 3.73721e-05
hold9, 26.055, 27.2, 3.38139e-05
FILLER_0_5_44, 26.055, 27.2, 3.38139e-05
_39_, 26.055, 21.76, 6.14871e-05
_41_, 26.055, 21.76, 6.14871e-05
output6, 26.055, 21.76, 6.14871e-05
hold6, 26.055, 21.76, 6.14871e-05
FILLER_0_4_49, 26.055, 21.76, 6.14871e-05
_35_, 26.055, 16.32, 3.85519e-05
_36_, 26.055, 10.88, 5.13344e-05
input1, 26.055, 10.88, 5.13344e-05
output4, 26.055, 10.88, 5.13344e-05
hold7, 26.055, 10.88, 5.13344e-05
_29_, 19.16, 38.08, 2.67601e-05
_26_, 19.16, 32.64, 4.4238e-05
output3, 19.16, 32.64, 4.4238e-05
hold3, 19.16, 32.64, 4.4238e-05
_27_, 19.16, 27.2, 4.2722e-05
_42_, 19.16, 27.2, 4.2722e-05
_48_, 19.16, 27.2, 4.2722e-05
_49_, 19.16, 27.2, 4.2722e-05
_25_, 19.16, 21.76, 8.13288e-05
clkbuf_0_clk, 19.16, 21.76, 8.13288e-05
hold8, 19.16, 21.76, 8.13288e-05
_24_, 19.16, 16.32, 5.00593e-05
_34_, 19.16, 16.32, 5.00593e-05
_37_, 19.16, 16.32, 5.00593e-05
_46_, 19.16, 16.32, 5.00593e-05
_47_, 19.16, 16.32, 5.00593e-05
_23_, 19.16, 10.88, 5.94782e-05
output7, 19.16, 10.88, 5.94782e-05
output9, 12.265, 38.08, 2.76807e-05
_30_, 12.265, 32.64, 5.27764e-05
_31_, 12.265, 32.64, 5.27764e-05
_43_, 12.265, 32.64, 5.27764e-05
_50_, 12.265, 32.64, 5.27764e-05
FILLER_0_9_19, 12.265, 32.64, 5.27764e-05
_45_, 12.265, 21.76, 8.93347e-05
clkbuf_1_1__f_clk, 12.265, 21.76, 8.93347e-05
hold1, 12.265, 21.76, 8.93347e-05
hold5, 12.265, 21.76, 8.93347e-05
_33_, 12.265, 16.32, 4.7828e-05
output5, 12.265, 10.88, 8.12422e-05
clkbuf_1_0__f_clk, 12.265, 10.88, 8.12422e-05
PHY_18, 5.52, 38.08, 2.76807e-05
_32_, 5.52, 32.64, 6.45711e-05
PHY_14, 5.52, 32.64, 6.45711e-05
PHY_16, 5.52, 32.64, 6.45711e-05
output8, 5.52, 32.64, 6.45711e-05
FILLER_0_9_3, 5.52, 32.64, 6.45711e-05
_51_, 5.52, 27.2, 4.9301e-05
PHY_10, 5.52, 27.2, 4.9301e-05
PHY_12, 5.52, 27.2, 4.9301e-05
hold2, 5.52, 27.2, 4.9301e-05
PHY_6, 5.52, 21.76, 8.93347e-05
PHY_8, 5.52, 21.76, 8.93347e-05
_22_, 5.52, 16.32, 5.57621e-05
_44_, 5.52, 16.32, 5.57621e-05
PHY_2, 5.52, 16.32, 5.57621e-05
PHY_4, 5.52, 16.32, 5.57621e-05
FILLER_0_3_3, 5.52, 16.32, 5.57621e-05
PHY_0, 5.52, 10.88, 8.26544e-05
output2, 5.52, 10.88, 8.26544e-05
FILLER_0_0_3, 5.52, 10.88, 8.26544e-05

