
===========================================================================
report_checks -path_delay max (Setup)
============================================================================
======================= Typical Corner ===================================

Startpoint: op[0] (input port clocked by __VIRTUAL_CLK__)
Endpoint: zero (output port clocked by __VIRTUAL_CLK__)
Path Group: __VIRTUAL_CLK__
Path Type: max

Fanout     Cap    Slew   Delay    Time   Description
-----------------------------------------------------------------------------
                  0.00    0.00    0.00   clock __VIRTUAL_CLK__ (rise edge)
                          0.00    0.00   clock network delay (ideal)
                          2.00    2.00 ^ input external delay
                  0.12    0.09    2.09 ^ op[0] (in)
     8    0.03                           op[0] (net)
                  0.12    0.00    2.09 ^ _130_/C_N (sky130_fd_sc_hd__or3b_2)
                  0.07    0.46    2.55 v _130_/X (sky130_fd_sc_hd__or3b_2)
     1    0.00                           _062_ (net)
                  0.07    0.00    2.55 v _131_/A (sky130_fd_sc_hd__buf_1)
                  0.17    0.22    2.77 v _131_/X (sky130_fd_sc_hd__buf_1)
     8    0.03                           _063_ (net)
                  0.17    0.00    2.77 v _132_/A2 (sky130_fd_sc_hd__a21bo_2)
                  0.04    0.27    3.04 v _132_/X (sky130_fd_sc_hd__a21bo_2)
     2    0.00                           _064_ (net)
                  0.04    0.00    3.04 v _134_/B (sky130_fd_sc_hd__and3_2)
                  0.05    0.21    3.25 v _134_/X (sky130_fd_sc_hd__and3_2)
     2    0.01                           _066_ (net)
                  0.05    0.00    3.25 v _136_/A (sky130_fd_sc_hd__or2b_2)
                  0.07    0.32    3.57 v _136_/X (sky130_fd_sc_hd__or2b_2)
     1    0.01                           _068_ (net)
                  0.07    0.00    3.57 v _138_/A (sky130_fd_sc_hd__xnor2_2)
                  0.04    0.14    3.71 v _138_/Y (sky130_fd_sc_hd__xnor2_2)
     1    0.00                           _070_ (net)
                  0.04    0.00    3.71 v _149_/A2 (sky130_fd_sc_hd__a211o_2)
                  0.13    0.45    4.16 v _149_/X (sky130_fd_sc_hd__a211o_2)
     2    0.04                           result[1] (net)
                  0.13    0.00    4.16 v _236_/B (sky130_fd_sc_hd__or3_2)
                  0.07    0.49    4.65 v _236_/X (sky130_fd_sc_hd__or3_2)
     1    0.00                           _046_ (net)
                  0.07    0.00    4.65 v _237_/C (sky130_fd_sc_hd__or3_2)
                  0.08    0.44    5.09 v _237_/X (sky130_fd_sc_hd__or3_2)
     1    0.00                           _047_ (net)
                  0.08    0.00    5.09 v _238_/D (sky130_fd_sc_hd__nor4_2)
                  0.85    0.68    5.77 ^ _238_/Y (sky130_fd_sc_hd__nor4_2)
     1    0.04                           zero (net)
                  0.85    0.00    5.78 ^ zero (out)
                                  5.78   data arrival time

                  0.00   10.00   10.00   clock __VIRTUAL_CLK__ (rise edge)
                          0.00   10.00   clock network delay (ideal)
                         -0.25    9.75   clock uncertainty
                          0.00    9.75   clock reconvergence pessimism
                         -2.00    7.75   output external delay
                                  7.75   data required time
-----------------------------------------------------------------------------
                                  7.75   data required time
                                 -5.78   data arrival time
-----------------------------------------------------------------------------
                                  1.97   slack (MET)


Startpoint: op[0] (input port clocked by __VIRTUAL_CLK__)
Endpoint: result[7] (output port clocked by __VIRTUAL_CLK__)
Path Group: __VIRTUAL_CLK__
Path Type: max

Fanout     Cap    Slew   Delay    Time   Description
-----------------------------------------------------------------------------
                  0.00    0.00    0.00   clock __VIRTUAL_CLK__ (rise edge)
                          0.00    0.00   clock network delay (ideal)
                          2.00    2.00 ^ input external delay
                  0.12    0.09    2.09 ^ op[0] (in)
     8    0.03                           op[0] (net)
                  0.12    0.00    2.09 ^ _130_/C_N (sky130_fd_sc_hd__or3b_2)
                  0.07    0.46    2.55 v _130_/X (sky130_fd_sc_hd__or3b_2)
     1    0.00                           _062_ (net)
                  0.07    0.00    2.55 v _131_/A (sky130_fd_sc_hd__buf_1)
                  0.17    0.22    2.77 v _131_/X (sky130_fd_sc_hd__buf_1)
     8    0.03                           _063_ (net)
                  0.17    0.00    2.77 v _151_/B1 (sky130_fd_sc_hd__o21a_2)
                  0.05    0.20    2.97 v _151_/X (sky130_fd_sc_hd__o21a_2)
     2    0.01                           _082_ (net)
                  0.05    0.00    2.97 v _162_/B1 (sky130_fd_sc_hd__a21o_2)
                  0.05    0.21    3.18 v _162_/X (sky130_fd_sc_hd__a21o_2)
     1    0.01                           _092_ (net)
                  0.05    0.00    3.18 v _163_/B (sky130_fd_sc_hd__xnor2_2)
                  0.06    0.15    3.33 v _163_/Y (sky130_fd_sc_hd__xnor2_2)
     3    0.01                           _093_ (net)
                  0.06    0.00    3.33 v _188_/A2 (sky130_fd_sc_hd__a21o_2)
                  0.05    0.24    3.57 v _188_/X (sky130_fd_sc_hd__a21o_2)
     2    0.01                           _002_ (net)
                  0.05    0.00    3.57 v _199_/A2 (sky130_fd_sc_hd__o211ai_2)
                  0.21    0.21    3.79 ^ _199_/Y (sky130_fd_sc_hd__o211ai_2)
     3    0.01                           _012_ (net)
                  0.21    0.00    3.79 ^ _213_/A1 (sky130_fd_sc_hd__a211oi_2)
                  0.10    0.14    3.93 v _213_/Y (sky130_fd_sc_hd__a211oi_2)
     3    0.01                           _025_ (net)
                  0.10    0.00    3.93 v _231_/A2 (sky130_fd_sc_hd__o31a_2)
                  0.06    0.36    4.29 v _231_/X (sky130_fd_sc_hd__o31a_2)
     1    0.00                           _042_ (net)
                  0.06    0.00    4.29 v _235_/A2 (sky130_fd_sc_hd__a21oi_2)
                  0.52    0.46    4.74 ^ _235_/Y (sky130_fd_sc_hd__a21oi_2)
     2    0.04                           result[7] (net)
                  0.52    0.00    4.74 ^ result[7] (out)
                                  4.74   data arrival time

                  0.00   10.00   10.00   clock __VIRTUAL_CLK__ (rise edge)
                          0.00   10.00   clock network delay (ideal)
                         -0.25    9.75   clock uncertainty
                          0.00    9.75   clock reconvergence pessimism
                         -2.00    7.75   output external delay
                                  7.75   data required time
-----------------------------------------------------------------------------
                                  7.75   data required time
                                 -4.74   data arrival time
-----------------------------------------------------------------------------
                                  3.01   slack (MET)


Startpoint: op[0] (input port clocked by __VIRTUAL_CLK__)
Endpoint: result[6] (output port clocked by __VIRTUAL_CLK__)
Path Group: __VIRTUAL_CLK__
Path Type: max

Fanout     Cap    Slew   Delay    Time   Description
-----------------------------------------------------------------------------
                  0.00    0.00    0.00   clock __VIRTUAL_CLK__ (rise edge)
                          0.00    0.00   clock network delay (ideal)
                          2.00    2.00 ^ input external delay
                  0.12    0.09    2.09 ^ op[0] (in)
     8    0.03                           op[0] (net)
                  0.12    0.00    2.09 ^ _130_/C_N (sky130_fd_sc_hd__or3b_2)
                  0.07    0.46    2.55 v _130_/X (sky130_fd_sc_hd__or3b_2)
     1    0.00                           _062_ (net)
                  0.07    0.00    2.55 v _131_/A (sky130_fd_sc_hd__buf_1)
                  0.17    0.22    2.77 v _131_/X (sky130_fd_sc_hd__buf_1)
     8    0.03                           _063_ (net)
                  0.17    0.00    2.77 v _151_/B1 (sky130_fd_sc_hd__o21a_2)
                  0.05    0.20    2.97 v _151_/X (sky130_fd_sc_hd__o21a_2)
     2    0.01                           _082_ (net)
                  0.05    0.00    2.97 v _162_/B1 (sky130_fd_sc_hd__a21o_2)
                  0.05    0.21    3.18 v _162_/X (sky130_fd_sc_hd__a21o_2)
     1    0.01                           _092_ (net)
                  0.05    0.00    3.18 v _163_/B (sky130_fd_sc_hd__xnor2_2)
                  0.17    0.17    3.36 ^ _163_/Y (sky130_fd_sc_hd__xnor2_2)
     3    0.01                           _093_ (net)
                  0.17    0.00    3.36 ^ _165_/B (sky130_fd_sc_hd__or2_2)
                  0.08    0.19    3.54 ^ _165_/X (sky130_fd_sc_hd__or2_2)
     3    0.01                           _095_ (net)
                  0.08    0.00    3.54 ^ _199_/C1 (sky130_fd_sc_hd__o211ai_2)
                  0.10    0.12    3.66 v _199_/Y (sky130_fd_sc_hd__o211ai_2)
     3    0.01                           _012_ (net)
                  0.10    0.00    3.66 v _214_/A1 (sky130_fd_sc_hd__a21o_2)
                  0.03    0.21    3.88 v _214_/X (sky130_fd_sc_hd__a21o_2)
     1    0.00                           _026_ (net)
                  0.03    0.00    3.88 v _215_/A2 (sky130_fd_sc_hd__a21o_2)
                  0.04    0.22    4.09 v _215_/X (sky130_fd_sc_hd__a21o_2)
     1    0.00                           _027_ (net)
                  0.04    0.00    4.09 v _223_/A2 (sky130_fd_sc_hd__o21ai_2)
                  0.46    0.40    4.49 ^ _223_/Y (sky130_fd_sc_hd__o21ai_2)
     2    0.04                           result[6] (net)
                  0.46    0.00    4.49 ^ result[6] (out)
                                  4.49   data arrival time

                  0.00   10.00   10.00   clock __VIRTUAL_CLK__ (rise edge)
                          0.00   10.00   clock network delay (ideal)
                         -0.25    9.75   clock uncertainty
                          0.00    9.75   clock reconvergence pessimism
                         -2.00    7.75   output external delay
                                  7.75   data required time
-----------------------------------------------------------------------------
                                  7.75   data required time
                                 -4.49   data arrival time
-----------------------------------------------------------------------------
                                  3.26   slack (MET)


Startpoint: op[0] (input port clocked by __VIRTUAL_CLK__)
Endpoint: result[5] (output port clocked by __VIRTUAL_CLK__)
Path Group: __VIRTUAL_CLK__
Path Type: max

Fanout     Cap    Slew   Delay    Time   Description
-----------------------------------------------------------------------------
                  0.00    0.00    0.00   clock __VIRTUAL_CLK__ (rise edge)
                          0.00    0.00   clock network delay (ideal)
                          2.00    2.00 ^ input external delay
                  0.12    0.09    2.09 ^ op[0] (in)
     8    0.03                           op[0] (net)
                  0.12    0.00    2.09 ^ _130_/C_N (sky130_fd_sc_hd__or3b_2)
                  0.07    0.46    2.55 v _130_/X (sky130_fd_sc_hd__or3b_2)
     1    0.00                           _062_ (net)
                  0.07    0.00    2.55 v _131_/A (sky130_fd_sc_hd__buf_1)
                  0.17    0.22    2.77 v _131_/X (sky130_fd_sc_hd__buf_1)
     8    0.03                           _063_ (net)
                  0.17    0.00    2.77 v _184_/B1 (sky130_fd_sc_hd__o41a_2)
                  0.09    0.20    2.97 v _184_/X (sky130_fd_sc_hd__o41a_2)
     2    0.01                           _113_ (net)
                  0.09    0.00    2.97 v _193_/B1 (sky130_fd_sc_hd__a21o_2)
                  0.06    0.25    3.22 v _193_/X (sky130_fd_sc_hd__a21o_2)
     3    0.02                           _006_ (net)
                  0.06    0.00    3.22 v _194_/B (sky130_fd_sc_hd__xor2_2)
                  0.06    0.17    3.39 v _194_/X (sky130_fd_sc_hd__xor2_2)
     3    0.01                           _007_ (net)
                  0.06    0.00    3.39 v _196_/B (sky130_fd_sc_hd__and2_2)
                  0.05    0.22    3.61 v _196_/X (sky130_fd_sc_hd__and2_2)
     3    0.01                           _009_ (net)
                  0.05    0.00    3.61 v _197_/B (sky130_fd_sc_hd__or2_2)
                  0.07    0.31    3.92 v _197_/X (sky130_fd_sc_hd__or2_2)
     1    0.01                           _010_ (net)
                  0.07    0.00    3.92 v _201_/A (sky130_fd_sc_hd__xnor2_2)
                  0.04    0.14    4.06 v _201_/Y (sky130_fd_sc_hd__xnor2_2)
     1    0.00                           _014_ (net)
                  0.04    0.00    4.06 v _208_/A2 (sky130_fd_sc_hd__o21a_2)
                  0.12    0.30    4.36 v _208_/X (sky130_fd_sc_hd__o21a_2)
     2    0.04                           result[5] (net)
                  0.12    0.00    4.36 v result[5] (out)
                                  4.36   data arrival time

                  0.00   10.00   10.00   clock __VIRTUAL_CLK__ (rise edge)
                          0.00   10.00   clock network delay (ideal)
                         -0.25    9.75   clock uncertainty
                          0.00    9.75   clock reconvergence pessimism
                         -2.00    7.75   output external delay
                                  7.75   data required time
-----------------------------------------------------------------------------
                                  7.75   data required time
                                 -4.36   data arrival time
-----------------------------------------------------------------------------
                                  3.39   slack (MET)


Startpoint: op[0] (input port clocked by __VIRTUAL_CLK__)
Endpoint: result[3] (output port clocked by __VIRTUAL_CLK__)
Path Group: __VIRTUAL_CLK__
Path Type: max

Fanout     Cap    Slew   Delay    Time   Description
-----------------------------------------------------------------------------
                  0.00    0.00    0.00   clock __VIRTUAL_CLK__ (rise edge)
                          0.00    0.00   clock network delay (ideal)
                          2.00    2.00 ^ input external delay
                  0.12    0.09    2.09 ^ op[0] (in)
     8    0.03                           op[0] (net)
                  0.12    0.00    2.09 ^ _130_/C_N (sky130_fd_sc_hd__or3b_2)
                  0.07    0.46    2.55 v _130_/X (sky130_fd_sc_hd__or3b_2)
     1    0.00                           _062_ (net)
                  0.07    0.00    2.55 v _131_/A (sky130_fd_sc_hd__buf_1)
                  0.17    0.22    2.77 v _131_/X (sky130_fd_sc_hd__buf_1)
     8    0.03                           _063_ (net)
                  0.17    0.00    2.77 v _132_/A2 (sky130_fd_sc_hd__a21bo_2)
                  0.04    0.27    3.04 v _132_/X (sky130_fd_sc_hd__a21bo_2)
     2    0.00                           _064_ (net)
                  0.04    0.00    3.04 v _135_/A1 (sky130_fd_sc_hd__a21o_2)
                  0.04    0.20    3.24 v _135_/X (sky130_fd_sc_hd__a21o_2)
     2    0.01                           _067_ (net)
                  0.04    0.00    3.24 v _150_/A1 (sky130_fd_sc_hd__a21oi_2)
                  0.17    0.19    3.43 ^ _150_/Y (sky130_fd_sc_hd__a21oi_2)
     3    0.01                           _081_ (net)
                  0.17    0.00    3.43 ^ _168_/A (sky130_fd_sc_hd__nor2_2)
                  0.06    0.09    3.52 v _168_/Y (sky130_fd_sc_hd__nor2_2)
     3    0.01                           _098_ (net)
                  0.06    0.00    3.52 v _169_/B (sky130_fd_sc_hd__or2_2)
                  0.07    0.31    3.83 v _169_/X (sky130_fd_sc_hd__or2_2)
     1    0.01                           _099_ (net)
                  0.07    0.00    3.83 v _170_/B (sky130_fd_sc_hd__xnor2_2)
                  0.05    0.14    3.97 v _170_/Y (sky130_fd_sc_hd__xnor2_2)
     1    0.00                           _100_ (net)
                  0.05    0.00    3.97 v _177_/A2 (sky130_fd_sc_hd__o22a_2)
                  0.12    0.32    4.29 v _177_/X (sky130_fd_sc_hd__o22a_2)
     2    0.04                           result[3] (net)
                  0.12    0.00    4.29 v result[3] (out)
                                  4.29   data arrival time

                  0.00   10.00   10.00   clock __VIRTUAL_CLK__ (rise edge)
                          0.00   10.00   clock network delay (ideal)
                         -0.25    9.75   clock uncertainty
                          0.00    9.75   clock reconvergence pessimism
                         -2.00    7.75   output external delay
                                  7.75   data required time
-----------------------------------------------------------------------------
                                  7.75   data required time
                                 -4.29   data arrival time
-----------------------------------------------------------------------------
                                  3.46   slack (MET)


Startpoint: op[0] (input port clocked by __VIRTUAL_CLK__)
Endpoint: result[4] (output port clocked by __VIRTUAL_CLK__)
Path Group: __VIRTUAL_CLK__
Path Type: max

Fanout     Cap    Slew   Delay    Time   Description
-----------------------------------------------------------------------------
                  0.00    0.00    0.00   clock __VIRTUAL_CLK__ (rise edge)
                          0.00    0.00   clock network delay (ideal)
                          2.00    2.00 ^ input external delay
                  0.12    0.09    2.09 ^ op[0] (in)
     8    0.03                           op[0] (net)
                  0.12    0.00    2.09 ^ _130_/C_N (sky130_fd_sc_hd__or3b_2)
                  0.07    0.46    2.55 v _130_/X (sky130_fd_sc_hd__or3b_2)
     1    0.00                           _062_ (net)
                  0.07    0.00    2.55 v _131_/A (sky130_fd_sc_hd__buf_1)
                  0.17    0.22    2.77 v _131_/X (sky130_fd_sc_hd__buf_1)
     8    0.03                           _063_ (net)
                  0.17    0.00    2.77 v _151_/B1 (sky130_fd_sc_hd__o21a_2)
                  0.05    0.20    2.97 v _151_/X (sky130_fd_sc_hd__o21a_2)
     2    0.01                           _082_ (net)
                  0.05    0.00    2.97 v _162_/B1 (sky130_fd_sc_hd__a21o_2)
                  0.05    0.21    3.18 v _162_/X (sky130_fd_sc_hd__a21o_2)
     1    0.01                           _092_ (net)
                  0.05    0.00    3.18 v _163_/B (sky130_fd_sc_hd__xnor2_2)
                  0.06    0.15    3.33 v _163_/Y (sky130_fd_sc_hd__xnor2_2)
     3    0.01                           _093_ (net)
                  0.06    0.00    3.33 v _165_/B (sky130_fd_sc_hd__or2_2)
                  0.08    0.34    3.67 v _165_/X (sky130_fd_sc_hd__or2_2)
     3    0.01                           _095_ (net)
                  0.08    0.00    3.67 v _189_/B1 (sky130_fd_sc_hd__o21ai_2)
                  0.15    0.09    3.76 ^ _189_/Y (sky130_fd_sc_hd__o21ai_2)
     1    0.01                           _003_ (net)
                  0.15    0.00    3.76 ^ _190_/B (sky130_fd_sc_hd__xnor2_2)
                  0.11    0.13    3.89 ^ _190_/Y (sky130_fd_sc_hd__xnor2_2)
     1    0.00                           _004_ (net)
                  0.11    0.00    3.89 ^ _191_/B1 (sky130_fd_sc_hd__o32a_2)
                  0.20    0.30    4.18 ^ _191_/X (sky130_fd_sc_hd__o32a_2)
     2    0.04                           result[4] (net)
                  0.20    0.00    4.18 ^ result[4] (out)
                                  4.18   data arrival time

                  0.00   10.00   10.00   clock __VIRTUAL_CLK__ (rise edge)
                          0.00   10.00   clock network delay (ideal)
                         -0.25    9.75   clock uncertainty
                          0.00    9.75   clock reconvergence pessimism
                         -2.00    7.75   output external delay
                                  7.75   data required time
-----------------------------------------------------------------------------
                                  7.75   data required time
                                 -4.18   data arrival time
-----------------------------------------------------------------------------
                                  3.57   slack (MET)


Startpoint: op[0] (input port clocked by __VIRTUAL_CLK__)
Endpoint: result[1] (output port clocked by __VIRTUAL_CLK__)
Path Group: __VIRTUAL_CLK__
Path Type: max

Fanout     Cap    Slew   Delay    Time   Description
-----------------------------------------------------------------------------
                  0.00    0.00    0.00   clock __VIRTUAL_CLK__ (rise edge)
                          0.00    0.00   clock network delay (ideal)
                          2.00    2.00 ^ input external delay
                  0.12    0.09    2.09 ^ op[0] (in)
     8    0.03                           op[0] (net)
                  0.12    0.00    2.09 ^ _130_/C_N (sky130_fd_sc_hd__or3b_2)
                  0.07    0.46    2.55 v _130_/X (sky130_fd_sc_hd__or3b_2)
     1    0.00                           _062_ (net)
                  0.07    0.00    2.55 v _131_/A (sky130_fd_sc_hd__buf_1)
                  0.17    0.22    2.77 v _131_/X (sky130_fd_sc_hd__buf_1)
     8    0.03                           _063_ (net)
                  0.17    0.00    2.77 v _132_/A2 (sky130_fd_sc_hd__a21bo_2)
                  0.04    0.27    3.04 v _132_/X (sky130_fd_sc_hd__a21bo_2)
     2    0.00                           _064_ (net)
                  0.04    0.00    3.04 v _134_/B (sky130_fd_sc_hd__and3_2)
                  0.05    0.21    3.25 v _134_/X (sky130_fd_sc_hd__and3_2)
     2    0.01                           _066_ (net)
                  0.05    0.00    3.25 v _136_/A (sky130_fd_sc_hd__or2b_2)
                  0.07    0.32    3.57 v _136_/X (sky130_fd_sc_hd__or2b_2)
     1    0.01                           _068_ (net)
                  0.07    0.00    3.57 v _138_/A (sky130_fd_sc_hd__xnor2_2)
                  0.04    0.14    3.71 v _138_/Y (sky130_fd_sc_hd__xnor2_2)
     1    0.00                           _070_ (net)
                  0.04    0.00    3.71 v _149_/A2 (sky130_fd_sc_hd__a211o_2)
                  0.13    0.45    4.16 v _149_/X (sky130_fd_sc_hd__a211o_2)
     2    0.04                           result[1] (net)
                  0.13    0.00    4.16 v result[1] (out)
                                  4.16   data arrival time

                  0.00   10.00   10.00   clock __VIRTUAL_CLK__ (rise edge)
                          0.00   10.00   clock network delay (ideal)
                         -0.25    9.75   clock uncertainty
                          0.00    9.75   clock reconvergence pessimism
                         -2.00    7.75   output external delay
                                  7.75   data required time
-----------------------------------------------------------------------------
                                  7.75   data required time
                                 -4.16   data arrival time
-----------------------------------------------------------------------------
                                  3.59   slack (MET)


Startpoint: op[0] (input port clocked by __VIRTUAL_CLK__)
Endpoint: result[2] (output port clocked by __VIRTUAL_CLK__)
Path Group: __VIRTUAL_CLK__
Path Type: max

Fanout     Cap    Slew   Delay    Time   Description
-----------------------------------------------------------------------------
                  0.00    0.00    0.00   clock __VIRTUAL_CLK__ (rise edge)
                          0.00    0.00   clock network delay (ideal)
                          2.00    2.00 ^ input external delay
                  0.12    0.09    2.09 ^ op[0] (in)
     8    0.03                           op[0] (net)
                  0.12    0.00    2.09 ^ _130_/C_N (sky130_fd_sc_hd__or3b_2)
                  0.07    0.46    2.55 v _130_/X (sky130_fd_sc_hd__or3b_2)
     1    0.00                           _062_ (net)
                  0.07    0.00    2.55 v _131_/A (sky130_fd_sc_hd__buf_1)
                  0.17    0.22    2.77 v _131_/X (sky130_fd_sc_hd__buf_1)
     8    0.03                           _063_ (net)
                  0.17    0.00    2.77 v _151_/B1 (sky130_fd_sc_hd__o21a_2)
                  0.05    0.20    2.97 v _151_/X (sky130_fd_sc_hd__o21a_2)
     2    0.01                           _082_ (net)
                  0.05    0.00    2.97 v _152_/B (sky130_fd_sc_hd__xnor2_2)
                  0.07    0.15    3.12 v _152_/Y (sky130_fd_sc_hd__xnor2_2)
     2    0.01                           _083_ (net)
                  0.07    0.00    3.12 v _153_/B (sky130_fd_sc_hd__xnor2_2)
                  0.07    0.16    3.29 v _153_/Y (sky130_fd_sc_hd__xnor2_2)
     3    0.01                           _084_ (net)
                  0.07    0.00    3.29 v _155_/B (sky130_fd_sc_hd__or2_2)
                  0.05    0.29    3.58 v _155_/X (sky130_fd_sc_hd__or2_2)
     1    0.00                           _086_ (net)
                  0.05    0.00    3.58 v _161_/A3 (sky130_fd_sc_hd__a31o_2)
                  0.11    0.35    3.92 v _161_/X (sky130_fd_sc_hd__a31o_2)
     2    0.04                           result[2] (net)
                  0.11    0.00    3.92 v result[2] (out)
                                  3.92   data arrival time

                  0.00   10.00   10.00   clock __VIRTUAL_CLK__ (rise edge)
                          0.00   10.00   clock network delay (ideal)
                         -0.25    9.75   clock uncertainty
                          0.00    9.75   clock reconvergence pessimism
                         -2.00    7.75   output external delay
                                  7.75   data required time
-----------------------------------------------------------------------------
                                  7.75   data required time
                                 -3.92   data arrival time
-----------------------------------------------------------------------------
                                  3.83   slack (MET)


Startpoint: op[2] (input port clocked by __VIRTUAL_CLK__)
Endpoint: result[0] (output port clocked by __VIRTUAL_CLK__)
Path Group: __VIRTUAL_CLK__
Path Type: max

Fanout     Cap    Slew   Delay    Time   Description
-----------------------------------------------------------------------------
                  0.00    0.00    0.00   clock __VIRTUAL_CLK__ (rise edge)
                          0.00    0.00   clock network delay (ideal)
                          2.00    2.00 ^ input external delay
                  0.13    0.10    2.10 ^ op[2] (in)
    10    0.03                           op[2] (net)
                  0.13    0.00    2.10 ^ _122_/A_N (sky130_fd_sc_hd__and3b_2)
                  0.04    0.22    2.32 v _122_/X (sky130_fd_sc_hd__and3b_2)
     1    0.00                           _055_ (net)
                  0.04    0.00    2.32 v _123_/A (sky130_fd_sc_hd__buf_1)
                  0.15    0.19    2.51 v _123_/X (sky130_fd_sc_hd__buf_1)
     8    0.03                           _056_ (net)
                  0.15    0.00    2.51 v _124_/B1 (sky130_fd_sc_hd__o21a_2)
                  0.03    0.16    2.67 v _124_/X (sky130_fd_sc_hd__o21a_2)
     1    0.00                           _057_ (net)
                  0.03    0.00    2.67 v _127_/C (sky130_fd_sc_hd__or4_2)
                  0.09    0.62    3.29 v _127_/X (sky130_fd_sc_hd__or4_2)
     1    0.00                           _060_ (net)
                  0.09    0.00    3.29 v _128_/A (sky130_fd_sc_hd__buf_1)
                  0.23    0.28    3.57 v _128_/X (sky130_fd_sc_hd__buf_1)
     2    0.04                           result[0] (net)
                  0.23    0.00    3.57 v result[0] (out)
                                  3.57   data arrival time

                  0.00   10.00   10.00   clock __VIRTUAL_CLK__ (rise edge)
                          0.00   10.00   clock network delay (ideal)
                         -0.25    9.75   clock uncertainty
                          0.00    9.75   clock reconvergence pessimism
                         -2.00    7.75   output external delay
                                  7.75   data required time
-----------------------------------------------------------------------------
                                  7.75   data required time
                                 -3.57   data arrival time
-----------------------------------------------------------------------------
                                  4.18   slack (MET)



