
===========================================================================
 report_power
============================================================================
======================= Fastest Corner ===================================

Group                  Internal  Switching    Leakage      Total
                          Power      Power      Power      Power (Watts)
----------------------------------------------------------------
Sequential             4.89e-03   8.92e-04   1.90e-07   5.79e-03  32.8%
Combinational          6.23e-03   5.62e-03   9.53e-08   1.19e-02  67.2%
Macro                  0.00e+00   0.00e+00   0.00e+00   0.00e+00   0.0%
Pad                    0.00e+00   0.00e+00   0.00e+00   0.00e+00   0.0%
----------------------------------------------------------------
Total                  1.11e-02   6.51e-03   2.86e-07   1.76e-02 100.0%
                          63.1%      36.9%       0.0%

======================= Slowest Corner ===================================

Group                  Internal  Switching    Leakage      Total
                          Power      Power      Power      Power (Watts)
----------------------------------------------------------------
Sequential             3.32e-03   5.84e-04   2.45e-05   3.93e-03  32.5%
Combinational          4.44e-03   3.66e-03   4.69e-05   8.15e-03  67.5%
Macro                  0.00e+00   0.00e+00   0.00e+00   0.00e+00   0.0%
Pad                    0.00e+00   0.00e+00   0.00e+00   0.00e+00   0.0%
----------------------------------------------------------------
Total                  7.77e-03   4.25e-03   7.14e-05   1.21e-02 100.0%
                          64.3%      35.1%       0.6%

======================= Typical Corner ===================================

Group                  Internal  Switching    Leakage      Total
                          Power      Power      Power      Power (Watts)
----------------------------------------------------------------
Sequential             4.23e-03   7.48e-04   1.80e-07   4.98e-03  32.7%
Combinational          5.52e-03   4.72e-03   4.80e-08   1.02e-02  67.3%
Macro                  0.00e+00   0.00e+00   0.00e+00   0.00e+00   0.0%
Pad                    0.00e+00   0.00e+00   0.00e+00   0.00e+00   0.0%
----------------------------------------------------------------
Total                  9.75e-03   5.47e-03   2.28e-07   1.52e-02 100.0%
                          64.1%      35.9%       0.0%

