
===========================================================================
report_checks -unconstrained
===========================================================================
======================= Fastest Corner ===================================

Startpoint: op[2] (input port clocked by __VIRTUAL_CLK__)
Endpoint: result[7] (output port clocked by __VIRTUAL_CLK__)
Path Group: __VIRTUAL_CLK__
Path Type: max
Corner: Fastest

Fanout     Cap    Slew   Delay    Time   Description
-----------------------------------------------------------------------------
                  0.00    0.00    0.00   clock __VIRTUAL_CLK__ (rise edge)
                          0.00    0.00   clock network delay (ideal)
                          2.00    2.00 v input external delay
                  0.00    0.00    2.00 v op[2] (in)
     1    0.00                           op[2] (net)
                  0.00    0.00    2.00 v input19/A (sky130_fd_sc_hd__buf_4)
                  0.04    0.11    2.11 v input19/X (sky130_fd_sc_hd__buf_4)
    10    0.04                           net19 (net)
                  0.05    0.00    2.11 v _130_/A (sky130_fd_sc_hd__or3b_4)
                  0.05    0.25    2.37 v _130_/X (sky130_fd_sc_hd__or3b_4)
     1    0.01                           _062_ (net)
                  0.05    0.00    2.37 v _131_/A (sky130_fd_sc_hd__buf_6)
                  0.03    0.10    2.47 v _131_/X (sky130_fd_sc_hd__buf_6)
     8    0.03                           _063_ (net)
                  0.03    0.00    2.47 v _132_/A2 (sky130_fd_sc_hd__a21bo_1)
                  0.03    0.13    2.60 v _132_/X (sky130_fd_sc_hd__a21bo_1)
     2    0.01                           _064_ (net)
                  0.03    0.00    2.60 v _135_/A1 (sky130_fd_sc_hd__a21o_1)
                  0.03    0.11    2.72 v _135_/X (sky130_fd_sc_hd__a21o_1)
     2    0.01                           _067_ (net)
                  0.03    0.00    2.72 v _150_/A1 (sky130_fd_sc_hd__a21oi_1)
                  0.16    0.15    2.87 ^ _150_/Y (sky130_fd_sc_hd__a21oi_1)
     3    0.01                           _081_ (net)
                  0.16    0.00    2.87 ^ _168_/A (sky130_fd_sc_hd__nor2_1)
                  0.07    0.07    2.94 v _168_/Y (sky130_fd_sc_hd__nor2_1)
     3    0.01                           _098_ (net)
                  0.07    0.00    2.94 v _199_/A1 (sky130_fd_sc_hd__o211ai_2)
                  0.15    0.17    3.12 ^ _199_/Y (sky130_fd_sc_hd__o211ai_2)
     3    0.01                           _012_ (net)
                  0.15    0.00    3.12 ^ _213_/A1 (sky130_fd_sc_hd__a211oi_2)
                  0.06    0.07    3.18 v _213_/Y (sky130_fd_sc_hd__a211oi_2)
     3    0.01                           _025_ (net)
                  0.06    0.00    3.19 v _231_/A2 (sky130_fd_sc_hd__o31a_1)
                  0.03    0.18    3.37 v _231_/X (sky130_fd_sc_hd__o31a_1)
     1    0.00                           _042_ (net)
                  0.03    0.00    3.37 v _235_/A2 (sky130_fd_sc_hd__a21oi_1)
                  0.32    0.29    3.65 ^ _235_/Y (sky130_fd_sc_hd__a21oi_1)
     2    0.02                           net27 (net)
                  0.32    0.00    3.65 ^ output27/A (sky130_fd_sc_hd__clkbuf_4)
                  0.09    0.19    3.84 ^ output27/X (sky130_fd_sc_hd__clkbuf_4)
     1    0.04                           result[7] (net)
                  0.09    0.00    3.84 ^ result[7] (out)
                                  3.84   data arrival time

                  0.00   10.00   10.00   clock __VIRTUAL_CLK__ (rise edge)
                          0.00   10.00   clock network delay (ideal)
                         -0.25    9.75   clock uncertainty
                          0.00    9.75   clock reconvergence pessimism
                         -2.00    7.75   output external delay
                                  7.75   data required time
-----------------------------------------------------------------------------
                                  7.75   data required time
                                 -3.84   data arrival time
-----------------------------------------------------------------------------
                                  3.91   slack (MET)



======================= Slowest Corner ===================================

Startpoint: op[2] (input port clocked by __VIRTUAL_CLK__)
Endpoint: zero (output port clocked by __VIRTUAL_CLK__)
Path Group: __VIRTUAL_CLK__
Path Type: max
Corner: Slowest

Fanout     Cap    Slew   Delay    Time   Description
-----------------------------------------------------------------------------
                  0.00    0.00    0.00   clock __VIRTUAL_CLK__ (rise edge)
                          0.00    0.00   clock network delay (ideal)
                          2.00    2.00 v input external delay
                  0.02    0.01    2.01 v op[2] (in)
     1    0.00                           op[2] (net)
                  0.02    0.00    2.01 v input19/A (sky130_fd_sc_hd__buf_4)
                  0.11    0.30    2.31 v input19/X (sky130_fd_sc_hd__buf_4)
    10    0.04                           net19 (net)
                  0.11    0.00    2.31 v _130_/A (sky130_fd_sc_hd__or3b_4)
                  0.12    0.81    3.12 v _130_/X (sky130_fd_sc_hd__or3b_4)
     1    0.01                           _062_ (net)
                  0.12    0.00    3.12 v _131_/A (sky130_fd_sc_hd__buf_6)
                  0.07    0.28    3.40 v _131_/X (sky130_fd_sc_hd__buf_6)
     8    0.03                           _063_ (net)
                  0.07    0.00    3.41 v _132_/A2 (sky130_fd_sc_hd__a21bo_1)
                  0.08    0.38    3.79 v _132_/X (sky130_fd_sc_hd__a21bo_1)
     2    0.01                           _064_ (net)
                  0.08    0.00    3.79 v _134_/B (sky130_fd_sc_hd__and3_1)
                  0.09    0.38    4.17 v _134_/X (sky130_fd_sc_hd__and3_1)
     2    0.01                           _066_ (net)
                  0.09    0.00    4.17 v _136_/A (sky130_fd_sc_hd__or2b_1)
                  0.11    0.55    4.72 v _136_/X (sky130_fd_sc_hd__or2b_1)
     1    0.01                           _068_ (net)
                  0.11    0.00    4.72 v _138_/A (sky130_fd_sc_hd__xnor2_1)
                  0.09    0.25    4.96 v _138_/Y (sky130_fd_sc_hd__xnor2_1)
     1    0.00                           _070_ (net)
                  0.09    0.00    4.96 v _149_/A2 (sky130_fd_sc_hd__a211o_1)
                  0.13    0.63    5.59 v _149_/X (sky130_fd_sc_hd__a211o_1)
     2    0.01                           net21 (net)
                  0.13    0.00    5.59 v _236_/B (sky130_fd_sc_hd__or3_4)
                  0.12    0.77    6.37 v _236_/X (sky130_fd_sc_hd__or3_4)
     1    0.00                           _046_ (net)
                  0.12    0.00    6.37 v _237_/C (sky130_fd_sc_hd__or3_4)
                  0.13    0.72    7.09 v _237_/X (sky130_fd_sc_hd__or3_4)
     1    0.01                           _047_ (net)
                  0.13    0.00    7.09 v _238_/D (sky130_fd_sc_hd__nor4_4)
                  0.35    0.29    7.38 ^ _238_/Y (sky130_fd_sc_hd__nor4_4)
     1    0.01                           net28 (net)
                  0.35    0.00    7.38 ^ output28/A (sky130_fd_sc_hd__buf_6)
                  0.12    0.35    7.74 ^ output28/X (sky130_fd_sc_hd__buf_6)
     1    0.03                           zero (net)
                  0.12    0.00    7.74 ^ zero (out)
                                  7.74   data arrival time

                  0.00   10.00   10.00   clock __VIRTUAL_CLK__ (rise edge)
                          0.00   10.00   clock network delay (ideal)
                         -0.25    9.75   clock uncertainty
                          0.00    9.75   clock reconvergence pessimism
                         -2.00    7.75   output external delay
                                  7.75   data required time
-----------------------------------------------------------------------------
                                  7.75   data required time
                                 -7.74   data arrival time
-----------------------------------------------------------------------------
                                  0.01   slack (MET)



======================= Typical Corner ===================================

Startpoint: op[2] (input port clocked by __VIRTUAL_CLK__)
Endpoint: zero (output port clocked by __VIRTUAL_CLK__)
Path Group: __VIRTUAL_CLK__
Path Type: max
Corner: Typical

Fanout     Cap    Slew   Delay    Time   Description
-----------------------------------------------------------------------------
                  0.00    0.00    0.00   clock __VIRTUAL_CLK__ (rise edge)
                          0.00    0.00   clock network delay (ideal)
                          2.00    2.00 v input external delay
                  0.01    0.00    2.00 v op[2] (in)
     1    0.00                           op[2] (net)
                  0.01    0.00    2.00 v input19/A (sky130_fd_sc_hd__buf_4)
                  0.06    0.16    2.16 v input19/X (sky130_fd_sc_hd__buf_4)
    10    0.04                           net19 (net)
                  0.06    0.00    2.17 v _130_/A (sky130_fd_sc_hd__or3b_4)
                  0.07    0.41    2.58 v _130_/X (sky130_fd_sc_hd__or3b_4)
     1    0.01                           _062_ (net)
                  0.07    0.00    2.58 v _131_/A (sky130_fd_sc_hd__buf_6)
                  0.04    0.15    2.73 v _131_/X (sky130_fd_sc_hd__buf_6)
     8    0.03                           _063_ (net)
                  0.04    0.00    2.74 v _132_/A2 (sky130_fd_sc_hd__a21bo_1)
                  0.05    0.21    2.94 v _132_/X (sky130_fd_sc_hd__a21bo_1)
     2    0.01                           _064_ (net)
                  0.05    0.00    2.94 v _134_/B (sky130_fd_sc_hd__and3_1)
                  0.05    0.18    3.13 v _134_/X (sky130_fd_sc_hd__and3_1)
     2    0.01                           _066_ (net)
                  0.05    0.00    3.13 v _136_/A (sky130_fd_sc_hd__or2b_1)
                  0.06    0.24    3.37 v _136_/X (sky130_fd_sc_hd__or2b_1)
     1    0.01                           _068_ (net)
                  0.06    0.00    3.37 v _138_/A (sky130_fd_sc_hd__xnor2_1)
                  0.05    0.13    3.50 v _138_/Y (sky130_fd_sc_hd__xnor2_1)
     1    0.00                           _070_ (net)
                  0.05    0.00    3.50 v _149_/A2 (sky130_fd_sc_hd__a211o_1)
                  0.07    0.33    3.83 v _149_/X (sky130_fd_sc_hd__a211o_1)
     2    0.01                           net21 (net)
                  0.07    0.00    3.83 v _236_/B (sky130_fd_sc_hd__or3_4)
                  0.07    0.39    4.22 v _236_/X (sky130_fd_sc_hd__or3_4)
     1    0.00                           _046_ (net)
                  0.07    0.00    4.22 v _237_/C (sky130_fd_sc_hd__or3_4)
                  0.07    0.36    4.58 v _237_/X (sky130_fd_sc_hd__or3_4)
     1    0.01                           _047_ (net)
                  0.07    0.00    4.58 v _238_/D (sky130_fd_sc_hd__nor4_4)
                  0.21    0.16    4.74 ^ _238_/Y (sky130_fd_sc_hd__nor4_4)
     1    0.01                           net28 (net)
                  0.21    0.00    4.74 ^ output28/A (sky130_fd_sc_hd__buf_6)
                  0.08    0.18    4.92 ^ output28/X (sky130_fd_sc_hd__buf_6)
     1    0.03                           zero (net)
                  0.08    0.00    4.92 ^ zero (out)
                                  4.92   data arrival time

                  0.00   10.00   10.00   clock __VIRTUAL_CLK__ (rise edge)
                          0.00   10.00   clock network delay (ideal)
                         -0.25    9.75   clock uncertainty
                          0.00    9.75   clock reconvergence pessimism
                         -2.00    7.75   output external delay
                                  7.75   data required time
-----------------------------------------------------------------------------
                                  7.75   data required time
                                 -4.92   data arrival time
-----------------------------------------------------------------------------
                                  2.83   slack (MET)




===========================================================================
report_checks --slack_max -0.01
============================================================================
======================= Fastest Corner ===================================

No paths found.

======================= Slowest Corner ===================================

No paths found.

======================= Typical Corner ===================================

No paths found.


===========================================================================
 report_check_types -max_slew -max_cap -max_fanout -violators
============================================================================
======================= Fastest Corner ===================================


======================= Slowest Corner ===================================


======================= Typical Corner ===================================



===========================================================================
report_parasitic_annotation -report_unannotated
============================================================================
Found 0 unannotated drivers.
Found 0 partially unannotated drivers.

===========================================================================
max slew violation count 0
max fanout violation count 0
max cap violation count 0
============================================================================

===========================================================================
check_setup -verbose -unconstrained_endpoints -multiple_clock -no_clock -no_input_delay -loops -generated_clocks
===========================================================================
