
===========================================================================
report_checks -path_delay max (Setup)
============================================================================
======================= Fastest Corner ===================================

Startpoint: op[2] (input port clocked by __VIRTUAL_CLK__)
Endpoint: result[7] (output port clocked by __VIRTUAL_CLK__)
Path Group: __VIRTUAL_CLK__
Path Type: max
Corner: Fastest

Fanout     Cap    Slew   Delay    Time   Description
-----------------------------------------------------------------------------
                  0.00    0.00    0.00   clock __VIRTUAL_CLK__ (rise edge)
                          0.00    0.00   clock network delay (ideal)
                          2.00    2.00 v input external delay
                  0.00    0.00    2.00 v op[2] (in)
     1    0.00                           op[2] (net)
                  0.00    0.00    2.00 v input19/A (sky130_fd_sc_hd__buf_4)
                  0.04    0.11    2.11 v input19/X (sky130_fd_sc_hd__buf_4)
    10    0.04                           net19 (net)
                  0.05    0.00    2.11 v _130_/A (sky130_fd_sc_hd__or3b_4)
                  0.05    0.25    2.37 v _130_/X (sky130_fd_sc_hd__or3b_4)
     1    0.01                           _062_ (net)
                  0.05    0.00    2.37 v _131_/A (sky130_fd_sc_hd__buf_6)
                  0.03    0.10    2.47 v _131_/X (sky130_fd_sc_hd__buf_6)
     8    0.03                           _063_ (net)
                  0.03    0.00    2.47 v _132_/A2 (sky130_fd_sc_hd__a21bo_1)
                  0.03    0.13    2.60 v _132_/X (sky130_fd_sc_hd__a21bo_1)
     2    0.01                           _064_ (net)
                  0.03    0.00    2.60 v _135_/A1 (sky130_fd_sc_hd__a21o_1)
                  0.03    0.11    2.72 v _135_/X (sky130_fd_sc_hd__a21o_1)
     2    0.01                           _067_ (net)
                  0.03    0.00    2.72 v _150_/A1 (sky130_fd_sc_hd__a21oi_1)
                  0.16    0.15    2.87 ^ _150_/Y (sky130_fd_sc_hd__a21oi_1)
     3    0.01                           _081_ (net)
                  0.16    0.00    2.87 ^ _168_/A (sky130_fd_sc_hd__nor2_1)
                  0.07    0.07    2.94 v _168_/Y (sky130_fd_sc_hd__nor2_1)
     3    0.01                           _098_ (net)
                  0.07    0.00    2.94 v _199_/A1 (sky130_fd_sc_hd__o211ai_2)
                  0.15    0.17    3.12 ^ _199_/Y (sky130_fd_sc_hd__o211ai_2)
     3    0.01                           _012_ (net)
                  0.15    0.00    3.12 ^ _213_/A1 (sky130_fd_sc_hd__a211oi_2)
                  0.06    0.07    3.18 v _213_/Y (sky130_fd_sc_hd__a211oi_2)
     3    0.01                           _025_ (net)
                  0.06    0.00    3.19 v _231_/A2 (sky130_fd_sc_hd__o31a_1)
                  0.03    0.18    3.37 v _231_/X (sky130_fd_sc_hd__o31a_1)
     1    0.00                           _042_ (net)
                  0.03    0.00    3.37 v _235_/A2 (sky130_fd_sc_hd__a21oi_1)
                  0.32    0.29    3.65 ^ _235_/Y (sky130_fd_sc_hd__a21oi_1)
     2    0.02                           net27 (net)
                  0.32    0.00    3.65 ^ output27/A (sky130_fd_sc_hd__clkbuf_4)
                  0.09    0.19    3.84 ^ output27/X (sky130_fd_sc_hd__clkbuf_4)
     1    0.04                           result[7] (net)
                  0.09    0.00    3.84 ^ result[7] (out)
                                  3.84   data arrival time

                  0.00   10.00   10.00   clock __VIRTUAL_CLK__ (rise edge)
                          0.00   10.00   clock network delay (ideal)
                         -0.25    9.75   clock uncertainty
                          0.00    9.75   clock reconvergence pessimism
                         -2.00    7.75   output external delay
                                  7.75   data required time
-----------------------------------------------------------------------------
                                  7.75   data required time
                                 -3.84   data arrival time
-----------------------------------------------------------------------------
                                  3.91   slack (MET)


Startpoint: op[2] (input port clocked by __VIRTUAL_CLK__)
Endpoint: zero (output port clocked by __VIRTUAL_CLK__)
Path Group: __VIRTUAL_CLK__
Path Type: max
Corner: Fastest

Fanout     Cap    Slew   Delay    Time   Description
-----------------------------------------------------------------------------
                  0.00    0.00    0.00   clock __VIRTUAL_CLK__ (rise edge)
                          0.00    0.00   clock network delay (ideal)
                          2.00    2.00 v input external delay
                  0.00    0.00    2.00 v op[2] (in)
     1    0.00                           op[2] (net)
                  0.00    0.00    2.00 v input19/A (sky130_fd_sc_hd__buf_4)
                  0.04    0.11    2.11 v input19/X (sky130_fd_sc_hd__buf_4)
    10    0.04                           net19 (net)
                  0.05    0.00    2.11 v _130_/A (sky130_fd_sc_hd__or3b_4)
                  0.05    0.25    2.37 v _130_/X (sky130_fd_sc_hd__or3b_4)
     1    0.01                           _062_ (net)
                  0.05    0.00    2.37 v _131_/A (sky130_fd_sc_hd__buf_6)
                  0.03    0.10    2.47 v _131_/X (sky130_fd_sc_hd__buf_6)
     8    0.03                           _063_ (net)
                  0.03    0.00    2.47 v _132_/A2 (sky130_fd_sc_hd__a21bo_1)
                  0.03    0.13    2.60 v _132_/X (sky130_fd_sc_hd__a21bo_1)
     2    0.01                           _064_ (net)
                  0.03    0.00    2.60 v _134_/B (sky130_fd_sc_hd__and3_1)
                  0.04    0.12    2.72 v _134_/X (sky130_fd_sc_hd__and3_1)
     2    0.01                           _066_ (net)
                  0.04    0.00    2.72 v _136_/A (sky130_fd_sc_hd__or2b_1)
                  0.04    0.15    2.87 v _136_/X (sky130_fd_sc_hd__or2b_1)
     1    0.01                           _068_ (net)
                  0.04    0.00    2.87 v _138_/A (sky130_fd_sc_hd__xnor2_1)
                  0.03    0.08    2.95 v _138_/Y (sky130_fd_sc_hd__xnor2_1)
     1    0.00                           _070_ (net)
                  0.03    0.00    2.95 v _149_/A2 (sky130_fd_sc_hd__a211o_1)
                  0.05    0.21    3.16 v _149_/X (sky130_fd_sc_hd__a211o_1)
     2    0.01                           net21 (net)
                  0.05    0.00    3.16 v _236_/B (sky130_fd_sc_hd__or3_4)
                  0.05    0.23    3.40 v _236_/X (sky130_fd_sc_hd__or3_4)
     1    0.00                           _046_ (net)
                  0.05    0.00    3.40 v _237_/C (sky130_fd_sc_hd__or3_4)
                  0.05    0.21    3.61 v _237_/X (sky130_fd_sc_hd__or3_4)
     1    0.01                           _047_ (net)
                  0.05    0.00    3.61 v _238_/D (sky130_fd_sc_hd__nor4_4)
                  0.15    0.11    3.72 ^ _238_/Y (sky130_fd_sc_hd__nor4_4)
     1    0.01                           net28 (net)
                  0.15    0.00    3.72 ^ output28/A (sky130_fd_sc_hd__buf_6)
                  0.06    0.11    3.83 ^ output28/X (sky130_fd_sc_hd__buf_6)
     1    0.03                           zero (net)
                  0.06    0.00    3.83 ^ zero (out)
                                  3.83   data arrival time

                  0.00   10.00   10.00   clock __VIRTUAL_CLK__ (rise edge)
                          0.00   10.00   clock network delay (ideal)
                         -0.25    9.75   clock uncertainty
                          0.00    9.75   clock reconvergence pessimism
                         -2.00    7.75   output external delay
                                  7.75   data required time
-----------------------------------------------------------------------------
                                  7.75   data required time
                                 -3.83   data arrival time
-----------------------------------------------------------------------------
                                  3.92   slack (MET)


Startpoint: op[2] (input port clocked by __VIRTUAL_CLK__)
Endpoint: result[6] (output port clocked by __VIRTUAL_CLK__)
Path Group: __VIRTUAL_CLK__
Path Type: max
Corner: Fastest

Fanout     Cap    Slew   Delay    Time   Description
-----------------------------------------------------------------------------
                  0.00    0.00    0.00   clock __VIRTUAL_CLK__ (rise edge)
                          0.00    0.00   clock network delay (ideal)
                          2.00    2.00 v input external delay
                  0.00    0.00    2.00 v op[2] (in)
     1    0.00                           op[2] (net)
                  0.00    0.00    2.00 v input19/A (sky130_fd_sc_hd__buf_4)
                  0.04    0.11    2.11 v input19/X (sky130_fd_sc_hd__buf_4)
    10    0.04                           net19 (net)
                  0.05    0.00    2.11 v _130_/A (sky130_fd_sc_hd__or3b_4)
                  0.05    0.25    2.37 v _130_/X (sky130_fd_sc_hd__or3b_4)
     1    0.01                           _062_ (net)
                  0.05    0.00    2.37 v _131_/A (sky130_fd_sc_hd__buf_6)
                  0.03    0.10    2.47 v _131_/X (sky130_fd_sc_hd__buf_6)
     8    0.03                           _063_ (net)
                  0.03    0.00    2.47 v _151_/B1 (sky130_fd_sc_hd__o21a_1)
                  0.04    0.08    2.55 v _151_/X (sky130_fd_sc_hd__o21a_1)
     2    0.01                           _082_ (net)
                  0.04    0.00    2.55 v _152_/B (sky130_fd_sc_hd__xnor2_1)
                  0.14    0.14    2.69 ^ _152_/Y (sky130_fd_sc_hd__xnor2_1)
     2    0.01                           _083_ (net)
                  0.14    0.00    2.69 ^ _153_/B (sky130_fd_sc_hd__xnor2_1)
                  0.06    0.07    2.76 v _153_/Y (sky130_fd_sc_hd__xnor2_1)
     3    0.01                           _084_ (net)
                  0.06    0.00    2.76 v _168_/B (sky130_fd_sc_hd__nor2_1)
                  0.17    0.15    2.92 ^ _168_/Y (sky130_fd_sc_hd__nor2_1)
     3    0.01                           _098_ (net)
                  0.17    0.00    2.92 ^ _199_/A1 (sky130_fd_sc_hd__o211ai_2)
                  0.07    0.08    3.00 v _199_/Y (sky130_fd_sc_hd__o211ai_2)
     3    0.01                           _012_ (net)
                  0.07    0.00    3.00 v _214_/A1 (sky130_fd_sc_hd__a21o_1)
                  0.02    0.12    3.12 v _214_/X (sky130_fd_sc_hd__a21o_1)
     1    0.00                           _026_ (net)
                  0.02    0.00    3.12 v _215_/A2 (sky130_fd_sc_hd__a21o_1)
                  0.02    0.11    3.23 v _215_/X (sky130_fd_sc_hd__a21o_1)
     1    0.00                           _027_ (net)
                  0.02    0.00    3.23 v _223_/A2 (sky130_fd_sc_hd__o21ai_1)
                  0.25    0.21    3.45 ^ _223_/Y (sky130_fd_sc_hd__o21ai_1)
     2    0.02                           net26 (net)
                  0.25    0.00    3.45 ^ output26/A (sky130_fd_sc_hd__clkbuf_4)
                  0.09    0.18    3.63 ^ output26/X (sky130_fd_sc_hd__clkbuf_4)
     1    0.03                           result[6] (net)
                  0.09    0.00    3.63 ^ result[6] (out)
                                  3.63   data arrival time

                  0.00   10.00   10.00   clock __VIRTUAL_CLK__ (rise edge)
                          0.00   10.00   clock network delay (ideal)
                         -0.25    9.75   clock uncertainty
                          0.00    9.75   clock reconvergence pessimism
                         -2.00    7.75   output external delay
                                  7.75   data required time
-----------------------------------------------------------------------------
                                  7.75   data required time
                                 -3.63   data arrival time
-----------------------------------------------------------------------------
                                  4.12   slack (MET)


Startpoint: op[2] (input port clocked by __VIRTUAL_CLK__)
Endpoint: result[5] (output port clocked by __VIRTUAL_CLK__)
Path Group: __VIRTUAL_CLK__
Path Type: max
Corner: Fastest

Fanout     Cap    Slew   Delay    Time   Description
-----------------------------------------------------------------------------
                  0.00    0.00    0.00   clock __VIRTUAL_CLK__ (rise edge)
                          0.00    0.00   clock network delay (ideal)
                          2.00    2.00 v input external delay
                  0.00    0.00    2.00 v op[2] (in)
     1    0.00                           op[2] (net)
                  0.00    0.00    2.00 v input19/A (sky130_fd_sc_hd__buf_4)
                  0.04    0.11    2.11 v input19/X (sky130_fd_sc_hd__buf_4)
    10    0.04                           net19 (net)
                  0.05    0.00    2.11 v _130_/A (sky130_fd_sc_hd__or3b_4)
                  0.05    0.25    2.37 v _130_/X (sky130_fd_sc_hd__or3b_4)
     1    0.01                           _062_ (net)
                  0.05    0.00    2.37 v _131_/A (sky130_fd_sc_hd__buf_6)
                  0.03    0.10    2.47 v _131_/X (sky130_fd_sc_hd__buf_6)
     8    0.03                           _063_ (net)
                  0.03    0.00    2.47 v _132_/A2 (sky130_fd_sc_hd__a21bo_1)
                  0.03    0.13    2.60 v _132_/X (sky130_fd_sc_hd__a21bo_1)
     2    0.01                           _064_ (net)
                  0.03    0.00    2.60 v _135_/A1 (sky130_fd_sc_hd__a21o_1)
                  0.03    0.11    2.72 v _135_/X (sky130_fd_sc_hd__a21o_1)
     2    0.01                           _067_ (net)
                  0.03    0.00    2.72 v _150_/A1 (sky130_fd_sc_hd__a21oi_1)
                  0.16    0.15    2.87 ^ _150_/Y (sky130_fd_sc_hd__a21oi_1)
     3    0.01                           _081_ (net)
                  0.16    0.00    2.87 ^ _168_/A (sky130_fd_sc_hd__nor2_1)
                  0.07    0.07    2.94 v _168_/Y (sky130_fd_sc_hd__nor2_1)
     3    0.01                           _098_ (net)
                  0.07    0.00    2.94 v _199_/A1 (sky130_fd_sc_hd__o211ai_2)
                  0.15    0.17    3.12 ^ _199_/Y (sky130_fd_sc_hd__o211ai_2)
     3    0.01                           _012_ (net)
                  0.15    0.00    3.12 ^ _200_/B (sky130_fd_sc_hd__nand2_1)
                  0.04    0.05    3.17 v _200_/Y (sky130_fd_sc_hd__nand2_1)
     1    0.00                           _013_ (net)
                  0.04    0.00    3.17 v _201_/B (sky130_fd_sc_hd__xnor2_1)
                  0.12    0.12    3.29 ^ _201_/Y (sky130_fd_sc_hd__xnor2_1)
     1    0.01                           _014_ (net)
                  0.12    0.00    3.29 ^ _208_/A2 (sky130_fd_sc_hd__o21a_1)
                  0.14    0.16    3.45 ^ _208_/X (sky130_fd_sc_hd__o21a_1)
     2    0.02                           net25 (net)
                  0.14    0.00    3.45 ^ output25/A (sky130_fd_sc_hd__clkbuf_4)
                  0.09    0.16    3.62 ^ output25/X (sky130_fd_sc_hd__clkbuf_4)
     1    0.03                           result[5] (net)
                  0.09    0.00    3.62 ^ result[5] (out)
                                  3.62   data arrival time

                  0.00   10.00   10.00   clock __VIRTUAL_CLK__ (rise edge)
                          0.00   10.00   clock network delay (ideal)
                         -0.25    9.75   clock uncertainty
                          0.00    9.75   clock reconvergence pessimism
                         -2.00    7.75   output external delay
                                  7.75   data required time
-----------------------------------------------------------------------------
                                  7.75   data required time
                                 -3.62   data arrival time
-----------------------------------------------------------------------------
                                  4.13   slack (MET)


Startpoint: op[2] (input port clocked by __VIRTUAL_CLK__)
Endpoint: result[3] (output port clocked by __VIRTUAL_CLK__)
Path Group: __VIRTUAL_CLK__
Path Type: max
Corner: Fastest

Fanout     Cap    Slew   Delay    Time   Description
-----------------------------------------------------------------------------
                  0.00    0.00    0.00   clock __VIRTUAL_CLK__ (rise edge)
                          0.00    0.00   clock network delay (ideal)
                          2.00    2.00 v input external delay
                  0.00    0.00    2.00 v op[2] (in)
     1    0.00                           op[2] (net)
                  0.00    0.00    2.00 v input19/A (sky130_fd_sc_hd__buf_4)
                  0.04    0.11    2.11 v input19/X (sky130_fd_sc_hd__buf_4)
    10    0.04                           net19 (net)
                  0.05    0.00    2.11 v _130_/A (sky130_fd_sc_hd__or3b_4)
                  0.05    0.25    2.37 v _130_/X (sky130_fd_sc_hd__or3b_4)
     1    0.01                           _062_ (net)
                  0.05    0.00    2.37 v _131_/A (sky130_fd_sc_hd__buf_6)
                  0.03    0.10    2.47 v _131_/X (sky130_fd_sc_hd__buf_6)
     8    0.03                           _063_ (net)
                  0.03    0.00    2.47 v _132_/A2 (sky130_fd_sc_hd__a21bo_1)
                  0.03    0.13    2.60 v _132_/X (sky130_fd_sc_hd__a21bo_1)
     2    0.01                           _064_ (net)
                  0.03    0.00    2.60 v _135_/A1 (sky130_fd_sc_hd__a21o_1)
                  0.03    0.11    2.72 v _135_/X (sky130_fd_sc_hd__a21o_1)
     2    0.01                           _067_ (net)
                  0.03    0.00    2.72 v _150_/A1 (sky130_fd_sc_hd__a21oi_1)
                  0.16    0.15    2.87 ^ _150_/Y (sky130_fd_sc_hd__a21oi_1)
     3    0.01                           _081_ (net)
                  0.16    0.00    2.87 ^ _168_/A (sky130_fd_sc_hd__nor2_1)
                  0.07    0.07    2.94 v _168_/Y (sky130_fd_sc_hd__nor2_1)
     3    0.01                           _098_ (net)
                  0.07    0.00    2.94 v _169_/B (sky130_fd_sc_hd__or2_1)
                  0.04    0.15    3.09 v _169_/X (sky130_fd_sc_hd__or2_1)
     1    0.00                           _099_ (net)
                  0.04    0.00    3.09 v _170_/B (sky130_fd_sc_hd__xnor2_1)
                  0.11    0.11    3.20 ^ _170_/Y (sky130_fd_sc_hd__xnor2_1)
     1    0.00                           _100_ (net)
                  0.11    0.00    3.20 ^ _177_/A2 (sky130_fd_sc_hd__o22a_1)
                  0.08    0.12    3.32 ^ _177_/X (sky130_fd_sc_hd__o22a_1)
     2    0.01                           net23 (net)
                  0.08    0.00    3.32 ^ output23/A (sky130_fd_sc_hd__clkbuf_4)
                  0.08    0.14    3.47 ^ output23/X (sky130_fd_sc_hd__clkbuf_4)
     1    0.03                           result[3] (net)
                  0.08    0.00    3.47 ^ result[3] (out)
                                  3.47   data arrival time

                  0.00   10.00   10.00   clock __VIRTUAL_CLK__ (rise edge)
                          0.00   10.00   clock network delay (ideal)
                         -0.25    9.75   clock uncertainty
                          0.00    9.75   clock reconvergence pessimism
                         -2.00    7.75   output external delay
                                  7.75   data required time
-----------------------------------------------------------------------------
                                  7.75   data required time
                                 -3.47   data arrival time
-----------------------------------------------------------------------------
                                  4.28   slack (MET)


Startpoint: op[2] (input port clocked by __VIRTUAL_CLK__)
Endpoint: result[4] (output port clocked by __VIRTUAL_CLK__)
Path Group: __VIRTUAL_CLK__
Path Type: max
Corner: Fastest

Fanout     Cap    Slew   Delay    Time   Description
-----------------------------------------------------------------------------
                  0.00    0.00    0.00   clock __VIRTUAL_CLK__ (rise edge)
                          0.00    0.00   clock network delay (ideal)
                          2.00    2.00 v input external delay
                  0.00    0.00    2.00 v op[2] (in)
     1    0.00                           op[2] (net)
                  0.00    0.00    2.00 v input19/A (sky130_fd_sc_hd__buf_4)
                  0.04    0.11    2.11 v input19/X (sky130_fd_sc_hd__buf_4)
    10    0.04                           net19 (net)
                  0.05    0.00    2.11 v _130_/A (sky130_fd_sc_hd__or3b_4)
                  0.05    0.25    2.37 v _130_/X (sky130_fd_sc_hd__or3b_4)
     1    0.01                           _062_ (net)
                  0.05    0.00    2.37 v _131_/A (sky130_fd_sc_hd__buf_6)
                  0.03    0.10    2.47 v _131_/X (sky130_fd_sc_hd__buf_6)
     8    0.03                           _063_ (net)
                  0.03    0.00    2.47 v _132_/A2 (sky130_fd_sc_hd__a21bo_1)
                  0.03    0.13    2.60 v _132_/X (sky130_fd_sc_hd__a21bo_1)
     2    0.01                           _064_ (net)
                  0.03    0.00    2.60 v _135_/A1 (sky130_fd_sc_hd__a21o_1)
                  0.03    0.11    2.72 v _135_/X (sky130_fd_sc_hd__a21o_1)
     2    0.01                           _067_ (net)
                  0.03    0.00    2.72 v _150_/A1 (sky130_fd_sc_hd__a21oi_1)
                  0.16    0.15    2.87 ^ _150_/Y (sky130_fd_sc_hd__a21oi_1)
     3    0.01                           _081_ (net)
                  0.16    0.00    2.87 ^ _168_/A (sky130_fd_sc_hd__nor2_1)
                  0.07    0.07    2.94 v _168_/Y (sky130_fd_sc_hd__nor2_1)
     3    0.01                           _098_ (net)
                  0.07    0.00    2.94 v _189_/A1 (sky130_fd_sc_hd__o21ai_1)
                  0.11    0.13    3.08 ^ _189_/Y (sky130_fd_sc_hd__o21ai_1)
     1    0.01                           _003_ (net)
                  0.11    0.00    3.08 ^ _190_/B (sky130_fd_sc_hd__xnor2_1)
                  0.11    0.09    3.17 ^ _190_/Y (sky130_fd_sc_hd__xnor2_1)
     1    0.00                           _004_ (net)
                  0.11    0.00    3.17 ^ _191_/B1 (sky130_fd_sc_hd__o32a_1)
                  0.07    0.11    3.28 ^ _191_/X (sky130_fd_sc_hd__o32a_1)
     2    0.01                           net24 (net)
                  0.07    0.00    3.28 ^ output24/A (sky130_fd_sc_hd__clkbuf_4)
                  0.09    0.14    3.43 ^ output24/X (sky130_fd_sc_hd__clkbuf_4)
     1    0.03                           result[4] (net)
                  0.09    0.00    3.43 ^ result[4] (out)
                                  3.43   data arrival time

                  0.00   10.00   10.00   clock __VIRTUAL_CLK__ (rise edge)
                          0.00   10.00   clock network delay (ideal)
                         -0.25    9.75   clock uncertainty
                          0.00    9.75   clock reconvergence pessimism
                         -2.00    7.75   output external delay
                                  7.75   data required time
-----------------------------------------------------------------------------
                                  7.75   data required time
                                 -3.43   data arrival time
-----------------------------------------------------------------------------
                                  4.32   slack (MET)


Startpoint: op[2] (input port clocked by __VIRTUAL_CLK__)
Endpoint: result[1] (output port clocked by __VIRTUAL_CLK__)
Path Group: __VIRTUAL_CLK__
Path Type: max
Corner: Fastest

Fanout     Cap    Slew   Delay    Time   Description
-----------------------------------------------------------------------------
                  0.00    0.00    0.00   clock __VIRTUAL_CLK__ (rise edge)
                          0.00    0.00   clock network delay (ideal)
                          2.00    2.00 v input external delay
                  0.00    0.00    2.00 v op[2] (in)
     1    0.00                           op[2] (net)
                  0.00    0.00    2.00 v input19/A (sky130_fd_sc_hd__buf_4)
                  0.04    0.11    2.11 v input19/X (sky130_fd_sc_hd__buf_4)
    10    0.04                           net19 (net)
                  0.05    0.00    2.11 v _130_/A (sky130_fd_sc_hd__or3b_4)
                  0.05    0.25    2.37 v _130_/X (sky130_fd_sc_hd__or3b_4)
     1    0.01                           _062_ (net)
                  0.05    0.00    2.37 v _131_/A (sky130_fd_sc_hd__buf_6)
                  0.03    0.10    2.47 v _131_/X (sky130_fd_sc_hd__buf_6)
     8    0.03                           _063_ (net)
                  0.03    0.00    2.47 v _132_/A2 (sky130_fd_sc_hd__a21bo_1)
                  0.03    0.13    2.60 v _132_/X (sky130_fd_sc_hd__a21bo_1)
     2    0.01                           _064_ (net)
                  0.03    0.00    2.60 v _134_/B (sky130_fd_sc_hd__and3_1)
                  0.04    0.12    2.72 v _134_/X (sky130_fd_sc_hd__and3_1)
     2    0.01                           _066_ (net)
                  0.04    0.00    2.72 v _136_/A (sky130_fd_sc_hd__or2b_1)
                  0.04    0.15    2.87 v _136_/X (sky130_fd_sc_hd__or2b_1)
     1    0.01                           _068_ (net)
                  0.04    0.00    2.87 v _138_/A (sky130_fd_sc_hd__xnor2_1)
                  0.03    0.08    2.95 v _138_/Y (sky130_fd_sc_hd__xnor2_1)
     1    0.00                           _070_ (net)
                  0.03    0.00    2.95 v _149_/A2 (sky130_fd_sc_hd__a211o_1)
                  0.05    0.21    3.16 v _149_/X (sky130_fd_sc_hd__a211o_1)
     2    0.01                           net21 (net)
                  0.05    0.00    3.16 v output21/A (sky130_fd_sc_hd__clkbuf_4)
                  0.06    0.14    3.30 v output21/X (sky130_fd_sc_hd__clkbuf_4)
     1    0.03                           result[1] (net)
                  0.06    0.00    3.30 v result[1] (out)
                                  3.30   data arrival time

                  0.00   10.00   10.00   clock __VIRTUAL_CLK__ (rise edge)
                          0.00   10.00   clock network delay (ideal)
                         -0.25    9.75   clock uncertainty
                          0.00    9.75   clock reconvergence pessimism
                         -2.00    7.75   output external delay
                                  7.75   data required time
-----------------------------------------------------------------------------
                                  7.75   data required time
                                 -3.30   data arrival time
-----------------------------------------------------------------------------
                                  4.45   slack (MET)


Startpoint: op[2] (input port clocked by __VIRTUAL_CLK__)
Endpoint: result[2] (output port clocked by __VIRTUAL_CLK__)
Path Group: __VIRTUAL_CLK__
Path Type: max
Corner: Fastest

Fanout     Cap    Slew   Delay    Time   Description
-----------------------------------------------------------------------------
                  0.00    0.00    0.00   clock __VIRTUAL_CLK__ (rise edge)
                          0.00    0.00   clock network delay (ideal)
                          2.00    2.00 v input external delay
                  0.00    0.00    2.00 v op[2] (in)
     1    0.00                           op[2] (net)
                  0.00    0.00    2.00 v input19/A (sky130_fd_sc_hd__buf_4)
                  0.04    0.11    2.11 v input19/X (sky130_fd_sc_hd__buf_4)
    10    0.04                           net19 (net)
                  0.05    0.00    2.11 v _130_/A (sky130_fd_sc_hd__or3b_4)
                  0.05    0.25    2.37 v _130_/X (sky130_fd_sc_hd__or3b_4)
     1    0.01                           _062_ (net)
                  0.05    0.00    2.37 v _131_/A (sky130_fd_sc_hd__buf_6)
                  0.03    0.10    2.47 v _131_/X (sky130_fd_sc_hd__buf_6)
     8    0.03                           _063_ (net)
                  0.03    0.00    2.47 v _132_/A2 (sky130_fd_sc_hd__a21bo_1)
                  0.03    0.13    2.60 v _132_/X (sky130_fd_sc_hd__a21bo_1)
     2    0.01                           _064_ (net)
                  0.03    0.00    2.60 v _135_/A1 (sky130_fd_sc_hd__a21o_1)
                  0.03    0.11    2.72 v _135_/X (sky130_fd_sc_hd__a21o_1)
     2    0.01                           _067_ (net)
                  0.03    0.00    2.72 v _150_/A1 (sky130_fd_sc_hd__a21oi_1)
                  0.16    0.15    2.87 ^ _150_/Y (sky130_fd_sc_hd__a21oi_1)
     3    0.01                           _081_ (net)
                  0.16    0.00    2.87 ^ _155_/A (sky130_fd_sc_hd__or2_1)
                  0.03    0.09    2.96 ^ _155_/X (sky130_fd_sc_hd__or2_1)
     1    0.00                           _086_ (net)
                  0.03    0.00    2.96 ^ _161_/A3 (sky130_fd_sc_hd__a31o_1)
                  0.07    0.11    3.07 ^ _161_/X (sky130_fd_sc_hd__a31o_1)
     2    0.01                           net22 (net)
                  0.07    0.00    3.07 ^ output22/A (sky130_fd_sc_hd__clkbuf_4)
                  0.08    0.14    3.21 ^ output22/X (sky130_fd_sc_hd__clkbuf_4)
     1    0.03                           result[2] (net)
                  0.08    0.00    3.22 ^ result[2] (out)
                                  3.22   data arrival time

                  0.00   10.00   10.00   clock __VIRTUAL_CLK__ (rise edge)
                          0.00   10.00   clock network delay (ideal)
                         -0.25    9.75   clock uncertainty
                          0.00    9.75   clock reconvergence pessimism
                         -2.00    7.75   output external delay
                                  7.75   data required time
-----------------------------------------------------------------------------
                                  7.75   data required time
                                 -3.22   data arrival time
-----------------------------------------------------------------------------
                                  4.53   slack (MET)


Startpoint: op[1] (input port clocked by __VIRTUAL_CLK__)
Endpoint: result[0] (output port clocked by __VIRTUAL_CLK__)
Path Group: __VIRTUAL_CLK__
Path Type: max
Corner: Fastest

Fanout     Cap    Slew   Delay    Time   Description
-----------------------------------------------------------------------------
                  0.00    0.00    0.00   clock __VIRTUAL_CLK__ (rise edge)
                          0.00    0.00   clock network delay (ideal)
                          2.00    2.00 v input external delay
                  0.00    0.00    2.00 v op[1] (in)
     1    0.00                           op[1] (net)
                  0.00    0.00    2.00 v input18/A (sky130_fd_sc_hd__buf_2)
                  0.05    0.10    2.11 v input18/X (sky130_fd_sc_hd__buf_2)
    10    0.03                           net18 (net)
                  0.05    0.00    2.11 v _116_/A (sky130_fd_sc_hd__or3b_2)
                  0.09    0.34    2.45 v _116_/X (sky130_fd_sc_hd__or3b_2)
     4    0.02                           _049_ (net)
                  0.09    0.00    2.45 v _117_/B2 (sky130_fd_sc_hd__a2bb2o_1)
                  0.04    0.17    2.62 v _117_/X (sky130_fd_sc_hd__a2bb2o_1)
     1    0.00                           _050_ (net)
                  0.04    0.00    2.62 v _118_/B1 (sky130_fd_sc_hd__a21oi_1)
                  0.08    0.06    2.68 ^ _118_/Y (sky130_fd_sc_hd__a21oi_1)
     1    0.00                           _051_ (net)
                  0.08    0.00    2.68 ^ _127_/A (sky130_fd_sc_hd__or4_1)
                  0.03    0.08    2.76 ^ _127_/X (sky130_fd_sc_hd__or4_1)
     1    0.00                           _060_ (net)
                  0.03    0.00    2.76 ^ _128_/A (sky130_fd_sc_hd__buf_1)
                  0.11    0.11    2.87 ^ _128_/X (sky130_fd_sc_hd__buf_1)
     2    0.01                           net20 (net)
                  0.11    0.00    2.87 ^ output20/A (sky130_fd_sc_hd__clkbuf_4)
                  0.09    0.16    3.03 ^ output20/X (sky130_fd_sc_hd__clkbuf_4)
     1    0.03                           result[0] (net)
                  0.09    0.00    3.03 ^ result[0] (out)
                                  3.03   data arrival time

                  0.00   10.00   10.00   clock __VIRTUAL_CLK__ (rise edge)
                          0.00   10.00   clock network delay (ideal)
                         -0.25    9.75   clock uncertainty
                          0.00    9.75   clock reconvergence pessimism
                         -2.00    7.75   output external delay
                                  7.75   data required time
-----------------------------------------------------------------------------
                                  7.75   data required time
                                 -3.03   data arrival time
-----------------------------------------------------------------------------
                                  4.72   slack (MET)



======================= Slowest Corner ===================================

Startpoint: op[2] (input port clocked by __VIRTUAL_CLK__)
Endpoint: zero (output port clocked by __VIRTUAL_CLK__)
Path Group: __VIRTUAL_CLK__
Path Type: max
Corner: Slowest

Fanout     Cap    Slew   Delay    Time   Description
-----------------------------------------------------------------------------
                  0.00    0.00    0.00   clock __VIRTUAL_CLK__ (rise edge)
                          0.00    0.00   clock network delay (ideal)
                          2.00    2.00 v input external delay
                  0.02    0.01    2.01 v op[2] (in)
     1    0.00                           op[2] (net)
                  0.02    0.00    2.01 v input19/A (sky130_fd_sc_hd__buf_4)
                  0.11    0.30    2.31 v input19/X (sky130_fd_sc_hd__buf_4)
    10    0.04                           net19 (net)
                  0.11    0.00    2.31 v _130_/A (sky130_fd_sc_hd__or3b_4)
                  0.12    0.81    3.12 v _130_/X (sky130_fd_sc_hd__or3b_4)
     1    0.01                           _062_ (net)
                  0.12    0.00    3.12 v _131_/A (sky130_fd_sc_hd__buf_6)
                  0.07    0.28    3.40 v _131_/X (sky130_fd_sc_hd__buf_6)
     8    0.03                           _063_ (net)
                  0.07    0.00    3.41 v _132_/A2 (sky130_fd_sc_hd__a21bo_1)
                  0.08    0.38    3.79 v _132_/X (sky130_fd_sc_hd__a21bo_1)
     2    0.01                           _064_ (net)
                  0.08    0.00    3.79 v _134_/B (sky130_fd_sc_hd__and3_1)
                  0.09    0.38    4.17 v _134_/X (sky130_fd_sc_hd__and3_1)
     2    0.01                           _066_ (net)
                  0.09    0.00    4.17 v _136_/A (sky130_fd_sc_hd__or2b_1)
                  0.11    0.55    4.72 v _136_/X (sky130_fd_sc_hd__or2b_1)
     1    0.01                           _068_ (net)
                  0.11    0.00    4.72 v _138_/A (sky130_fd_sc_hd__xnor2_1)
                  0.09    0.25    4.96 v _138_/Y (sky130_fd_sc_hd__xnor2_1)
     1    0.00                           _070_ (net)
                  0.09    0.00    4.96 v _149_/A2 (sky130_fd_sc_hd__a211o_1)
                  0.13    0.63    5.59 v _149_/X (sky130_fd_sc_hd__a211o_1)
     2    0.01                           net21 (net)
                  0.13    0.00    5.59 v _236_/B (sky130_fd_sc_hd__or3_4)
                  0.12    0.77    6.37 v _236_/X (sky130_fd_sc_hd__or3_4)
     1    0.00                           _046_ (net)
                  0.12    0.00    6.37 v _237_/C (sky130_fd_sc_hd__or3_4)
                  0.13    0.72    7.09 v _237_/X (sky130_fd_sc_hd__or3_4)
     1    0.01                           _047_ (net)
                  0.13    0.00    7.09 v _238_/D (sky130_fd_sc_hd__nor4_4)
                  0.35    0.29    7.38 ^ _238_/Y (sky130_fd_sc_hd__nor4_4)
     1    0.01                           net28 (net)
                  0.35    0.00    7.38 ^ output28/A (sky130_fd_sc_hd__buf_6)
                  0.12    0.35    7.74 ^ output28/X (sky130_fd_sc_hd__buf_6)
     1    0.03                           zero (net)
                  0.12    0.00    7.74 ^ zero (out)
                                  7.74   data arrival time

                  0.00   10.00   10.00   clock __VIRTUAL_CLK__ (rise edge)
                          0.00   10.00   clock network delay (ideal)
                         -0.25    9.75   clock uncertainty
                          0.00    9.75   clock reconvergence pessimism
                         -2.00    7.75   output external delay
                                  7.75   data required time
-----------------------------------------------------------------------------
                                  7.75   data required time
                                 -7.74   data arrival time
-----------------------------------------------------------------------------
                                  0.01   slack (MET)


Startpoint: op[2] (input port clocked by __VIRTUAL_CLK__)
Endpoint: result[7] (output port clocked by __VIRTUAL_CLK__)
Path Group: __VIRTUAL_CLK__
Path Type: max
Corner: Slowest

Fanout     Cap    Slew   Delay    Time   Description
-----------------------------------------------------------------------------
                  0.00    0.00    0.00   clock __VIRTUAL_CLK__ (rise edge)
                          0.00    0.00   clock network delay (ideal)
                          2.00    2.00 v input external delay
                  0.02    0.01    2.01 v op[2] (in)
     1    0.00                           op[2] (net)
                  0.02    0.00    2.01 v input19/A (sky130_fd_sc_hd__buf_4)
                  0.11    0.30    2.31 v input19/X (sky130_fd_sc_hd__buf_4)
    10    0.04                           net19 (net)
                  0.11    0.00    2.31 v _130_/A (sky130_fd_sc_hd__or3b_4)
                  0.12    0.81    3.12 v _130_/X (sky130_fd_sc_hd__or3b_4)
     1    0.01                           _062_ (net)
                  0.12    0.00    3.12 v _131_/A (sky130_fd_sc_hd__buf_6)
                  0.07    0.28    3.40 v _131_/X (sky130_fd_sc_hd__buf_6)
     8    0.03                           _063_ (net)
                  0.07    0.00    3.41 v _184_/B1 (sky130_fd_sc_hd__o41a_1)
                  0.20    0.30    3.70 v _184_/X (sky130_fd_sc_hd__o41a_1)
     2    0.01                           _113_ (net)
                  0.20    0.00    3.70 v _193_/B1 (sky130_fd_sc_hd__a21o_1)
                  0.15    0.44    4.15 v _193_/X (sky130_fd_sc_hd__a21o_1)
     3    0.01                           _006_ (net)
                  0.15    0.00    4.15 v _210_/B1 (sky130_fd_sc_hd__a21oi_1)
                  0.23    0.28    4.43 ^ _210_/Y (sky130_fd_sc_hd__a21oi_1)
     1    0.01                           _022_ (net)
                  0.23    0.00    4.43 ^ _211_/B (sky130_fd_sc_hd__xnor2_1)
                  0.34    0.33    4.76 ^ _211_/Y (sky130_fd_sc_hd__xnor2_1)
     2    0.01                           _023_ (net)
                  0.34    0.00    4.76 ^ _212_/B (sky130_fd_sc_hd__xor2_1)
                  0.39    0.52    5.28 ^ _212_/X (sky130_fd_sc_hd__xor2_1)
     2    0.01                           _024_ (net)
                  0.39    0.00    5.28 ^ _213_/B1 (sky130_fd_sc_hd__a211oi_2)
                  0.16    0.22    5.50 v _213_/Y (sky130_fd_sc_hd__a211oi_2)
     3    0.01                           _025_ (net)
                  0.16    0.00    5.50 v _231_/A2 (sky130_fd_sc_hd__o31a_1)
                  0.08    0.57    6.07 v _231_/X (sky130_fd_sc_hd__o31a_1)
     1    0.00                           _042_ (net)
                  0.08    0.00    6.07 v _235_/A2 (sky130_fd_sc_hd__a21oi_1)
                  0.71    0.67    6.74 ^ _235_/Y (sky130_fd_sc_hd__a21oi_1)
     2    0.02                           net27 (net)
                  0.71    0.00    6.74 ^ output27/A (sky130_fd_sc_hd__clkbuf_4)
                  0.19    0.63    7.38 ^ output27/X (sky130_fd_sc_hd__clkbuf_4)
     1    0.04                           result[7] (net)
                  0.19    0.00    7.38 ^ result[7] (out)
                                  7.38   data arrival time

                  0.00   10.00   10.00   clock __VIRTUAL_CLK__ (rise edge)
                          0.00   10.00   clock network delay (ideal)
                         -0.25    9.75   clock uncertainty
                          0.00    9.75   clock reconvergence pessimism
                         -2.00    7.75   output external delay
                                  7.75   data required time
-----------------------------------------------------------------------------
                                  7.75   data required time
                                 -7.38   data arrival time
-----------------------------------------------------------------------------
                                  0.37   slack (MET)


Startpoint: op[2] (input port clocked by __VIRTUAL_CLK__)
Endpoint: result[6] (output port clocked by __VIRTUAL_CLK__)
Path Group: __VIRTUAL_CLK__
Path Type: max
Corner: Slowest

Fanout     Cap    Slew   Delay    Time   Description
-----------------------------------------------------------------------------
                  0.00    0.00    0.00   clock __VIRTUAL_CLK__ (rise edge)
                          0.00    0.00   clock network delay (ideal)
                          2.00    2.00 v input external delay
                  0.02    0.01    2.01 v op[2] (in)
     1    0.00                           op[2] (net)
                  0.02    0.00    2.01 v input19/A (sky130_fd_sc_hd__buf_4)
                  0.11    0.30    2.31 v input19/X (sky130_fd_sc_hd__buf_4)
    10    0.04                           net19 (net)
                  0.11    0.00    2.31 v _130_/A (sky130_fd_sc_hd__or3b_4)
                  0.12    0.81    3.12 v _130_/X (sky130_fd_sc_hd__or3b_4)
     1    0.01                           _062_ (net)
                  0.12    0.00    3.12 v _131_/A (sky130_fd_sc_hd__buf_6)
                  0.07    0.28    3.40 v _131_/X (sky130_fd_sc_hd__buf_6)
     8    0.03                           _063_ (net)
                  0.07    0.00    3.41 v _151_/B1 (sky130_fd_sc_hd__o21a_1)
                  0.11    0.25    3.65 v _151_/X (sky130_fd_sc_hd__o21a_1)
     2    0.01                           _082_ (net)
                  0.11    0.00    3.65 v _152_/B (sky130_fd_sc_hd__xnor2_1)
                  0.32    0.35    4.00 ^ _152_/Y (sky130_fd_sc_hd__xnor2_1)
     2    0.01                           _083_ (net)
                  0.32    0.00    4.00 ^ _153_/B (sky130_fd_sc_hd__xnor2_1)
                  0.16    0.28    4.28 v _153_/Y (sky130_fd_sc_hd__xnor2_1)
     3    0.01                           _084_ (net)
                  0.16    0.00    4.28 v _168_/B (sky130_fd_sc_hd__nor2_1)
                  0.39    0.39    4.68 ^ _168_/Y (sky130_fd_sc_hd__nor2_1)
     3    0.01                           _098_ (net)
                  0.39    0.00    4.68 ^ _199_/A1 (sky130_fd_sc_hd__o211ai_2)
                  0.22    0.38    5.06 v _199_/Y (sky130_fd_sc_hd__o211ai_2)
     3    0.01                           _012_ (net)
                  0.22    0.00    5.06 v _214_/A1 (sky130_fd_sc_hd__a21o_1)
                  0.06    0.37    5.42 v _214_/X (sky130_fd_sc_hd__a21o_1)
     1    0.00                           _026_ (net)
                  0.06    0.00    5.42 v _215_/A2 (sky130_fd_sc_hd__a21o_1)
                  0.06    0.32    5.75 v _215_/X (sky130_fd_sc_hd__a21o_1)
     1    0.00                           _027_ (net)
                  0.06    0.00    5.75 v _223_/A2 (sky130_fd_sc_hd__o21ai_1)
                  0.58    0.53    6.27 ^ _223_/Y (sky130_fd_sc_hd__o21ai_1)
     2    0.02                           net26 (net)
                  0.58    0.00    6.27 ^ output26/A (sky130_fd_sc_hd__clkbuf_4)
                  0.18    0.58    6.85 ^ output26/X (sky130_fd_sc_hd__clkbuf_4)
     1    0.03                           result[6] (net)
                  0.18    0.00    6.86 ^ result[6] (out)
                                  6.86   data arrival time

                  0.00   10.00   10.00   clock __VIRTUAL_CLK__ (rise edge)
                          0.00   10.00   clock network delay (ideal)
                         -0.25    9.75   clock uncertainty
                          0.00    9.75   clock reconvergence pessimism
                         -2.00    7.75   output external delay
                                  7.75   data required time
-----------------------------------------------------------------------------
                                  7.75   data required time
                                 -6.86   data arrival time
-----------------------------------------------------------------------------
                                  0.89   slack (MET)


Startpoint: op[2] (input port clocked by __VIRTUAL_CLK__)
Endpoint: result[5] (output port clocked by __VIRTUAL_CLK__)
Path Group: __VIRTUAL_CLK__
Path Type: max
Corner: Slowest

Fanout     Cap    Slew   Delay    Time   Description
-----------------------------------------------------------------------------
                  0.00    0.00    0.00   clock __VIRTUAL_CLK__ (rise edge)
                          0.00    0.00   clock network delay (ideal)
                          2.00    2.00 v input external delay
                  0.02    0.01    2.01 v op[2] (in)
     1    0.00                           op[2] (net)
                  0.02    0.00    2.01 v input19/A (sky130_fd_sc_hd__buf_4)
                  0.11    0.30    2.31 v input19/X (sky130_fd_sc_hd__buf_4)
    10    0.04                           net19 (net)
                  0.11    0.00    2.31 v _130_/A (sky130_fd_sc_hd__or3b_4)
                  0.12    0.81    3.12 v _130_/X (sky130_fd_sc_hd__or3b_4)
     1    0.01                           _062_ (net)
                  0.12    0.00    3.12 v _131_/A (sky130_fd_sc_hd__buf_6)
                  0.07    0.28    3.40 v _131_/X (sky130_fd_sc_hd__buf_6)
     8    0.03                           _063_ (net)
                  0.07    0.00    3.41 v _184_/B1 (sky130_fd_sc_hd__o41a_1)
                  0.20    0.30    3.70 v _184_/X (sky130_fd_sc_hd__o41a_1)
     2    0.01                           _113_ (net)
                  0.20    0.00    3.70 v _193_/B1 (sky130_fd_sc_hd__a21o_1)
                  0.15    0.44    4.15 v _193_/X (sky130_fd_sc_hd__a21o_1)
     3    0.01                           _006_ (net)
                  0.15    0.00    4.15 v _194_/B (sky130_fd_sc_hd__xor2_1)
                  0.15    0.34    4.49 v _194_/X (sky130_fd_sc_hd__xor2_1)
     3    0.01                           _007_ (net)
                  0.15    0.00    4.49 v _196_/B (sky130_fd_sc_hd__and2_1)
                  0.12    0.43    4.92 v _196_/X (sky130_fd_sc_hd__and2_1)
     3    0.01                           _009_ (net)
                  0.12    0.00    4.92 v _197_/B (sky130_fd_sc_hd__or2_1)
                  0.12    0.53    5.45 v _197_/X (sky130_fd_sc_hd__or2_1)
     1    0.00                           _010_ (net)
                  0.12    0.00    5.45 v _201_/A (sky130_fd_sc_hd__xnor2_1)
                  0.27    0.34    5.79 ^ _201_/Y (sky130_fd_sc_hd__xnor2_1)
     1    0.01                           _014_ (net)
                  0.27    0.00    5.80 ^ _208_/A2 (sky130_fd_sc_hd__o21a_1)
                  0.30    0.47    6.27 ^ _208_/X (sky130_fd_sc_hd__o21a_1)
     2    0.02                           net25 (net)
                  0.30    0.00    6.27 ^ output25/A (sky130_fd_sc_hd__clkbuf_4)
                  0.18    0.46    6.73 ^ output25/X (sky130_fd_sc_hd__clkbuf_4)
     1    0.03                           result[5] (net)
                  0.18    0.00    6.73 ^ result[5] (out)
                                  6.73   data arrival time

                  0.00   10.00   10.00   clock __VIRTUAL_CLK__ (rise edge)
                          0.00   10.00   clock network delay (ideal)
                         -0.25    9.75   clock uncertainty
                          0.00    9.75   clock reconvergence pessimism
                         -2.00    7.75   output external delay
                                  7.75   data required time
-----------------------------------------------------------------------------
                                  7.75   data required time
                                 -6.73   data arrival time
-----------------------------------------------------------------------------
                                  1.02   slack (MET)


Startpoint: op[2] (input port clocked by __VIRTUAL_CLK__)
Endpoint: result[3] (output port clocked by __VIRTUAL_CLK__)
Path Group: __VIRTUAL_CLK__
Path Type: max
Corner: Slowest

Fanout     Cap    Slew   Delay    Time   Description
-----------------------------------------------------------------------------
                  0.00    0.00    0.00   clock __VIRTUAL_CLK__ (rise edge)
                          0.00    0.00   clock network delay (ideal)
                          2.00    2.00 v input external delay
                  0.02    0.01    2.01 v op[2] (in)
     1    0.00                           op[2] (net)
                  0.02    0.00    2.01 v input19/A (sky130_fd_sc_hd__buf_4)
                  0.11    0.30    2.31 v input19/X (sky130_fd_sc_hd__buf_4)
    10    0.04                           net19 (net)
                  0.11    0.00    2.31 v _130_/A (sky130_fd_sc_hd__or3b_4)
                  0.12    0.81    3.12 v _130_/X (sky130_fd_sc_hd__or3b_4)
     1    0.01                           _062_ (net)
                  0.12    0.00    3.12 v _131_/A (sky130_fd_sc_hd__buf_6)
                  0.07    0.28    3.40 v _131_/X (sky130_fd_sc_hd__buf_6)
     8    0.03                           _063_ (net)
                  0.07    0.00    3.41 v _132_/A2 (sky130_fd_sc_hd__a21bo_1)
                  0.08    0.38    3.79 v _132_/X (sky130_fd_sc_hd__a21bo_1)
     2    0.01                           _064_ (net)
                  0.08    0.00    3.79 v _134_/B (sky130_fd_sc_hd__and3_1)
                  0.09    0.38    4.17 v _134_/X (sky130_fd_sc_hd__and3_1)
     2    0.01                           _066_ (net)
                  0.09    0.00    4.17 v _150_/B1 (sky130_fd_sc_hd__a21oi_1)
                  0.36    0.36    4.53 ^ _150_/Y (sky130_fd_sc_hd__a21oi_1)
     3    0.01                           _081_ (net)
                  0.36    0.00    4.53 ^ _168_/A (sky130_fd_sc_hd__nor2_1)
                  0.15    0.27    4.80 v _168_/Y (sky130_fd_sc_hd__nor2_1)
     3    0.01                           _098_ (net)
                  0.15    0.00    4.80 v _169_/B (sky130_fd_sc_hd__or2_1)
                  0.12    0.54    5.34 v _169_/X (sky130_fd_sc_hd__or2_1)
     1    0.00                           _099_ (net)
                  0.12    0.00    5.34 v _170_/B (sky130_fd_sc_hd__xnor2_1)
                  0.11    0.25    5.60 v _170_/Y (sky130_fd_sc_hd__xnor2_1)
     1    0.00                           _100_ (net)
                  0.11    0.00    5.60 v _177_/A2 (sky130_fd_sc_hd__o22a_1)
                  0.15    0.47    6.07 v _177_/X (sky130_fd_sc_hd__o22a_1)
     2    0.01                           net23 (net)
                  0.15    0.00    6.07 v output23/A (sky130_fd_sc_hd__clkbuf_4)
                  0.14    0.38    6.45 v output23/X (sky130_fd_sc_hd__clkbuf_4)
     1    0.03                           result[3] (net)
                  0.14    0.00    6.45 v result[3] (out)
                                  6.45   data arrival time

                  0.00   10.00   10.00   clock __VIRTUAL_CLK__ (rise edge)
                          0.00   10.00   clock network delay (ideal)
                         -0.25    9.75   clock uncertainty
                          0.00    9.75   clock reconvergence pessimism
                         -2.00    7.75   output external delay
                                  7.75   data required time
-----------------------------------------------------------------------------
                                  7.75   data required time
                                 -6.45   data arrival time
-----------------------------------------------------------------------------
                                  1.30   slack (MET)


Startpoint: op[2] (input port clocked by __VIRTUAL_CLK__)
Endpoint: result[4] (output port clocked by __VIRTUAL_CLK__)
Path Group: __VIRTUAL_CLK__
Path Type: max
Corner: Slowest

Fanout     Cap    Slew   Delay    Time   Description
-----------------------------------------------------------------------------
                  0.00    0.00    0.00   clock __VIRTUAL_CLK__ (rise edge)
                          0.00    0.00   clock network delay (ideal)
                          2.00    2.00 v input external delay
                  0.02    0.01    2.01 v op[2] (in)
     1    0.00                           op[2] (net)
                  0.02    0.00    2.01 v input19/A (sky130_fd_sc_hd__buf_4)
                  0.11    0.30    2.31 v input19/X (sky130_fd_sc_hd__buf_4)
    10    0.04                           net19 (net)
                  0.11    0.00    2.31 v _130_/A (sky130_fd_sc_hd__or3b_4)
                  0.12    0.81    3.12 v _130_/X (sky130_fd_sc_hd__or3b_4)
     1    0.01                           _062_ (net)
                  0.12    0.00    3.12 v _131_/A (sky130_fd_sc_hd__buf_6)
                  0.07    0.28    3.40 v _131_/X (sky130_fd_sc_hd__buf_6)
     8    0.03                           _063_ (net)
                  0.07    0.00    3.41 v _132_/A2 (sky130_fd_sc_hd__a21bo_1)
                  0.08    0.38    3.79 v _132_/X (sky130_fd_sc_hd__a21bo_1)
     2    0.01                           _064_ (net)
                  0.08    0.00    3.79 v _134_/B (sky130_fd_sc_hd__and3_1)
                  0.09    0.38    4.17 v _134_/X (sky130_fd_sc_hd__and3_1)
     2    0.01                           _066_ (net)
                  0.09    0.00    4.17 v _150_/B1 (sky130_fd_sc_hd__a21oi_1)
                  0.36    0.36    4.53 ^ _150_/Y (sky130_fd_sc_hd__a21oi_1)
     3    0.01                           _081_ (net)
                  0.36    0.00    4.53 ^ _168_/A (sky130_fd_sc_hd__nor2_1)
                  0.15    0.27    4.80 v _168_/Y (sky130_fd_sc_hd__nor2_1)
     3    0.01                           _098_ (net)
                  0.15    0.00    4.80 v _189_/A1 (sky130_fd_sc_hd__o21ai_1)
                  0.25    0.33    5.13 ^ _189_/Y (sky130_fd_sc_hd__o21ai_1)
     1    0.01                           _003_ (net)
                  0.25    0.00    5.13 ^ _190_/B (sky130_fd_sc_hd__xnor2_1)
                  0.24    0.30    5.43 ^ _190_/Y (sky130_fd_sc_hd__xnor2_1)
     1    0.00                           _004_ (net)
                  0.24    0.00    5.43 ^ _191_/B1 (sky130_fd_sc_hd__o32a_1)
                  0.17    0.43    5.86 ^ _191_/X (sky130_fd_sc_hd__o32a_1)
     2    0.01                           net24 (net)
                  0.17    0.00    5.86 ^ output24/A (sky130_fd_sc_hd__clkbuf_4)
                  0.18    0.39    6.25 ^ output24/X (sky130_fd_sc_hd__clkbuf_4)
     1    0.03                           result[4] (net)
                  0.18    0.00    6.26 ^ result[4] (out)
                                  6.26   data arrival time

                  0.00   10.00   10.00   clock __VIRTUAL_CLK__ (rise edge)
                          0.00   10.00   clock network delay (ideal)
                         -0.25    9.75   clock uncertainty
                          0.00    9.75   clock reconvergence pessimism
                         -2.00    7.75   output external delay
                                  7.75   data required time
-----------------------------------------------------------------------------
                                  7.75   data required time
                                 -6.26   data arrival time
-----------------------------------------------------------------------------
                                  1.49   slack (MET)


Startpoint: op[2] (input port clocked by __VIRTUAL_CLK__)
Endpoint: result[1] (output port clocked by __VIRTUAL_CLK__)
Path Group: __VIRTUAL_CLK__
Path Type: max
Corner: Slowest

Fanout     Cap    Slew   Delay    Time   Description
-----------------------------------------------------------------------------
                  0.00    0.00    0.00   clock __VIRTUAL_CLK__ (rise edge)
                          0.00    0.00   clock network delay (ideal)
                          2.00    2.00 v input external delay
                  0.02    0.01    2.01 v op[2] (in)
     1    0.00                           op[2] (net)
                  0.02    0.00    2.01 v input19/A (sky130_fd_sc_hd__buf_4)
                  0.11    0.30    2.31 v input19/X (sky130_fd_sc_hd__buf_4)
    10    0.04                           net19 (net)
                  0.11    0.00    2.31 v _130_/A (sky130_fd_sc_hd__or3b_4)
                  0.12    0.81    3.12 v _130_/X (sky130_fd_sc_hd__or3b_4)
     1    0.01                           _062_ (net)
                  0.12    0.00    3.12 v _131_/A (sky130_fd_sc_hd__buf_6)
                  0.07    0.28    3.40 v _131_/X (sky130_fd_sc_hd__buf_6)
     8    0.03                           _063_ (net)
                  0.07    0.00    3.41 v _132_/A2 (sky130_fd_sc_hd__a21bo_1)
                  0.08    0.38    3.79 v _132_/X (sky130_fd_sc_hd__a21bo_1)
     2    0.01                           _064_ (net)
                  0.08    0.00    3.79 v _134_/B (sky130_fd_sc_hd__and3_1)
                  0.09    0.38    4.17 v _134_/X (sky130_fd_sc_hd__and3_1)
     2    0.01                           _066_ (net)
                  0.09    0.00    4.17 v _136_/A (sky130_fd_sc_hd__or2b_1)
                  0.11    0.55    4.72 v _136_/X (sky130_fd_sc_hd__or2b_1)
     1    0.01                           _068_ (net)
                  0.11    0.00    4.72 v _138_/A (sky130_fd_sc_hd__xnor2_1)
                  0.09    0.25    4.96 v _138_/Y (sky130_fd_sc_hd__xnor2_1)
     1    0.00                           _070_ (net)
                  0.09    0.00    4.96 v _149_/A2 (sky130_fd_sc_hd__a211o_1)
                  0.13    0.63    5.59 v _149_/X (sky130_fd_sc_hd__a211o_1)
     2    0.01                           net21 (net)
                  0.13    0.00    5.59 v output21/A (sky130_fd_sc_hd__clkbuf_4)
                  0.14    0.37    5.96 v output21/X (sky130_fd_sc_hd__clkbuf_4)
     1    0.03                           result[1] (net)
                  0.14    0.00    5.97 v result[1] (out)
                                  5.97   data arrival time

                  0.00   10.00   10.00   clock __VIRTUAL_CLK__ (rise edge)
                          0.00   10.00   clock network delay (ideal)
                         -0.25    9.75   clock uncertainty
                          0.00    9.75   clock reconvergence pessimism
                         -2.00    7.75   output external delay
                                  7.75   data required time
-----------------------------------------------------------------------------
                                  7.75   data required time
                                 -5.97   data arrival time
-----------------------------------------------------------------------------
                                  1.78   slack (MET)


Startpoint: op[2] (input port clocked by __VIRTUAL_CLK__)
Endpoint: result[2] (output port clocked by __VIRTUAL_CLK__)
Path Group: __VIRTUAL_CLK__
Path Type: max
Corner: Slowest

Fanout     Cap    Slew   Delay    Time   Description
-----------------------------------------------------------------------------
                  0.00    0.00    0.00   clock __VIRTUAL_CLK__ (rise edge)
                          0.00    0.00   clock network delay (ideal)
                          2.00    2.00 v input external delay
                  0.02    0.01    2.01 v op[2] (in)
     1    0.00                           op[2] (net)
                  0.02    0.00    2.01 v input19/A (sky130_fd_sc_hd__buf_4)
                  0.11    0.30    2.31 v input19/X (sky130_fd_sc_hd__buf_4)
    10    0.04                           net19 (net)
                  0.11    0.00    2.31 v _130_/A (sky130_fd_sc_hd__or3b_4)
                  0.12    0.81    3.12 v _130_/X (sky130_fd_sc_hd__or3b_4)
     1    0.01                           _062_ (net)
                  0.12    0.00    3.12 v _131_/A (sky130_fd_sc_hd__buf_6)
                  0.07    0.28    3.40 v _131_/X (sky130_fd_sc_hd__buf_6)
     8    0.03                           _063_ (net)
                  0.07    0.00    3.41 v _151_/B1 (sky130_fd_sc_hd__o21a_1)
                  0.11    0.25    3.65 v _151_/X (sky130_fd_sc_hd__o21a_1)
     2    0.01                           _082_ (net)
                  0.11    0.00    3.65 v _152_/B (sky130_fd_sc_hd__xnor2_1)
                  0.32    0.35    4.00 ^ _152_/Y (sky130_fd_sc_hd__xnor2_1)
     2    0.01                           _083_ (net)
                  0.32    0.00    4.00 ^ _153_/B (sky130_fd_sc_hd__xnor2_1)
                  0.16    0.28    4.28 v _153_/Y (sky130_fd_sc_hd__xnor2_1)
     3    0.01                           _084_ (net)
                  0.16    0.00    4.28 v _155_/B (sky130_fd_sc_hd__or2_1)
                  0.10    0.52    4.80 v _155_/X (sky130_fd_sc_hd__or2_1)
     1    0.00                           _086_ (net)
                  0.10    0.00    4.80 v _161_/A3 (sky130_fd_sc_hd__a31o_1)
                  0.11    0.47    5.27 v _161_/X (sky130_fd_sc_hd__a31o_1)
     2    0.01                           net22 (net)
                  0.11    0.00    5.27 v output22/A (sky130_fd_sc_hd__clkbuf_4)
                  0.14    0.36    5.63 v output22/X (sky130_fd_sc_hd__clkbuf_4)
     1    0.03                           result[2] (net)
                  0.14    0.00    5.63 v result[2] (out)
                                  5.63   data arrival time

                  0.00   10.00   10.00   clock __VIRTUAL_CLK__ (rise edge)
                          0.00   10.00   clock network delay (ideal)
                         -0.25    9.75   clock uncertainty
                          0.00    9.75   clock reconvergence pessimism
                         -2.00    7.75   output external delay
                                  7.75   data required time
-----------------------------------------------------------------------------
                                  7.75   data required time
                                 -5.63   data arrival time
-----------------------------------------------------------------------------
                                  2.12   slack (MET)


Startpoint: op[1] (input port clocked by __VIRTUAL_CLK__)
Endpoint: result[0] (output port clocked by __VIRTUAL_CLK__)
Path Group: __VIRTUAL_CLK__
Path Type: max
Corner: Slowest

Fanout     Cap    Slew   Delay    Time   Description
-----------------------------------------------------------------------------
                  0.00    0.00    0.00   clock __VIRTUAL_CLK__ (rise edge)
                          0.00    0.00   clock network delay (ideal)
                          2.00    2.00 v input external delay
                  0.02    0.01    2.01 v op[1] (in)
     1    0.00                           op[1] (net)
                  0.02    0.00    2.01 v input18/A (sky130_fd_sc_hd__buf_2)
                  0.14    0.31    2.32 v input18/X (sky130_fd_sc_hd__buf_2)
    10    0.03                           net18 (net)
                  0.14    0.00    2.32 v _116_/A (sky130_fd_sc_hd__or3b_2)
                  0.26    1.34    3.66 v _116_/X (sky130_fd_sc_hd__or3b_2)
     4    0.02                           _049_ (net)
                  0.26    0.00    3.66 v _117_/B2 (sky130_fd_sc_hd__a2bb2o_1)
                  0.10    0.65    4.31 v _117_/X (sky130_fd_sc_hd__a2bb2o_1)
     1    0.00                           _050_ (net)
                  0.10    0.00    4.31 v _118_/B1 (sky130_fd_sc_hd__a21oi_1)
                  0.17    0.21    4.52 ^ _118_/Y (sky130_fd_sc_hd__a21oi_1)
     1    0.00                           _051_ (net)
                  0.17    0.00    4.52 ^ _127_/A (sky130_fd_sc_hd__or4_1)
                  0.07    0.23    4.75 ^ _127_/X (sky130_fd_sc_hd__or4_1)
     1    0.00                           _060_ (net)
                  0.07    0.00    4.75 ^ _128_/A (sky130_fd_sc_hd__buf_1)
                  0.25    0.29    5.04 ^ _128_/X (sky130_fd_sc_hd__buf_1)
     2    0.01                           net20 (net)
                  0.25    0.00    5.04 ^ output20/A (sky130_fd_sc_hd__clkbuf_4)
                  0.18    0.43    5.47 ^ output20/X (sky130_fd_sc_hd__clkbuf_4)
     1    0.03                           result[0] (net)
                  0.18    0.00    5.47 ^ result[0] (out)
                                  5.47   data arrival time

                  0.00   10.00   10.00   clock __VIRTUAL_CLK__ (rise edge)
                          0.00   10.00   clock network delay (ideal)
                         -0.25    9.75   clock uncertainty
                          0.00    9.75   clock reconvergence pessimism
                         -2.00    7.75   output external delay
                                  7.75   data required time
-----------------------------------------------------------------------------
                                  7.75   data required time
                                 -5.47   data arrival time
-----------------------------------------------------------------------------
                                  2.28   slack (MET)



======================= Typical Corner ===================================

Startpoint: op[2] (input port clocked by __VIRTUAL_CLK__)
Endpoint: zero (output port clocked by __VIRTUAL_CLK__)
Path Group: __VIRTUAL_CLK__
Path Type: max
Corner: Typical

Fanout     Cap    Slew   Delay    Time   Description
-----------------------------------------------------------------------------
                  0.00    0.00    0.00   clock __VIRTUAL_CLK__ (rise edge)
                          0.00    0.00   clock network delay (ideal)
                          2.00    2.00 v input external delay
                  0.01    0.00    2.00 v op[2] (in)
     1    0.00                           op[2] (net)
                  0.01    0.00    2.00 v input19/A (sky130_fd_sc_hd__buf_4)
                  0.06    0.16    2.16 v input19/X (sky130_fd_sc_hd__buf_4)
    10    0.04                           net19 (net)
                  0.06    0.00    2.17 v _130_/A (sky130_fd_sc_hd__or3b_4)
                  0.07    0.41    2.58 v _130_/X (sky130_fd_sc_hd__or3b_4)
     1    0.01                           _062_ (net)
                  0.07    0.00    2.58 v _131_/A (sky130_fd_sc_hd__buf_6)
                  0.04    0.15    2.73 v _131_/X (sky130_fd_sc_hd__buf_6)
     8    0.03                           _063_ (net)
                  0.04    0.00    2.74 v _132_/A2 (sky130_fd_sc_hd__a21bo_1)
                  0.05    0.21    2.94 v _132_/X (sky130_fd_sc_hd__a21bo_1)
     2    0.01                           _064_ (net)
                  0.05    0.00    2.94 v _134_/B (sky130_fd_sc_hd__and3_1)
                  0.05    0.18    3.13 v _134_/X (sky130_fd_sc_hd__and3_1)
     2    0.01                           _066_ (net)
                  0.05    0.00    3.13 v _136_/A (sky130_fd_sc_hd__or2b_1)
                  0.06    0.24    3.37 v _136_/X (sky130_fd_sc_hd__or2b_1)
     1    0.01                           _068_ (net)
                  0.06    0.00    3.37 v _138_/A (sky130_fd_sc_hd__xnor2_1)
                  0.05    0.13    3.50 v _138_/Y (sky130_fd_sc_hd__xnor2_1)
     1    0.00                           _070_ (net)
                  0.05    0.00    3.50 v _149_/A2 (sky130_fd_sc_hd__a211o_1)
                  0.07    0.33    3.83 v _149_/X (sky130_fd_sc_hd__a211o_1)
     2    0.01                           net21 (net)
                  0.07    0.00    3.83 v _236_/B (sky130_fd_sc_hd__or3_4)
                  0.07    0.39    4.22 v _236_/X (sky130_fd_sc_hd__or3_4)
     1    0.00                           _046_ (net)
                  0.07    0.00    4.22 v _237_/C (sky130_fd_sc_hd__or3_4)
                  0.07    0.36    4.58 v _237_/X (sky130_fd_sc_hd__or3_4)
     1    0.01                           _047_ (net)
                  0.07    0.00    4.58 v _238_/D (sky130_fd_sc_hd__nor4_4)
                  0.21    0.16    4.74 ^ _238_/Y (sky130_fd_sc_hd__nor4_4)
     1    0.01                           net28 (net)
                  0.21    0.00    4.74 ^ output28/A (sky130_fd_sc_hd__buf_6)
                  0.08    0.18    4.92 ^ output28/X (sky130_fd_sc_hd__buf_6)
     1    0.03                           zero (net)
                  0.08    0.00    4.92 ^ zero (out)
                                  4.92   data arrival time

                  0.00   10.00   10.00   clock __VIRTUAL_CLK__ (rise edge)
                          0.00   10.00   clock network delay (ideal)
                         -0.25    9.75   clock uncertainty
                          0.00    9.75   clock reconvergence pessimism
                         -2.00    7.75   output external delay
                                  7.75   data required time
-----------------------------------------------------------------------------
                                  7.75   data required time
                                 -4.92   data arrival time
-----------------------------------------------------------------------------
                                  2.83   slack (MET)


Startpoint: op[2] (input port clocked by __VIRTUAL_CLK__)
Endpoint: result[7] (output port clocked by __VIRTUAL_CLK__)
Path Group: __VIRTUAL_CLK__
Path Type: max
Corner: Typical

Fanout     Cap    Slew   Delay    Time   Description
-----------------------------------------------------------------------------
                  0.00    0.00    0.00   clock __VIRTUAL_CLK__ (rise edge)
                          0.00    0.00   clock network delay (ideal)
                          2.00    2.00 v input external delay
                  0.01    0.00    2.00 v op[2] (in)
     1    0.00                           op[2] (net)
                  0.01    0.00    2.00 v input19/A (sky130_fd_sc_hd__buf_4)
                  0.06    0.16    2.16 v input19/X (sky130_fd_sc_hd__buf_4)
    10    0.04                           net19 (net)
                  0.06    0.00    2.17 v _130_/A (sky130_fd_sc_hd__or3b_4)
                  0.07    0.41    2.58 v _130_/X (sky130_fd_sc_hd__or3b_4)
     1    0.01                           _062_ (net)
                  0.07    0.00    2.58 v _131_/A (sky130_fd_sc_hd__buf_6)
                  0.04    0.15    2.73 v _131_/X (sky130_fd_sc_hd__buf_6)
     8    0.03                           _063_ (net)
                  0.04    0.00    2.74 v _132_/A2 (sky130_fd_sc_hd__a21bo_1)
                  0.05    0.21    2.94 v _132_/X (sky130_fd_sc_hd__a21bo_1)
     2    0.01                           _064_ (net)
                  0.05    0.00    2.94 v _134_/B (sky130_fd_sc_hd__and3_1)
                  0.05    0.18    3.13 v _134_/X (sky130_fd_sc_hd__and3_1)
     2    0.01                           _066_ (net)
                  0.05    0.00    3.13 v _150_/B1 (sky130_fd_sc_hd__a21oi_1)
                  0.22    0.21    3.34 ^ _150_/Y (sky130_fd_sc_hd__a21oi_1)
     3    0.01                           _081_ (net)
                  0.22    0.00    3.34 ^ _168_/A (sky130_fd_sc_hd__nor2_1)
                  0.09    0.13    3.47 v _168_/Y (sky130_fd_sc_hd__nor2_1)
     3    0.01                           _098_ (net)
                  0.09    0.00    3.47 v _199_/A1 (sky130_fd_sc_hd__o211ai_2)
                  0.20    0.24    3.72 ^ _199_/Y (sky130_fd_sc_hd__o211ai_2)
     3    0.01                           _012_ (net)
                  0.20    0.00    3.72 ^ _213_/A1 (sky130_fd_sc_hd__a211oi_2)
                  0.09    0.12    3.84 v _213_/Y (sky130_fd_sc_hd__a211oi_2)
     3    0.01                           _025_ (net)
                  0.09    0.00    3.84 v _231_/A2 (sky130_fd_sc_hd__o31a_1)
                  0.04    0.29    4.14 v _231_/X (sky130_fd_sc_hd__o31a_1)
     1    0.00                           _042_ (net)
                  0.04    0.00    4.14 v _235_/A2 (sky130_fd_sc_hd__a21oi_1)
                  0.44    0.40    4.54 ^ _235_/Y (sky130_fd_sc_hd__a21oi_1)
     2    0.02                           net27 (net)
                  0.44    0.00    4.54 ^ output27/A (sky130_fd_sc_hd__clkbuf_4)
                  0.12    0.32    4.86 ^ output27/X (sky130_fd_sc_hd__clkbuf_4)
     1    0.04                           result[7] (net)
                  0.12    0.00    4.86 ^ result[7] (out)
                                  4.86   data arrival time

                  0.00   10.00   10.00   clock __VIRTUAL_CLK__ (rise edge)
                          0.00   10.00   clock network delay (ideal)
                         -0.25    9.75   clock uncertainty
                          0.00    9.75   clock reconvergence pessimism
                         -2.00    7.75   output external delay
                                  7.75   data required time
-----------------------------------------------------------------------------
                                  7.75   data required time
                                 -4.86   data arrival time
-----------------------------------------------------------------------------
                                  2.89   slack (MET)


Startpoint: op[2] (input port clocked by __VIRTUAL_CLK__)
Endpoint: result[6] (output port clocked by __VIRTUAL_CLK__)
Path Group: __VIRTUAL_CLK__
Path Type: max
Corner: Typical

Fanout     Cap    Slew   Delay    Time   Description
-----------------------------------------------------------------------------
                  0.00    0.00    0.00   clock __VIRTUAL_CLK__ (rise edge)
                          0.00    0.00   clock network delay (ideal)
                          2.00    2.00 v input external delay
                  0.01    0.00    2.00 v op[2] (in)
     1    0.00                           op[2] (net)
                  0.01    0.00    2.00 v input19/A (sky130_fd_sc_hd__buf_4)
                  0.06    0.16    2.16 v input19/X (sky130_fd_sc_hd__buf_4)
    10    0.04                           net19 (net)
                  0.06    0.00    2.17 v _130_/A (sky130_fd_sc_hd__or3b_4)
                  0.07    0.41    2.58 v _130_/X (sky130_fd_sc_hd__or3b_4)
     1    0.01                           _062_ (net)
                  0.07    0.00    2.58 v _131_/A (sky130_fd_sc_hd__buf_6)
                  0.04    0.15    2.73 v _131_/X (sky130_fd_sc_hd__buf_6)
     8    0.03                           _063_ (net)
                  0.04    0.00    2.74 v _151_/B1 (sky130_fd_sc_hd__o21a_1)
                  0.06    0.13    2.87 v _151_/X (sky130_fd_sc_hd__o21a_1)
     2    0.01                           _082_ (net)
                  0.06    0.00    2.87 v _162_/B1 (sky130_fd_sc_hd__a21o_1)
                  0.04    0.17    3.04 v _162_/X (sky130_fd_sc_hd__a21o_1)
     1    0.01                           _092_ (net)
                  0.04    0.00    3.04 v _163_/B (sky130_fd_sc_hd__xnor2_1)
                  0.22    0.22    3.26 ^ _163_/Y (sky130_fd_sc_hd__xnor2_1)
     3    0.01                           _093_ (net)
                  0.22    0.00    3.26 ^ _165_/B (sky130_fd_sc_hd__or2_1)
                  0.13    0.21    3.47 ^ _165_/X (sky130_fd_sc_hd__or2_1)
     3    0.01                           _095_ (net)
                  0.13    0.00    3.47 ^ _199_/C1 (sky130_fd_sc_hd__o211ai_2)
                  0.10    0.13    3.60 v _199_/Y (sky130_fd_sc_hd__o211ai_2)
     3    0.01                           _012_ (net)
                  0.10    0.00    3.60 v _214_/A1 (sky130_fd_sc_hd__a21o_1)
                  0.03    0.18    3.78 v _214_/X (sky130_fd_sc_hd__a21o_1)
     1    0.00                           _026_ (net)
                  0.03    0.00    3.78 v _215_/A2 (sky130_fd_sc_hd__a21o_1)
                  0.03    0.17    3.96 v _215_/X (sky130_fd_sc_hd__a21o_1)
     1    0.00                           _027_ (net)
                  0.03    0.00    3.96 v _223_/A2 (sky130_fd_sc_hd__o21ai_1)
                  0.35    0.31    4.26 ^ _223_/Y (sky130_fd_sc_hd__o21ai_1)
     2    0.02                           net26 (net)
                  0.35    0.00    4.26 ^ output26/A (sky130_fd_sc_hd__clkbuf_4)
                  0.11    0.29    4.56 ^ output26/X (sky130_fd_sc_hd__clkbuf_4)
     1    0.03                           result[6] (net)
                  0.11    0.00    4.56 ^ result[6] (out)
                                  4.56   data arrival time

                  0.00   10.00   10.00   clock __VIRTUAL_CLK__ (rise edge)
                          0.00   10.00   clock network delay (ideal)
                         -0.25    9.75   clock uncertainty
                          0.00    9.75   clock reconvergence pessimism
                         -2.00    7.75   output external delay
                                  7.75   data required time
-----------------------------------------------------------------------------
                                  7.75   data required time
                                 -4.56   data arrival time
-----------------------------------------------------------------------------
                                  3.19   slack (MET)


Startpoint: op[2] (input port clocked by __VIRTUAL_CLK__)
Endpoint: result[5] (output port clocked by __VIRTUAL_CLK__)
Path Group: __VIRTUAL_CLK__
Path Type: max
Corner: Typical

Fanout     Cap    Slew   Delay    Time   Description
-----------------------------------------------------------------------------
                  0.00    0.00    0.00   clock __VIRTUAL_CLK__ (rise edge)
                          0.00    0.00   clock network delay (ideal)
                          2.00    2.00 v input external delay
                  0.01    0.00    2.00 v op[2] (in)
     1    0.00                           op[2] (net)
                  0.01    0.00    2.00 v input19/A (sky130_fd_sc_hd__buf_4)
                  0.06    0.16    2.16 v input19/X (sky130_fd_sc_hd__buf_4)
    10    0.04                           net19 (net)
                  0.06    0.00    2.17 v _130_/A (sky130_fd_sc_hd__or3b_4)
                  0.07    0.41    2.58 v _130_/X (sky130_fd_sc_hd__or3b_4)
     1    0.01                           _062_ (net)
                  0.07    0.00    2.58 v _131_/A (sky130_fd_sc_hd__buf_6)
                  0.04    0.15    2.73 v _131_/X (sky130_fd_sc_hd__buf_6)
     8    0.03                           _063_ (net)
                  0.04    0.00    2.74 v _132_/A2 (sky130_fd_sc_hd__a21bo_1)
                  0.05    0.21    2.94 v _132_/X (sky130_fd_sc_hd__a21bo_1)
     2    0.01                           _064_ (net)
                  0.05    0.00    2.94 v _134_/B (sky130_fd_sc_hd__and3_1)
                  0.05    0.18    3.13 v _134_/X (sky130_fd_sc_hd__and3_1)
     2    0.01                           _066_ (net)
                  0.05    0.00    3.13 v _150_/B1 (sky130_fd_sc_hd__a21oi_1)
                  0.22    0.21    3.34 ^ _150_/Y (sky130_fd_sc_hd__a21oi_1)
     3    0.01                           _081_ (net)
                  0.22    0.00    3.34 ^ _168_/A (sky130_fd_sc_hd__nor2_1)
                  0.09    0.13    3.47 v _168_/Y (sky130_fd_sc_hd__nor2_1)
     3    0.01                           _098_ (net)
                  0.09    0.00    3.47 v _199_/A1 (sky130_fd_sc_hd__o211ai_2)
                  0.20    0.24    3.72 ^ _199_/Y (sky130_fd_sc_hd__o211ai_2)
     3    0.01                           _012_ (net)
                  0.20    0.00    3.72 ^ _200_/B (sky130_fd_sc_hd__nand2_1)
                  0.06    0.10    3.82 v _200_/Y (sky130_fd_sc_hd__nand2_1)
     1    0.00                           _013_ (net)
                  0.06    0.00    3.82 v _201_/B (sky130_fd_sc_hd__xnor2_1)
                  0.17    0.18    4.00 ^ _201_/Y (sky130_fd_sc_hd__xnor2_1)
     1    0.01                           _014_ (net)
                  0.17    0.00    4.00 ^ _208_/A2 (sky130_fd_sc_hd__o21a_1)
                  0.19    0.25    4.25 ^ _208_/X (sky130_fd_sc_hd__o21a_1)
     2    0.02                           net25 (net)
                  0.19    0.00    4.25 ^ output25/A (sky130_fd_sc_hd__clkbuf_4)
                  0.11    0.25    4.50 ^ output25/X (sky130_fd_sc_hd__clkbuf_4)
     1    0.03                           result[5] (net)
                  0.11    0.00    4.50 ^ result[5] (out)
                                  4.50   data arrival time

                  0.00   10.00   10.00   clock __VIRTUAL_CLK__ (rise edge)
                          0.00   10.00   clock network delay (ideal)
                         -0.25    9.75   clock uncertainty
                          0.00    9.75   clock reconvergence pessimism
                         -2.00    7.75   output external delay
                                  7.75   data required time
-----------------------------------------------------------------------------
                                  7.75   data required time
                                 -4.50   data arrival time
-----------------------------------------------------------------------------
                                  3.25   slack (MET)


Startpoint: op[2] (input port clocked by __VIRTUAL_CLK__)
Endpoint: result[3] (output port clocked by __VIRTUAL_CLK__)
Path Group: __VIRTUAL_CLK__
Path Type: max
Corner: Typical

Fanout     Cap    Slew   Delay    Time   Description
-----------------------------------------------------------------------------
                  0.00    0.00    0.00   clock __VIRTUAL_CLK__ (rise edge)
                          0.00    0.00   clock network delay (ideal)
                          2.00    2.00 v input external delay
                  0.01    0.00    2.00 v op[2] (in)
     1    0.00                           op[2] (net)
                  0.01    0.00    2.00 v input19/A (sky130_fd_sc_hd__buf_4)
                  0.06    0.16    2.16 v input19/X (sky130_fd_sc_hd__buf_4)
    10    0.04                           net19 (net)
                  0.06    0.00    2.17 v _130_/A (sky130_fd_sc_hd__or3b_4)
                  0.07    0.41    2.58 v _130_/X (sky130_fd_sc_hd__or3b_4)
     1    0.01                           _062_ (net)
                  0.07    0.00    2.58 v _131_/A (sky130_fd_sc_hd__buf_6)
                  0.04    0.15    2.73 v _131_/X (sky130_fd_sc_hd__buf_6)
     8    0.03                           _063_ (net)
                  0.04    0.00    2.74 v _132_/A2 (sky130_fd_sc_hd__a21bo_1)
                  0.05    0.21    2.94 v _132_/X (sky130_fd_sc_hd__a21bo_1)
     2    0.01                           _064_ (net)
                  0.05    0.00    2.94 v _134_/B (sky130_fd_sc_hd__and3_1)
                  0.05    0.18    3.13 v _134_/X (sky130_fd_sc_hd__and3_1)
     2    0.01                           _066_ (net)
                  0.05    0.00    3.13 v _150_/B1 (sky130_fd_sc_hd__a21oi_1)
                  0.22    0.21    3.34 ^ _150_/Y (sky130_fd_sc_hd__a21oi_1)
     3    0.01                           _081_ (net)
                  0.22    0.00    3.34 ^ _168_/A (sky130_fd_sc_hd__nor2_1)
                  0.09    0.13    3.47 v _168_/Y (sky130_fd_sc_hd__nor2_1)
     3    0.01                           _098_ (net)
                  0.09    0.00    3.47 v _169_/B (sky130_fd_sc_hd__or2_1)
                  0.06    0.24    3.71 v _169_/X (sky130_fd_sc_hd__or2_1)
     1    0.00                           _099_ (net)
                  0.06    0.00    3.71 v _170_/B (sky130_fd_sc_hd__xnor2_1)
                  0.15    0.17    3.88 ^ _170_/Y (sky130_fd_sc_hd__xnor2_1)
     1    0.00                           _100_ (net)
                  0.15    0.00    3.88 ^ _177_/A2 (sky130_fd_sc_hd__o22a_1)
                  0.11    0.21    4.09 ^ _177_/X (sky130_fd_sc_hd__o22a_1)
     2    0.01                           net23 (net)
                  0.11    0.00    4.09 ^ output23/A (sky130_fd_sc_hd__clkbuf_4)
                  0.11    0.22    4.31 ^ output23/X (sky130_fd_sc_hd__clkbuf_4)
     1    0.03                           result[3] (net)
                  0.11    0.00    4.31 ^ result[3] (out)
                                  4.31   data arrival time

                  0.00   10.00   10.00   clock __VIRTUAL_CLK__ (rise edge)
                          0.00   10.00   clock network delay (ideal)
                         -0.25    9.75   clock uncertainty
                          0.00    9.75   clock reconvergence pessimism
                         -2.00    7.75   output external delay
                                  7.75   data required time
-----------------------------------------------------------------------------
                                  7.75   data required time
                                 -4.31   data arrival time
-----------------------------------------------------------------------------
                                  3.44   slack (MET)


Startpoint: op[2] (input port clocked by __VIRTUAL_CLK__)
Endpoint: result[4] (output port clocked by __VIRTUAL_CLK__)
Path Group: __VIRTUAL_CLK__
Path Type: max
Corner: Typical

Fanout     Cap    Slew   Delay    Time   Description
-----------------------------------------------------------------------------
                  0.00    0.00    0.00   clock __VIRTUAL_CLK__ (rise edge)
                          0.00    0.00   clock network delay (ideal)
                          2.00    2.00 v input external delay
                  0.01    0.00    2.00 v op[2] (in)
     1    0.00                           op[2] (net)
                  0.01    0.00    2.00 v input19/A (sky130_fd_sc_hd__buf_4)
                  0.06    0.16    2.16 v input19/X (sky130_fd_sc_hd__buf_4)
    10    0.04                           net19 (net)
                  0.06    0.00    2.17 v _130_/A (sky130_fd_sc_hd__or3b_4)
                  0.07    0.41    2.58 v _130_/X (sky130_fd_sc_hd__or3b_4)
     1    0.01                           _062_ (net)
                  0.07    0.00    2.58 v _131_/A (sky130_fd_sc_hd__buf_6)
                  0.04    0.15    2.73 v _131_/X (sky130_fd_sc_hd__buf_6)
     8    0.03                           _063_ (net)
                  0.04    0.00    2.74 v _132_/A2 (sky130_fd_sc_hd__a21bo_1)
                  0.05    0.21    2.94 v _132_/X (sky130_fd_sc_hd__a21bo_1)
     2    0.01                           _064_ (net)
                  0.05    0.00    2.94 v _134_/B (sky130_fd_sc_hd__and3_1)
                  0.05    0.18    3.13 v _134_/X (sky130_fd_sc_hd__and3_1)
     2    0.01                           _066_ (net)
                  0.05    0.00    3.13 v _150_/B1 (sky130_fd_sc_hd__a21oi_1)
                  0.22    0.21    3.34 ^ _150_/Y (sky130_fd_sc_hd__a21oi_1)
     3    0.01                           _081_ (net)
                  0.22    0.00    3.34 ^ _168_/A (sky130_fd_sc_hd__nor2_1)
                  0.09    0.13    3.47 v _168_/Y (sky130_fd_sc_hd__nor2_1)
     3    0.01                           _098_ (net)
                  0.09    0.00    3.47 v _189_/A1 (sky130_fd_sc_hd__o21ai_1)
                  0.15    0.19    3.66 ^ _189_/Y (sky130_fd_sc_hd__o21ai_1)
     1    0.01                           _003_ (net)
                  0.15    0.00    3.66 ^ _190_/B (sky130_fd_sc_hd__xnor2_1)
                  0.15    0.15    3.82 ^ _190_/Y (sky130_fd_sc_hd__xnor2_1)
     1    0.00                           _004_ (net)
                  0.15    0.00    3.82 ^ _191_/B1 (sky130_fd_sc_hd__o32a_1)
                  0.10    0.22    4.04 ^ _191_/X (sky130_fd_sc_hd__o32a_1)
     2    0.01                           net24 (net)
                  0.10    0.00    4.04 ^ output24/A (sky130_fd_sc_hd__clkbuf_4)
                  0.11    0.22    4.25 ^ output24/X (sky130_fd_sc_hd__clkbuf_4)
     1    0.03                           result[4] (net)
                  0.11    0.00    4.26 ^ result[4] (out)
                                  4.26   data arrival time

                  0.00   10.00   10.00   clock __VIRTUAL_CLK__ (rise edge)
                          0.00   10.00   clock network delay (ideal)
                         -0.25    9.75   clock uncertainty
                          0.00    9.75   clock reconvergence pessimism
                         -2.00    7.75   output external delay
                                  7.75   data required time
-----------------------------------------------------------------------------
                                  7.75   data required time
                                 -4.26   data arrival time
-----------------------------------------------------------------------------
                                  3.49   slack (MET)


Startpoint: op[2] (input port clocked by __VIRTUAL_CLK__)
Endpoint: result[1] (output port clocked by __VIRTUAL_CLK__)
Path Group: __VIRTUAL_CLK__
Path Type: max
Corner: Typical

Fanout     Cap    Slew   Delay    Time   Description
-----------------------------------------------------------------------------
                  0.00    0.00    0.00   clock __VIRTUAL_CLK__ (rise edge)
                          0.00    0.00   clock network delay (ideal)
                          2.00    2.00 v input external delay
                  0.01    0.00    2.00 v op[2] (in)
     1    0.00                           op[2] (net)
                  0.01    0.00    2.00 v input19/A (sky130_fd_sc_hd__buf_4)
                  0.06    0.16    2.16 v input19/X (sky130_fd_sc_hd__buf_4)
    10    0.04                           net19 (net)
                  0.06    0.00    2.17 v _130_/A (sky130_fd_sc_hd__or3b_4)
                  0.07    0.41    2.58 v _130_/X (sky130_fd_sc_hd__or3b_4)
     1    0.01                           _062_ (net)
                  0.07    0.00    2.58 v _131_/A (sky130_fd_sc_hd__buf_6)
                  0.04    0.15    2.73 v _131_/X (sky130_fd_sc_hd__buf_6)
     8    0.03                           _063_ (net)
                  0.04    0.00    2.74 v _132_/A2 (sky130_fd_sc_hd__a21bo_1)
                  0.05    0.21    2.94 v _132_/X (sky130_fd_sc_hd__a21bo_1)
     2    0.01                           _064_ (net)
                  0.05    0.00    2.94 v _134_/B (sky130_fd_sc_hd__and3_1)
                  0.05    0.18    3.13 v _134_/X (sky130_fd_sc_hd__and3_1)
     2    0.01                           _066_ (net)
                  0.05    0.00    3.13 v _136_/A (sky130_fd_sc_hd__or2b_1)
                  0.06    0.24    3.37 v _136_/X (sky130_fd_sc_hd__or2b_1)
     1    0.01                           _068_ (net)
                  0.06    0.00    3.37 v _138_/A (sky130_fd_sc_hd__xnor2_1)
                  0.05    0.13    3.50 v _138_/Y (sky130_fd_sc_hd__xnor2_1)
     1    0.00                           _070_ (net)
                  0.05    0.00    3.50 v _149_/A2 (sky130_fd_sc_hd__a211o_1)
                  0.07    0.33    3.83 v _149_/X (sky130_fd_sc_hd__a211o_1)
     2    0.01                           net21 (net)
                  0.07    0.00    3.83 v output21/A (sky130_fd_sc_hd__clkbuf_4)
                  0.08    0.20    4.04 v output21/X (sky130_fd_sc_hd__clkbuf_4)
     1    0.03                           result[1] (net)
                  0.08    0.00    4.04 v result[1] (out)
                                  4.04   data arrival time

                  0.00   10.00   10.00   clock __VIRTUAL_CLK__ (rise edge)
                          0.00   10.00   clock network delay (ideal)
                         -0.25    9.75   clock uncertainty
                          0.00    9.75   clock reconvergence pessimism
                         -2.00    7.75   output external delay
                                  7.75   data required time
-----------------------------------------------------------------------------
                                  7.75   data required time
                                 -4.04   data arrival time
-----------------------------------------------------------------------------
                                  3.71   slack (MET)


Startpoint: op[2] (input port clocked by __VIRTUAL_CLK__)
Endpoint: result[2] (output port clocked by __VIRTUAL_CLK__)
Path Group: __VIRTUAL_CLK__
Path Type: max
Corner: Typical

Fanout     Cap    Slew   Delay    Time   Description
-----------------------------------------------------------------------------
                  0.00    0.00    0.00   clock __VIRTUAL_CLK__ (rise edge)
                          0.00    0.00   clock network delay (ideal)
                          2.00    2.00 v input external delay
                  0.01    0.00    2.00 v op[2] (in)
     1    0.00                           op[2] (net)
                  0.01    0.00    2.00 v input19/A (sky130_fd_sc_hd__buf_4)
                  0.06    0.16    2.16 v input19/X (sky130_fd_sc_hd__buf_4)
    10    0.04                           net19 (net)
                  0.06    0.00    2.17 v _130_/A (sky130_fd_sc_hd__or3b_4)
                  0.07    0.41    2.58 v _130_/X (sky130_fd_sc_hd__or3b_4)
     1    0.01                           _062_ (net)
                  0.07    0.00    2.58 v _131_/A (sky130_fd_sc_hd__buf_6)
                  0.04    0.15    2.73 v _131_/X (sky130_fd_sc_hd__buf_6)
     8    0.03                           _063_ (net)
                  0.04    0.00    2.74 v _132_/A2 (sky130_fd_sc_hd__a21bo_1)
                  0.05    0.21    2.94 v _132_/X (sky130_fd_sc_hd__a21bo_1)
     2    0.01                           _064_ (net)
                  0.05    0.00    2.94 v _134_/B (sky130_fd_sc_hd__and3_1)
                  0.05    0.18    3.13 v _134_/X (sky130_fd_sc_hd__and3_1)
     2    0.01                           _066_ (net)
                  0.05    0.00    3.13 v _150_/B1 (sky130_fd_sc_hd__a21oi_1)
                  0.22    0.21    3.34 ^ _150_/Y (sky130_fd_sc_hd__a21oi_1)
     3    0.01                           _081_ (net)
                  0.22    0.00    3.34 ^ _155_/A (sky130_fd_sc_hd__or2_1)
                  0.05    0.15    3.49 ^ _155_/X (sky130_fd_sc_hd__or2_1)
     1    0.00                           _086_ (net)
                  0.05    0.00    3.49 ^ _161_/A3 (sky130_fd_sc_hd__a31o_1)
                  0.10    0.18    3.67 ^ _161_/X (sky130_fd_sc_hd__a31o_1)
     2    0.01                           net22 (net)
                  0.10    0.00    3.67 ^ output22/A (sky130_fd_sc_hd__clkbuf_4)
                  0.11    0.21    3.88 ^ output22/X (sky130_fd_sc_hd__clkbuf_4)
     1    0.03                           result[2] (net)
                  0.11    0.00    3.89 ^ result[2] (out)
                                  3.89   data arrival time

                  0.00   10.00   10.00   clock __VIRTUAL_CLK__ (rise edge)
                          0.00   10.00   clock network delay (ideal)
                         -0.25    9.75   clock uncertainty
                          0.00    9.75   clock reconvergence pessimism
                         -2.00    7.75   output external delay
                                  7.75   data required time
-----------------------------------------------------------------------------
                                  7.75   data required time
                                 -3.89   data arrival time
-----------------------------------------------------------------------------
                                  3.86   slack (MET)


Startpoint: op[1] (input port clocked by __VIRTUAL_CLK__)
Endpoint: result[0] (output port clocked by __VIRTUAL_CLK__)
Path Group: __VIRTUAL_CLK__
Path Type: max
Corner: Typical

Fanout     Cap    Slew   Delay    Time   Description
-----------------------------------------------------------------------------
                  0.00    0.00    0.00   clock __VIRTUAL_CLK__ (rise edge)
                          0.00    0.00   clock network delay (ideal)
                          2.00    2.00 v input external delay
                  0.01    0.00    2.00 v op[1] (in)
     1    0.00                           op[1] (net)
                  0.01    0.00    2.00 v input18/A (sky130_fd_sc_hd__buf_2)
                  0.08    0.16    2.16 v input18/X (sky130_fd_sc_hd__buf_2)
    10    0.03                           net18 (net)
                  0.08    0.00    2.16 v _116_/A (sky130_fd_sc_hd__or3b_2)
                  0.13    0.58    2.74 v _116_/X (sky130_fd_sc_hd__or3b_2)
     4    0.02                           _049_ (net)
                  0.13    0.00    2.75 v _117_/B2 (sky130_fd_sc_hd__a2bb2o_1)
                  0.05    0.29    3.03 v _117_/X (sky130_fd_sc_hd__a2bb2o_1)
     1    0.00                           _050_ (net)
                  0.05    0.00    3.03 v _118_/B1 (sky130_fd_sc_hd__a21oi_1)
                  0.11    0.12    3.15 ^ _118_/Y (sky130_fd_sc_hd__a21oi_1)
     1    0.00                           _051_ (net)
                  0.11    0.00    3.15 ^ _127_/A (sky130_fd_sc_hd__or4_1)
                  0.04    0.13    3.28 ^ _127_/X (sky130_fd_sc_hd__or4_1)
     1    0.00                           _060_ (net)
                  0.04    0.00    3.28 ^ _128_/A (sky130_fd_sc_hd__buf_1)
                  0.15    0.16    3.45 ^ _128_/X (sky130_fd_sc_hd__buf_1)
     2    0.01                           net20 (net)
                  0.15    0.00    3.45 ^ output20/A (sky130_fd_sc_hd__clkbuf_4)
                  0.11    0.24    3.68 ^ output20/X (sky130_fd_sc_hd__clkbuf_4)
     1    0.03                           result[0] (net)
                  0.11    0.00    3.68 ^ result[0] (out)
                                  3.68   data arrival time

                  0.00   10.00   10.00   clock __VIRTUAL_CLK__ (rise edge)
                          0.00   10.00   clock network delay (ideal)
                         -0.25    9.75   clock uncertainty
                          0.00    9.75   clock reconvergence pessimism
                         -2.00    7.75   output external delay
                                  7.75   data required time
-----------------------------------------------------------------------------
                                  7.75   data required time
                                 -3.68   data arrival time
-----------------------------------------------------------------------------
                                  4.07   slack (MET)



