
===========================================================================
report_checks -path_delay min (Hold)
============================================================================
======================= Fastest Corner ===================================

Startpoint: b[4] (input port clocked by __VIRTUAL_CLK__)
Endpoint: result[4] (output port clocked by __VIRTUAL_CLK__)
Path Group: __VIRTUAL_CLK__
Path Type: min
Corner: Fastest

Fanout     Cap    Slew   Delay    Time   Description
-----------------------------------------------------------------------------
                  0.00    0.00    0.00   clock __VIRTUAL_CLK__ (rise edge)
                          0.00    0.00   clock network delay (ideal)
                          2.00    2.00 ^ input external delay
                  0.02    0.01    2.01 ^ b[4] (in)
     1    0.00                           b[4] (net)
                  0.02    0.00    2.01 ^ input13/A (sky130_fd_sc_hd__clkbuf_2)
                  0.09    0.10    2.11 ^ input13/X (sky130_fd_sc_hd__clkbuf_2)
     5    0.02                           net13 (net)
                  0.09    0.00    2.11 ^ _179_/A2 (sky130_fd_sc_hd__o22a_1)
                  0.03    0.07    2.18 ^ _179_/X (sky130_fd_sc_hd__o22a_1)
     1    0.00                           _108_ (net)
                  0.03    0.00    2.18 ^ _191_/A1 (sky130_fd_sc_hd__o32a_1)
                  0.07    0.10    2.28 ^ _191_/X (sky130_fd_sc_hd__o32a_1)
     2    0.01                           net24 (net)
                  0.07    0.00    2.28 ^ output24/A (sky130_fd_sc_hd__clkbuf_4)
                  0.09    0.13    2.41 ^ output24/X (sky130_fd_sc_hd__clkbuf_4)
     1    0.03                           result[4] (net)
                  0.09    0.00    2.42 ^ result[4] (out)
                                  2.42   data arrival time

                  0.00    0.00    0.00   clock __VIRTUAL_CLK__ (rise edge)
                          0.00    0.00   clock network delay (ideal)
                          0.25    0.25   clock uncertainty
                          0.00    0.25   clock reconvergence pessimism
                         -2.00   -1.75   output external delay
                                 -1.75   data required time
-----------------------------------------------------------------------------
                                 -1.75   data required time
                                 -2.42   data arrival time
-----------------------------------------------------------------------------
                                  4.17   slack (MET)


Startpoint: op[2] (input port clocked by __VIRTUAL_CLK__)
Endpoint: result[2] (output port clocked by __VIRTUAL_CLK__)
Path Group: __VIRTUAL_CLK__
Path Type: min
Corner: Fastest

Fanout     Cap    Slew   Delay    Time   Description
-----------------------------------------------------------------------------
                  0.00    0.00    0.00   clock __VIRTUAL_CLK__ (rise edge)
                          0.00    0.00   clock network delay (ideal)
                          2.00    2.00 ^ input external delay
                  0.02    0.01    2.01 ^ op[2] (in)
     1    0.00                           op[2] (net)
                  0.02    0.00    2.01 ^ input19/A (sky130_fd_sc_hd__buf_4)
                  0.09    0.10    2.11 ^ input19/X (sky130_fd_sc_hd__buf_4)
    10    0.04                           net19 (net)
                  0.09    0.00    2.11 ^ _129_/A (sky130_fd_sc_hd__nor2_2)
                  0.06    0.06    2.17 v _129_/Y (sky130_fd_sc_hd__nor2_2)
     6    0.03                           _061_ (net)
                  0.06    0.00    2.18 v _161_/A1 (sky130_fd_sc_hd__a31o_1)
                  0.03    0.13    2.31 v _161_/X (sky130_fd_sc_hd__a31o_1)
     2    0.01                           net22 (net)
                  0.03    0.00    2.31 v output22/A (sky130_fd_sc_hd__clkbuf_4)
                  0.06    0.12    2.42 v output22/X (sky130_fd_sc_hd__clkbuf_4)
     1    0.03                           result[2] (net)
                  0.06    0.00    2.43 v result[2] (out)
                                  2.43   data arrival time

                  0.00    0.00    0.00   clock __VIRTUAL_CLK__ (rise edge)
                          0.00    0.00   clock network delay (ideal)
                          0.25    0.25   clock uncertainty
                          0.00    0.25   clock reconvergence pessimism
                         -2.00   -1.75   output external delay
                                 -1.75   data required time
-----------------------------------------------------------------------------
                                 -1.75   data required time
                                 -2.43   data arrival time
-----------------------------------------------------------------------------
                                  4.18   slack (MET)


Startpoint: a[2] (input port clocked by __VIRTUAL_CLK__)
Endpoint: result[1] (output port clocked by __VIRTUAL_CLK__)
Path Group: __VIRTUAL_CLK__
Path Type: min
Corner: Fastest

Fanout     Cap    Slew   Delay    Time   Description
-----------------------------------------------------------------------------
                  0.00    0.00    0.00   clock __VIRTUAL_CLK__ (rise edge)
                          0.00    0.00   clock network delay (ideal)
                          2.00    2.00 ^ input external delay
                  0.01    0.01    2.01 ^ a[2] (in)
     1    0.00                           a[2] (net)
                  0.01    0.00    2.01 ^ input3/A (sky130_fd_sc_hd__buf_2)
                  0.12    0.12    2.13 ^ input3/X (sky130_fd_sc_hd__buf_2)
     8    0.03                           net3 (net)
                  0.12    0.00    2.13 ^ _148_/A1 (sky130_fd_sc_hd__a221o_1)
                  0.04    0.10    2.23 ^ _148_/X (sky130_fd_sc_hd__a221o_1)
     1    0.00                           _080_ (net)
                  0.04    0.00    2.23 ^ _149_/C1 (sky130_fd_sc_hd__a211o_1)
                  0.06    0.08    2.30 ^ _149_/X (sky130_fd_sc_hd__a211o_1)
     2    0.01                           net21 (net)
                  0.06    0.00    2.30 ^ output21/A (sky130_fd_sc_hd__clkbuf_4)
                  0.08    0.13    2.43 ^ output21/X (sky130_fd_sc_hd__clkbuf_4)
     1    0.03                           result[1] (net)
                  0.08    0.00    2.43 ^ result[1] (out)
                                  2.43   data arrival time

                  0.00    0.00    0.00   clock __VIRTUAL_CLK__ (rise edge)
                          0.00    0.00   clock network delay (ideal)
                          0.25    0.25   clock uncertainty
                          0.00    0.25   clock reconvergence pessimism
                         -2.00   -1.75   output external delay
                                 -1.75   data required time
-----------------------------------------------------------------------------
                                 -1.75   data required time
                                 -2.43   data arrival time
-----------------------------------------------------------------------------
                                  4.18   slack (MET)


Startpoint: a[4] (input port clocked by __VIRTUAL_CLK__)
Endpoint: zero (output port clocked by __VIRTUAL_CLK__)
Path Group: __VIRTUAL_CLK__
Path Type: min
Corner: Fastest

Fanout     Cap    Slew   Delay    Time   Description
-----------------------------------------------------------------------------
                  0.00    0.00    0.00   clock __VIRTUAL_CLK__ (rise edge)
                          0.00    0.00   clock network delay (ideal)
                          2.00    2.00 ^ input external delay
                  0.02    0.01    2.01 ^ a[4] (in)
     1    0.00                           a[4] (net)
                  0.02    0.00    2.01 ^ input5/A (sky130_fd_sc_hd__clkbuf_2)
                  0.12    0.12    2.13 ^ input5/X (sky130_fd_sc_hd__clkbuf_2)
     7    0.03                           net5 (net)
                  0.12    0.00    2.13 ^ _207_/A1 (sky130_fd_sc_hd__a211o_1)
                  0.03    0.08    2.21 ^ _207_/X (sky130_fd_sc_hd__a211o_1)
     1    0.00                           _020_ (net)
                  0.03    0.00    2.21 ^ _208_/B1 (sky130_fd_sc_hd__o21a_1)
                  0.14    0.13    2.34 ^ _208_/X (sky130_fd_sc_hd__o21a_1)
     2    0.02                           net25 (net)
                  0.14    0.00    2.34 ^ _238_/A (sky130_fd_sc_hd__nor4_4)
                  0.02    0.03    2.38 v _238_/Y (sky130_fd_sc_hd__nor4_4)
     1    0.01                           net28 (net)
                  0.02    0.00    2.38 v output28/A (sky130_fd_sc_hd__buf_6)
                  0.03    0.08    2.46 v output28/X (sky130_fd_sc_hd__buf_6)
     1    0.03                           zero (net)
                  0.03    0.00    2.46 v zero (out)
                                  2.46   data arrival time

                  0.00    0.00    0.00   clock __VIRTUAL_CLK__ (rise edge)
                          0.00    0.00   clock network delay (ideal)
                          0.25    0.25   clock uncertainty
                          0.00    0.25   clock reconvergence pessimism
                         -2.00   -1.75   output external delay
                                 -1.75   data required time
-----------------------------------------------------------------------------
                                 -1.75   data required time
                                 -2.46   data arrival time
-----------------------------------------------------------------------------
                                  4.21   slack (MET)


Startpoint: b[7] (input port clocked by __VIRTUAL_CLK__)
Endpoint: result[7] (output port clocked by __VIRTUAL_CLK__)
Path Group: __VIRTUAL_CLK__
Path Type: min
Corner: Fastest

Fanout     Cap    Slew   Delay    Time   Description
-----------------------------------------------------------------------------
                  0.00    0.00    0.00   clock __VIRTUAL_CLK__ (rise edge)
                          0.00    0.00   clock network delay (ideal)
                          2.00    2.00 v input external delay
                  0.01    0.00    2.00 v b[7] (in)
     1    0.00                           b[7] (net)
                  0.01    0.00    2.00 v input16/A (sky130_fd_sc_hd__clkbuf_1)
                  0.03    0.05    2.06 v input16/X (sky130_fd_sc_hd__clkbuf_1)
     2    0.01                           net16 (net)
                  0.03    0.00    2.06 v _226_/B (sky130_fd_sc_hd__nand2_1)
                  0.06    0.06    2.12 ^ _226_/Y (sky130_fd_sc_hd__nand2_1)
     2    0.01                           _037_ (net)
                  0.06    0.00    2.12 ^ _233_/B1 (sky130_fd_sc_hd__o221a_1)
                  0.04    0.09    2.21 ^ _233_/X (sky130_fd_sc_hd__o221a_1)
     1    0.00                           _044_ (net)
                  0.04    0.00    2.21 ^ _234_/B1 (sky130_fd_sc_hd__o211a_1)
                  0.04    0.07    2.28 ^ _234_/X (sky130_fd_sc_hd__o211a_1)
     1    0.00                           _045_ (net)
                  0.04    0.00    2.28 ^ _235_/B1 (sky130_fd_sc_hd__a21oi_1)
                  0.06    0.06    2.33 v _235_/Y (sky130_fd_sc_hd__a21oi_1)
     2    0.02                           net27 (net)
                  0.06    0.00    2.34 v output27/A (sky130_fd_sc_hd__clkbuf_4)
                  0.06    0.13    2.46 v output27/X (sky130_fd_sc_hd__clkbuf_4)
     1    0.04                           result[7] (net)
                  0.06    0.00    2.47 v result[7] (out)
                                  2.47   data arrival time

                  0.00    0.00    0.00   clock __VIRTUAL_CLK__ (rise edge)
                          0.00    0.00   clock network delay (ideal)
                          0.25    0.25   clock uncertainty
                          0.00    0.25   clock reconvergence pessimism
                         -2.00   -1.75   output external delay
                                 -1.75   data required time
-----------------------------------------------------------------------------
                                 -1.75   data required time
                                 -2.47   data arrival time
-----------------------------------------------------------------------------
                                  4.22   slack (MET)


Startpoint: b[3] (input port clocked by __VIRTUAL_CLK__)
Endpoint: result[3] (output port clocked by __VIRTUAL_CLK__)
Path Group: __VIRTUAL_CLK__
Path Type: min
Corner: Fastest

Fanout     Cap    Slew   Delay    Time   Description
-----------------------------------------------------------------------------
                  0.00    0.00    0.00   clock __VIRTUAL_CLK__ (rise edge)
                          0.00    0.00   clock network delay (ideal)
                          2.00    2.00 v input external delay
                  0.01    0.00    2.00 v b[3] (in)
     1    0.00                           b[3] (net)
                  0.01    0.00    2.00 v input12/A (sky130_fd_sc_hd__clkbuf_2)
                  0.06    0.09    2.09 v input12/X (sky130_fd_sc_hd__clkbuf_2)
     5    0.02                           net12 (net)
                  0.06    0.00    2.09 v _171_/B (sky130_fd_sc_hd__nand2_1)
                  0.04    0.06    2.15 ^ _171_/Y (sky130_fd_sc_hd__nand2_1)
     1    0.00                           _101_ (net)
                  0.04    0.00    2.16 ^ _173_/A2 (sky130_fd_sc_hd__a31o_1)
                  0.04    0.08    2.24 ^ _173_/X (sky130_fd_sc_hd__a31o_1)
     1    0.00                           _103_ (net)
                  0.04    0.00    2.24 ^ _177_/B1 (sky130_fd_sc_hd__o22a_1)
                  0.08    0.10    2.34 ^ _177_/X (sky130_fd_sc_hd__o22a_1)
     2    0.01                           net23 (net)
                  0.08    0.00    2.34 ^ output23/A (sky130_fd_sc_hd__clkbuf_4)
                  0.08    0.13    2.47 ^ output23/X (sky130_fd_sc_hd__clkbuf_4)
     1    0.03                           result[3] (net)
                  0.08    0.00    2.47 ^ result[3] (out)
                                  2.47   data arrival time

                  0.00    0.00    0.00   clock __VIRTUAL_CLK__ (rise edge)
                          0.00    0.00   clock network delay (ideal)
                          0.25    0.25   clock uncertainty
                          0.00    0.25   clock reconvergence pessimism
                         -2.00   -1.75   output external delay
                                 -1.75   data required time
-----------------------------------------------------------------------------
                                 -1.75   data required time
                                 -2.47   data arrival time
-----------------------------------------------------------------------------
                                  4.22   slack (MET)


Startpoint: a[0] (input port clocked by __VIRTUAL_CLK__)
Endpoint: result[0] (output port clocked by __VIRTUAL_CLK__)
Path Group: __VIRTUAL_CLK__
Path Type: min
Corner: Fastest

Fanout     Cap    Slew   Delay    Time   Description
-----------------------------------------------------------------------------
                  0.00    0.00    0.00   clock __VIRTUAL_CLK__ (rise edge)
                          0.00    0.00   clock network delay (ideal)
                          2.00    2.00 v input external delay
                  0.01    0.00    2.00 v a[0] (in)
     1    0.00                           a[0] (net)
                  0.01    0.00    2.00 v input1/A (sky130_fd_sc_hd__clkbuf_2)
                  0.07    0.09    2.10 v input1/X (sky130_fd_sc_hd__clkbuf_2)
     7    0.02                           net1 (net)
                  0.07    0.00    2.10 v _126_/A (sky130_fd_sc_hd__nor2_1)
                  0.05    0.07    2.16 ^ _126_/Y (sky130_fd_sc_hd__nor2_1)
     1    0.00                           _059_ (net)
                  0.05    0.00    2.16 ^ _127_/D (sky130_fd_sc_hd__or4_1)
                  0.03    0.06    2.23 ^ _127_/X (sky130_fd_sc_hd__or4_1)
     1    0.00                           _060_ (net)
                  0.03    0.00    2.23 ^ _128_/A (sky130_fd_sc_hd__buf_1)
                  0.11    0.10    2.33 ^ _128_/X (sky130_fd_sc_hd__buf_1)
     2    0.01                           net20 (net)
                  0.11    0.00    2.33 ^ output20/A (sky130_fd_sc_hd__clkbuf_4)
                  0.09    0.14    2.47 ^ output20/X (sky130_fd_sc_hd__clkbuf_4)
     1    0.03                           result[0] (net)
                  0.09    0.00    2.47 ^ result[0] (out)
                                  2.47   data arrival time

                  0.00    0.00    0.00   clock __VIRTUAL_CLK__ (rise edge)
                          0.00    0.00   clock network delay (ideal)
                          0.25    0.25   clock uncertainty
                          0.00    0.25   clock reconvergence pessimism
                         -2.00   -1.75   output external delay
                                 -1.75   data required time
-----------------------------------------------------------------------------
                                 -1.75   data required time
                                 -2.47   data arrival time
-----------------------------------------------------------------------------
                                  4.22   slack (MET)


Startpoint: a[4] (input port clocked by __VIRTUAL_CLK__)
Endpoint: result[5] (output port clocked by __VIRTUAL_CLK__)
Path Group: __VIRTUAL_CLK__
Path Type: min
Corner: Fastest

Fanout     Cap    Slew   Delay    Time   Description
-----------------------------------------------------------------------------
                  0.00    0.00    0.00   clock __VIRTUAL_CLK__ (rise edge)
                          0.00    0.00   clock network delay (ideal)
                          2.00    2.00 ^ input external delay
                  0.02    0.01    2.01 ^ a[4] (in)
     1    0.00                           a[4] (net)
                  0.02    0.00    2.01 ^ input5/A (sky130_fd_sc_hd__clkbuf_2)
                  0.12    0.12    2.13 ^ input5/X (sky130_fd_sc_hd__clkbuf_2)
     7    0.03                           net5 (net)
                  0.12    0.00    2.13 ^ _207_/A1 (sky130_fd_sc_hd__a211o_1)
                  0.03    0.08    2.21 ^ _207_/X (sky130_fd_sc_hd__a211o_1)
     1    0.00                           _020_ (net)
                  0.03    0.00    2.21 ^ _208_/B1 (sky130_fd_sc_hd__o21a_1)
                  0.14    0.13    2.34 ^ _208_/X (sky130_fd_sc_hd__o21a_1)
     2    0.02                           net25 (net)
                  0.14    0.00    2.34 ^ output25/A (sky130_fd_sc_hd__clkbuf_4)
                  0.09    0.15    2.49 ^ output25/X (sky130_fd_sc_hd__clkbuf_4)
     1    0.03                           result[5] (net)
                  0.09    0.00    2.49 ^ result[5] (out)
                                  2.49   data arrival time

                  0.00    0.00    0.00   clock __VIRTUAL_CLK__ (rise edge)
                          0.00    0.00   clock network delay (ideal)
                          0.25    0.25   clock uncertainty
                          0.00    0.25   clock reconvergence pessimism
                         -2.00   -1.75   output external delay
                                 -1.75   data required time
-----------------------------------------------------------------------------
                                 -1.75   data required time
                                 -2.49   data arrival time
-----------------------------------------------------------------------------
                                  4.24   slack (MET)


Startpoint: op[2] (input port clocked by __VIRTUAL_CLK__)
Endpoint: result[6] (output port clocked by __VIRTUAL_CLK__)
Path Group: __VIRTUAL_CLK__
Path Type: min
Corner: Fastest

Fanout     Cap    Slew   Delay    Time   Description
-----------------------------------------------------------------------------
                  0.00    0.00    0.00   clock __VIRTUAL_CLK__ (rise edge)
                          0.00    0.00   clock network delay (ideal)
                          2.00    2.00 ^ input external delay
                  0.02    0.01    2.01 ^ op[2] (in)
     1    0.00                           op[2] (net)
                  0.02    0.00    2.01 ^ input19/A (sky130_fd_sc_hd__buf_4)
                  0.09    0.10    2.11 ^ input19/X (sky130_fd_sc_hd__buf_4)
    10    0.04                           net19 (net)
                  0.09    0.00    2.11 ^ _115_/A (sky130_fd_sc_hd__or2_2)
                  0.11    0.14    2.25 ^ _115_/X (sky130_fd_sc_hd__or2_2)
     6    0.03                           _048_ (net)
                  0.11    0.00    2.25 ^ _215_/B1 (sky130_fd_sc_hd__a21o_1)
                  0.03    0.05    2.30 ^ _215_/X (sky130_fd_sc_hd__a21o_1)
     1    0.00                           _027_ (net)
                  0.03    0.00    2.30 ^ _223_/A2 (sky130_fd_sc_hd__o21ai_1)
                  0.07    0.07    2.37 v _223_/Y (sky130_fd_sc_hd__o21ai_1)
     2    0.02                           net26 (net)
                  0.07    0.00    2.37 v output26/A (sky130_fd_sc_hd__clkbuf_4)
                  0.06    0.13    2.50 v output26/X (sky130_fd_sc_hd__clkbuf_4)
     1    0.03                           result[6] (net)
                  0.06    0.00    2.50 v result[6] (out)
                                  2.50   data arrival time

                  0.00    0.00    0.00   clock __VIRTUAL_CLK__ (rise edge)
                          0.00    0.00   clock network delay (ideal)
                          0.25    0.25   clock uncertainty
                          0.00    0.25   clock reconvergence pessimism
                         -2.00   -1.75   output external delay
                                 -1.75   data required time
-----------------------------------------------------------------------------
                                 -1.75   data required time
                                 -2.50   data arrival time
-----------------------------------------------------------------------------
                                  4.25   slack (MET)



======================= Slowest Corner ===================================

Startpoint: op[2] (input port clocked by __VIRTUAL_CLK__)
Endpoint: result[2] (output port clocked by __VIRTUAL_CLK__)
Path Group: __VIRTUAL_CLK__
Path Type: min
Corner: Slowest

Fanout     Cap    Slew   Delay    Time   Description
-----------------------------------------------------------------------------
                  0.00    0.00    0.00   clock __VIRTUAL_CLK__ (rise edge)
                          0.00    0.00   clock network delay (ideal)
                          2.00    2.00 ^ input external delay
                  0.03    0.02    2.02 ^ op[2] (in)
     1    0.00                           op[2] (net)
                  0.03    0.00    2.02 ^ input19/A (sky130_fd_sc_hd__buf_4)
                  0.18    0.26    2.27 ^ input19/X (sky130_fd_sc_hd__buf_4)
    10    0.04                           net19 (net)
                  0.18    0.00    2.28 ^ _129_/A (sky130_fd_sc_hd__nor2_2)
                  0.14    0.19    2.47 v _129_/Y (sky130_fd_sc_hd__nor2_2)
     6    0.03                           _061_ (net)
                  0.14    0.00    2.47 v _161_/A1 (sky130_fd_sc_hd__a31o_1)
                  0.11    0.38    2.84 v _161_/X (sky130_fd_sc_hd__a31o_1)
     2    0.01                           net22 (net)
                  0.11    0.00    2.84 v output22/A (sky130_fd_sc_hd__clkbuf_4)
                  0.14    0.32    3.17 v output22/X (sky130_fd_sc_hd__clkbuf_4)
     1    0.03                           result[2] (net)
                  0.14    0.00    3.17 v result[2] (out)
                                  3.17   data arrival time

                  0.00    0.00    0.00   clock __VIRTUAL_CLK__ (rise edge)
                          0.00    0.00   clock network delay (ideal)
                          0.25    0.25   clock uncertainty
                          0.00    0.25   clock reconvergence pessimism
                         -2.00   -1.75   output external delay
                                 -1.75   data required time
-----------------------------------------------------------------------------
                                 -1.75   data required time
                                 -3.17   data arrival time
-----------------------------------------------------------------------------
                                  4.92   slack (MET)


Startpoint: a[2] (input port clocked by __VIRTUAL_CLK__)
Endpoint: result[1] (output port clocked by __VIRTUAL_CLK__)
Path Group: __VIRTUAL_CLK__
Path Type: min
Corner: Slowest

Fanout     Cap    Slew   Delay    Time   Description
-----------------------------------------------------------------------------
                  0.00    0.00    0.00   clock __VIRTUAL_CLK__ (rise edge)
                          0.00    0.00   clock network delay (ideal)
                          2.00    2.00 ^ input external delay
                  0.03    0.02    2.02 ^ a[2] (in)
     1    0.00                           a[2] (net)
                  0.03    0.00    2.02 ^ input3/A (sky130_fd_sc_hd__buf_2)
                  0.25    0.29    2.31 ^ input3/X (sky130_fd_sc_hd__buf_2)
     8    0.03                           net3 (net)
                  0.25    0.00    2.31 ^ _148_/A1 (sky130_fd_sc_hd__a221o_1)
                  0.09    0.35    2.67 ^ _148_/X (sky130_fd_sc_hd__a221o_1)
     1    0.00                           _080_ (net)
                  0.09    0.00    2.67 ^ _149_/C1 (sky130_fd_sc_hd__a211o_1)
                  0.13    0.21    2.88 ^ _149_/X (sky130_fd_sc_hd__a211o_1)
     2    0.01                           net21 (net)
                  0.13    0.00    2.88 ^ output21/A (sky130_fd_sc_hd__clkbuf_4)
                  0.18    0.34    3.21 ^ output21/X (sky130_fd_sc_hd__clkbuf_4)
     1    0.03                           result[1] (net)
                  0.18    0.00    3.21 ^ result[1] (out)
                                  3.21   data arrival time

                  0.00    0.00    0.00   clock __VIRTUAL_CLK__ (rise edge)
                          0.00    0.00   clock network delay (ideal)
                          0.25    0.25   clock uncertainty
                          0.00    0.25   clock reconvergence pessimism
                         -2.00   -1.75   output external delay
                                 -1.75   data required time
-----------------------------------------------------------------------------
                                 -1.75   data required time
                                 -3.21   data arrival time
-----------------------------------------------------------------------------
                                  4.96   slack (MET)


Startpoint: b[4] (input port clocked by __VIRTUAL_CLK__)
Endpoint: result[4] (output port clocked by __VIRTUAL_CLK__)
Path Group: __VIRTUAL_CLK__
Path Type: min
Corner: Slowest

Fanout     Cap    Slew   Delay    Time   Description
-----------------------------------------------------------------------------
                  0.00    0.00    0.00   clock __VIRTUAL_CLK__ (rise edge)
                          0.00    0.00   clock network delay (ideal)
                          2.00    2.00 ^ input external delay
                  0.04    0.02    2.02 ^ b[4] (in)
     1    0.00                           b[4] (net)
                  0.04    0.00    2.02 ^ input13/A (sky130_fd_sc_hd__clkbuf_2)
                  0.19    0.25    2.27 ^ input13/X (sky130_fd_sc_hd__clkbuf_2)
     5    0.02                           net13 (net)
                  0.19    0.00    2.27 ^ _179_/A2 (sky130_fd_sc_hd__o22a_1)
                  0.08    0.28    2.54 ^ _179_/X (sky130_fd_sc_hd__o22a_1)
     1    0.00                           _108_ (net)
                  0.08    0.00    2.54 ^ _191_/A1 (sky130_fd_sc_hd__o32a_1)
                  0.16    0.35    2.89 ^ _191_/X (sky130_fd_sc_hd__o32a_1)
     2    0.01                           net24 (net)
                  0.16    0.00    2.89 ^ output24/A (sky130_fd_sc_hd__clkbuf_4)
                  0.18    0.35    3.25 ^ output24/X (sky130_fd_sc_hd__clkbuf_4)
     1    0.03                           result[4] (net)
                  0.18    0.00    3.25 ^ result[4] (out)
                                  3.25   data arrival time

                  0.00    0.00    0.00   clock __VIRTUAL_CLK__ (rise edge)
                          0.00    0.00   clock network delay (ideal)
                          0.25    0.25   clock uncertainty
                          0.00    0.25   clock reconvergence pessimism
                         -2.00   -1.75   output external delay
                                 -1.75   data required time
-----------------------------------------------------------------------------
                                 -1.75   data required time
                                 -3.25   data arrival time
-----------------------------------------------------------------------------
                                  5.00   slack (MET)


Startpoint: a[0] (input port clocked by __VIRTUAL_CLK__)
Endpoint: result[0] (output port clocked by __VIRTUAL_CLK__)
Path Group: __VIRTUAL_CLK__
Path Type: min
Corner: Slowest

Fanout     Cap    Slew   Delay    Time   Description
-----------------------------------------------------------------------------
                  0.00    0.00    0.00   clock __VIRTUAL_CLK__ (rise edge)
                          0.00    0.00   clock network delay (ideal)
                          2.00    2.00 v input external delay
                  0.02    0.01    2.01 v a[0] (in)
     1    0.00                           a[0] (net)
                  0.02    0.00    2.01 v input1/A (sky130_fd_sc_hd__clkbuf_2)
                  0.17    0.25    2.26 v input1/X (sky130_fd_sc_hd__clkbuf_2)
     7    0.02                           net1 (net)
                  0.17    0.00    2.26 v _126_/A (sky130_fd_sc_hd__nor2_1)
                  0.11    0.18    2.44 ^ _126_/Y (sky130_fd_sc_hd__nor2_1)
     1    0.00                           _059_ (net)
                  0.11    0.00    2.44 ^ _127_/D (sky130_fd_sc_hd__or4_1)
                  0.06    0.18    2.62 ^ _127_/X (sky130_fd_sc_hd__or4_1)
     1    0.00                           _060_ (net)
                  0.06    0.00    2.62 ^ _128_/A (sky130_fd_sc_hd__buf_1)
                  0.25    0.26    2.88 ^ _128_/X (sky130_fd_sc_hd__buf_1)
     2    0.01                           net20 (net)
                  0.25    0.00    2.88 ^ output20/A (sky130_fd_sc_hd__clkbuf_4)
                  0.18    0.39    3.27 ^ output20/X (sky130_fd_sc_hd__clkbuf_4)
     1    0.03                           result[0] (net)
                  0.18    0.00    3.27 ^ result[0] (out)
                                  3.27   data arrival time

                  0.00    0.00    0.00   clock __VIRTUAL_CLK__ (rise edge)
                          0.00    0.00   clock network delay (ideal)
                          0.25    0.25   clock uncertainty
                          0.00    0.25   clock reconvergence pessimism
                         -2.00   -1.75   output external delay
                                 -1.75   data required time
-----------------------------------------------------------------------------
                                 -1.75   data required time
                                 -3.27   data arrival time
-----------------------------------------------------------------------------
                                  5.02   slack (MET)


Startpoint: a[4] (input port clocked by __VIRTUAL_CLK__)
Endpoint: zero (output port clocked by __VIRTUAL_CLK__)
Path Group: __VIRTUAL_CLK__
Path Type: min
Corner: Slowest

Fanout     Cap    Slew   Delay    Time   Description
-----------------------------------------------------------------------------
                  0.00    0.00    0.00   clock __VIRTUAL_CLK__ (rise edge)
                          0.00    0.00   clock network delay (ideal)
                          2.00    2.00 ^ input external delay
                  0.04    0.02    2.02 ^ a[4] (in)
     1    0.00                           a[4] (net)
                  0.04    0.00    2.02 ^ input5/A (sky130_fd_sc_hd__clkbuf_2)
                  0.25    0.29    2.31 ^ input5/X (sky130_fd_sc_hd__clkbuf_2)
     7    0.03                           net5 (net)
                  0.25    0.00    2.31 ^ _207_/A1 (sky130_fd_sc_hd__a211o_1)
                  0.07    0.29    2.60 ^ _207_/X (sky130_fd_sc_hd__a211o_1)
     1    0.00                           _020_ (net)
                  0.07    0.00    2.60 ^ _208_/B1 (sky130_fd_sc_hd__o21a_1)
                  0.30    0.38    2.97 ^ _208_/X (sky130_fd_sc_hd__o21a_1)
     2    0.02                           net25 (net)
                  0.30    0.00    2.98 ^ _238_/A (sky130_fd_sc_hd__nor4_4)
                  0.03    0.16    3.13 v _238_/Y (sky130_fd_sc_hd__nor4_4)
     1    0.01                           net28 (net)
                  0.03    0.00    3.13 v output28/A (sky130_fd_sc_hd__buf_6)
                  0.08    0.22    3.35 v output28/X (sky130_fd_sc_hd__buf_6)
     1    0.03                           zero (net)
                  0.08    0.00    3.35 v zero (out)
                                  3.35   data arrival time

                  0.00    0.00    0.00   clock __VIRTUAL_CLK__ (rise edge)
                          0.00    0.00   clock network delay (ideal)
                          0.25    0.25   clock uncertainty
                          0.00    0.25   clock reconvergence pessimism
                         -2.00   -1.75   output external delay
                                 -1.75   data required time
-----------------------------------------------------------------------------
                                 -1.75   data required time
                                 -3.35   data arrival time
-----------------------------------------------------------------------------
                                  5.10   slack (MET)


Startpoint: b[7] (input port clocked by __VIRTUAL_CLK__)
Endpoint: result[7] (output port clocked by __VIRTUAL_CLK__)
Path Group: __VIRTUAL_CLK__
Path Type: min
Corner: Slowest

Fanout     Cap    Slew   Delay    Time   Description
-----------------------------------------------------------------------------
                  0.00    0.00    0.00   clock __VIRTUAL_CLK__ (rise edge)
                          0.00    0.00   clock network delay (ideal)
                          2.00    2.00 ^ input external delay
                  0.04    0.02    2.02 ^ b[7] (in)
     1    0.00                           b[7] (net)
                  0.04    0.00    2.02 ^ input16/A (sky130_fd_sc_hd__clkbuf_1)
                  0.13    0.17    2.19 ^ input16/X (sky130_fd_sc_hd__clkbuf_1)
     2    0.01                           net16 (net)
                  0.13    0.00    2.19 ^ _226_/B (sky130_fd_sc_hd__nand2_1)
                  0.13    0.17    2.36 v _226_/Y (sky130_fd_sc_hd__nand2_1)
     2    0.01                           _037_ (net)
                  0.13    0.00    2.36 v _227_/B (sky130_fd_sc_hd__nand2_1)
                  0.15    0.18    2.54 ^ _227_/Y (sky130_fd_sc_hd__nand2_1)
     2    0.01                           _038_ (net)
                  0.15    0.00    2.54 ^ _234_/A2 (sky130_fd_sc_hd__o211a_1)
                  0.09    0.31    2.85 ^ _234_/X (sky130_fd_sc_hd__o211a_1)
     1    0.00                           _045_ (net)
                  0.09    0.00    2.85 ^ _235_/B1 (sky130_fd_sc_hd__a21oi_1)
                  0.18    0.17    3.02 v _235_/Y (sky130_fd_sc_hd__a21oi_1)
     2    0.02                           net27 (net)
                  0.18    0.00    3.02 v output27/A (sky130_fd_sc_hd__clkbuf_4)
                  0.14    0.36    3.38 v output27/X (sky130_fd_sc_hd__clkbuf_4)
     1    0.04                           result[7] (net)
                  0.14    0.00    3.38 v result[7] (out)
                                  3.38   data arrival time

                  0.00    0.00    0.00   clock __VIRTUAL_CLK__ (rise edge)
                          0.00    0.00   clock network delay (ideal)
                          0.25    0.25   clock uncertainty
                          0.00    0.25   clock reconvergence pessimism
                         -2.00   -1.75   output external delay
                                 -1.75   data required time
-----------------------------------------------------------------------------
                                 -1.75   data required time
                                 -3.38   data arrival time
-----------------------------------------------------------------------------
                                  5.13   slack (MET)


Startpoint: op[2] (input port clocked by __VIRTUAL_CLK__)
Endpoint: result[3] (output port clocked by __VIRTUAL_CLK__)
Path Group: __VIRTUAL_CLK__
Path Type: min
Corner: Slowest

Fanout     Cap    Slew   Delay    Time   Description
-----------------------------------------------------------------------------
                  0.00    0.00    0.00   clock __VIRTUAL_CLK__ (rise edge)
                          0.00    0.00   clock network delay (ideal)
                          2.00    2.00 ^ input external delay
                  0.03    0.02    2.02 ^ op[2] (in)
     1    0.00                           op[2] (net)
                  0.03    0.00    2.02 ^ input19/A (sky130_fd_sc_hd__buf_4)
                  0.18    0.26    2.27 ^ input19/X (sky130_fd_sc_hd__buf_4)
    10    0.04                           net19 (net)
                  0.18    0.00    2.28 ^ _115_/A (sky130_fd_sc_hd__or2_2)
                  0.23    0.35    2.63 ^ _115_/X (sky130_fd_sc_hd__or2_2)
     6    0.03                           _048_ (net)
                  0.23    0.00    2.63 ^ _177_/A1 (sky130_fd_sc_hd__o22a_1)
                  0.17    0.40    3.03 ^ _177_/X (sky130_fd_sc_hd__o22a_1)
     2    0.01                           net23 (net)
                  0.17    0.00    3.03 ^ output23/A (sky130_fd_sc_hd__clkbuf_4)
                  0.18    0.36    3.38 ^ output23/X (sky130_fd_sc_hd__clkbuf_4)
     1    0.03                           result[3] (net)
                  0.18    0.00    3.38 ^ result[3] (out)
                                  3.38   data arrival time

                  0.00    0.00    0.00   clock __VIRTUAL_CLK__ (rise edge)
                          0.00    0.00   clock network delay (ideal)
                          0.25    0.25   clock uncertainty
                          0.00    0.25   clock reconvergence pessimism
                         -2.00   -1.75   output external delay
                                 -1.75   data required time
-----------------------------------------------------------------------------
                                 -1.75   data required time
                                 -3.38   data arrival time
-----------------------------------------------------------------------------
                                  5.13   slack (MET)


Startpoint: a[4] (input port clocked by __VIRTUAL_CLK__)
Endpoint: result[5] (output port clocked by __VIRTUAL_CLK__)
Path Group: __VIRTUAL_CLK__
Path Type: min
Corner: Slowest

Fanout     Cap    Slew   Delay    Time   Description
-----------------------------------------------------------------------------
                  0.00    0.00    0.00   clock __VIRTUAL_CLK__ (rise edge)
                          0.00    0.00   clock network delay (ideal)
                          2.00    2.00 ^ input external delay
                  0.04    0.02    2.02 ^ a[4] (in)
     1    0.00                           a[4] (net)
                  0.04    0.00    2.02 ^ input5/A (sky130_fd_sc_hd__clkbuf_2)
                  0.25    0.29    2.31 ^ input5/X (sky130_fd_sc_hd__clkbuf_2)
     7    0.03                           net5 (net)
                  0.25    0.00    2.31 ^ _207_/A1 (sky130_fd_sc_hd__a211o_1)
                  0.07    0.29    2.60 ^ _207_/X (sky130_fd_sc_hd__a211o_1)
     1    0.00                           _020_ (net)
                  0.07    0.00    2.60 ^ _208_/B1 (sky130_fd_sc_hd__o21a_1)
                  0.30    0.38    2.97 ^ _208_/X (sky130_fd_sc_hd__o21a_1)
     2    0.02                           net25 (net)
                  0.30    0.00    2.98 ^ output25/A (sky130_fd_sc_hd__clkbuf_4)
                  0.18    0.41    3.39 ^ output25/X (sky130_fd_sc_hd__clkbuf_4)
     1    0.03                           result[5] (net)
                  0.18    0.00    3.39 ^ result[5] (out)
                                  3.39   data arrival time

                  0.00    0.00    0.00   clock __VIRTUAL_CLK__ (rise edge)
                          0.00    0.00   clock network delay (ideal)
                          0.25    0.25   clock uncertainty
                          0.00    0.25   clock reconvergence pessimism
                         -2.00   -1.75   output external delay
                                 -1.75   data required time
-----------------------------------------------------------------------------
                                 -1.75   data required time
                                 -3.39   data arrival time
-----------------------------------------------------------------------------
                                  5.14   slack (MET)


Startpoint: op[2] (input port clocked by __VIRTUAL_CLK__)
Endpoint: result[6] (output port clocked by __VIRTUAL_CLK__)
Path Group: __VIRTUAL_CLK__
Path Type: min
Corner: Slowest

Fanout     Cap    Slew   Delay    Time   Description
-----------------------------------------------------------------------------
                  0.00    0.00    0.00   clock __VIRTUAL_CLK__ (rise edge)
                          0.00    0.00   clock network delay (ideal)
                          2.00    2.00 ^ input external delay
                  0.03    0.02    2.02 ^ op[2] (in)
     1    0.00                           op[2] (net)
                  0.03    0.00    2.02 ^ input19/A (sky130_fd_sc_hd__buf_4)
                  0.18    0.26    2.27 ^ input19/X (sky130_fd_sc_hd__buf_4)
    10    0.04                           net19 (net)
                  0.18    0.00    2.28 ^ _115_/A (sky130_fd_sc_hd__or2_2)
                  0.23    0.35    2.63 ^ _115_/X (sky130_fd_sc_hd__or2_2)
     6    0.03                           _048_ (net)
                  0.23    0.00    2.63 ^ _215_/B1 (sky130_fd_sc_hd__a21o_1)
                  0.06    0.20    2.83 ^ _215_/X (sky130_fd_sc_hd__a21o_1)
     1    0.00                           _027_ (net)
                  0.06    0.00    2.83 ^ _223_/A2 (sky130_fd_sc_hd__o21ai_1)
                  0.26    0.24    3.07 v _223_/Y (sky130_fd_sc_hd__o21ai_1)
     2    0.02                           net26 (net)
                  0.26    0.00    3.07 v output26/A (sky130_fd_sc_hd__clkbuf_4)
                  0.14    0.39    3.47 v output26/X (sky130_fd_sc_hd__clkbuf_4)
     1    0.03                           result[6] (net)
                  0.14    0.00    3.47 v result[6] (out)
                                  3.47   data arrival time

                  0.00    0.00    0.00   clock __VIRTUAL_CLK__ (rise edge)
                          0.00    0.00   clock network delay (ideal)
                          0.25    0.25   clock uncertainty
                          0.00    0.25   clock reconvergence pessimism
                         -2.00   -1.75   output external delay
                                 -1.75   data required time
-----------------------------------------------------------------------------
                                 -1.75   data required time
                                 -3.47   data arrival time
-----------------------------------------------------------------------------
                                  5.22   slack (MET)



======================= Typical Corner ===================================

Startpoint: op[2] (input port clocked by __VIRTUAL_CLK__)
Endpoint: result[2] (output port clocked by __VIRTUAL_CLK__)
Path Group: __VIRTUAL_CLK__
Path Type: min
Corner: Typical

Fanout     Cap    Slew   Delay    Time   Description
-----------------------------------------------------------------------------
                  0.00    0.00    0.00   clock __VIRTUAL_CLK__ (rise edge)
                          0.00    0.00   clock network delay (ideal)
                          2.00    2.00 ^ input external delay
                  0.02    0.01    2.01 ^ op[2] (in)
     1    0.00                           op[2] (net)
                  0.02    0.00    2.01 ^ input19/A (sky130_fd_sc_hd__buf_4)
                  0.11    0.14    2.16 ^ input19/X (sky130_fd_sc_hd__buf_4)
    10    0.04                           net19 (net)
                  0.11    0.00    2.16 ^ _129_/A (sky130_fd_sc_hd__nor2_2)
                  0.08    0.10    2.26 v _129_/Y (sky130_fd_sc_hd__nor2_2)
     6    0.03                           _061_ (net)
                  0.08    0.00    2.26 v _161_/A1 (sky130_fd_sc_hd__a31o_1)
                  0.06    0.20    2.46 v _161_/X (sky130_fd_sc_hd__a31o_1)
     2    0.01                           net22 (net)
                  0.06    0.00    2.46 v output22/A (sky130_fd_sc_hd__clkbuf_4)
                  0.08    0.18    2.64 v output22/X (sky130_fd_sc_hd__clkbuf_4)
     1    0.03                           result[2] (net)
                  0.08    0.00    2.64 v result[2] (out)
                                  2.64   data arrival time

                  0.00    0.00    0.00   clock __VIRTUAL_CLK__ (rise edge)
                          0.00    0.00   clock network delay (ideal)
                          0.25    0.25   clock uncertainty
                          0.00    0.25   clock reconvergence pessimism
                         -2.00   -1.75   output external delay
                                 -1.75   data required time
-----------------------------------------------------------------------------
                                 -1.75   data required time
                                 -2.64   data arrival time
-----------------------------------------------------------------------------
                                  4.39   slack (MET)


Startpoint: a[2] (input port clocked by __VIRTUAL_CLK__)
Endpoint: result[1] (output port clocked by __VIRTUAL_CLK__)
Path Group: __VIRTUAL_CLK__
Path Type: min
Corner: Typical

Fanout     Cap    Slew   Delay    Time   Description
-----------------------------------------------------------------------------
                  0.00    0.00    0.00   clock __VIRTUAL_CLK__ (rise edge)
                          0.00    0.00   clock network delay (ideal)
                          2.00    2.00 ^ input external delay
                  0.02    0.01    2.01 ^ a[2] (in)
     1    0.00                           a[2] (net)
                  0.02    0.00    2.01 ^ input3/A (sky130_fd_sc_hd__buf_2)
                  0.16    0.17    2.18 ^ input3/X (sky130_fd_sc_hd__buf_2)
     8    0.03                           net3 (net)
                  0.16    0.00    2.18 ^ _148_/A1 (sky130_fd_sc_hd__a221o_1)
                  0.06    0.17    2.35 ^ _148_/X (sky130_fd_sc_hd__a221o_1)
     1    0.00                           _080_ (net)
                  0.06    0.00    2.35 ^ _149_/C1 (sky130_fd_sc_hd__a211o_1)
                  0.08    0.12    2.47 ^ _149_/X (sky130_fd_sc_hd__a211o_1)
     2    0.01                           net21 (net)
                  0.08    0.00    2.47 ^ output21/A (sky130_fd_sc_hd__clkbuf_4)
                  0.11    0.19    2.66 ^ output21/X (sky130_fd_sc_hd__clkbuf_4)
     1    0.03                           result[1] (net)
                  0.11    0.00    2.66 ^ result[1] (out)
                                  2.66   data arrival time

                  0.00    0.00    0.00   clock __VIRTUAL_CLK__ (rise edge)
                          0.00    0.00   clock network delay (ideal)
                          0.25    0.25   clock uncertainty
                          0.00    0.25   clock reconvergence pessimism
                         -2.00   -1.75   output external delay
                                 -1.75   data required time
-----------------------------------------------------------------------------
                                 -1.75   data required time
                                 -2.66   data arrival time
-----------------------------------------------------------------------------
                                  4.41   slack (MET)


Startpoint: b[4] (input port clocked by __VIRTUAL_CLK__)
Endpoint: result[4] (output port clocked by __VIRTUAL_CLK__)
Path Group: __VIRTUAL_CLK__
Path Type: min
Corner: Typical

Fanout     Cap    Slew   Delay    Time   Description
-----------------------------------------------------------------------------
                  0.00    0.00    0.00   clock __VIRTUAL_CLK__ (rise edge)
                          0.00    0.00   clock network delay (ideal)
                          2.00    2.00 ^ input external delay
                  0.02    0.01    2.01 ^ b[4] (in)
     1    0.00                           b[4] (net)
                  0.02    0.00    2.01 ^ input13/A (sky130_fd_sc_hd__clkbuf_2)
                  0.12    0.14    2.15 ^ input13/X (sky130_fd_sc_hd__clkbuf_2)
     5    0.02                           net13 (net)
                  0.12    0.00    2.16 ^ _179_/A2 (sky130_fd_sc_hd__o22a_1)
                  0.04    0.14    2.29 ^ _179_/X (sky130_fd_sc_hd__o22a_1)
     1    0.00                           _108_ (net)
                  0.04    0.00    2.29 ^ _191_/A1 (sky130_fd_sc_hd__o32a_1)
                  0.10    0.18    2.47 ^ _191_/X (sky130_fd_sc_hd__o32a_1)
     2    0.01                           net24 (net)
                  0.10    0.00    2.47 ^ output24/A (sky130_fd_sc_hd__clkbuf_4)
                  0.11    0.19    2.66 ^ output24/X (sky130_fd_sc_hd__clkbuf_4)
     1    0.03                           result[4] (net)
                  0.11    0.00    2.66 ^ result[4] (out)
                                  2.66   data arrival time

                  0.00    0.00    0.00   clock __VIRTUAL_CLK__ (rise edge)
                          0.00    0.00   clock network delay (ideal)
                          0.25    0.25   clock uncertainty
                          0.00    0.25   clock reconvergence pessimism
                         -2.00   -1.75   output external delay
                                 -1.75   data required time
-----------------------------------------------------------------------------
                                 -1.75   data required time
                                 -2.66   data arrival time
-----------------------------------------------------------------------------
                                  4.41   slack (MET)


Startpoint: a[0] (input port clocked by __VIRTUAL_CLK__)
Endpoint: result[0] (output port clocked by __VIRTUAL_CLK__)
Path Group: __VIRTUAL_CLK__
Path Type: min
Corner: Typical

Fanout     Cap    Slew   Delay    Time   Description
-----------------------------------------------------------------------------
                  0.00    0.00    0.00   clock __VIRTUAL_CLK__ (rise edge)
                          0.00    0.00   clock network delay (ideal)
                          2.00    2.00 v input external delay
                  0.01    0.00    2.00 v a[0] (in)
     1    0.00                           a[0] (net)
                  0.01    0.00    2.00 v input1/A (sky130_fd_sc_hd__clkbuf_2)
                  0.10    0.14    2.14 v input1/X (sky130_fd_sc_hd__clkbuf_2)
     7    0.02                           net1 (net)
                  0.10    0.00    2.14 v _126_/A (sky130_fd_sc_hd__nor2_1)
                  0.07    0.10    2.24 ^ _126_/Y (sky130_fd_sc_hd__nor2_1)
     1    0.00                           _059_ (net)
                  0.07    0.00    2.24 ^ _127_/D (sky130_fd_sc_hd__or4_1)
                  0.04    0.10    2.34 ^ _127_/X (sky130_fd_sc_hd__or4_1)
     1    0.00                           _060_ (net)
                  0.04    0.00    2.34 ^ _128_/A (sky130_fd_sc_hd__buf_1)
                  0.15    0.15    2.49 ^ _128_/X (sky130_fd_sc_hd__buf_1)
     2    0.01                           net20 (net)
                  0.15    0.00    2.49 ^ output20/A (sky130_fd_sc_hd__clkbuf_4)
                  0.11    0.21    2.70 ^ output20/X (sky130_fd_sc_hd__clkbuf_4)
     1    0.03                           result[0] (net)
                  0.11    0.00    2.70 ^ result[0] (out)
                                  2.70   data arrival time

                  0.00    0.00    0.00   clock __VIRTUAL_CLK__ (rise edge)
                          0.00    0.00   clock network delay (ideal)
                          0.25    0.25   clock uncertainty
                          0.00    0.25   clock reconvergence pessimism
                         -2.00   -1.75   output external delay
                                 -1.75   data required time
-----------------------------------------------------------------------------
                                 -1.75   data required time
                                 -2.70   data arrival time
-----------------------------------------------------------------------------
                                  4.45   slack (MET)


Startpoint: b[7] (input port clocked by __VIRTUAL_CLK__)
Endpoint: result[7] (output port clocked by __VIRTUAL_CLK__)
Path Group: __VIRTUAL_CLK__
Path Type: min
Corner: Typical

Fanout     Cap    Slew   Delay    Time   Description
-----------------------------------------------------------------------------
                  0.00    0.00    0.00   clock __VIRTUAL_CLK__ (rise edge)
                          0.00    0.00   clock network delay (ideal)
                          2.00    2.00 ^ input external delay
                  0.03    0.01    2.01 ^ b[7] (in)
     1    0.00                           b[7] (net)
                  0.03    0.00    2.01 ^ input16/A (sky130_fd_sc_hd__clkbuf_1)
                  0.08    0.10    2.11 ^ input16/X (sky130_fd_sc_hd__clkbuf_1)
     2    0.01                           net16 (net)
                  0.08    0.00    2.11 ^ _226_/B (sky130_fd_sc_hd__nand2_1)
                  0.06    0.08    2.19 v _226_/Y (sky130_fd_sc_hd__nand2_1)
     2    0.01                           _037_ (net)
                  0.06    0.00    2.19 v _227_/B (sky130_fd_sc_hd__nand2_1)
                  0.09    0.10    2.29 ^ _227_/Y (sky130_fd_sc_hd__nand2_1)
     2    0.01                           _038_ (net)
                  0.09    0.00    2.29 ^ _234_/A2 (sky130_fd_sc_hd__o211a_1)
                  0.05    0.14    2.43 ^ _234_/X (sky130_fd_sc_hd__o211a_1)
     1    0.00                           _045_ (net)
                  0.05    0.00    2.43 ^ _235_/B1 (sky130_fd_sc_hd__a21oi_1)
                  0.09    0.09    2.52 v _235_/Y (sky130_fd_sc_hd__a21oi_1)
     2    0.02                           net27 (net)
                  0.09    0.00    2.52 v output27/A (sky130_fd_sc_hd__clkbuf_4)
                  0.08    0.19    2.71 v output27/X (sky130_fd_sc_hd__clkbuf_4)
     1    0.04                           result[7] (net)
                  0.08    0.00    2.71 v result[7] (out)
                                  2.71   data arrival time

                  0.00    0.00    0.00   clock __VIRTUAL_CLK__ (rise edge)
                          0.00    0.00   clock network delay (ideal)
                          0.25    0.25   clock uncertainty
                          0.00    0.25   clock reconvergence pessimism
                         -2.00   -1.75   output external delay
                                 -1.75   data required time
-----------------------------------------------------------------------------
                                 -1.75   data required time
                                 -2.71   data arrival time
-----------------------------------------------------------------------------
                                  4.46   slack (MET)


Startpoint: a[4] (input port clocked by __VIRTUAL_CLK__)
Endpoint: zero (output port clocked by __VIRTUAL_CLK__)
Path Group: __VIRTUAL_CLK__
Path Type: min
Corner: Typical

Fanout     Cap    Slew   Delay    Time   Description
-----------------------------------------------------------------------------
                  0.00    0.00    0.00   clock __VIRTUAL_CLK__ (rise edge)
                          0.00    0.00   clock network delay (ideal)
                          2.00    2.00 ^ input external delay
                  0.02    0.01    2.01 ^ a[4] (in)
     1    0.00                           a[4] (net)
                  0.02    0.00    2.01 ^ input5/A (sky130_fd_sc_hd__clkbuf_2)
                  0.16    0.17    2.18 ^ input5/X (sky130_fd_sc_hd__clkbuf_2)
     7    0.03                           net5 (net)
                  0.16    0.00    2.18 ^ _207_/A1 (sky130_fd_sc_hd__a211o_1)
                  0.04    0.14    2.32 ^ _207_/X (sky130_fd_sc_hd__a211o_1)
     1    0.00                           _020_ (net)
                  0.04    0.00    2.32 ^ _208_/B1 (sky130_fd_sc_hd__o21a_1)
                  0.19    0.20    2.53 ^ _208_/X (sky130_fd_sc_hd__o21a_1)
     2    0.02                           net25 (net)
                  0.19    0.00    2.53 ^ _238_/A (sky130_fd_sc_hd__nor4_4)
                  0.02    0.07    2.60 v _238_/Y (sky130_fd_sc_hd__nor4_4)
     1    0.01                           net28 (net)
                  0.02    0.00    2.60 v output28/A (sky130_fd_sc_hd__buf_6)
                  0.04    0.12    2.72 v output28/X (sky130_fd_sc_hd__buf_6)
     1    0.03                           zero (net)
                  0.04    0.00    2.72 v zero (out)
                                  2.72   data arrival time

                  0.00    0.00    0.00   clock __VIRTUAL_CLK__ (rise edge)
                          0.00    0.00   clock network delay (ideal)
                          0.25    0.25   clock uncertainty
                          0.00    0.25   clock reconvergence pessimism
                         -2.00   -1.75   output external delay
                                 -1.75   data required time
-----------------------------------------------------------------------------
                                 -1.75   data required time
                                 -2.72   data arrival time
-----------------------------------------------------------------------------
                                  4.47   slack (MET)


Startpoint: b[3] (input port clocked by __VIRTUAL_CLK__)
Endpoint: result[3] (output port clocked by __VIRTUAL_CLK__)
Path Group: __VIRTUAL_CLK__
Path Type: min
Corner: Typical

Fanout     Cap    Slew   Delay    Time   Description
-----------------------------------------------------------------------------
                  0.00    0.00    0.00   clock __VIRTUAL_CLK__ (rise edge)
                          0.00    0.00   clock network delay (ideal)
                          2.00    2.00 v input external delay
                  0.01    0.01    2.01 v b[3] (in)
     1    0.00                           b[3] (net)
                  0.01    0.00    2.01 v input12/A (sky130_fd_sc_hd__clkbuf_2)
                  0.09    0.13    2.14 v input12/X (sky130_fd_sc_hd__clkbuf_2)
     5    0.02                           net12 (net)
                  0.09    0.00    2.14 v _171_/B (sky130_fd_sc_hd__nand2_1)
                  0.05    0.09    2.23 ^ _171_/Y (sky130_fd_sc_hd__nand2_1)
     1    0.00                           _101_ (net)
                  0.05    0.00    2.23 ^ _173_/A2 (sky130_fd_sc_hd__a31o_1)
                  0.06    0.14    2.36 ^ _173_/X (sky130_fd_sc_hd__a31o_1)
     1    0.00                           _103_ (net)
                  0.06    0.00    2.37 ^ _177_/B1 (sky130_fd_sc_hd__o22a_1)
                  0.10    0.17    2.53 ^ _177_/X (sky130_fd_sc_hd__o22a_1)
     2    0.01                           net23 (net)
                  0.10    0.00    2.53 ^ output23/A (sky130_fd_sc_hd__clkbuf_4)
                  0.11    0.20    2.73 ^ output23/X (sky130_fd_sc_hd__clkbuf_4)
     1    0.03                           result[3] (net)
                  0.11    0.00    2.73 ^ result[3] (out)
                                  2.73   data arrival time

                  0.00    0.00    0.00   clock __VIRTUAL_CLK__ (rise edge)
                          0.00    0.00   clock network delay (ideal)
                          0.25    0.25   clock uncertainty
                          0.00    0.25   clock reconvergence pessimism
                         -2.00   -1.75   output external delay
                                 -1.75   data required time
-----------------------------------------------------------------------------
                                 -1.75   data required time
                                 -2.73   data arrival time
-----------------------------------------------------------------------------
                                  4.48   slack (MET)


Startpoint: a[4] (input port clocked by __VIRTUAL_CLK__)
Endpoint: result[5] (output port clocked by __VIRTUAL_CLK__)
Path Group: __VIRTUAL_CLK__
Path Type: min
Corner: Typical

Fanout     Cap    Slew   Delay    Time   Description
-----------------------------------------------------------------------------
                  0.00    0.00    0.00   clock __VIRTUAL_CLK__ (rise edge)
                          0.00    0.00   clock network delay (ideal)
                          2.00    2.00 ^ input external delay
                  0.02    0.01    2.01 ^ a[4] (in)
     1    0.00                           a[4] (net)
                  0.02    0.00    2.01 ^ input5/A (sky130_fd_sc_hd__clkbuf_2)
                  0.16    0.17    2.18 ^ input5/X (sky130_fd_sc_hd__clkbuf_2)
     7    0.03                           net5 (net)
                  0.16    0.00    2.18 ^ _207_/A1 (sky130_fd_sc_hd__a211o_1)
                  0.04    0.14    2.32 ^ _207_/X (sky130_fd_sc_hd__a211o_1)
     1    0.00                           _020_ (net)
                  0.04    0.00    2.32 ^ _208_/B1 (sky130_fd_sc_hd__o21a_1)
                  0.19    0.20    2.53 ^ _208_/X (sky130_fd_sc_hd__o21a_1)
     2    0.02                           net25 (net)
                  0.19    0.00    2.53 ^ output25/A (sky130_fd_sc_hd__clkbuf_4)
                  0.11    0.22    2.75 ^ output25/X (sky130_fd_sc_hd__clkbuf_4)
     1    0.03                           result[5] (net)
                  0.11    0.00    2.75 ^ result[5] (out)
                                  2.75   data arrival time

                  0.00    0.00    0.00   clock __VIRTUAL_CLK__ (rise edge)
                          0.00    0.00   clock network delay (ideal)
                          0.25    0.25   clock uncertainty
                          0.00    0.25   clock reconvergence pessimism
                         -2.00   -1.75   output external delay
                                 -1.75   data required time
-----------------------------------------------------------------------------
                                 -1.75   data required time
                                 -2.75   data arrival time
-----------------------------------------------------------------------------
                                  4.50   slack (MET)


Startpoint: op[2] (input port clocked by __VIRTUAL_CLK__)
Endpoint: result[6] (output port clocked by __VIRTUAL_CLK__)
Path Group: __VIRTUAL_CLK__
Path Type: min
Corner: Typical

Fanout     Cap    Slew   Delay    Time   Description
-----------------------------------------------------------------------------
                  0.00    0.00    0.00   clock __VIRTUAL_CLK__ (rise edge)
                          0.00    0.00   clock network delay (ideal)
                          2.00    2.00 ^ input external delay
                  0.02    0.01    2.01 ^ op[2] (in)
     1    0.00                           op[2] (net)
                  0.02    0.00    2.01 ^ input19/A (sky130_fd_sc_hd__buf_4)
                  0.11    0.14    2.16 ^ input19/X (sky130_fd_sc_hd__buf_4)
    10    0.04                           net19 (net)
                  0.11    0.00    2.16 ^ _115_/A (sky130_fd_sc_hd__or2_2)
                  0.15    0.20    2.36 ^ _115_/X (sky130_fd_sc_hd__or2_2)
     6    0.03                           _048_ (net)
                  0.15    0.00    2.36 ^ _215_/B1 (sky130_fd_sc_hd__a21o_1)
                  0.04    0.10    2.46 ^ _215_/X (sky130_fd_sc_hd__a21o_1)
     1    0.00                           _027_ (net)
                  0.04    0.00    2.46 ^ _223_/A2 (sky130_fd_sc_hd__o21ai_1)
                  0.12    0.11    2.57 v _223_/Y (sky130_fd_sc_hd__o21ai_1)
     2    0.02                           net26 (net)
                  0.12    0.00    2.57 v output26/A (sky130_fd_sc_hd__clkbuf_4)
                  0.08    0.20    2.77 v output26/X (sky130_fd_sc_hd__clkbuf_4)
     1    0.03                           result[6] (net)
                  0.08    0.00    2.77 v result[6] (out)
                                  2.77   data arrival time

                  0.00    0.00    0.00   clock __VIRTUAL_CLK__ (rise edge)
                          0.00    0.00   clock network delay (ideal)
                          0.25    0.25   clock uncertainty
                          0.00    0.25   clock reconvergence pessimism
                         -2.00   -1.75   output external delay
                                 -1.75   data required time
-----------------------------------------------------------------------------
                                 -1.75   data required time
                                 -2.77   data arrival time
-----------------------------------------------------------------------------
                                  4.52   slack (MET)



