
===========================================================================
 report_power
============================================================================
======================= Fastest Corner ===================================

Group                  Internal  Switching    Leakage      Total
                          Power      Power      Power      Power (Watts)
----------------------------------------------------------------
Sequential             4.89e-03   9.86e-04   1.90e-07   5.87e-03  32.1%
Combinational          6.24e-03   6.19e-03   9.53e-08   1.24e-02  67.9%
Macro                  0.00e+00   0.00e+00   0.00e+00   0.00e+00   0.0%
Pad                    0.00e+00   0.00e+00   0.00e+00   0.00e+00   0.0%
----------------------------------------------------------------
Total                  1.11e-02   7.17e-03   2.86e-07   1.83e-02 100.0%
                          60.8%      39.2%       0.0%

======================= Slowest Corner ===================================

Group                  Internal  Switching    Leakage      Total
                          Power      Power      Power      Power (Watts)
----------------------------------------------------------------
Sequential             3.32e-03   6.47e-04   2.45e-05   3.99e-03  31.9%
Combinational          4.45e-03   4.04e-03   4.69e-05   8.54e-03  68.1%
Macro                  0.00e+00   0.00e+00   0.00e+00   0.00e+00   0.0%
Pad                    0.00e+00   0.00e+00   0.00e+00   0.00e+00   0.0%
----------------------------------------------------------------
Total                  7.77e-03   4.69e-03   7.14e-05   1.25e-02 100.0%
                          62.0%      37.4%       0.6%

======================= Typical Corner ===================================

Group                  Internal  Switching    Leakage      Total
                          Power      Power      Power      Power (Watts)
----------------------------------------------------------------
Sequential             4.23e-03   8.28e-04   1.80e-07   5.06e-03  32.1%
Combinational          5.52e-03   5.20e-03   4.80e-08   1.07e-02  67.9%
Macro                  0.00e+00   0.00e+00   0.00e+00   0.00e+00   0.0%
Pad                    0.00e+00   0.00e+00   0.00e+00   0.00e+00   0.0%
----------------------------------------------------------------
Total                  9.76e-03   6.03e-03   2.28e-07   1.58e-02 100.0%
                          61.8%      38.2%       0.0%

