
===========================================================================
report_checks -unconstrained
===========================================================================
======================= Typical Corner ===================================

Startpoint: op[2] (input port clocked by __VIRTUAL_CLK__)
Endpoint: zero (output port clocked by __VIRTUAL_CLK__)
Path Group: __VIRTUAL_CLK__
Path Type: max

Fanout     Cap    Slew   Delay    Time   Description
-----------------------------------------------------------------------------
                  0.00    0.00    0.00   clock __VIRTUAL_CLK__ (rise edge)
                          0.00    0.00   clock network delay (ideal)
                          2.00    2.00 v input external delay
                  0.01    0.00    2.00 v op[2] (in)
     1    0.00                           op[2] (net)
                  0.01    0.00    2.00 v input19/A (sky130_fd_sc_hd__buf_2)
                  0.08    0.16    2.16 v input19/X (sky130_fd_sc_hd__buf_2)
    10    0.03                           net19 (net)
                  0.08    0.00    2.17 v _130_/A (sky130_fd_sc_hd__or3b_1)
                  0.06    0.39    2.56 v _130_/X (sky130_fd_sc_hd__or3b_1)
     1    0.00                           _062_ (net)
                  0.06    0.00    2.56 v _131_/A (sky130_fd_sc_hd__clkbuf_2)
                  0.10    0.18    2.73 v _131_/X (sky130_fd_sc_hd__clkbuf_2)
     8    0.02                           _063_ (net)
                  0.10    0.00    2.73 v _132_/A2 (sky130_fd_sc_hd__a21bo_1)
                  0.04    0.22    2.95 v _132_/X (sky130_fd_sc_hd__a21bo_1)
     2    0.00                           _064_ (net)
                  0.04    0.00    2.95 v _134_/B (sky130_fd_sc_hd__and3_1)
                  0.04    0.17    3.13 v _134_/X (sky130_fd_sc_hd__and3_1)
     2    0.00                           _066_ (net)
                  0.04    0.00    3.13 v _136_/A (sky130_fd_sc_hd__or2b_1)
                  0.06    0.24    3.37 v _136_/X (sky130_fd_sc_hd__or2b_1)
     1    0.00                           _068_ (net)
                  0.06    0.00    3.37 v _138_/A (sky130_fd_sc_hd__xnor2_1)
                  0.04    0.13    3.49 v _138_/Y (sky130_fd_sc_hd__xnor2_1)
     1    0.00                           _070_ (net)
                  0.04    0.00    3.49 v _149_/A2 (sky130_fd_sc_hd__a211o_1)
                  0.06    0.31    3.81 v _149_/X (sky130_fd_sc_hd__a211o_1)
     2    0.00                           net21 (net)
                  0.06    0.00    3.81 v _236_/B (sky130_fd_sc_hd__or3_1)
                  0.06    0.36    4.16 v _236_/X (sky130_fd_sc_hd__or3_1)
     1    0.00                           _046_ (net)
                  0.06    0.00    4.16 v _237_/C (sky130_fd_sc_hd__or3_1)
                  0.06    0.32    4.48 v _237_/X (sky130_fd_sc_hd__or3_1)
     1    0.00                           _047_ (net)
                  0.06    0.00    4.48 v _238_/D (sky130_fd_sc_hd__nor4_1)
                  0.24    0.19    4.67 ^ _238_/Y (sky130_fd_sc_hd__nor4_1)
     1    0.00                           net28 (net)
                  0.24    0.00    4.67 ^ output28/A (sky130_fd_sc_hd__buf_2)
                  0.17    0.27    4.94 ^ output28/X (sky130_fd_sc_hd__buf_2)
     1    0.03                           zero (net)
                  0.17    0.00    4.94 ^ zero (out)
                                  4.94   data arrival time

                  0.00   10.00   10.00   clock __VIRTUAL_CLK__ (rise edge)
                          0.00   10.00   clock network delay (ideal)
                         -0.25    9.75   clock uncertainty
                          0.00    9.75   clock reconvergence pessimism
                         -2.00    7.75   output external delay
                                  7.75   data required time
-----------------------------------------------------------------------------
                                  7.75   data required time
                                 -4.94   data arrival time
-----------------------------------------------------------------------------
                                  2.81   slack (MET)




===========================================================================
report_checks --slack_max -0.01
============================================================================
======================= Typical Corner ===================================

No paths found.


===========================================================================
 report_check_types -max_slew -max_cap -max_fanout -violators
============================================================================
======================= Typical Corner ===================================



===========================================================================
report_parasitic_annotation -report_unannotated
============================================================================
Found 173 unannotated drivers.
 a[0]
 a[1]
 a[2]
 a[3]
 a[4]
 a[5]
 a[6]
 a[7]
 b[0]
 b[1]
 b[2]
 b[3]
 b[4]
 b[5]
 b[6]
 b[7]
 op[0]
 op[1]
 op[2]
 _115_/X
 _116_/X
 _117_/X
 _118_/Y
 _119_/Y
 _120_/X
 _121_/X
 _122_/X
 _123_/X
 _124_/X
 _125_/Y
 _126_/Y
 _127_/X
 _128_/X
 _129_/Y
 _130_/X
 _131_/X
 _132_/X
 _133_/Y
 _134_/X
 _135_/X
 _136_/X
 _137_/X
 _138_/Y
 _139_/Y
 _140_/Y
 _141_/X
 _142_/Y
 _143_/Y
 _144_/X
 _145_/X
 _146_/X
 _147_/X
 _148_/X
 _149_/X
 _150_/Y
 _151_/X
 _152_/Y
 _153_/Y
 _154_/Y
 _155_/X
 _156_/Y
 _157_/X
 _158_/X
 _159_/X
 _160_/X
 _161_/X
 _162_/X
 _163_/Y
 _164_/Y
 _165_/X
 _166_/Y
 _167_/X
 _168_/Y
 _169_/X
 _170_/Y
 _171_/Y
 _172_/X
 _173_/X
 _174_/X
 _175_/X
 _176_/X
 _177_/X
 _178_/Y
 _179_/X
 _180_/X
 _181_/Y
 _182_/X
 _183_/Y
 _184_/X
 _185_/X
 _186_/Y
 _187_/Y
 _188_/X
 _189_/Y
 _190_/Y
 _191_/X
 _192_/Y
 _193_/X
 _194_/X
 _195_/Y
 _196_/X
 _197_/X
 _198_/X
 _199_/Y
 _200_/Y
 _201_/Y
 _202_/Y
 _203_/X
 _204_/X
 _205_/X
 _206_/X
 _207_/X
 _208_/X
 _209_/X
 _210_/Y
 _211_/Y
 _212_/X
 _213_/Y
 _214_/X
 _215_/X
 _216_/Y
 _217_/X
 _218_/X
 _219_/X
 _220_/X
 _221_/Y
 _222_/Y
 _223_/Y
 _224_/X
 _225_/X
 _226_/Y
 _227_/Y
 _228_/X
 _229_/Y
 _230_/Y
 _231_/X
 _232_/Y
 _233_/X
 _234_/X
 _235_/Y
 _236_/X
 _237_/X
 _238_/Y
 input1/X
 input10/X
 input11/X
 input12/X
 input13/X
 input14/X
 input15/X
 input16/X
 input17/X
 input18/X
 input19/X
 input2/X
 input3/X
 input4/X
 input5/X
 input6/X
 input7/X
 input8/X
 input9/X
 max_cap30/X
 output20/X
 output21/X
 output22/X
 output23/X
 output24/X
 output25/X
 output26/X
 output27/X
 output28/X
 wire29/X
Found 0 partially unannotated drivers.

===========================================================================
max slew violation count 0
max fanout violation count 0
max cap violation count 0
============================================================================

===========================================================================
check_setup -verbose -unconstrained_endpoints -multiple_clock -no_clock -no_input_delay -loops -generated_clocks
===========================================================================
