
===========================================================================
 report_power
============================================================================
======================= Fastest Corner ===================================

Group                  Internal  Switching    Leakage      Total
                          Power      Power      Power      Power (Watts)
----------------------------------------------------------------
Sequential             4.60e-05   9.35e-06   3.78e-08   5.54e-05  26.9%
Combinational          9.23e-05   5.83e-05   7.27e-10   1.51e-04  73.1%
Macro                  0.00e+00   0.00e+00   0.00e+00   0.00e+00   0.0%
Pad                    0.00e+00   0.00e+00   0.00e+00   0.00e+00   0.0%
----------------------------------------------------------------
Total                  1.38e-04   6.76e-05   3.85e-08   2.06e-04 100.0%
                          67.2%      32.8%       0.0%

======================= Slowest Corner ===================================

Group                  Internal  Switching    Leakage      Total
                          Power      Power      Power      Power (Watts)
----------------------------------------------------------------
Sequential             3.10e-05   6.01e-06   1.51e-07   3.71e-05  26.3%
Combinational          6.51e-05   3.86e-05   2.61e-07   1.04e-04  73.7%
Macro                  0.00e+00   0.00e+00   0.00e+00   0.00e+00   0.0%
Pad                    0.00e+00   0.00e+00   0.00e+00   0.00e+00   0.0%
----------------------------------------------------------------
Total                  9.60e-05   4.46e-05   4.11e-07   1.41e-04 100.0%
                          68.1%      31.6%       0.3%

======================= Typical Corner ===================================

Group                  Internal  Switching    Leakage      Total
                          Power      Power      Power      Power (Watts)
----------------------------------------------------------------
Sequential             3.97e-05   7.76e-06   3.78e-08   4.75e-05  26.8%
Combinational          8.04e-05   4.93e-05   2.80e-10   1.30e-04  73.2%
Macro                  0.00e+00   0.00e+00   0.00e+00   0.00e+00   0.0%
Pad                    0.00e+00   0.00e+00   0.00e+00   0.00e+00   0.0%
----------------------------------------------------------------
Total                  1.20e-04   5.71e-05   3.80e-08   1.77e-04 100.0%
                          67.8%      32.2%       0.0%

