
===========================================================================
report_checks -path_delay max (Setup)
============================================================================
======================= Typical Corner ===================================

Startpoint: op[2] (input port clocked by __VIRTUAL_CLK__)
Endpoint: zero (output port clocked by __VIRTUAL_CLK__)
Path Group: __VIRTUAL_CLK__
Path Type: max

Fanout     Cap    Slew   Delay    Time   Description
-----------------------------------------------------------------------------
                  0.00    0.00    0.00   clock __VIRTUAL_CLK__ (rise edge)
                          0.00    0.00   clock network delay (ideal)
                          2.00    2.00 v input external delay
                  0.01    0.01    2.01 v op[2] (in)
     1    0.00                           op[2] (net)
                  0.01    0.00    2.01 v input19/A (sky130_fd_sc_hd__buf_4)
                  0.06    0.16    2.16 v input19/X (sky130_fd_sc_hd__buf_4)
    10    0.03                           net19 (net)
                  0.06    0.00    2.17 v _130_/A (sky130_fd_sc_hd__or3b_4)
                  0.07    0.41    2.58 v _130_/X (sky130_fd_sc_hd__or3b_4)
     1    0.01                           _062_ (net)
                  0.07    0.00    2.58 v _131_/A (sky130_fd_sc_hd__buf_6)
                  0.04    0.15    2.73 v _131_/X (sky130_fd_sc_hd__buf_6)
     8    0.03                           _063_ (net)
                  0.04    0.00    2.73 v _132_/A2 (sky130_fd_sc_hd__a21bo_1)
                  0.05    0.20    2.93 v _132_/X (sky130_fd_sc_hd__a21bo_1)
     2    0.01                           _064_ (net)
                  0.05    0.00    2.93 v _134_/B (sky130_fd_sc_hd__and3_1)
                  0.05    0.18    3.11 v _134_/X (sky130_fd_sc_hd__and3_1)
     2    0.01                           _066_ (net)
                  0.05    0.00    3.11 v _136_/A (sky130_fd_sc_hd__or2b_1)
                  0.06    0.25    3.36 v _136_/X (sky130_fd_sc_hd__or2b_1)
     1    0.01                           _068_ (net)
                  0.06    0.00    3.36 v _138_/A (sky130_fd_sc_hd__xnor2_1)
                  0.05    0.13    3.49 v _138_/Y (sky130_fd_sc_hd__xnor2_1)
     1    0.00                           _070_ (net)
                  0.05    0.00    3.49 v _149_/A2 (sky130_fd_sc_hd__a211o_1)
                  0.07    0.33    3.82 v _149_/X (sky130_fd_sc_hd__a211o_1)
     2    0.01                           net21 (net)
                  0.07    0.00    3.82 v _236_/B (sky130_fd_sc_hd__or3_4)
                  0.06    0.38    4.20 v _236_/X (sky130_fd_sc_hd__or3_4)
     1    0.00                           _046_ (net)
                  0.06    0.00    4.20 v _237_/C (sky130_fd_sc_hd__or3_4)
                  0.07    0.36    4.57 v _237_/X (sky130_fd_sc_hd__or3_4)
     1    0.01                           _047_ (net)
                  0.07    0.00    4.57 v _238_/D (sky130_fd_sc_hd__nor4_4)
                  0.21    0.16    4.73 ^ _238_/Y (sky130_fd_sc_hd__nor4_4)
     1    0.01                           net28 (net)
                  0.21    0.00    4.73 ^ output28/A (sky130_fd_sc_hd__buf_6)
                  0.09    0.18    4.91 ^ output28/X (sky130_fd_sc_hd__buf_6)
     1    0.04                           zero (net)
                  0.09    0.00    4.91 ^ zero (out)
                                  4.91   data arrival time

                  0.00   10.00   10.00   clock __VIRTUAL_CLK__ (rise edge)
                          0.00   10.00   clock network delay (ideal)
                         -0.25    9.75   clock uncertainty
                          0.00    9.75   clock reconvergence pessimism
                         -2.00    7.75   output external delay
                                  7.75   data required time
-----------------------------------------------------------------------------
                                  7.75   data required time
                                 -4.91   data arrival time
-----------------------------------------------------------------------------
                                  2.84   slack (MET)


Startpoint: op[2] (input port clocked by __VIRTUAL_CLK__)
Endpoint: result[7] (output port clocked by __VIRTUAL_CLK__)
Path Group: __VIRTUAL_CLK__
Path Type: max

Fanout     Cap    Slew   Delay    Time   Description
-----------------------------------------------------------------------------
                  0.00    0.00    0.00   clock __VIRTUAL_CLK__ (rise edge)
                          0.00    0.00   clock network delay (ideal)
                          2.00    2.00 v input external delay
                  0.01    0.01    2.01 v op[2] (in)
     1    0.00                           op[2] (net)
                  0.01    0.00    2.01 v input19/A (sky130_fd_sc_hd__buf_4)
                  0.06    0.16    2.16 v input19/X (sky130_fd_sc_hd__buf_4)
    10    0.03                           net19 (net)
                  0.06    0.00    2.17 v _130_/A (sky130_fd_sc_hd__or3b_4)
                  0.07    0.41    2.58 v _130_/X (sky130_fd_sc_hd__or3b_4)
     1    0.01                           _062_ (net)
                  0.07    0.00    2.58 v _131_/A (sky130_fd_sc_hd__buf_6)
                  0.04    0.15    2.73 v _131_/X (sky130_fd_sc_hd__buf_6)
     8    0.03                           _063_ (net)
                  0.04    0.00    2.73 v _132_/A2 (sky130_fd_sc_hd__a21bo_1)
                  0.05    0.20    2.93 v _132_/X (sky130_fd_sc_hd__a21bo_1)
     2    0.01                           _064_ (net)
                  0.05    0.00    2.93 v _134_/B (sky130_fd_sc_hd__and3_1)
                  0.05    0.18    3.11 v _134_/X (sky130_fd_sc_hd__and3_1)
     2    0.01                           _066_ (net)
                  0.05    0.00    3.11 v _150_/B1 (sky130_fd_sc_hd__a21oi_1)
                  0.21    0.20    3.32 ^ _150_/Y (sky130_fd_sc_hd__a21oi_1)
     3    0.01                           _081_ (net)
                  0.21    0.00    3.32 ^ _168_/A (sky130_fd_sc_hd__nor2_1)
                  0.09    0.13    3.45 v _168_/Y (sky130_fd_sc_hd__nor2_1)
     3    0.01                           _098_ (net)
                  0.09    0.00    3.45 v _199_/A1 (sky130_fd_sc_hd__o211ai_2)
                  0.20    0.25    3.69 ^ _199_/Y (sky130_fd_sc_hd__o211ai_2)
     3    0.01                           _012_ (net)
                  0.20    0.00    3.69 ^ _213_/A1 (sky130_fd_sc_hd__a211oi_2)
                  0.08    0.12    3.81 v _213_/Y (sky130_fd_sc_hd__a211oi_2)
     3    0.01                           _025_ (net)
                  0.08    0.00    3.81 v _231_/A2 (sky130_fd_sc_hd__o31a_1)
                  0.05    0.29    4.11 v _231_/X (sky130_fd_sc_hd__o31a_1)
     1    0.00                           _042_ (net)
                  0.05    0.00    4.11 v _235_/A2 (sky130_fd_sc_hd__a21oi_1)
                  0.27    0.27    4.38 ^ _235_/Y (sky130_fd_sc_hd__a21oi_1)
     2    0.01                           net27 (net)
                  0.27    0.00    4.38 ^ output27/A (sky130_fd_sc_hd__clkbuf_4)
                  0.11    0.27    4.65 ^ output27/X (sky130_fd_sc_hd__clkbuf_4)
     1    0.03                           result[7] (net)
                  0.11    0.00    4.65 ^ result[7] (out)
                                  4.65   data arrival time

                  0.00   10.00   10.00   clock __VIRTUAL_CLK__ (rise edge)
                          0.00   10.00   clock network delay (ideal)
                         -0.25    9.75   clock uncertainty
                          0.00    9.75   clock reconvergence pessimism
                         -2.00    7.75   output external delay
                                  7.75   data required time
-----------------------------------------------------------------------------
                                  7.75   data required time
                                 -4.65   data arrival time
-----------------------------------------------------------------------------
                                  3.10   slack (MET)


Startpoint: op[2] (input port clocked by __VIRTUAL_CLK__)
Endpoint: result[6] (output port clocked by __VIRTUAL_CLK__)
Path Group: __VIRTUAL_CLK__
Path Type: max

Fanout     Cap    Slew   Delay    Time   Description
-----------------------------------------------------------------------------
                  0.00    0.00    0.00   clock __VIRTUAL_CLK__ (rise edge)
                          0.00    0.00   clock network delay (ideal)
                          2.00    2.00 v input external delay
                  0.01    0.01    2.01 v op[2] (in)
     1    0.00                           op[2] (net)
                  0.01    0.00    2.01 v input19/A (sky130_fd_sc_hd__buf_4)
                  0.06    0.16    2.16 v input19/X (sky130_fd_sc_hd__buf_4)
    10    0.03                           net19 (net)
                  0.06    0.00    2.17 v _130_/A (sky130_fd_sc_hd__or3b_4)
                  0.07    0.41    2.58 v _130_/X (sky130_fd_sc_hd__or3b_4)
     1    0.01                           _062_ (net)
                  0.07    0.00    2.58 v _131_/A (sky130_fd_sc_hd__buf_6)
                  0.04    0.15    2.73 v _131_/X (sky130_fd_sc_hd__buf_6)
     8    0.03                           _063_ (net)
                  0.04    0.00    2.73 v _151_/B1 (sky130_fd_sc_hd__o21a_1)
                  0.06    0.12    2.85 v _151_/X (sky130_fd_sc_hd__o21a_1)
     2    0.01                           _082_ (net)
                  0.06    0.00    2.85 v _152_/B (sky130_fd_sc_hd__xnor2_1)
                  0.23    0.23    3.08 ^ _152_/Y (sky130_fd_sc_hd__xnor2_1)
     2    0.01                           _083_ (net)
                  0.23    0.00    3.08 ^ _153_/B (sky130_fd_sc_hd__xnor2_1)
                  0.09    0.14    3.22 v _153_/Y (sky130_fd_sc_hd__xnor2_1)
     3    0.01                           _084_ (net)
                  0.09    0.00    3.22 v _168_/B (sky130_fd_sc_hd__nor2_1)
                  0.23    0.23    3.45 ^ _168_/Y (sky130_fd_sc_hd__nor2_1)
     3    0.01                           _098_ (net)
                  0.23    0.00    3.45 ^ _199_/A1 (sky130_fd_sc_hd__o211ai_2)
                  0.10    0.16    3.61 v _199_/Y (sky130_fd_sc_hd__o211ai_2)
     3    0.01                           _012_ (net)
                  0.10    0.00    3.61 v _214_/A1 (sky130_fd_sc_hd__a21o_1)
                  0.03    0.18    3.79 v _214_/X (sky130_fd_sc_hd__a21o_1)
     1    0.00                           _026_ (net)
                  0.03    0.00    3.79 v _215_/A2 (sky130_fd_sc_hd__a21o_1)
                  0.04    0.18    3.97 v _215_/X (sky130_fd_sc_hd__a21o_1)
     1    0.00                           _027_ (net)
                  0.04    0.00    3.97 v _223_/A2 (sky130_fd_sc_hd__o21ai_1)
                  0.30    0.27    4.24 ^ _223_/Y (sky130_fd_sc_hd__o21ai_1)
     2    0.01                           net26 (net)
                  0.30    0.00    4.24 ^ output26/A (sky130_fd_sc_hd__clkbuf_4)
                  0.12    0.28    4.52 ^ output26/X (sky130_fd_sc_hd__clkbuf_4)
     1    0.03                           result[6] (net)
                  0.12    0.00    4.53 ^ result[6] (out)
                                  4.53   data arrival time

                  0.00   10.00   10.00   clock __VIRTUAL_CLK__ (rise edge)
                          0.00   10.00   clock network delay (ideal)
                         -0.25    9.75   clock uncertainty
                          0.00    9.75   clock reconvergence pessimism
                         -2.00    7.75   output external delay
                                  7.75   data required time
-----------------------------------------------------------------------------
                                  7.75   data required time
                                 -4.53   data arrival time
-----------------------------------------------------------------------------
                                  3.22   slack (MET)


Startpoint: op[2] (input port clocked by __VIRTUAL_CLK__)
Endpoint: result[5] (output port clocked by __VIRTUAL_CLK__)
Path Group: __VIRTUAL_CLK__
Path Type: max

Fanout     Cap    Slew   Delay    Time   Description
-----------------------------------------------------------------------------
                  0.00    0.00    0.00   clock __VIRTUAL_CLK__ (rise edge)
                          0.00    0.00   clock network delay (ideal)
                          2.00    2.00 v input external delay
                  0.01    0.01    2.01 v op[2] (in)
     1    0.00                           op[2] (net)
                  0.01    0.00    2.01 v input19/A (sky130_fd_sc_hd__buf_4)
                  0.06    0.16    2.16 v input19/X (sky130_fd_sc_hd__buf_4)
    10    0.03                           net19 (net)
                  0.06    0.00    2.17 v _130_/A (sky130_fd_sc_hd__or3b_4)
                  0.07    0.41    2.58 v _130_/X (sky130_fd_sc_hd__or3b_4)
     1    0.01                           _062_ (net)
                  0.07    0.00    2.58 v _131_/A (sky130_fd_sc_hd__buf_6)
                  0.04    0.15    2.73 v _131_/X (sky130_fd_sc_hd__buf_6)
     8    0.03                           _063_ (net)
                  0.04    0.00    2.73 v _132_/A2 (sky130_fd_sc_hd__a21bo_1)
                  0.05    0.20    2.93 v _132_/X (sky130_fd_sc_hd__a21bo_1)
     2    0.01                           _064_ (net)
                  0.05    0.00    2.93 v _134_/B (sky130_fd_sc_hd__and3_1)
                  0.05    0.18    3.11 v _134_/X (sky130_fd_sc_hd__and3_1)
     2    0.01                           _066_ (net)
                  0.05    0.00    3.11 v _150_/B1 (sky130_fd_sc_hd__a21oi_1)
                  0.21    0.20    3.32 ^ _150_/Y (sky130_fd_sc_hd__a21oi_1)
     3    0.01                           _081_ (net)
                  0.21    0.00    3.32 ^ _168_/A (sky130_fd_sc_hd__nor2_1)
                  0.09    0.13    3.45 v _168_/Y (sky130_fd_sc_hd__nor2_1)
     3    0.01                           _098_ (net)
                  0.09    0.00    3.45 v _199_/A1 (sky130_fd_sc_hd__o211ai_2)
                  0.20    0.25    3.69 ^ _199_/Y (sky130_fd_sc_hd__o211ai_2)
     3    0.01                           _012_ (net)
                  0.20    0.00    3.69 ^ _200_/B (sky130_fd_sc_hd__nand2_1)
                  0.06    0.10    3.79 v _200_/Y (sky130_fd_sc_hd__nand2_1)
     1    0.01                           _013_ (net)
                  0.06    0.00    3.79 v _201_/B (sky130_fd_sc_hd__xnor2_1)
                  0.11    0.14    3.93 ^ _201_/Y (sky130_fd_sc_hd__xnor2_1)
     1    0.00                           _014_ (net)
                  0.11    0.00    3.93 ^ _208_/A2 (sky130_fd_sc_hd__o21a_1)
                  0.12    0.18    4.11 ^ _208_/X (sky130_fd_sc_hd__o21a_1)
     2    0.01                           net25 (net)
                  0.12    0.00    4.11 ^ output25/A (sky130_fd_sc_hd__clkbuf_4)
                  0.11    0.22    4.33 ^ output25/X (sky130_fd_sc_hd__clkbuf_4)
     1    0.03                           result[5] (net)
                  0.11    0.00    4.33 ^ result[5] (out)
                                  4.33   data arrival time

                  0.00   10.00   10.00   clock __VIRTUAL_CLK__ (rise edge)
                          0.00   10.00   clock network delay (ideal)
                         -0.25    9.75   clock uncertainty
                          0.00    9.75   clock reconvergence pessimism
                         -2.00    7.75   output external delay
                                  7.75   data required time
-----------------------------------------------------------------------------
                                  7.75   data required time
                                 -4.33   data arrival time
-----------------------------------------------------------------------------
                                  3.42   slack (MET)


Startpoint: op[2] (input port clocked by __VIRTUAL_CLK__)
Endpoint: result[3] (output port clocked by __VIRTUAL_CLK__)
Path Group: __VIRTUAL_CLK__
Path Type: max

Fanout     Cap    Slew   Delay    Time   Description
-----------------------------------------------------------------------------
                  0.00    0.00    0.00   clock __VIRTUAL_CLK__ (rise edge)
                          0.00    0.00   clock network delay (ideal)
                          2.00    2.00 v input external delay
                  0.01    0.01    2.01 v op[2] (in)
     1    0.00                           op[2] (net)
                  0.01    0.00    2.01 v input19/A (sky130_fd_sc_hd__buf_4)
                  0.06    0.16    2.16 v input19/X (sky130_fd_sc_hd__buf_4)
    10    0.03                           net19 (net)
                  0.06    0.00    2.17 v _130_/A (sky130_fd_sc_hd__or3b_4)
                  0.07    0.41    2.58 v _130_/X (sky130_fd_sc_hd__or3b_4)
     1    0.01                           _062_ (net)
                  0.07    0.00    2.58 v _131_/A (sky130_fd_sc_hd__buf_6)
                  0.04    0.15    2.73 v _131_/X (sky130_fd_sc_hd__buf_6)
     8    0.03                           _063_ (net)
                  0.04    0.00    2.73 v _132_/A2 (sky130_fd_sc_hd__a21bo_1)
                  0.05    0.20    2.93 v _132_/X (sky130_fd_sc_hd__a21bo_1)
     2    0.01                           _064_ (net)
                  0.05    0.00    2.93 v _134_/B (sky130_fd_sc_hd__and3_1)
                  0.05    0.18    3.11 v _134_/X (sky130_fd_sc_hd__and3_1)
     2    0.01                           _066_ (net)
                  0.05    0.00    3.11 v _150_/B1 (sky130_fd_sc_hd__a21oi_1)
                  0.21    0.20    3.32 ^ _150_/Y (sky130_fd_sc_hd__a21oi_1)
     3    0.01                           _081_ (net)
                  0.21    0.00    3.32 ^ _168_/A (sky130_fd_sc_hd__nor2_1)
                  0.09    0.13    3.45 v _168_/Y (sky130_fd_sc_hd__nor2_1)
     3    0.01                           _098_ (net)
                  0.09    0.00    3.45 v _169_/B (sky130_fd_sc_hd__or2_1)
                  0.06    0.25    3.69 v _169_/X (sky130_fd_sc_hd__or2_1)
     1    0.01                           _099_ (net)
                  0.06    0.00    3.69 v _170_/B (sky130_fd_sc_hd__xnor2_1)
                  0.16    0.17    3.87 ^ _170_/Y (sky130_fd_sc_hd__xnor2_1)
     1    0.01                           _100_ (net)
                  0.16    0.00    3.87 ^ _177_/A2 (sky130_fd_sc_hd__o22a_1)
                  0.09    0.19    4.06 ^ _177_/X (sky130_fd_sc_hd__o22a_1)
     2    0.01                           net23 (net)
                  0.09    0.00    4.06 ^ output23/A (sky130_fd_sc_hd__clkbuf_4)
                  0.11    0.21    4.27 ^ output23/X (sky130_fd_sc_hd__clkbuf_4)
     1    0.04                           result[3] (net)
                  0.11    0.00    4.28 ^ result[3] (out)
                                  4.28   data arrival time

                  0.00   10.00   10.00   clock __VIRTUAL_CLK__ (rise edge)
                          0.00   10.00   clock network delay (ideal)
                         -0.25    9.75   clock uncertainty
                          0.00    9.75   clock reconvergence pessimism
                         -2.00    7.75   output external delay
                                  7.75   data required time
-----------------------------------------------------------------------------
                                  7.75   data required time
                                 -4.28   data arrival time
-----------------------------------------------------------------------------
                                  3.47   slack (MET)


Startpoint: op[2] (input port clocked by __VIRTUAL_CLK__)
Endpoint: result[4] (output port clocked by __VIRTUAL_CLK__)
Path Group: __VIRTUAL_CLK__
Path Type: max

Fanout     Cap    Slew   Delay    Time   Description
-----------------------------------------------------------------------------
                  0.00    0.00    0.00   clock __VIRTUAL_CLK__ (rise edge)
                          0.00    0.00   clock network delay (ideal)
                          2.00    2.00 v input external delay
                  0.01    0.01    2.01 v op[2] (in)
     1    0.00                           op[2] (net)
                  0.01    0.00    2.01 v input19/A (sky130_fd_sc_hd__buf_4)
                  0.06    0.16    2.16 v input19/X (sky130_fd_sc_hd__buf_4)
    10    0.03                           net19 (net)
                  0.06    0.00    2.17 v _130_/A (sky130_fd_sc_hd__or3b_4)
                  0.07    0.41    2.58 v _130_/X (sky130_fd_sc_hd__or3b_4)
     1    0.01                           _062_ (net)
                  0.07    0.00    2.58 v _131_/A (sky130_fd_sc_hd__buf_6)
                  0.04    0.15    2.73 v _131_/X (sky130_fd_sc_hd__buf_6)
     8    0.03                           _063_ (net)
                  0.04    0.00    2.73 v _132_/A2 (sky130_fd_sc_hd__a21bo_1)
                  0.05    0.20    2.93 v _132_/X (sky130_fd_sc_hd__a21bo_1)
     2    0.01                           _064_ (net)
                  0.05    0.00    2.93 v _134_/B (sky130_fd_sc_hd__and3_1)
                  0.05    0.18    3.11 v _134_/X (sky130_fd_sc_hd__and3_1)
     2    0.01                           _066_ (net)
                  0.05    0.00    3.11 v _150_/B1 (sky130_fd_sc_hd__a21oi_1)
                  0.21    0.20    3.32 ^ _150_/Y (sky130_fd_sc_hd__a21oi_1)
     3    0.01                           _081_ (net)
                  0.21    0.00    3.32 ^ _168_/A (sky130_fd_sc_hd__nor2_1)
                  0.09    0.13    3.45 v _168_/Y (sky130_fd_sc_hd__nor2_1)
     3    0.01                           _098_ (net)
                  0.09    0.00    3.45 v _189_/A1 (sky130_fd_sc_hd__o21ai_1)
                  0.15    0.19    3.64 ^ _189_/Y (sky130_fd_sc_hd__o21ai_1)
     1    0.01                           _003_ (net)
                  0.15    0.00    3.64 ^ _190_/B (sky130_fd_sc_hd__xnor2_1)
                  0.11    0.14    3.77 ^ _190_/Y (sky130_fd_sc_hd__xnor2_1)
     1    0.00                           _004_ (net)
                  0.11    0.00    3.77 ^ _191_/B1 (sky130_fd_sc_hd__o32a_1)
                  0.09    0.20    3.97 ^ _191_/X (sky130_fd_sc_hd__o32a_1)
     2    0.01                           net24 (net)
                  0.09    0.00    3.97 ^ output24/A (sky130_fd_sc_hd__clkbuf_4)
                  0.12    0.22    4.19 ^ output24/X (sky130_fd_sc_hd__clkbuf_4)
     1    0.04                           result[4] (net)
                  0.12    0.00    4.19 ^ result[4] (out)
                                  4.19   data arrival time

                  0.00   10.00   10.00   clock __VIRTUAL_CLK__ (rise edge)
                          0.00   10.00   clock network delay (ideal)
                         -0.25    9.75   clock uncertainty
                          0.00    9.75   clock reconvergence pessimism
                         -2.00    7.75   output external delay
                                  7.75   data required time
-----------------------------------------------------------------------------
                                  7.75   data required time
                                 -4.19   data arrival time
-----------------------------------------------------------------------------
                                  3.56   slack (MET)


Startpoint: op[2] (input port clocked by __VIRTUAL_CLK__)
Endpoint: result[1] (output port clocked by __VIRTUAL_CLK__)
Path Group: __VIRTUAL_CLK__
Path Type: max

Fanout     Cap    Slew   Delay    Time   Description
-----------------------------------------------------------------------------
                  0.00    0.00    0.00   clock __VIRTUAL_CLK__ (rise edge)
                          0.00    0.00   clock network delay (ideal)
                          2.00    2.00 v input external delay
                  0.01    0.01    2.01 v op[2] (in)
     1    0.00                           op[2] (net)
                  0.01    0.00    2.01 v input19/A (sky130_fd_sc_hd__buf_4)
                  0.06    0.16    2.16 v input19/X (sky130_fd_sc_hd__buf_4)
    10    0.03                           net19 (net)
                  0.06    0.00    2.17 v _130_/A (sky130_fd_sc_hd__or3b_4)
                  0.07    0.41    2.58 v _130_/X (sky130_fd_sc_hd__or3b_4)
     1    0.01                           _062_ (net)
                  0.07    0.00    2.58 v _131_/A (sky130_fd_sc_hd__buf_6)
                  0.04    0.15    2.73 v _131_/X (sky130_fd_sc_hd__buf_6)
     8    0.03                           _063_ (net)
                  0.04    0.00    2.73 v _132_/A2 (sky130_fd_sc_hd__a21bo_1)
                  0.05    0.20    2.93 v _132_/X (sky130_fd_sc_hd__a21bo_1)
     2    0.01                           _064_ (net)
                  0.05    0.00    2.93 v _134_/B (sky130_fd_sc_hd__and3_1)
                  0.05    0.18    3.11 v _134_/X (sky130_fd_sc_hd__and3_1)
     2    0.01                           _066_ (net)
                  0.05    0.00    3.11 v _136_/A (sky130_fd_sc_hd__or2b_1)
                  0.06    0.25    3.36 v _136_/X (sky130_fd_sc_hd__or2b_1)
     1    0.01                           _068_ (net)
                  0.06    0.00    3.36 v _138_/A (sky130_fd_sc_hd__xnor2_1)
                  0.05    0.13    3.49 v _138_/Y (sky130_fd_sc_hd__xnor2_1)
     1    0.00                           _070_ (net)
                  0.05    0.00    3.49 v _149_/A2 (sky130_fd_sc_hd__a211o_1)
                  0.07    0.33    3.82 v _149_/X (sky130_fd_sc_hd__a211o_1)
     2    0.01                           net21 (net)
                  0.07    0.00    3.82 v output21/A (sky130_fd_sc_hd__clkbuf_4)
                  0.09    0.21    4.03 v output21/X (sky130_fd_sc_hd__clkbuf_4)
     1    0.04                           result[1] (net)
                  0.09    0.00    4.03 v result[1] (out)
                                  4.03   data arrival time

                  0.00   10.00   10.00   clock __VIRTUAL_CLK__ (rise edge)
                          0.00   10.00   clock network delay (ideal)
                         -0.25    9.75   clock uncertainty
                          0.00    9.75   clock reconvergence pessimism
                         -2.00    7.75   output external delay
                                  7.75   data required time
-----------------------------------------------------------------------------
                                  7.75   data required time
                                 -4.03   data arrival time
-----------------------------------------------------------------------------
                                  3.72   slack (MET)


Startpoint: op[2] (input port clocked by __VIRTUAL_CLK__)
Endpoint: result[2] (output port clocked by __VIRTUAL_CLK__)
Path Group: __VIRTUAL_CLK__
Path Type: max

Fanout     Cap    Slew   Delay    Time   Description
-----------------------------------------------------------------------------
                  0.00    0.00    0.00   clock __VIRTUAL_CLK__ (rise edge)
                          0.00    0.00   clock network delay (ideal)
                          2.00    2.00 v input external delay
                  0.01    0.01    2.01 v op[2] (in)
     1    0.00                           op[2] (net)
                  0.01    0.00    2.01 v input19/A (sky130_fd_sc_hd__buf_4)
                  0.06    0.16    2.16 v input19/X (sky130_fd_sc_hd__buf_4)
    10    0.03                           net19 (net)
                  0.06    0.00    2.17 v _130_/A (sky130_fd_sc_hd__or3b_4)
                  0.07    0.41    2.58 v _130_/X (sky130_fd_sc_hd__or3b_4)
     1    0.01                           _062_ (net)
                  0.07    0.00    2.58 v _131_/A (sky130_fd_sc_hd__buf_6)
                  0.04    0.15    2.73 v _131_/X (sky130_fd_sc_hd__buf_6)
     8    0.03                           _063_ (net)
                  0.04    0.00    2.73 v _151_/B1 (sky130_fd_sc_hd__o21a_1)
                  0.06    0.12    2.85 v _151_/X (sky130_fd_sc_hd__o21a_1)
     2    0.01                           _082_ (net)
                  0.06    0.00    2.85 v _152_/B (sky130_fd_sc_hd__xnor2_1)
                  0.23    0.23    3.08 ^ _152_/Y (sky130_fd_sc_hd__xnor2_1)
     2    0.01                           _083_ (net)
                  0.23    0.00    3.08 ^ _153_/B (sky130_fd_sc_hd__xnor2_1)
                  0.09    0.14    3.22 v _153_/Y (sky130_fd_sc_hd__xnor2_1)
     3    0.01                           _084_ (net)
                  0.09    0.00    3.22 v _155_/B (sky130_fd_sc_hd__or2_1)
                  0.05    0.23    3.45 v _155_/X (sky130_fd_sc_hd__or2_1)
     1    0.00                           _086_ (net)
                  0.05    0.00    3.45 v _161_/A3 (sky130_fd_sc_hd__a31o_1)
                  0.04    0.23    3.68 v _161_/X (sky130_fd_sc_hd__a31o_1)
     2    0.00                           net22 (net)
                  0.04    0.00    3.68 v output22/A (sky130_fd_sc_hd__clkbuf_4)
                  0.09    0.20    3.88 v output22/X (sky130_fd_sc_hd__clkbuf_4)
     1    0.04                           result[2] (net)
                  0.09    0.00    3.88 v result[2] (out)
                                  3.88   data arrival time

                  0.00   10.00   10.00   clock __VIRTUAL_CLK__ (rise edge)
                          0.00   10.00   clock network delay (ideal)
                         -0.25    9.75   clock uncertainty
                          0.00    9.75   clock reconvergence pessimism
                         -2.00    7.75   output external delay
                                  7.75   data required time
-----------------------------------------------------------------------------
                                  7.75   data required time
                                 -3.88   data arrival time
-----------------------------------------------------------------------------
                                  3.87   slack (MET)


Startpoint: op[1] (input port clocked by __VIRTUAL_CLK__)
Endpoint: result[0] (output port clocked by __VIRTUAL_CLK__)
Path Group: __VIRTUAL_CLK__
Path Type: max

Fanout     Cap    Slew   Delay    Time   Description
-----------------------------------------------------------------------------
                  0.00    0.00    0.00   clock __VIRTUAL_CLK__ (rise edge)
                          0.00    0.00   clock network delay (ideal)
                          2.00    2.00 v input external delay
                  0.01    0.00    2.00 v op[1] (in)
     1    0.00                           op[1] (net)
                  0.01    0.00    2.00 v input18/A (sky130_fd_sc_hd__buf_2)
                  0.08    0.16    2.17 v input18/X (sky130_fd_sc_hd__buf_2)
    10    0.03                           net18 (net)
                  0.08    0.00    2.17 v _116_/A (sky130_fd_sc_hd__or3b_2)
                  0.11    0.55    2.72 v _116_/X (sky130_fd_sc_hd__or3b_2)
     4    0.01                           _049_ (net)
                  0.11    0.00    2.72 v _117_/B2 (sky130_fd_sc_hd__a2bb2o_1)
                  0.06    0.29    3.01 v _117_/X (sky130_fd_sc_hd__a2bb2o_1)
     1    0.00                           _050_ (net)
                  0.06    0.00    3.01 v _118_/B1 (sky130_fd_sc_hd__a21oi_1)
                  0.11    0.12    3.13 ^ _118_/Y (sky130_fd_sc_hd__a21oi_1)
     1    0.00                           _051_ (net)
                  0.11    0.00    3.13 ^ _127_/A (sky130_fd_sc_hd__or4_1)
                  0.04    0.12    3.26 ^ _127_/X (sky130_fd_sc_hd__or4_1)
     1    0.00                           _060_ (net)
                  0.04    0.00    3.26 ^ _128_/A (sky130_fd_sc_hd__buf_1)
                  0.12    0.14    3.39 ^ _128_/X (sky130_fd_sc_hd__buf_1)
     2    0.01                           net20 (net)
                  0.12    0.00    3.39 ^ output20/A (sky130_fd_sc_hd__clkbuf_4)
                  0.11    0.22    3.62 ^ output20/X (sky130_fd_sc_hd__clkbuf_4)
     1    0.03                           result[0] (net)
                  0.11    0.00    3.62 ^ result[0] (out)
                                  3.62   data arrival time

                  0.00   10.00   10.00   clock __VIRTUAL_CLK__ (rise edge)
                          0.00   10.00   clock network delay (ideal)
                         -0.25    9.75   clock uncertainty
                          0.00    9.75   clock reconvergence pessimism
                         -2.00    7.75   output external delay
                                  7.75   data required time
-----------------------------------------------------------------------------
                                  7.75   data required time
                                 -3.62   data arrival time
-----------------------------------------------------------------------------
                                  4.13   slack (MET)



