
===========================================================================
 report_power
============================================================================
======================= Fastest Corner ===================================

Group                  Internal  Switching    Leakage      Total
                          Power      Power      Power      Power (Watts)
----------------------------------------------------------------
Sequential             1.14e-04   3.29e-05   1.23e-07   1.48e-04  32.6%
Combinational          1.82e-04   1.23e-04   2.31e-09   3.05e-04  67.4%
Macro                  0.00e+00   0.00e+00   0.00e+00   0.00e+00   0.0%
Pad                    0.00e+00   0.00e+00   0.00e+00   0.00e+00   0.0%
----------------------------------------------------------------
Total                  2.96e-04   1.56e-04   1.25e-07   4.52e-04 100.0%
                          65.5%      34.5%       0.0%

======================= Slowest Corner ===================================

Group                  Internal  Switching    Leakage      Total
                          Power      Power      Power      Power (Watts)
----------------------------------------------------------------
Sequential             7.79e-05   2.13e-05   6.06e-07   9.98e-05  32.2%
Combinational          1.29e-04   8.02e-05   9.55e-07   2.10e-04  67.8%
Macro                  0.00e+00   0.00e+00   0.00e+00   0.00e+00   0.0%
Pad                    0.00e+00   0.00e+00   0.00e+00   0.00e+00   0.0%
----------------------------------------------------------------
Total                  2.07e-04   1.01e-04   1.56e-06   3.10e-04 100.0%
                          66.8%      32.7%       0.5%

======================= Typical Corner ===================================

Group                  Internal  Switching    Leakage      Total
                          Power      Power      Power      Power (Watts)
----------------------------------------------------------------
Sequential             9.96e-05   2.74e-05   1.22e-07   1.27e-04  32.5%
Combinational          1.60e-04   1.03e-04   1.13e-09   2.63e-04  67.5%
Macro                  0.00e+00   0.00e+00   0.00e+00   0.00e+00   0.0%
Pad                    0.00e+00   0.00e+00   0.00e+00   0.00e+00   0.0%
----------------------------------------------------------------
Total                  2.60e-04   1.31e-04   1.24e-07   3.91e-04 100.0%
                          66.5%      33.4%       0.0%

