
===========================================================================
 report_power
============================================================================
======================= Fastest Corner ===================================

Group                  Internal  Switching    Leakage      Total
                          Power      Power      Power      Power (Watts)
----------------------------------------------------------------
Sequential             4.60e-05   9.72e-06   3.78e-08   5.57e-05  26.9%
Combinational          9.24e-05   5.93e-05   7.27e-10   1.52e-04  73.1%
Macro                  0.00e+00   0.00e+00   0.00e+00   0.00e+00   0.0%
Pad                    0.00e+00   0.00e+00   0.00e+00   0.00e+00   0.0%
----------------------------------------------------------------
Total                  1.38e-04   6.91e-05   3.85e-08   2.07e-04 100.0%
                          66.7%      33.3%       0.0%

======================= Slowest Corner ===================================

Group                  Internal  Switching    Leakage      Total
                          Power      Power      Power      Power (Watts)
----------------------------------------------------------------
Sequential             3.09e-05   6.26e-06   1.51e-07   3.73e-05  26.3%
Combinational          6.51e-05   3.93e-05   2.61e-07   1.05e-04  73.7%
Macro                  0.00e+00   0.00e+00   0.00e+00   0.00e+00   0.0%
Pad                    0.00e+00   0.00e+00   0.00e+00   0.00e+00   0.0%
----------------------------------------------------------------
Total                  9.60e-05   4.56e-05   4.11e-07   1.42e-04 100.0%
                          67.6%      32.1%       0.3%

======================= Typical Corner ===================================

Group                  Internal  Switching    Leakage      Total
                          Power      Power      Power      Power (Watts)
----------------------------------------------------------------
Sequential             3.97e-05   8.08e-06   3.78e-08   4.78e-05  26.8%
Combinational          8.05e-05   5.02e-05   2.80e-10   1.31e-04  73.2%
Macro                  0.00e+00   0.00e+00   0.00e+00   0.00e+00   0.0%
Pad                    0.00e+00   0.00e+00   0.00e+00   0.00e+00   0.0%
----------------------------------------------------------------
Total                  1.20e-04   5.83e-05   3.80e-08   1.78e-04 100.0%
                          67.3%      32.7%       0.0%

