
17. Executing CHECK pass (checking for obvious problems).
Checking module iiitb_rv32i...
Warning: multiple conflicting drivers for iiitb_rv32i.\BR_EN:
    port Q[0] of cell $procdff$2403 ($adff)
    port Q[0] of cell $procdff$2377 ($dff)
Warning: multiple conflicting drivers for iiitb_rv32i.\REG[0] [31]:
    port Q[31] of cell $procdff$2411 ($adff)
    port Q[31] of cell $procdff$2331 ($dff)
Warning: multiple conflicting drivers for iiitb_rv32i.\REG[0] [30]:
    port Q[30] of cell $procdff$2411 ($adff)
    port Q[30] of cell $procdff$2331 ($dff)
Warning: multiple conflicting drivers for iiitb_rv32i.\REG[0] [29]:
    port Q[29] of cell $procdff$2411 ($adff)
    port Q[29] of cell $procdff$2331 ($dff)
Warning: multiple conflicting drivers for iiitb_rv32i.\REG[0] [28]:
    port Q[28] of cell $procdff$2411 ($adff)
    port Q[28] of cell $procdff$2331 ($dff)
Warning: multiple conflicting drivers for iiitb_rv32i.\REG[0] [27]:
    port Q[27] of cell $procdff$2411 ($adff)
    port Q[27] of cell $procdff$2331 ($dff)
Warning: multiple conflicting drivers for iiitb_rv32i.\REG[0] [26]:
    port Q[26] of cell $procdff$2411 ($adff)
    port Q[26] of cell $procdff$2331 ($dff)
Warning: multiple conflicting drivers for iiitb_rv32i.\REG[0] [25]:
    port Q[25] of cell $procdff$2411 ($adff)
    port Q[25] of cell $procdff$2331 ($dff)
Warning: multiple conflicting drivers for iiitb_rv32i.\REG[0] [24]:
    port Q[24] of cell $procdff$2411 ($adff)
    port Q[24] of cell $procdff$2331 ($dff)
Warning: multiple conflicting drivers for iiitb_rv32i.\REG[0] [23]:
    port Q[23] of cell $procdff$2411 ($adff)
    port Q[23] of cell $procdff$2331 ($dff)
Warning: multiple conflicting drivers for iiitb_rv32i.\REG[0] [22]:
    port Q[22] of cell $procdff$2411 ($adff)
    port Q[22] of cell $procdff$2331 ($dff)
Warning: multiple conflicting drivers for iiitb_rv32i.\REG[0] [21]:
    port Q[21] of cell $procdff$2411 ($adff)
    port Q[21] of cell $procdff$2331 ($dff)
Warning: multiple conflicting drivers for iiitb_rv32i.\REG[0] [20]:
    port Q[20] of cell $procdff$2411 ($adff)
    port Q[20] of cell $procdff$2331 ($dff)
Warning: multiple conflicting drivers for iiitb_rv32i.\REG[0] [19]:
    port Q[19] of cell $procdff$2411 ($adff)
    port Q[19] of cell $procdff$2331 ($dff)
Warning: multiple conflicting drivers for iiitb_rv32i.\REG[0] [18]:
    port Q[18] of cell $procdff$2411 ($adff)
    port Q[18] of cell $procdff$2331 ($dff)
Warning: multiple conflicting drivers for iiitb_rv32i.\REG[0] [17]:
    port Q[17] of cell $procdff$2411 ($adff)
    port Q[17] of cell $procdff$2331 ($dff)
Warning: multiple conflicting drivers for iiitb_rv32i.\REG[0] [16]:
    port Q[16] of cell $procdff$2411 ($adff)
    port Q[16] of cell $procdff$2331 ($dff)
Warning: multiple conflicting drivers for iiitb_rv32i.\REG[0] [15]:
    port Q[15] of cell $procdff$2411 ($adff)
    port Q[15] of cell $procdff$2331 ($dff)
Warning: multiple conflicting drivers for iiitb_rv32i.\REG[0] [14]:
    port Q[14] of cell $procdff$2411 ($adff)
    port Q[14] of cell $procdff$2331 ($dff)
Warning: multiple conflicting drivers for iiitb_rv32i.\REG[0] [13]:
    port Q[13] of cell $procdff$2411 ($adff)
    port Q[13] of cell $procdff$2331 ($dff)
Warning: multiple conflicting drivers for iiitb_rv32i.\REG[0] [12]:
    port Q[12] of cell $procdff$2411 ($adff)
    port Q[12] of cell $procdff$2331 ($dff)
Warning: multiple conflicting drivers for iiitb_rv32i.\REG[0] [11]:
    port Q[11] of cell $procdff$2411 ($adff)
    port Q[11] of cell $procdff$2331 ($dff)
Warning: multiple conflicting drivers for iiitb_rv32i.\REG[0] [10]:
    port Q[10] of cell $procdff$2411 ($adff)
    port Q[10] of cell $procdff$2331 ($dff)
Warning: multiple conflicting drivers for iiitb_rv32i.\REG[0] [9]:
    port Q[9] of cell $procdff$2411 ($adff)
    port Q[9] of cell $procdff$2331 ($dff)
Warning: multiple conflicting drivers for iiitb_rv32i.\REG[0] [8]:
    port Q[8] of cell $procdff$2411 ($adff)
    port Q[8] of cell $procdff$2331 ($dff)
Warning: multiple conflicting drivers for iiitb_rv32i.\REG[0] [7]:
    port Q[7] of cell $procdff$2411 ($adff)
    port Q[7] of cell $procdff$2331 ($dff)
Warning: multiple conflicting drivers for iiitb_rv32i.\REG[0] [6]:
    port Q[6] of cell $procdff$2411 ($adff)
    port Q[6] of cell $procdff$2331 ($dff)
Warning: multiple conflicting drivers for iiitb_rv32i.\REG[0] [5]:
    port Q[5] of cell $procdff$2411 ($adff)
    port Q[5] of cell $procdff$2331 ($dff)
Warning: multiple conflicting drivers for iiitb_rv32i.\REG[0] [4]:
    port Q[4] of cell $procdff$2411 ($adff)
    port Q[4] of cell $procdff$2331 ($dff)
Warning: multiple conflicting drivers for iiitb_rv32i.\REG[0] [3]:
    port Q[3] of cell $procdff$2411 ($adff)
    port Q[3] of cell $procdff$2331 ($dff)
Warning: multiple conflicting drivers for iiitb_rv32i.\REG[0] [2]:
    port Q[2] of cell $procdff$2411 ($adff)
    port Q[2] of cell $procdff$2331 ($dff)
Warning: multiple conflicting drivers for iiitb_rv32i.\REG[0] [1]:
    port Q[1] of cell $procdff$2411 ($adff)
    port Q[1] of cell $procdff$2331 ($dff)
Warning: multiple conflicting drivers for iiitb_rv32i.\REG[0] [0]:
    port Q[0] of cell $procdff$2411 ($adff)
    port Q[0] of cell $procdff$2331 ($dff)
Warning: multiple conflicting drivers for iiitb_rv32i.\REG[1] [31]:
    port Q[31] of cell $procdff$2412 ($adff)
    port Q[31] of cell $procdff$2332 ($dff)
Warning: multiple conflicting drivers for iiitb_rv32i.\REG[1] [30]:
    port Q[30] of cell $procdff$2412 ($adff)
    port Q[30] of cell $procdff$2332 ($dff)
Warning: multiple conflicting drivers for iiitb_rv32i.\REG[1] [29]:
    port Q[29] of cell $procdff$2412 ($adff)
    port Q[29] of cell $procdff$2332 ($dff)
Warning: multiple conflicting drivers for iiitb_rv32i.\REG[1] [28]:
    port Q[28] of cell $procdff$2412 ($adff)
    port Q[28] of cell $procdff$2332 ($dff)
Warning: multiple conflicting drivers for iiitb_rv32i.\REG[1] [27]:
    port Q[27] of cell $procdff$2412 ($adff)
    port Q[27] of cell $procdff$2332 ($dff)
Warning: multiple conflicting drivers for iiitb_rv32i.\REG[1] [26]:
    port Q[26] of cell $procdff$2412 ($adff)
    port Q[26] of cell $procdff$2332 ($dff)
Warning: multiple conflicting drivers for iiitb_rv32i.\REG[1] [25]:
    port Q[25] of cell $procdff$2412 ($adff)
    port Q[25] of cell $procdff$2332 ($dff)
Warning: multiple conflicting drivers for iiitb_rv32i.\REG[1] [24]:
    port Q[24] of cell $procdff$2412 ($adff)
    port Q[24] of cell $procdff$2332 ($dff)
Warning: multiple conflicting drivers for iiitb_rv32i.\REG[1] [23]:
    port Q[23] of cell $procdff$2412 ($adff)
    port Q[23] of cell $procdff$2332 ($dff)
Warning: multiple conflicting drivers for iiitb_rv32i.\REG[1] [22]:
    port Q[22] of cell $procdff$2412 ($adff)
    port Q[22] of cell $procdff$2332 ($dff)
Warning: multiple conflicting drivers for iiitb_rv32i.\REG[1] [21]:
    port Q[21] of cell $procdff$2412 ($adff)
    port Q[21] of cell $procdff$2332 ($dff)
Warning: multiple conflicting drivers for iiitb_rv32i.\REG[1] [20]:
    port Q[20] of cell $procdff$2412 ($adff)
    port Q[20] of cell $procdff$2332 ($dff)
Warning: multiple conflicting drivers for iiitb_rv32i.\REG[1] [19]:
    port Q[19] of cell $procdff$2412 ($adff)
    port Q[19] of cell $procdff$2332 ($dff)
Warning: multiple conflicting drivers for iiitb_rv32i.\REG[1] [18]:
    port Q[18] of cell $procdff$2412 ($adff)
    port Q[18] of cell $procdff$2332 ($dff)
Warning: multiple conflicting drivers for iiitb_rv32i.\REG[1] [17]:
    port Q[17] of cell $procdff$2412 ($adff)
    port Q[17] of cell $procdff$2332 ($dff)
Warning: multiple conflicting drivers for iiitb_rv32i.\REG[1] [16]:
    port Q[16] of cell $procdff$2412 ($adff)
    port Q[16] of cell $procdff$2332 ($dff)
Warning: multiple conflicting drivers for iiitb_rv32i.\REG[1] [15]:
    port Q[15] of cell $procdff$2412 ($adff)
    port Q[15] of cell $procdff$2332 ($dff)
Warning: multiple conflicting drivers for iiitb_rv32i.\REG[1] [14]:
    port Q[14] of cell $procdff$2412 ($adff)
    port Q[14] of cell $procdff$2332 ($dff)
Warning: multiple conflicting drivers for iiitb_rv32i.\REG[1] [13]:
    port Q[13] of cell $procdff$2412 ($adff)
    port Q[13] of cell $procdff$2332 ($dff)
Warning: multiple conflicting drivers for iiitb_rv32i.\REG[1] [12]:
    port Q[12] of cell $procdff$2412 ($adff)
    port Q[12] of cell $procdff$2332 ($dff)
Warning: multiple conflicting drivers for iiitb_rv32i.\REG[1] [11]:
    port Q[11] of cell $procdff$2412 ($adff)
    port Q[11] of cell $procdff$2332 ($dff)
Warning: multiple conflicting drivers for iiitb_rv32i.\REG[1] [10]:
    port Q[10] of cell $procdff$2412 ($adff)
    port Q[10] of cell $procdff$2332 ($dff)
Warning: multiple conflicting drivers for iiitb_rv32i.\REG[1] [9]:
    port Q[9] of cell $procdff$2412 ($adff)
    port Q[9] of cell $procdff$2332 ($dff)
Warning: multiple conflicting drivers for iiitb_rv32i.\REG[1] [8]:
    port Q[8] of cell $procdff$2412 ($adff)
    port Q[8] of cell $procdff$2332 ($dff)
Warning: multiple conflicting drivers for iiitb_rv32i.\REG[1] [7]:
    port Q[7] of cell $procdff$2412 ($adff)
    port Q[7] of cell $procdff$2332 ($dff)
Warning: multiple conflicting drivers for iiitb_rv32i.\REG[1] [6]:
    port Q[6] of cell $procdff$2412 ($adff)
    port Q[6] of cell $procdff$2332 ($dff)
Warning: multiple conflicting drivers for iiitb_rv32i.\REG[1] [5]:
    port Q[5] of cell $procdff$2412 ($adff)
    port Q[5] of cell $procdff$2332 ($dff)
Warning: multiple conflicting drivers for iiitb_rv32i.\REG[1] [4]:
    port Q[4] of cell $procdff$2412 ($adff)
    port Q[4] of cell $procdff$2332 ($dff)
Warning: multiple conflicting drivers for iiitb_rv32i.\REG[1] [3]:
    port Q[3] of cell $procdff$2412 ($adff)
    port Q[3] of cell $procdff$2332 ($dff)
Warning: multiple conflicting drivers for iiitb_rv32i.\REG[1] [2]:
    port Q[2] of cell $procdff$2412 ($adff)
    port Q[2] of cell $procdff$2332 ($dff)
Warning: multiple conflicting drivers for iiitb_rv32i.\REG[1] [1]:
    port Q[1] of cell $procdff$2412 ($adff)
    port Q[1] of cell $procdff$2332 ($dff)
Warning: multiple conflicting drivers for iiitb_rv32i.\REG[1] [0]:
    port Q[0] of cell $procdff$2412 ($adff)
    port Q[0] of cell $procdff$2332 ($dff)
Warning: multiple conflicting drivers for iiitb_rv32i.\REG[2] [31]:
    port Q[31] of cell $procdff$2413 ($adff)
    port Q[31] of cell $procdff$2333 ($dff)
Warning: multiple conflicting drivers for iiitb_rv32i.\REG[2] [30]:
    port Q[30] of cell $procdff$2413 ($adff)
    port Q[30] of cell $procdff$2333 ($dff)
Warning: multiple conflicting drivers for iiitb_rv32i.\REG[2] [29]:
    port Q[29] of cell $procdff$2413 ($adff)
    port Q[29] of cell $procdff$2333 ($dff)
Warning: multiple conflicting drivers for iiitb_rv32i.\REG[2] [28]:
    port Q[28] of cell $procdff$2413 ($adff)
    port Q[28] of cell $procdff$2333 ($dff)
Warning: multiple conflicting drivers for iiitb_rv32i.\REG[2] [27]:
    port Q[27] of cell $procdff$2413 ($adff)
    port Q[27] of cell $procdff$2333 ($dff)
Warning: multiple conflicting drivers for iiitb_rv32i.\REG[2] [26]:
    port Q[26] of cell $procdff$2413 ($adff)
    port Q[26] of cell $procdff$2333 ($dff)
Warning: multiple conflicting drivers for iiitb_rv32i.\REG[2] [25]:
    port Q[25] of cell $procdff$2413 ($adff)
    port Q[25] of cell $procdff$2333 ($dff)
Warning: multiple conflicting drivers for iiitb_rv32i.\REG[2] [24]:
    port Q[24] of cell $procdff$2413 ($adff)
    port Q[24] of cell $procdff$2333 ($dff)
Warning: multiple conflicting drivers for iiitb_rv32i.\REG[2] [23]:
    port Q[23] of cell $procdff$2413 ($adff)
    port Q[23] of cell $procdff$2333 ($dff)
Warning: multiple conflicting drivers for iiitb_rv32i.\REG[2] [22]:
    port Q[22] of cell $procdff$2413 ($adff)
    port Q[22] of cell $procdff$2333 ($dff)
Warning: multiple conflicting drivers for iiitb_rv32i.\REG[2] [21]:
    port Q[21] of cell $procdff$2413 ($adff)
    port Q[21] of cell $procdff$2333 ($dff)
Warning: multiple conflicting drivers for iiitb_rv32i.\REG[2] [20]:
    port Q[20] of cell $procdff$2413 ($adff)
    port Q[20] of cell $procdff$2333 ($dff)
Warning: multiple conflicting drivers for iiitb_rv32i.\REG[2] [19]:
    port Q[19] of cell $procdff$2413 ($adff)
    port Q[19] of cell $procdff$2333 ($dff)
Warning: multiple conflicting drivers for iiitb_rv32i.\REG[2] [18]:
    port Q[18] of cell $procdff$2413 ($adff)
    port Q[18] of cell $procdff$2333 ($dff)
Warning: multiple conflicting drivers for iiitb_rv32i.\REG[2] [17]:
    port Q[17] of cell $procdff$2413 ($adff)
    port Q[17] of cell $procdff$2333 ($dff)
Warning: multiple conflicting drivers for iiitb_rv32i.\REG[2] [16]:
    port Q[16] of cell $procdff$2413 ($adff)
    port Q[16] of cell $procdff$2333 ($dff)
Warning: multiple conflicting drivers for iiitb_rv32i.\REG[2] [15]:
    port Q[15] of cell $procdff$2413 ($adff)
    port Q[15] of cell $procdff$2333 ($dff)
Warning: multiple conflicting drivers for iiitb_rv32i.\REG[2] [14]:
    port Q[14] of cell $procdff$2413 ($adff)
    port Q[14] of cell $procdff$2333 ($dff)
Warning: multiple conflicting drivers for iiitb_rv32i.\REG[2] [13]:
    port Q[13] of cell $procdff$2413 ($adff)
    port Q[13] of cell $procdff$2333 ($dff)
Warning: multiple conflicting drivers for iiitb_rv32i.\REG[2] [12]:
    port Q[12] of cell $procdff$2413 ($adff)
    port Q[12] of cell $procdff$2333 ($dff)
Warning: multiple conflicting drivers for iiitb_rv32i.\REG[2] [11]:
    port Q[11] of cell $procdff$2413 ($adff)
    port Q[11] of cell $procdff$2333 ($dff)
Warning: multiple conflicting drivers for iiitb_rv32i.\REG[2] [10]:
    port Q[10] of cell $procdff$2413 ($adff)
    port Q[10] of cell $procdff$2333 ($dff)
Warning: multiple conflicting drivers for iiitb_rv32i.\REG[2] [9]:
    port Q[9] of cell $procdff$2413 ($adff)
    port Q[9] of cell $procdff$2333 ($dff)
Warning: multiple conflicting drivers for iiitb_rv32i.\REG[2] [8]:
    port Q[8] of cell $procdff$2413 ($adff)
    port Q[8] of cell $procdff$2333 ($dff)
Warning: multiple conflicting drivers for iiitb_rv32i.\REG[2] [7]:
    port Q[7] of cell $procdff$2413 ($adff)
    port Q[7] of cell $procdff$2333 ($dff)
Warning: multiple conflicting drivers for iiitb_rv32i.\REG[2] [6]:
    port Q[6] of cell $procdff$2413 ($adff)
    port Q[6] of cell $procdff$2333 ($dff)
Warning: multiple conflicting drivers for iiitb_rv32i.\REG[2] [5]:
    port Q[5] of cell $procdff$2413 ($adff)
    port Q[5] of cell $procdff$2333 ($dff)
Warning: multiple conflicting drivers for iiitb_rv32i.\REG[2] [4]:
    port Q[4] of cell $procdff$2413 ($adff)
    port Q[4] of cell $procdff$2333 ($dff)
Warning: multiple conflicting drivers for iiitb_rv32i.\REG[2] [3]:
    port Q[3] of cell $procdff$2413 ($adff)
    port Q[3] of cell $procdff$2333 ($dff)
Warning: multiple conflicting drivers for iiitb_rv32i.\REG[2] [2]:
    port Q[2] of cell $procdff$2413 ($adff)
    port Q[2] of cell $procdff$2333 ($dff)
Warning: multiple conflicting drivers for iiitb_rv32i.\REG[2] [1]:
    port Q[1] of cell $procdff$2413 ($adff)
    port Q[1] of cell $procdff$2333 ($dff)
Warning: multiple conflicting drivers for iiitb_rv32i.\REG[2] [0]:
    port Q[0] of cell $procdff$2413 ($adff)
    port Q[0] of cell $procdff$2333 ($dff)
Warning: multiple conflicting drivers for iiitb_rv32i.\REG[3] [31]:
    port Q[31] of cell $procdff$2414 ($adff)
    port Q[31] of cell $procdff$2334 ($dff)
Warning: multiple conflicting drivers for iiitb_rv32i.\REG[3] [30]:
    port Q[30] of cell $procdff$2414 ($adff)
    port Q[30] of cell $procdff$2334 ($dff)
Warning: multiple conflicting drivers for iiitb_rv32i.\REG[3] [29]:
    port Q[29] of cell $procdff$2414 ($adff)
    port Q[29] of cell $procdff$2334 ($dff)
Warning: multiple conflicting drivers for iiitb_rv32i.\REG[3] [28]:
    port Q[28] of cell $procdff$2414 ($adff)
    port Q[28] of cell $procdff$2334 ($dff)
Warning: multiple conflicting drivers for iiitb_rv32i.\REG[3] [27]:
    port Q[27] of cell $procdff$2414 ($adff)
    port Q[27] of cell $procdff$2334 ($dff)
Warning: multiple conflicting drivers for iiitb_rv32i.\REG[3] [26]:
    port Q[26] of cell $procdff$2414 ($adff)
    port Q[26] of cell $procdff$2334 ($dff)
Warning: multiple conflicting drivers for iiitb_rv32i.\REG[3] [25]:
    port Q[25] of cell $procdff$2414 ($adff)
    port Q[25] of cell $procdff$2334 ($dff)
Warning: multiple conflicting drivers for iiitb_rv32i.\REG[3] [24]:
    port Q[24] of cell $procdff$2414 ($adff)
    port Q[24] of cell $procdff$2334 ($dff)
Warning: multiple conflicting drivers for iiitb_rv32i.\REG[3] [23]:
    port Q[23] of cell $procdff$2414 ($adff)
    port Q[23] of cell $procdff$2334 ($dff)
Warning: multiple conflicting drivers for iiitb_rv32i.\REG[3] [22]:
    port Q[22] of cell $procdff$2414 ($adff)
    port Q[22] of cell $procdff$2334 ($dff)
Warning: multiple conflicting drivers for iiitb_rv32i.\REG[3] [21]:
    port Q[21] of cell $procdff$2414 ($adff)
    port Q[21] of cell $procdff$2334 ($dff)
Warning: multiple conflicting drivers for iiitb_rv32i.\REG[3] [20]:
    port Q[20] of cell $procdff$2414 ($adff)
    port Q[20] of cell $procdff$2334 ($dff)
Warning: multiple conflicting drivers for iiitb_rv32i.\REG[3] [19]:
    port Q[19] of cell $procdff$2414 ($adff)
    port Q[19] of cell $procdff$2334 ($dff)
Warning: multiple conflicting drivers for iiitb_rv32i.\REG[3] [18]:
    port Q[18] of cell $procdff$2414 ($adff)
    port Q[18] of cell $procdff$2334 ($dff)
Warning: multiple conflicting drivers for iiitb_rv32i.\REG[3] [17]:
    port Q[17] of cell $procdff$2414 ($adff)
    port Q[17] of cell $procdff$2334 ($dff)
Warning: multiple conflicting drivers for iiitb_rv32i.\REG[3] [16]:
    port Q[16] of cell $procdff$2414 ($adff)
    port Q[16] of cell $procdff$2334 ($dff)
Warning: multiple conflicting drivers for iiitb_rv32i.\REG[3] [15]:
    port Q[15] of cell $procdff$2414 ($adff)
    port Q[15] of cell $procdff$2334 ($dff)
Warning: multiple conflicting drivers for iiitb_rv32i.\REG[3] [14]:
    port Q[14] of cell $procdff$2414 ($adff)
    port Q[14] of cell $procdff$2334 ($dff)
Warning: multiple conflicting drivers for iiitb_rv32i.\REG[3] [13]:
    port Q[13] of cell $procdff$2414 ($adff)
    port Q[13] of cell $procdff$2334 ($dff)
Warning: multiple conflicting drivers for iiitb_rv32i.\REG[3] [12]:
    port Q[12] of cell $procdff$2414 ($adff)
    port Q[12] of cell $procdff$2334 ($dff)
Warning: multiple conflicting drivers for iiitb_rv32i.\REG[3] [11]:
    port Q[11] of cell $procdff$2414 ($adff)
    port Q[11] of cell $procdff$2334 ($dff)
Warning: multiple conflicting drivers for iiitb_rv32i.\REG[3] [10]:
    port Q[10] of cell $procdff$2414 ($adff)
    port Q[10] of cell $procdff$2334 ($dff)
Warning: multiple conflicting drivers for iiitb_rv32i.\REG[3] [9]:
    port Q[9] of cell $procdff$2414 ($adff)
    port Q[9] of cell $procdff$2334 ($dff)
Warning: multiple conflicting drivers for iiitb_rv32i.\REG[3] [8]:
    port Q[8] of cell $procdff$2414 ($adff)
    port Q[8] of cell $procdff$2334 ($dff)
Warning: multiple conflicting drivers for iiitb_rv32i.\REG[3] [7]:
    port Q[7] of cell $procdff$2414 ($adff)
    port Q[7] of cell $procdff$2334 ($dff)
Warning: multiple conflicting drivers for iiitb_rv32i.\REG[3] [6]:
    port Q[6] of cell $procdff$2414 ($adff)
    port Q[6] of cell $procdff$2334 ($dff)
Warning: multiple conflicting drivers for iiitb_rv32i.\REG[3] [5]:
    port Q[5] of cell $procdff$2414 ($adff)
    port Q[5] of cell $procdff$2334 ($dff)
Warning: multiple conflicting drivers for iiitb_rv32i.\REG[3] [4]:
    port Q[4] of cell $procdff$2414 ($adff)
    port Q[4] of cell $procdff$2334 ($dff)
Warning: multiple conflicting drivers for iiitb_rv32i.\REG[3] [3]:
    port Q[3] of cell $procdff$2414 ($adff)
    port Q[3] of cell $procdff$2334 ($dff)
Warning: multiple conflicting drivers for iiitb_rv32i.\REG[3] [2]:
    port Q[2] of cell $procdff$2414 ($adff)
    port Q[2] of cell $procdff$2334 ($dff)
Warning: multiple conflicting drivers for iiitb_rv32i.\REG[3] [1]:
    port Q[1] of cell $procdff$2414 ($adff)
    port Q[1] of cell $procdff$2334 ($dff)
Warning: multiple conflicting drivers for iiitb_rv32i.\REG[3] [0]:
    port Q[0] of cell $procdff$2414 ($adff)
    port Q[0] of cell $procdff$2334 ($dff)
Warning: multiple conflicting drivers for iiitb_rv32i.\REG[4] [31]:
    port Q[31] of cell $procdff$2415 ($adff)
    port Q[31] of cell $procdff$2335 ($dff)
Warning: multiple conflicting drivers for iiitb_rv32i.\REG[4] [30]:
    port Q[30] of cell $procdff$2415 ($adff)
    port Q[30] of cell $procdff$2335 ($dff)
Warning: multiple conflicting drivers for iiitb_rv32i.\REG[4] [29]:
    port Q[29] of cell $procdff$2415 ($adff)
    port Q[29] of cell $procdff$2335 ($dff)
Warning: multiple conflicting drivers for iiitb_rv32i.\REG[4] [28]:
    port Q[28] of cell $procdff$2415 ($adff)
    port Q[28] of cell $procdff$2335 ($dff)
Warning: multiple conflicting drivers for iiitb_rv32i.\REG[4] [27]:
    port Q[27] of cell $procdff$2415 ($adff)
    port Q[27] of cell $procdff$2335 ($dff)
Warning: multiple conflicting drivers for iiitb_rv32i.\REG[4] [26]:
    port Q[26] of cell $procdff$2415 ($adff)
    port Q[26] of cell $procdff$2335 ($dff)
Warning: multiple conflicting drivers for iiitb_rv32i.\REG[4] [25]:
    port Q[25] of cell $procdff$2415 ($adff)
    port Q[25] of cell $procdff$2335 ($dff)
Warning: multiple conflicting drivers for iiitb_rv32i.\REG[4] [24]:
    port Q[24] of cell $procdff$2415 ($adff)
    port Q[24] of cell $procdff$2335 ($dff)
Warning: multiple conflicting drivers for iiitb_rv32i.\REG[4] [23]:
    port Q[23] of cell $procdff$2415 ($adff)
    port Q[23] of cell $procdff$2335 ($dff)
Warning: multiple conflicting drivers for iiitb_rv32i.\REG[4] [22]:
    port Q[22] of cell $procdff$2415 ($adff)
    port Q[22] of cell $procdff$2335 ($dff)
Warning: multiple conflicting drivers for iiitb_rv32i.\REG[4] [21]:
    port Q[21] of cell $procdff$2415 ($adff)
    port Q[21] of cell $procdff$2335 ($dff)
Warning: multiple conflicting drivers for iiitb_rv32i.\REG[4] [20]:
    port Q[20] of cell $procdff$2415 ($adff)
    port Q[20] of cell $procdff$2335 ($dff)
Warning: multiple conflicting drivers for iiitb_rv32i.\REG[4] [19]:
    port Q[19] of cell $procdff$2415 ($adff)
    port Q[19] of cell $procdff$2335 ($dff)
Warning: multiple conflicting drivers for iiitb_rv32i.\REG[4] [18]:
    port Q[18] of cell $procdff$2415 ($adff)
    port Q[18] of cell $procdff$2335 ($dff)
Warning: multiple conflicting drivers for iiitb_rv32i.\REG[4] [17]:
    port Q[17] of cell $procdff$2415 ($adff)
    port Q[17] of cell $procdff$2335 ($dff)
Warning: multiple conflicting drivers for iiitb_rv32i.\REG[4] [16]:
    port Q[16] of cell $procdff$2415 ($adff)
    port Q[16] of cell $procdff$2335 ($dff)
Warning: multiple conflicting drivers for iiitb_rv32i.\REG[4] [15]:
    port Q[15] of cell $procdff$2415 ($adff)
    port Q[15] of cell $procdff$2335 ($dff)
Warning: multiple conflicting drivers for iiitb_rv32i.\REG[4] [14]:
    port Q[14] of cell $procdff$2415 ($adff)
    port Q[14] of cell $procdff$2335 ($dff)
Warning: multiple conflicting drivers for iiitb_rv32i.\REG[4] [13]:
    port Q[13] of cell $procdff$2415 ($adff)
    port Q[13] of cell $procdff$2335 ($dff)
Warning: multiple conflicting drivers for iiitb_rv32i.\REG[4] [12]:
    port Q[12] of cell $procdff$2415 ($adff)
    port Q[12] of cell $procdff$2335 ($dff)
Warning: multiple conflicting drivers for iiitb_rv32i.\REG[4] [11]:
    port Q[11] of cell $procdff$2415 ($adff)
    port Q[11] of cell $procdff$2335 ($dff)
Warning: multiple conflicting drivers for iiitb_rv32i.\REG[4] [10]:
    port Q[10] of cell $procdff$2415 ($adff)
    port Q[10] of cell $procdff$2335 ($dff)
Warning: multiple conflicting drivers for iiitb_rv32i.\REG[4] [9]:
    port Q[9] of cell $procdff$2415 ($adff)
    port Q[9] of cell $procdff$2335 ($dff)
Warning: multiple conflicting drivers for iiitb_rv32i.\REG[4] [8]:
    port Q[8] of cell $procdff$2415 ($adff)
    port Q[8] of cell $procdff$2335 ($dff)
Warning: multiple conflicting drivers for iiitb_rv32i.\REG[4] [7]:
    port Q[7] of cell $procdff$2415 ($adff)
    port Q[7] of cell $procdff$2335 ($dff)
Warning: multiple conflicting drivers for iiitb_rv32i.\REG[4] [6]:
    port Q[6] of cell $procdff$2415 ($adff)
    port Q[6] of cell $procdff$2335 ($dff)
Warning: multiple conflicting drivers for iiitb_rv32i.\REG[4] [5]:
    port Q[5] of cell $procdff$2415 ($adff)
    port Q[5] of cell $procdff$2335 ($dff)
Warning: multiple conflicting drivers for iiitb_rv32i.\REG[4] [4]:
    port Q[4] of cell $procdff$2415 ($adff)
    port Q[4] of cell $procdff$2335 ($dff)
Warning: multiple conflicting drivers for iiitb_rv32i.\REG[4] [3]:
    port Q[3] of cell $procdff$2415 ($adff)
    port Q[3] of cell $procdff$2335 ($dff)
Warning: multiple conflicting drivers for iiitb_rv32i.\REG[4] [2]:
    port Q[2] of cell $procdff$2415 ($adff)
    port Q[2] of cell $procdff$2335 ($dff)
Warning: multiple conflicting drivers for iiitb_rv32i.\REG[4] [1]:
    port Q[1] of cell $procdff$2415 ($adff)
    port Q[1] of cell $procdff$2335 ($dff)
Warning: multiple conflicting drivers for iiitb_rv32i.\REG[4] [0]:
    port Q[0] of cell $procdff$2415 ($adff)
    port Q[0] of cell $procdff$2335 ($dff)
Warning: multiple conflicting drivers for iiitb_rv32i.\REG[5] [31]:
    port Q[31] of cell $procdff$2416 ($adff)
    port Q[31] of cell $procdff$2336 ($dff)
Warning: multiple conflicting drivers for iiitb_rv32i.\REG[5] [30]:
    port Q[30] of cell $procdff$2416 ($adff)
    port Q[30] of cell $procdff$2336 ($dff)
Warning: multiple conflicting drivers for iiitb_rv32i.\REG[5] [29]:
    port Q[29] of cell $procdff$2416 ($adff)
    port Q[29] of cell $procdff$2336 ($dff)
Warning: multiple conflicting drivers for iiitb_rv32i.\REG[5] [28]:
    port Q[28] of cell $procdff$2416 ($adff)
    port Q[28] of cell $procdff$2336 ($dff)
Warning: multiple conflicting drivers for iiitb_rv32i.\REG[5] [27]:
    port Q[27] of cell $procdff$2416 ($adff)
    port Q[27] of cell $procdff$2336 ($dff)
Warning: multiple conflicting drivers for iiitb_rv32i.\REG[5] [26]:
    port Q[26] of cell $procdff$2416 ($adff)
    port Q[26] of cell $procdff$2336 ($dff)
Warning: multiple conflicting drivers for iiitb_rv32i.\REG[5] [25]:
    port Q[25] of cell $procdff$2416 ($adff)
    port Q[25] of cell $procdff$2336 ($dff)
Warning: multiple conflicting drivers for iiitb_rv32i.\REG[5] [24]:
    port Q[24] of cell $procdff$2416 ($adff)
    port Q[24] of cell $procdff$2336 ($dff)
Warning: multiple conflicting drivers for iiitb_rv32i.\REG[5] [23]:
    port Q[23] of cell $procdff$2416 ($adff)
    port Q[23] of cell $procdff$2336 ($dff)
Warning: multiple conflicting drivers for iiitb_rv32i.\REG[5] [22]:
    port Q[22] of cell $procdff$2416 ($adff)
    port Q[22] of cell $procdff$2336 ($dff)
Warning: multiple conflicting drivers for iiitb_rv32i.\REG[5] [21]:
    port Q[21] of cell $procdff$2416 ($adff)
    port Q[21] of cell $procdff$2336 ($dff)
Warning: multiple conflicting drivers for iiitb_rv32i.\REG[5] [20]:
    port Q[20] of cell $procdff$2416 ($adff)
    port Q[20] of cell $procdff$2336 ($dff)
Warning: multiple conflicting drivers for iiitb_rv32i.\REG[5] [19]:
    port Q[19] of cell $procdff$2416 ($adff)
    port Q[19] of cell $procdff$2336 ($dff)
Warning: multiple conflicting drivers for iiitb_rv32i.\REG[5] [18]:
    port Q[18] of cell $procdff$2416 ($adff)
    port Q[18] of cell $procdff$2336 ($dff)
Warning: multiple conflicting drivers for iiitb_rv32i.\REG[5] [17]:
    port Q[17] of cell $procdff$2416 ($adff)
    port Q[17] of cell $procdff$2336 ($dff)
Warning: multiple conflicting drivers for iiitb_rv32i.\REG[5] [16]:
    port Q[16] of cell $procdff$2416 ($adff)
    port Q[16] of cell $procdff$2336 ($dff)
Warning: multiple conflicting drivers for iiitb_rv32i.\REG[5] [15]:
    port Q[15] of cell $procdff$2416 ($adff)
    port Q[15] of cell $procdff$2336 ($dff)
Warning: multiple conflicting drivers for iiitb_rv32i.\REG[5] [14]:
    port Q[14] of cell $procdff$2416 ($adff)
    port Q[14] of cell $procdff$2336 ($dff)
Warning: multiple conflicting drivers for iiitb_rv32i.\REG[5] [13]:
    port Q[13] of cell $procdff$2416 ($adff)
    port Q[13] of cell $procdff$2336 ($dff)
Warning: multiple conflicting drivers for iiitb_rv32i.\REG[5] [12]:
    port Q[12] of cell $procdff$2416 ($adff)
    port Q[12] of cell $procdff$2336 ($dff)
Warning: multiple conflicting drivers for iiitb_rv32i.\REG[5] [11]:
    port Q[11] of cell $procdff$2416 ($adff)
    port Q[11] of cell $procdff$2336 ($dff)
Warning: multiple conflicting drivers for iiitb_rv32i.\REG[5] [10]:
    port Q[10] of cell $procdff$2416 ($adff)
    port Q[10] of cell $procdff$2336 ($dff)
Warning: multiple conflicting drivers for iiitb_rv32i.\REG[5] [9]:
    port Q[9] of cell $procdff$2416 ($adff)
    port Q[9] of cell $procdff$2336 ($dff)
Warning: multiple conflicting drivers for iiitb_rv32i.\REG[5] [8]:
    port Q[8] of cell $procdff$2416 ($adff)
    port Q[8] of cell $procdff$2336 ($dff)
Warning: multiple conflicting drivers for iiitb_rv32i.\REG[5] [7]:
    port Q[7] of cell $procdff$2416 ($adff)
    port Q[7] of cell $procdff$2336 ($dff)
Warning: multiple conflicting drivers for iiitb_rv32i.\REG[5] [6]:
    port Q[6] of cell $procdff$2416 ($adff)
    port Q[6] of cell $procdff$2336 ($dff)
Warning: multiple conflicting drivers for iiitb_rv32i.\REG[5] [5]:
    port Q[5] of cell $procdff$2416 ($adff)
    port Q[5] of cell $procdff$2336 ($dff)
Warning: multiple conflicting drivers for iiitb_rv32i.\REG[5] [4]:
    port Q[4] of cell $procdff$2416 ($adff)
    port Q[4] of cell $procdff$2336 ($dff)
Warning: multiple conflicting drivers for iiitb_rv32i.\REG[5] [3]:
    port Q[3] of cell $procdff$2416 ($adff)
    port Q[3] of cell $procdff$2336 ($dff)
Warning: multiple conflicting drivers for iiitb_rv32i.\REG[5] [2]:
    port Q[2] of cell $procdff$2416 ($adff)
    port Q[2] of cell $procdff$2336 ($dff)
Warning: multiple conflicting drivers for iiitb_rv32i.\REG[5] [1]:
    port Q[1] of cell $procdff$2416 ($adff)
    port Q[1] of cell $procdff$2336 ($dff)
Warning: multiple conflicting drivers for iiitb_rv32i.\REG[5] [0]:
    port Q[0] of cell $procdff$2416 ($adff)
    port Q[0] of cell $procdff$2336 ($dff)
Warning: multiple conflicting drivers for iiitb_rv32i.\REG[6] [31]:
    port Q[31] of cell $procdff$2417 ($adff)
    port Q[31] of cell $procdff$2337 ($dff)
Warning: multiple conflicting drivers for iiitb_rv32i.\REG[6] [30]:
    port Q[30] of cell $procdff$2417 ($adff)
    port Q[30] of cell $procdff$2337 ($dff)
Warning: multiple conflicting drivers for iiitb_rv32i.\REG[6] [29]:
    port Q[29] of cell $procdff$2417 ($adff)
    port Q[29] of cell $procdff$2337 ($dff)
Warning: multiple conflicting drivers for iiitb_rv32i.\REG[6] [28]:
    port Q[28] of cell $procdff$2417 ($adff)
    port Q[28] of cell $procdff$2337 ($dff)
Warning: multiple conflicting drivers for iiitb_rv32i.\REG[6] [27]:
    port Q[27] of cell $procdff$2417 ($adff)
    port Q[27] of cell $procdff$2337 ($dff)
Warning: multiple conflicting drivers for iiitb_rv32i.\REG[6] [26]:
    port Q[26] of cell $procdff$2417 ($adff)
    port Q[26] of cell $procdff$2337 ($dff)
Warning: multiple conflicting drivers for iiitb_rv32i.\REG[6] [25]:
    port Q[25] of cell $procdff$2417 ($adff)
    port Q[25] of cell $procdff$2337 ($dff)
Warning: multiple conflicting drivers for iiitb_rv32i.\REG[6] [24]:
    port Q[24] of cell $procdff$2417 ($adff)
    port Q[24] of cell $procdff$2337 ($dff)
Warning: multiple conflicting drivers for iiitb_rv32i.\REG[6] [23]:
    port Q[23] of cell $procdff$2417 ($adff)
    port Q[23] of cell $procdff$2337 ($dff)
Warning: multiple conflicting drivers for iiitb_rv32i.\REG[6] [22]:
    port Q[22] of cell $procdff$2417 ($adff)
    port Q[22] of cell $procdff$2337 ($dff)
Warning: multiple conflicting drivers for iiitb_rv32i.\REG[6] [21]:
    port Q[21] of cell $procdff$2417 ($adff)
    port Q[21] of cell $procdff$2337 ($dff)
Warning: multiple conflicting drivers for iiitb_rv32i.\REG[6] [20]:
    port Q[20] of cell $procdff$2417 ($adff)
    port Q[20] of cell $procdff$2337 ($dff)
Warning: multiple conflicting drivers for iiitb_rv32i.\REG[6] [19]:
    port Q[19] of cell $procdff$2417 ($adff)
    port Q[19] of cell $procdff$2337 ($dff)
Warning: multiple conflicting drivers for iiitb_rv32i.\REG[6] [18]:
    port Q[18] of cell $procdff$2417 ($adff)
    port Q[18] of cell $procdff$2337 ($dff)
Warning: multiple conflicting drivers for iiitb_rv32i.\REG[6] [17]:
    port Q[17] of cell $procdff$2417 ($adff)
    port Q[17] of cell $procdff$2337 ($dff)
Warning: multiple conflicting drivers for iiitb_rv32i.\REG[6] [16]:
    port Q[16] of cell $procdff$2417 ($adff)
    port Q[16] of cell $procdff$2337 ($dff)
Warning: multiple conflicting drivers for iiitb_rv32i.\REG[6] [15]:
    port Q[15] of cell $procdff$2417 ($adff)
    port Q[15] of cell $procdff$2337 ($dff)
Warning: multiple conflicting drivers for iiitb_rv32i.\REG[6] [14]:
    port Q[14] of cell $procdff$2417 ($adff)
    port Q[14] of cell $procdff$2337 ($dff)
Warning: multiple conflicting drivers for iiitb_rv32i.\REG[6] [13]:
    port Q[13] of cell $procdff$2417 ($adff)
    port Q[13] of cell $procdff$2337 ($dff)
Warning: multiple conflicting drivers for iiitb_rv32i.\REG[6] [12]:
    port Q[12] of cell $procdff$2417 ($adff)
    port Q[12] of cell $procdff$2337 ($dff)
Warning: multiple conflicting drivers for iiitb_rv32i.\REG[6] [11]:
    port Q[11] of cell $procdff$2417 ($adff)
    port Q[11] of cell $procdff$2337 ($dff)
Warning: multiple conflicting drivers for iiitb_rv32i.\REG[6] [10]:
    port Q[10] of cell $procdff$2417 ($adff)
    port Q[10] of cell $procdff$2337 ($dff)
Warning: multiple conflicting drivers for iiitb_rv32i.\REG[6] [9]:
    port Q[9] of cell $procdff$2417 ($adff)
    port Q[9] of cell $procdff$2337 ($dff)
Warning: multiple conflicting drivers for iiitb_rv32i.\REG[6] [8]:
    port Q[8] of cell $procdff$2417 ($adff)
    port Q[8] of cell $procdff$2337 ($dff)
Warning: multiple conflicting drivers for iiitb_rv32i.\REG[6] [7]:
    port Q[7] of cell $procdff$2417 ($adff)
    port Q[7] of cell $procdff$2337 ($dff)
Warning: multiple conflicting drivers for iiitb_rv32i.\REG[6] [6]:
    port Q[6] of cell $procdff$2417 ($adff)
    port Q[6] of cell $procdff$2337 ($dff)
Warning: multiple conflicting drivers for iiitb_rv32i.\REG[6] [5]:
    port Q[5] of cell $procdff$2417 ($adff)
    port Q[5] of cell $procdff$2337 ($dff)
Warning: multiple conflicting drivers for iiitb_rv32i.\REG[6] [4]:
    port Q[4] of cell $procdff$2417 ($adff)
    port Q[4] of cell $procdff$2337 ($dff)
Warning: multiple conflicting drivers for iiitb_rv32i.\REG[6] [3]:
    port Q[3] of cell $procdff$2417 ($adff)
    port Q[3] of cell $procdff$2337 ($dff)
Warning: multiple conflicting drivers for iiitb_rv32i.\REG[6] [2]:
    port Q[2] of cell $procdff$2417 ($adff)
    port Q[2] of cell $procdff$2337 ($dff)
Warning: multiple conflicting drivers for iiitb_rv32i.\REG[6] [1]:
    port Q[1] of cell $procdff$2417 ($adff)
    port Q[1] of cell $procdff$2337 ($dff)
Warning: multiple conflicting drivers for iiitb_rv32i.\REG[6] [0]:
    port Q[0] of cell $procdff$2417 ($adff)
    port Q[0] of cell $procdff$2337 ($dff)
Warning: Wire iiitb_rv32i.\MEM[10] [31] is used but has no driver.
Warning: Wire iiitb_rv32i.\MEM[10] [30] is used but has no driver.
Warning: Wire iiitb_rv32i.\MEM[10] [29] is used but has no driver.
Warning: Wire iiitb_rv32i.\MEM[10] [28] is used but has no driver.
Warning: Wire iiitb_rv32i.\MEM[10] [27] is used but has no driver.
Warning: Wire iiitb_rv32i.\MEM[10] [26] is used but has no driver.
Warning: Wire iiitb_rv32i.\MEM[10] [25] is used but has no driver.
Warning: Wire iiitb_rv32i.\MEM[10] [24] is used but has no driver.
Warning: Wire iiitb_rv32i.\MEM[10] [23] is used but has no driver.
Warning: Wire iiitb_rv32i.\MEM[10] [22] is used but has no driver.
Warning: Wire iiitb_rv32i.\MEM[10] [21] is used but has no driver.
Warning: Wire iiitb_rv32i.\MEM[10] [20] is used but has no driver.
Warning: Wire iiitb_rv32i.\MEM[10] [19] is used but has no driver.
Warning: Wire iiitb_rv32i.\MEM[10] [18] is used but has no driver.
Warning: Wire iiitb_rv32i.\MEM[10] [17] is used but has no driver.
Warning: Wire iiitb_rv32i.\MEM[10] [16] is used but has no driver.
Warning: Wire iiitb_rv32i.\MEM[10] [15] is used but has no driver.
Warning: Wire iiitb_rv32i.\MEM[10] [14] is used but has no driver.
Warning: Wire iiitb_rv32i.\MEM[10] [13] is used but has no driver.
Warning: Wire iiitb_rv32i.\MEM[10] [12] is used but has no driver.
Warning: Wire iiitb_rv32i.\MEM[10] [11] is used but has no driver.
Warning: Wire iiitb_rv32i.\MEM[10] [10] is used but has no driver.
Warning: Wire iiitb_rv32i.\MEM[10] [9] is used but has no driver.
Warning: Wire iiitb_rv32i.\MEM[10] [8] is used but has no driver.
Warning: Wire iiitb_rv32i.\MEM[10] [7] is used but has no driver.
Warning: Wire iiitb_rv32i.\MEM[10] [6] is used but has no driver.
Warning: Wire iiitb_rv32i.\MEM[10] [5] is used but has no driver.
Warning: Wire iiitb_rv32i.\MEM[10] [4] is used but has no driver.
Warning: Wire iiitb_rv32i.\MEM[10] [3] is used but has no driver.
Warning: Wire iiitb_rv32i.\MEM[10] [2] is used but has no driver.
Warning: Wire iiitb_rv32i.\MEM[10] [1] is used but has no driver.
Warning: Wire iiitb_rv32i.\MEM[10] [0] is used but has no driver.
Warning: Wire iiitb_rv32i.\MEM[11] [31] is used but has no driver.
Warning: Wire iiitb_rv32i.\MEM[11] [30] is used but has no driver.
Warning: Wire iiitb_rv32i.\MEM[11] [29] is used but has no driver.
Warning: Wire iiitb_rv32i.\MEM[11] [28] is used but has no driver.
Warning: Wire iiitb_rv32i.\MEM[11] [27] is used but has no driver.
Warning: Wire iiitb_rv32i.\MEM[11] [26] is used but has no driver.
Warning: Wire iiitb_rv32i.\MEM[11] [25] is used but has no driver.
Warning: Wire iiitb_rv32i.\MEM[11] [24] is used but has no driver.
Warning: Wire iiitb_rv32i.\MEM[11] [23] is used but has no driver.
Warning: Wire iiitb_rv32i.\MEM[11] [22] is used but has no driver.
Warning: Wire iiitb_rv32i.\MEM[11] [21] is used but has no driver.
Warning: Wire iiitb_rv32i.\MEM[11] [20] is used but has no driver.
Warning: Wire iiitb_rv32i.\MEM[11] [19] is used but has no driver.
Warning: Wire iiitb_rv32i.\MEM[11] [18] is used but has no driver.
Warning: Wire iiitb_rv32i.\MEM[11] [17] is used but has no driver.
Warning: Wire iiitb_rv32i.\MEM[11] [16] is used but has no driver.
Warning: Wire iiitb_rv32i.\MEM[11] [15] is used but has no driver.
Warning: Wire iiitb_rv32i.\MEM[11] [14] is used but has no driver.
Warning: Wire iiitb_rv32i.\MEM[11] [13] is used but has no driver.
Warning: Wire iiitb_rv32i.\MEM[11] [12] is used but has no driver.
Warning: Wire iiitb_rv32i.\MEM[11] [11] is used but has no driver.
Warning: Wire iiitb_rv32i.\MEM[11] [10] is used but has no driver.
Warning: Wire iiitb_rv32i.\MEM[11] [9] is used but has no driver.
Warning: Wire iiitb_rv32i.\MEM[11] [8] is used but has no driver.
Warning: Wire iiitb_rv32i.\MEM[11] [7] is used but has no driver.
Warning: Wire iiitb_rv32i.\MEM[11] [6] is used but has no driver.
Warning: Wire iiitb_rv32i.\MEM[11] [5] is used but has no driver.
Warning: Wire iiitb_rv32i.\MEM[11] [4] is used but has no driver.
Warning: Wire iiitb_rv32i.\MEM[11] [3] is used but has no driver.
Warning: Wire iiitb_rv32i.\MEM[11] [2] is used but has no driver.
Warning: Wire iiitb_rv32i.\MEM[11] [1] is used but has no driver.
Warning: Wire iiitb_rv32i.\MEM[11] [0] is used but has no driver.
Warning: Wire iiitb_rv32i.\MEM[12] [31] is used but has no driver.
Warning: Wire iiitb_rv32i.\MEM[12] [30] is used but has no driver.
Warning: Wire iiitb_rv32i.\MEM[12] [29] is used but has no driver.
Warning: Wire iiitb_rv32i.\MEM[12] [28] is used but has no driver.
Warning: Wire iiitb_rv32i.\MEM[12] [27] is used but has no driver.
Warning: Wire iiitb_rv32i.\MEM[12] [26] is used but has no driver.
Warning: Wire iiitb_rv32i.\MEM[12] [25] is used but has no driver.
Warning: Wire iiitb_rv32i.\MEM[12] [24] is used but has no driver.
Warning: Wire iiitb_rv32i.\MEM[12] [23] is used but has no driver.
Warning: Wire iiitb_rv32i.\MEM[12] [22] is used but has no driver.
Warning: Wire iiitb_rv32i.\MEM[12] [21] is used but has no driver.
Warning: Wire iiitb_rv32i.\MEM[12] [20] is used but has no driver.
Warning: Wire iiitb_rv32i.\MEM[12] [19] is used but has no driver.
Warning: Wire iiitb_rv32i.\MEM[12] [18] is used but has no driver.
Warning: Wire iiitb_rv32i.\MEM[12] [17] is used but has no driver.
Warning: Wire iiitb_rv32i.\MEM[12] [16] is used but has no driver.
Warning: Wire iiitb_rv32i.\MEM[12] [15] is used but has no driver.
Warning: Wire iiitb_rv32i.\MEM[12] [14] is used but has no driver.
Warning: Wire iiitb_rv32i.\MEM[12] [13] is used but has no driver.
Warning: Wire iiitb_rv32i.\MEM[12] [12] is used but has no driver.
Warning: Wire iiitb_rv32i.\MEM[12] [11] is used but has no driver.
Warning: Wire iiitb_rv32i.\MEM[12] [10] is used but has no driver.
Warning: Wire iiitb_rv32i.\MEM[12] [9] is used but has no driver.
Warning: Wire iiitb_rv32i.\MEM[12] [8] is used but has no driver.
Warning: Wire iiitb_rv32i.\MEM[12] [7] is used but has no driver.
Warning: Wire iiitb_rv32i.\MEM[12] [6] is used but has no driver.
Warning: Wire iiitb_rv32i.\MEM[12] [5] is used but has no driver.
Warning: Wire iiitb_rv32i.\MEM[12] [4] is used but has no driver.
Warning: Wire iiitb_rv32i.\MEM[12] [3] is used but has no driver.
Warning: Wire iiitb_rv32i.\MEM[12] [2] is used but has no driver.
Warning: Wire iiitb_rv32i.\MEM[12] [1] is used but has no driver.
Warning: Wire iiitb_rv32i.\MEM[12] [0] is used but has no driver.
Warning: Wire iiitb_rv32i.\MEM[13] [31] is used but has no driver.
Warning: Wire iiitb_rv32i.\MEM[13] [30] is used but has no driver.
Warning: Wire iiitb_rv32i.\MEM[13] [29] is used but has no driver.
Warning: Wire iiitb_rv32i.\MEM[13] [28] is used but has no driver.
Warning: Wire iiitb_rv32i.\MEM[13] [27] is used but has no driver.
Warning: Wire iiitb_rv32i.\MEM[13] [26] is used but has no driver.
Warning: Wire iiitb_rv32i.\MEM[13] [25] is used but has no driver.
Warning: Wire iiitb_rv32i.\MEM[13] [24] is used but has no driver.
Warning: Wire iiitb_rv32i.\MEM[13] [23] is used but has no driver.
Warning: Wire iiitb_rv32i.\MEM[13] [22] is used but has no driver.
Warning: Wire iiitb_rv32i.\MEM[13] [21] is used but has no driver.
Warning: Wire iiitb_rv32i.\MEM[13] [20] is used but has no driver.
Warning: Wire iiitb_rv32i.\MEM[13] [19] is used but has no driver.
Warning: Wire iiitb_rv32i.\MEM[13] [18] is used but has no driver.
Warning: Wire iiitb_rv32i.\MEM[13] [17] is used but has no driver.
Warning: Wire iiitb_rv32i.\MEM[13] [16] is used but has no driver.
Warning: Wire iiitb_rv32i.\MEM[13] [15] is used but has no driver.
Warning: Wire iiitb_rv32i.\MEM[13] [14] is used but has no driver.
Warning: Wire iiitb_rv32i.\MEM[13] [13] is used but has no driver.
Warning: Wire iiitb_rv32i.\MEM[13] [12] is used but has no driver.
Warning: Wire iiitb_rv32i.\MEM[13] [11] is used but has no driver.
Warning: Wire iiitb_rv32i.\MEM[13] [10] is used but has no driver.
Warning: Wire iiitb_rv32i.\MEM[13] [9] is used but has no driver.
Warning: Wire iiitb_rv32i.\MEM[13] [8] is used but has no driver.
Warning: Wire iiitb_rv32i.\MEM[13] [7] is used but has no driver.
Warning: Wire iiitb_rv32i.\MEM[13] [6] is used but has no driver.
Warning: Wire iiitb_rv32i.\MEM[13] [5] is used but has no driver.
Warning: Wire iiitb_rv32i.\MEM[13] [4] is used but has no driver.
Warning: Wire iiitb_rv32i.\MEM[13] [3] is used but has no driver.
Warning: Wire iiitb_rv32i.\MEM[13] [2] is used but has no driver.
Warning: Wire iiitb_rv32i.\MEM[13] [1] is used but has no driver.
Warning: Wire iiitb_rv32i.\MEM[13] [0] is used but has no driver.
Warning: Wire iiitb_rv32i.\MEM[14] [31] is used but has no driver.
Warning: Wire iiitb_rv32i.\MEM[14] [30] is used but has no driver.
Warning: Wire iiitb_rv32i.\MEM[14] [29] is used but has no driver.
Warning: Wire iiitb_rv32i.\MEM[14] [28] is used but has no driver.
Warning: Wire iiitb_rv32i.\MEM[14] [27] is used but has no driver.
Warning: Wire iiitb_rv32i.\MEM[14] [26] is used but has no driver.
Warning: Wire iiitb_rv32i.\MEM[14] [25] is used but has no driver.
Warning: Wire iiitb_rv32i.\MEM[14] [24] is used but has no driver.
Warning: Wire iiitb_rv32i.\MEM[14] [23] is used but has no driver.
Warning: Wire iiitb_rv32i.\MEM[14] [22] is used but has no driver.
Warning: Wire iiitb_rv32i.\MEM[14] [21] is used but has no driver.
Warning: Wire iiitb_rv32i.\MEM[14] [20] is used but has no driver.
Warning: Wire iiitb_rv32i.\MEM[14] [19] is used but has no driver.
Warning: Wire iiitb_rv32i.\MEM[14] [18] is used but has no driver.
Warning: Wire iiitb_rv32i.\MEM[14] [17] is used but has no driver.
Warning: Wire iiitb_rv32i.\MEM[14] [16] is used but has no driver.
Warning: Wire iiitb_rv32i.\MEM[14] [15] is used but has no driver.
Warning: Wire iiitb_rv32i.\MEM[14] [14] is used but has no driver.
Warning: Wire iiitb_rv32i.\MEM[14] [13] is used but has no driver.
Warning: Wire iiitb_rv32i.\MEM[14] [12] is used but has no driver.
Warning: Wire iiitb_rv32i.\MEM[14] [11] is used but has no driver.
Warning: Wire iiitb_rv32i.\MEM[14] [10] is used but has no driver.
Warning: Wire iiitb_rv32i.\MEM[14] [9] is used but has no driver.
Warning: Wire iiitb_rv32i.\MEM[14] [8] is used but has no driver.
Warning: Wire iiitb_rv32i.\MEM[14] [7] is used but has no driver.
Warning: Wire iiitb_rv32i.\MEM[14] [6] is used but has no driver.
Warning: Wire iiitb_rv32i.\MEM[14] [5] is used but has no driver.
Warning: Wire iiitb_rv32i.\MEM[14] [4] is used but has no driver.
Warning: Wire iiitb_rv32i.\MEM[14] [3] is used but has no driver.
Warning: Wire iiitb_rv32i.\MEM[14] [2] is used but has no driver.
Warning: Wire iiitb_rv32i.\MEM[14] [1] is used but has no driver.
Warning: Wire iiitb_rv32i.\MEM[14] [0] is used but has no driver.
Warning: Wire iiitb_rv32i.\MEM[15] [31] is used but has no driver.
Warning: Wire iiitb_rv32i.\MEM[15] [30] is used but has no driver.
Warning: Wire iiitb_rv32i.\MEM[15] [29] is used but has no driver.
Warning: Wire iiitb_rv32i.\MEM[15] [28] is used but has no driver.
Warning: Wire iiitb_rv32i.\MEM[15] [27] is used but has no driver.
Warning: Wire iiitb_rv32i.\MEM[15] [26] is used but has no driver.
Warning: Wire iiitb_rv32i.\MEM[15] [25] is used but has no driver.
Warning: Wire iiitb_rv32i.\MEM[15] [24] is used but has no driver.
Warning: Wire iiitb_rv32i.\MEM[15] [23] is used but has no driver.
Warning: Wire iiitb_rv32i.\MEM[15] [22] is used but has no driver.
Warning: Wire iiitb_rv32i.\MEM[15] [21] is used but has no driver.
Warning: Wire iiitb_rv32i.\MEM[15] [20] is used but has no driver.
Warning: Wire iiitb_rv32i.\MEM[15] [19] is used but has no driver.
Warning: Wire iiitb_rv32i.\MEM[15] [18] is used but has no driver.
Warning: Wire iiitb_rv32i.\MEM[15] [17] is used but has no driver.
Warning: Wire iiitb_rv32i.\MEM[15] [16] is used but has no driver.
Warning: Wire iiitb_rv32i.\MEM[15] [15] is used but has no driver.
Warning: Wire iiitb_rv32i.\MEM[15] [14] is used but has no driver.
Warning: Wire iiitb_rv32i.\MEM[15] [13] is used but has no driver.
Warning: Wire iiitb_rv32i.\MEM[15] [12] is used but has no driver.
Warning: Wire iiitb_rv32i.\MEM[15] [11] is used but has no driver.
Warning: Wire iiitb_rv32i.\MEM[15] [10] is used but has no driver.
Warning: Wire iiitb_rv32i.\MEM[15] [9] is used but has no driver.
Warning: Wire iiitb_rv32i.\MEM[15] [8] is used but has no driver.
Warning: Wire iiitb_rv32i.\MEM[15] [7] is used but has no driver.
Warning: Wire iiitb_rv32i.\MEM[15] [6] is used but has no driver.
Warning: Wire iiitb_rv32i.\MEM[15] [5] is used but has no driver.
Warning: Wire iiitb_rv32i.\MEM[15] [4] is used but has no driver.
Warning: Wire iiitb_rv32i.\MEM[15] [3] is used but has no driver.
Warning: Wire iiitb_rv32i.\MEM[15] [2] is used but has no driver.
Warning: Wire iiitb_rv32i.\MEM[15] [1] is used but has no driver.
Warning: Wire iiitb_rv32i.\MEM[15] [0] is used but has no driver.
Warning: Wire iiitb_rv32i.\MEM[16] [31] is used but has no driver.
Warning: Wire iiitb_rv32i.\MEM[16] [30] is used but has no driver.
Warning: Wire iiitb_rv32i.\MEM[16] [29] is used but has no driver.
Warning: Wire iiitb_rv32i.\MEM[16] [28] is used but has no driver.
Warning: Wire iiitb_rv32i.\MEM[16] [27] is used but has no driver.
Warning: Wire iiitb_rv32i.\MEM[16] [26] is used but has no driver.
Warning: Wire iiitb_rv32i.\MEM[16] [25] is used but has no driver.
Warning: Wire iiitb_rv32i.\MEM[16] [24] is used but has no driver.
Warning: Wire iiitb_rv32i.\MEM[16] [23] is used but has no driver.
Warning: Wire iiitb_rv32i.\MEM[16] [22] is used but has no driver.
Warning: Wire iiitb_rv32i.\MEM[16] [21] is used but has no driver.
Warning: Wire iiitb_rv32i.\MEM[16] [20] is used but has no driver.
Warning: Wire iiitb_rv32i.\MEM[16] [19] is used but has no driver.
Warning: Wire iiitb_rv32i.\MEM[16] [18] is used but has no driver.
Warning: Wire iiitb_rv32i.\MEM[16] [17] is used but has no driver.
Warning: Wire iiitb_rv32i.\MEM[16] [16] is used but has no driver.
Warning: Wire iiitb_rv32i.\MEM[16] [15] is used but has no driver.
Warning: Wire iiitb_rv32i.\MEM[16] [14] is used but has no driver.
Warning: Wire iiitb_rv32i.\MEM[16] [13] is used but has no driver.
Warning: Wire iiitb_rv32i.\MEM[16] [12] is used but has no driver.
Warning: Wire iiitb_rv32i.\MEM[16] [11] is used but has no driver.
Warning: Wire iiitb_rv32i.\MEM[16] [10] is used but has no driver.
Warning: Wire iiitb_rv32i.\MEM[16] [9] is used but has no driver.
Warning: Wire iiitb_rv32i.\MEM[16] [8] is used but has no driver.
Warning: Wire iiitb_rv32i.\MEM[16] [7] is used but has no driver.
Warning: Wire iiitb_rv32i.\MEM[16] [6] is used but has no driver.
Warning: Wire iiitb_rv32i.\MEM[16] [5] is used but has no driver.
Warning: Wire iiitb_rv32i.\MEM[16] [4] is used but has no driver.
Warning: Wire iiitb_rv32i.\MEM[16] [3] is used but has no driver.
Warning: Wire iiitb_rv32i.\MEM[16] [2] is used but has no driver.
Warning: Wire iiitb_rv32i.\MEM[16] [1] is used but has no driver.
Warning: Wire iiitb_rv32i.\MEM[16] [0] is used but has no driver.
Warning: Wire iiitb_rv32i.\MEM[17] [31] is used but has no driver.
Warning: Wire iiitb_rv32i.\MEM[17] [30] is used but has no driver.
Warning: Wire iiitb_rv32i.\MEM[17] [29] is used but has no driver.
Warning: Wire iiitb_rv32i.\MEM[17] [28] is used but has no driver.
Warning: Wire iiitb_rv32i.\MEM[17] [27] is used but has no driver.
Warning: Wire iiitb_rv32i.\MEM[17] [26] is used but has no driver.
Warning: Wire iiitb_rv32i.\MEM[17] [25] is used but has no driver.
Warning: Wire iiitb_rv32i.\MEM[17] [24] is used but has no driver.
Warning: Wire iiitb_rv32i.\MEM[17] [23] is used but has no driver.
Warning: Wire iiitb_rv32i.\MEM[17] [22] is used but has no driver.
Warning: Wire iiitb_rv32i.\MEM[17] [21] is used but has no driver.
Warning: Wire iiitb_rv32i.\MEM[17] [20] is used but has no driver.
Warning: Wire iiitb_rv32i.\MEM[17] [19] is used but has no driver.
Warning: Wire iiitb_rv32i.\MEM[17] [18] is used but has no driver.
Warning: Wire iiitb_rv32i.\MEM[17] [17] is used but has no driver.
Warning: Wire iiitb_rv32i.\MEM[17] [16] is used but has no driver.
Warning: Wire iiitb_rv32i.\MEM[17] [15] is used but has no driver.
Warning: Wire iiitb_rv32i.\MEM[17] [14] is used but has no driver.
Warning: Wire iiitb_rv32i.\MEM[17] [13] is used but has no driver.
Warning: Wire iiitb_rv32i.\MEM[17] [12] is used but has no driver.
Warning: Wire iiitb_rv32i.\MEM[17] [11] is used but has no driver.
Warning: Wire iiitb_rv32i.\MEM[17] [10] is used but has no driver.
Warning: Wire iiitb_rv32i.\MEM[17] [9] is used but has no driver.
Warning: Wire iiitb_rv32i.\MEM[17] [8] is used but has no driver.
Warning: Wire iiitb_rv32i.\MEM[17] [7] is used but has no driver.
Warning: Wire iiitb_rv32i.\MEM[17] [6] is used but has no driver.
Warning: Wire iiitb_rv32i.\MEM[17] [5] is used but has no driver.
Warning: Wire iiitb_rv32i.\MEM[17] [4] is used but has no driver.
Warning: Wire iiitb_rv32i.\MEM[17] [3] is used but has no driver.
Warning: Wire iiitb_rv32i.\MEM[17] [2] is used but has no driver.
Warning: Wire iiitb_rv32i.\MEM[17] [1] is used but has no driver.
Warning: Wire iiitb_rv32i.\MEM[17] [0] is used but has no driver.
Warning: Wire iiitb_rv32i.\MEM[18] [31] is used but has no driver.
Warning: Wire iiitb_rv32i.\MEM[18] [30] is used but has no driver.
Warning: Wire iiitb_rv32i.\MEM[18] [29] is used but has no driver.
Warning: Wire iiitb_rv32i.\MEM[18] [28] is used but has no driver.
Warning: Wire iiitb_rv32i.\MEM[18] [27] is used but has no driver.
Warning: Wire iiitb_rv32i.\MEM[18] [26] is used but has no driver.
Warning: Wire iiitb_rv32i.\MEM[18] [25] is used but has no driver.
Warning: Wire iiitb_rv32i.\MEM[18] [24] is used but has no driver.
Warning: Wire iiitb_rv32i.\MEM[18] [23] is used but has no driver.
Warning: Wire iiitb_rv32i.\MEM[18] [22] is used but has no driver.
Warning: Wire iiitb_rv32i.\MEM[18] [21] is used but has no driver.
Warning: Wire iiitb_rv32i.\MEM[18] [20] is used but has no driver.
Warning: Wire iiitb_rv32i.\MEM[18] [19] is used but has no driver.
Warning: Wire iiitb_rv32i.\MEM[18] [18] is used but has no driver.
Warning: Wire iiitb_rv32i.\MEM[18] [17] is used but has no driver.
Warning: Wire iiitb_rv32i.\MEM[18] [16] is used but has no driver.
Warning: Wire iiitb_rv32i.\MEM[18] [15] is used but has no driver.
Warning: Wire iiitb_rv32i.\MEM[18] [14] is used but has no driver.
Warning: Wire iiitb_rv32i.\MEM[18] [13] is used but has no driver.
Warning: Wire iiitb_rv32i.\MEM[18] [12] is used but has no driver.
Warning: Wire iiitb_rv32i.\MEM[18] [11] is used but has no driver.
Warning: Wire iiitb_rv32i.\MEM[18] [10] is used but has no driver.
Warning: Wire iiitb_rv32i.\MEM[18] [9] is used but has no driver.
Warning: Wire iiitb_rv32i.\MEM[18] [8] is used but has no driver.
Warning: Wire iiitb_rv32i.\MEM[18] [7] is used but has no driver.
Warning: Wire iiitb_rv32i.\MEM[18] [6] is used but has no driver.
Warning: Wire iiitb_rv32i.\MEM[18] [5] is used but has no driver.
Warning: Wire iiitb_rv32i.\MEM[18] [4] is used but has no driver.
Warning: Wire iiitb_rv32i.\MEM[18] [3] is used but has no driver.
Warning: Wire iiitb_rv32i.\MEM[18] [2] is used but has no driver.
Warning: Wire iiitb_rv32i.\MEM[18] [1] is used but has no driver.
Warning: Wire iiitb_rv32i.\MEM[18] [0] is used but has no driver.
Warning: Wire iiitb_rv32i.\MEM[19] [31] is used but has no driver.
Warning: Wire iiitb_rv32i.\MEM[19] [30] is used but has no driver.
Warning: Wire iiitb_rv32i.\MEM[19] [29] is used but has no driver.
Warning: Wire iiitb_rv32i.\MEM[19] [28] is used but has no driver.
Warning: Wire iiitb_rv32i.\MEM[19] [27] is used but has no driver.
Warning: Wire iiitb_rv32i.\MEM[19] [26] is used but has no driver.
Warning: Wire iiitb_rv32i.\MEM[19] [25] is used but has no driver.
Warning: Wire iiitb_rv32i.\MEM[19] [24] is used but has no driver.
Warning: Wire iiitb_rv32i.\MEM[19] [23] is used but has no driver.
Warning: Wire iiitb_rv32i.\MEM[19] [22] is used but has no driver.
Warning: Wire iiitb_rv32i.\MEM[19] [21] is used but has no driver.
Warning: Wire iiitb_rv32i.\MEM[19] [20] is used but has no driver.
Warning: Wire iiitb_rv32i.\MEM[19] [19] is used but has no driver.
Warning: Wire iiitb_rv32i.\MEM[19] [18] is used but has no driver.
Warning: Wire iiitb_rv32i.\MEM[19] [17] is used but has no driver.
Warning: Wire iiitb_rv32i.\MEM[19] [16] is used but has no driver.
Warning: Wire iiitb_rv32i.\MEM[19] [15] is used but has no driver.
Warning: Wire iiitb_rv32i.\MEM[19] [14] is used but has no driver.
Warning: Wire iiitb_rv32i.\MEM[19] [13] is used but has no driver.
Warning: Wire iiitb_rv32i.\MEM[19] [12] is used but has no driver.
Warning: Wire iiitb_rv32i.\MEM[19] [11] is used but has no driver.
Warning: Wire iiitb_rv32i.\MEM[19] [10] is used but has no driver.
Warning: Wire iiitb_rv32i.\MEM[19] [9] is used but has no driver.
Warning: Wire iiitb_rv32i.\MEM[19] [8] is used but has no driver.
Warning: Wire iiitb_rv32i.\MEM[19] [7] is used but has no driver.
Warning: Wire iiitb_rv32i.\MEM[19] [6] is used but has no driver.
Warning: Wire iiitb_rv32i.\MEM[19] [5] is used but has no driver.
Warning: Wire iiitb_rv32i.\MEM[19] [4] is used but has no driver.
Warning: Wire iiitb_rv32i.\MEM[19] [3] is used but has no driver.
Warning: Wire iiitb_rv32i.\MEM[19] [2] is used but has no driver.
Warning: Wire iiitb_rv32i.\MEM[19] [1] is used but has no driver.
Warning: Wire iiitb_rv32i.\MEM[19] [0] is used but has no driver.
Warning: Wire iiitb_rv32i.\MEM[20] [31] is used but has no driver.
Warning: Wire iiitb_rv32i.\MEM[20] [30] is used but has no driver.
Warning: Wire iiitb_rv32i.\MEM[20] [29] is used but has no driver.
Warning: Wire iiitb_rv32i.\MEM[20] [28] is used but has no driver.
Warning: Wire iiitb_rv32i.\MEM[20] [27] is used but has no driver.
Warning: Wire iiitb_rv32i.\MEM[20] [26] is used but has no driver.
Warning: Wire iiitb_rv32i.\MEM[20] [25] is used but has no driver.
Warning: Wire iiitb_rv32i.\MEM[20] [24] is used but has no driver.
Warning: Wire iiitb_rv32i.\MEM[20] [23] is used but has no driver.
Warning: Wire iiitb_rv32i.\MEM[20] [22] is used but has no driver.
Warning: Wire iiitb_rv32i.\MEM[20] [21] is used but has no driver.
Warning: Wire iiitb_rv32i.\MEM[20] [20] is used but has no driver.
Warning: Wire iiitb_rv32i.\MEM[20] [19] is used but has no driver.
Warning: Wire iiitb_rv32i.\MEM[20] [18] is used but has no driver.
Warning: Wire iiitb_rv32i.\MEM[20] [17] is used but has no driver.
Warning: Wire iiitb_rv32i.\MEM[20] [16] is used but has no driver.
Warning: Wire iiitb_rv32i.\MEM[20] [15] is used but has no driver.
Warning: Wire iiitb_rv32i.\MEM[20] [14] is used but has no driver.
Warning: Wire iiitb_rv32i.\MEM[20] [13] is used but has no driver.
Warning: Wire iiitb_rv32i.\MEM[20] [12] is used but has no driver.
Warning: Wire iiitb_rv32i.\MEM[20] [11] is used but has no driver.
Warning: Wire iiitb_rv32i.\MEM[20] [10] is used but has no driver.
Warning: Wire iiitb_rv32i.\MEM[20] [9] is used but has no driver.
Warning: Wire iiitb_rv32i.\MEM[20] [8] is used but has no driver.
Warning: Wire iiitb_rv32i.\MEM[20] [7] is used but has no driver.
Warning: Wire iiitb_rv32i.\MEM[20] [6] is used but has no driver.
Warning: Wire iiitb_rv32i.\MEM[20] [5] is used but has no driver.
Warning: Wire iiitb_rv32i.\MEM[20] [4] is used but has no driver.
Warning: Wire iiitb_rv32i.\MEM[20] [3] is used but has no driver.
Warning: Wire iiitb_rv32i.\MEM[20] [2] is used but has no driver.
Warning: Wire iiitb_rv32i.\MEM[20] [1] is used but has no driver.
Warning: Wire iiitb_rv32i.\MEM[20] [0] is used but has no driver.
Warning: Wire iiitb_rv32i.\MEM[21] [31] is used but has no driver.
Warning: Wire iiitb_rv32i.\MEM[21] [30] is used but has no driver.
Warning: Wire iiitb_rv32i.\MEM[21] [29] is used but has no driver.
Warning: Wire iiitb_rv32i.\MEM[21] [28] is used but has no driver.
Warning: Wire iiitb_rv32i.\MEM[21] [27] is used but has no driver.
Warning: Wire iiitb_rv32i.\MEM[21] [26] is used but has no driver.
Warning: Wire iiitb_rv32i.\MEM[21] [25] is used but has no driver.
Warning: Wire iiitb_rv32i.\MEM[21] [24] is used but has no driver.
Warning: Wire iiitb_rv32i.\MEM[21] [23] is used but has no driver.
Warning: Wire iiitb_rv32i.\MEM[21] [22] is used but has no driver.
Warning: Wire iiitb_rv32i.\MEM[21] [21] is used but has no driver.
Warning: Wire iiitb_rv32i.\MEM[21] [20] is used but has no driver.
Warning: Wire iiitb_rv32i.\MEM[21] [19] is used but has no driver.
Warning: Wire iiitb_rv32i.\MEM[21] [18] is used but has no driver.
Warning: Wire iiitb_rv32i.\MEM[21] [17] is used but has no driver.
Warning: Wire iiitb_rv32i.\MEM[21] [16] is used but has no driver.
Warning: Wire iiitb_rv32i.\MEM[21] [15] is used but has no driver.
Warning: Wire iiitb_rv32i.\MEM[21] [14] is used but has no driver.
Warning: Wire iiitb_rv32i.\MEM[21] [13] is used but has no driver.
Warning: Wire iiitb_rv32i.\MEM[21] [12] is used but has no driver.
Warning: Wire iiitb_rv32i.\MEM[21] [11] is used but has no driver.
Warning: Wire iiitb_rv32i.\MEM[21] [10] is used but has no driver.
Warning: Wire iiitb_rv32i.\MEM[21] [9] is used but has no driver.
Warning: Wire iiitb_rv32i.\MEM[21] [8] is used but has no driver.
Warning: Wire iiitb_rv32i.\MEM[21] [7] is used but has no driver.
Warning: Wire iiitb_rv32i.\MEM[21] [6] is used but has no driver.
Warning: Wire iiitb_rv32i.\MEM[21] [5] is used but has no driver.
Warning: Wire iiitb_rv32i.\MEM[21] [4] is used but has no driver.
Warning: Wire iiitb_rv32i.\MEM[21] [3] is used but has no driver.
Warning: Wire iiitb_rv32i.\MEM[21] [2] is used but has no driver.
Warning: Wire iiitb_rv32i.\MEM[21] [1] is used but has no driver.
Warning: Wire iiitb_rv32i.\MEM[21] [0] is used but has no driver.
Warning: Wire iiitb_rv32i.\MEM[22] [31] is used but has no driver.
Warning: Wire iiitb_rv32i.\MEM[22] [30] is used but has no driver.
Warning: Wire iiitb_rv32i.\MEM[22] [29] is used but has no driver.
Warning: Wire iiitb_rv32i.\MEM[22] [28] is used but has no driver.
Warning: Wire iiitb_rv32i.\MEM[22] [27] is used but has no driver.
Warning: Wire iiitb_rv32i.\MEM[22] [26] is used but has no driver.
Warning: Wire iiitb_rv32i.\MEM[22] [25] is used but has no driver.
Warning: Wire iiitb_rv32i.\MEM[22] [24] is used but has no driver.
Warning: Wire iiitb_rv32i.\MEM[22] [23] is used but has no driver.
Warning: Wire iiitb_rv32i.\MEM[22] [22] is used but has no driver.
Warning: Wire iiitb_rv32i.\MEM[22] [21] is used but has no driver.
Warning: Wire iiitb_rv32i.\MEM[22] [20] is used but has no driver.
Warning: Wire iiitb_rv32i.\MEM[22] [19] is used but has no driver.
Warning: Wire iiitb_rv32i.\MEM[22] [18] is used but has no driver.
Warning: Wire iiitb_rv32i.\MEM[22] [17] is used but has no driver.
Warning: Wire iiitb_rv32i.\MEM[22] [16] is used but has no driver.
Warning: Wire iiitb_rv32i.\MEM[22] [15] is used but has no driver.
Warning: Wire iiitb_rv32i.\MEM[22] [14] is used but has no driver.
Warning: Wire iiitb_rv32i.\MEM[22] [13] is used but has no driver.
Warning: Wire iiitb_rv32i.\MEM[22] [12] is used but has no driver.
Warning: Wire iiitb_rv32i.\MEM[22] [11] is used but has no driver.
Warning: Wire iiitb_rv32i.\MEM[22] [10] is used but has no driver.
Warning: Wire iiitb_rv32i.\MEM[22] [9] is used but has no driver.
Warning: Wire iiitb_rv32i.\MEM[22] [8] is used but has no driver.
Warning: Wire iiitb_rv32i.\MEM[22] [7] is used but has no driver.
Warning: Wire iiitb_rv32i.\MEM[22] [6] is used but has no driver.
Warning: Wire iiitb_rv32i.\MEM[22] [5] is used but has no driver.
Warning: Wire iiitb_rv32i.\MEM[22] [4] is used but has no driver.
Warning: Wire iiitb_rv32i.\MEM[22] [3] is used but has no driver.
Warning: Wire iiitb_rv32i.\MEM[22] [2] is used but has no driver.
Warning: Wire iiitb_rv32i.\MEM[22] [1] is used but has no driver.
Warning: Wire iiitb_rv32i.\MEM[22] [0] is used but has no driver.
Warning: Wire iiitb_rv32i.\MEM[23] [31] is used but has no driver.
Warning: Wire iiitb_rv32i.\MEM[23] [30] is used but has no driver.
Warning: Wire iiitb_rv32i.\MEM[23] [29] is used but has no driver.
Warning: Wire iiitb_rv32i.\MEM[23] [28] is used but has no driver.
Warning: Wire iiitb_rv32i.\MEM[23] [27] is used but has no driver.
Warning: Wire iiitb_rv32i.\MEM[23] [26] is used but has no driver.
Warning: Wire iiitb_rv32i.\MEM[23] [25] is used but has no driver.
Warning: Wire iiitb_rv32i.\MEM[23] [24] is used but has no driver.
Warning: Wire iiitb_rv32i.\MEM[23] [23] is used but has no driver.
Warning: Wire iiitb_rv32i.\MEM[23] [22] is used but has no driver.
Warning: Wire iiitb_rv32i.\MEM[23] [21] is used but has no driver.
Warning: Wire iiitb_rv32i.\MEM[23] [20] is used but has no driver.
Warning: Wire iiitb_rv32i.\MEM[23] [19] is used but has no driver.
Warning: Wire iiitb_rv32i.\MEM[23] [18] is used but has no driver.
Warning: Wire iiitb_rv32i.\MEM[23] [17] is used but has no driver.
Warning: Wire iiitb_rv32i.\MEM[23] [16] is used but has no driver.
Warning: Wire iiitb_rv32i.\MEM[23] [15] is used but has no driver.
Warning: Wire iiitb_rv32i.\MEM[23] [14] is used but has no driver.
Warning: Wire iiitb_rv32i.\MEM[23] [13] is used but has no driver.
Warning: Wire iiitb_rv32i.\MEM[23] [12] is used but has no driver.
Warning: Wire iiitb_rv32i.\MEM[23] [11] is used but has no driver.
Warning: Wire iiitb_rv32i.\MEM[23] [10] is used but has no driver.
Warning: Wire iiitb_rv32i.\MEM[23] [9] is used but has no driver.
Warning: Wire iiitb_rv32i.\MEM[23] [8] is used but has no driver.
Warning: Wire iiitb_rv32i.\MEM[23] [7] is used but has no driver.
Warning: Wire iiitb_rv32i.\MEM[23] [6] is used but has no driver.
Warning: Wire iiitb_rv32i.\MEM[23] [5] is used but has no driver.
Warning: Wire iiitb_rv32i.\MEM[23] [4] is used but has no driver.
Warning: Wire iiitb_rv32i.\MEM[23] [3] is used but has no driver.
Warning: Wire iiitb_rv32i.\MEM[23] [2] is used but has no driver.
Warning: Wire iiitb_rv32i.\MEM[23] [1] is used but has no driver.
Warning: Wire iiitb_rv32i.\MEM[23] [0] is used but has no driver.
Warning: Wire iiitb_rv32i.\MEM[24] [31] is used but has no driver.
Warning: Wire iiitb_rv32i.\MEM[24] [30] is used but has no driver.
Warning: Wire iiitb_rv32i.\MEM[24] [29] is used but has no driver.
Warning: Wire iiitb_rv32i.\MEM[24] [28] is used but has no driver.
Warning: Wire iiitb_rv32i.\MEM[24] [27] is used but has no driver.
Warning: Wire iiitb_rv32i.\MEM[24] [26] is used but has no driver.
Warning: Wire iiitb_rv32i.\MEM[24] [25] is used but has no driver.
Warning: Wire iiitb_rv32i.\MEM[24] [24] is used but has no driver.
Warning: Wire iiitb_rv32i.\MEM[24] [23] is used but has no driver.
Warning: Wire iiitb_rv32i.\MEM[24] [22] is used but has no driver.
Warning: Wire iiitb_rv32i.\MEM[24] [21] is used but has no driver.
Warning: Wire iiitb_rv32i.\MEM[24] [20] is used but has no driver.
Warning: Wire iiitb_rv32i.\MEM[24] [19] is used but has no driver.
Warning: Wire iiitb_rv32i.\MEM[24] [18] is used but has no driver.
Warning: Wire iiitb_rv32i.\MEM[24] [17] is used but has no driver.
Warning: Wire iiitb_rv32i.\MEM[24] [16] is used but has no driver.
Warning: Wire iiitb_rv32i.\MEM[24] [15] is used but has no driver.
Warning: Wire iiitb_rv32i.\MEM[24] [14] is used but has no driver.
Warning: Wire iiitb_rv32i.\MEM[24] [13] is used but has no driver.
Warning: Wire iiitb_rv32i.\MEM[24] [12] is used but has no driver.
Warning: Wire iiitb_rv32i.\MEM[24] [11] is used but has no driver.
Warning: Wire iiitb_rv32i.\MEM[24] [10] is used but has no driver.
Warning: Wire iiitb_rv32i.\MEM[24] [9] is used but has no driver.
Warning: Wire iiitb_rv32i.\MEM[24] [8] is used but has no driver.
Warning: Wire iiitb_rv32i.\MEM[24] [7] is used but has no driver.
Warning: Wire iiitb_rv32i.\MEM[24] [6] is used but has no driver.
Warning: Wire iiitb_rv32i.\MEM[24] [5] is used but has no driver.
Warning: Wire iiitb_rv32i.\MEM[24] [4] is used but has no driver.
Warning: Wire iiitb_rv32i.\MEM[24] [3] is used but has no driver.
Warning: Wire iiitb_rv32i.\MEM[24] [2] is used but has no driver.
Warning: Wire iiitb_rv32i.\MEM[24] [1] is used but has no driver.
Warning: Wire iiitb_rv32i.\MEM[24] [0] is used but has no driver.
Warning: Wire iiitb_rv32i.\MEM[26] [31] is used but has no driver.
Warning: Wire iiitb_rv32i.\MEM[26] [30] is used but has no driver.
Warning: Wire iiitb_rv32i.\MEM[26] [29] is used but has no driver.
Warning: Wire iiitb_rv32i.\MEM[26] [28] is used but has no driver.
Warning: Wire iiitb_rv32i.\MEM[26] [27] is used but has no driver.
Warning: Wire iiitb_rv32i.\MEM[26] [26] is used but has no driver.
Warning: Wire iiitb_rv32i.\MEM[26] [25] is used but has no driver.
Warning: Wire iiitb_rv32i.\MEM[26] [24] is used but has no driver.
Warning: Wire iiitb_rv32i.\MEM[26] [23] is used but has no driver.
Warning: Wire iiitb_rv32i.\MEM[26] [22] is used but has no driver.
Warning: Wire iiitb_rv32i.\MEM[26] [21] is used but has no driver.
Warning: Wire iiitb_rv32i.\MEM[26] [20] is used but has no driver.
Warning: Wire iiitb_rv32i.\MEM[26] [19] is used but has no driver.
Warning: Wire iiitb_rv32i.\MEM[26] [18] is used but has no driver.
Warning: Wire iiitb_rv32i.\MEM[26] [17] is used but has no driver.
Warning: Wire iiitb_rv32i.\MEM[26] [16] is used but has no driver.
Warning: Wire iiitb_rv32i.\MEM[26] [15] is used but has no driver.
Warning: Wire iiitb_rv32i.\MEM[26] [14] is used but has no driver.
Warning: Wire iiitb_rv32i.\MEM[26] [13] is used but has no driver.
Warning: Wire iiitb_rv32i.\MEM[26] [12] is used but has no driver.
Warning: Wire iiitb_rv32i.\MEM[26] [11] is used but has no driver.
Warning: Wire iiitb_rv32i.\MEM[26] [10] is used but has no driver.
Warning: Wire iiitb_rv32i.\MEM[26] [9] is used but has no driver.
Warning: Wire iiitb_rv32i.\MEM[26] [8] is used but has no driver.
Warning: Wire iiitb_rv32i.\MEM[26] [7] is used but has no driver.
Warning: Wire iiitb_rv32i.\MEM[26] [6] is used but has no driver.
Warning: Wire iiitb_rv32i.\MEM[26] [5] is used but has no driver.
Warning: Wire iiitb_rv32i.\MEM[26] [4] is used but has no driver.
Warning: Wire iiitb_rv32i.\MEM[26] [3] is used but has no driver.
Warning: Wire iiitb_rv32i.\MEM[26] [2] is used but has no driver.
Warning: Wire iiitb_rv32i.\MEM[26] [1] is used but has no driver.
Warning: Wire iiitb_rv32i.\MEM[26] [0] is used but has no driver.
Warning: Wire iiitb_rv32i.\MEM[27] [31] is used but has no driver.
Warning: Wire iiitb_rv32i.\MEM[27] [30] is used but has no driver.
Warning: Wire iiitb_rv32i.\MEM[27] [29] is used but has no driver.
Warning: Wire iiitb_rv32i.\MEM[27] [28] is used but has no driver.
Warning: Wire iiitb_rv32i.\MEM[27] [27] is used but has no driver.
Warning: Wire iiitb_rv32i.\MEM[27] [26] is used but has no driver.
Warning: Wire iiitb_rv32i.\MEM[27] [25] is used but has no driver.
Warning: Wire iiitb_rv32i.\MEM[27] [24] is used but has no driver.
Warning: Wire iiitb_rv32i.\MEM[27] [23] is used but has no driver.
Warning: Wire iiitb_rv32i.\MEM[27] [22] is used but has no driver.
Warning: Wire iiitb_rv32i.\MEM[27] [21] is used but has no driver.
Warning: Wire iiitb_rv32i.\MEM[27] [20] is used but has no driver.
Warning: Wire iiitb_rv32i.\MEM[27] [19] is used but has no driver.
Warning: Wire iiitb_rv32i.\MEM[27] [18] is used but has no driver.
Warning: Wire iiitb_rv32i.\MEM[27] [17] is used but has no driver.
Warning: Wire iiitb_rv32i.\MEM[27] [16] is used but has no driver.
Warning: Wire iiitb_rv32i.\MEM[27] [15] is used but has no driver.
Warning: Wire iiitb_rv32i.\MEM[27] [14] is used but has no driver.
Warning: Wire iiitb_rv32i.\MEM[27] [13] is used but has no driver.
Warning: Wire iiitb_rv32i.\MEM[27] [12] is used but has no driver.
Warning: Wire iiitb_rv32i.\MEM[27] [11] is used but has no driver.
Warning: Wire iiitb_rv32i.\MEM[27] [10] is used but has no driver.
Warning: Wire iiitb_rv32i.\MEM[27] [9] is used but has no driver.
Warning: Wire iiitb_rv32i.\MEM[27] [8] is used but has no driver.
Warning: Wire iiitb_rv32i.\MEM[27] [7] is used but has no driver.
Warning: Wire iiitb_rv32i.\MEM[27] [6] is used but has no driver.
Warning: Wire iiitb_rv32i.\MEM[27] [5] is used but has no driver.
Warning: Wire iiitb_rv32i.\MEM[27] [4] is used but has no driver.
Warning: Wire iiitb_rv32i.\MEM[27] [3] is used but has no driver.
Warning: Wire iiitb_rv32i.\MEM[27] [2] is used but has no driver.
Warning: Wire iiitb_rv32i.\MEM[27] [1] is used but has no driver.
Warning: Wire iiitb_rv32i.\MEM[27] [0] is used but has no driver.
Warning: Wire iiitb_rv32i.\MEM[28] [31] is used but has no driver.
Warning: Wire iiitb_rv32i.\MEM[28] [30] is used but has no driver.
Warning: Wire iiitb_rv32i.\MEM[28] [29] is used but has no driver.
Warning: Wire iiitb_rv32i.\MEM[28] [28] is used but has no driver.
Warning: Wire iiitb_rv32i.\MEM[28] [27] is used but has no driver.
Warning: Wire iiitb_rv32i.\MEM[28] [26] is used but has no driver.
Warning: Wire iiitb_rv32i.\MEM[28] [25] is used but has no driver.
Warning: Wire iiitb_rv32i.\MEM[28] [24] is used but has no driver.
Warning: Wire iiitb_rv32i.\MEM[28] [23] is used but has no driver.
Warning: Wire iiitb_rv32i.\MEM[28] [22] is used but has no driver.
Warning: Wire iiitb_rv32i.\MEM[28] [21] is used but has no driver.
Warning: Wire iiitb_rv32i.\MEM[28] [20] is used but has no driver.
Warning: Wire iiitb_rv32i.\MEM[28] [19] is used but has no driver.
Warning: Wire iiitb_rv32i.\MEM[28] [18] is used but has no driver.
Warning: Wire iiitb_rv32i.\MEM[28] [17] is used but has no driver.
Warning: Wire iiitb_rv32i.\MEM[28] [16] is used but has no driver.
Warning: Wire iiitb_rv32i.\MEM[28] [15] is used but has no driver.
Warning: Wire iiitb_rv32i.\MEM[28] [14] is used but has no driver.
Warning: Wire iiitb_rv32i.\MEM[28] [13] is used but has no driver.
Warning: Wire iiitb_rv32i.\MEM[28] [12] is used but has no driver.
Warning: Wire iiitb_rv32i.\MEM[28] [11] is used but has no driver.
Warning: Wire iiitb_rv32i.\MEM[28] [10] is used but has no driver.
Warning: Wire iiitb_rv32i.\MEM[28] [9] is used but has no driver.
Warning: Wire iiitb_rv32i.\MEM[28] [8] is used but has no driver.
Warning: Wire iiitb_rv32i.\MEM[28] [7] is used but has no driver.
Warning: Wire iiitb_rv32i.\MEM[28] [6] is used but has no driver.
Warning: Wire iiitb_rv32i.\MEM[28] [5] is used but has no driver.
Warning: Wire iiitb_rv32i.\MEM[28] [4] is used but has no driver.
Warning: Wire iiitb_rv32i.\MEM[28] [3] is used but has no driver.
Warning: Wire iiitb_rv32i.\MEM[28] [2] is used but has no driver.
Warning: Wire iiitb_rv32i.\MEM[28] [1] is used but has no driver.
Warning: Wire iiitb_rv32i.\MEM[28] [0] is used but has no driver.
Warning: Wire iiitb_rv32i.\MEM[29] [31] is used but has no driver.
Warning: Wire iiitb_rv32i.\MEM[29] [30] is used but has no driver.
Warning: Wire iiitb_rv32i.\MEM[29] [29] is used but has no driver.
Warning: Wire iiitb_rv32i.\MEM[29] [28] is used but has no driver.
Warning: Wire iiitb_rv32i.\MEM[29] [27] is used but has no driver.
Warning: Wire iiitb_rv32i.\MEM[29] [26] is used but has no driver.
Warning: Wire iiitb_rv32i.\MEM[29] [25] is used but has no driver.
Warning: Wire iiitb_rv32i.\MEM[29] [24] is used but has no driver.
Warning: Wire iiitb_rv32i.\MEM[29] [23] is used but has no driver.
Warning: Wire iiitb_rv32i.\MEM[29] [22] is used but has no driver.
Warning: Wire iiitb_rv32i.\MEM[29] [21] is used but has no driver.
Warning: Wire iiitb_rv32i.\MEM[29] [20] is used but has no driver.
Warning: Wire iiitb_rv32i.\MEM[29] [19] is used but has no driver.
Warning: Wire iiitb_rv32i.\MEM[29] [18] is used but has no driver.
Warning: Wire iiitb_rv32i.\MEM[29] [17] is used but has no driver.
Warning: Wire iiitb_rv32i.\MEM[29] [16] is used but has no driver.
Warning: Wire iiitb_rv32i.\MEM[29] [15] is used but has no driver.
Warning: Wire iiitb_rv32i.\MEM[29] [14] is used but has no driver.
Warning: Wire iiitb_rv32i.\MEM[29] [13] is used but has no driver.
Warning: Wire iiitb_rv32i.\MEM[29] [12] is used but has no driver.
Warning: Wire iiitb_rv32i.\MEM[29] [11] is used but has no driver.
Warning: Wire iiitb_rv32i.\MEM[29] [10] is used but has no driver.
Warning: Wire iiitb_rv32i.\MEM[29] [9] is used but has no driver.
Warning: Wire iiitb_rv32i.\MEM[29] [8] is used but has no driver.
Warning: Wire iiitb_rv32i.\MEM[29] [7] is used but has no driver.
Warning: Wire iiitb_rv32i.\MEM[29] [6] is used but has no driver.
Warning: Wire iiitb_rv32i.\MEM[29] [5] is used but has no driver.
Warning: Wire iiitb_rv32i.\MEM[29] [4] is used but has no driver.
Warning: Wire iiitb_rv32i.\MEM[29] [3] is used but has no driver.
Warning: Wire iiitb_rv32i.\MEM[29] [2] is used but has no driver.
Warning: Wire iiitb_rv32i.\MEM[29] [1] is used but has no driver.
Warning: Wire iiitb_rv32i.\MEM[29] [0] is used but has no driver.
Warning: Wire iiitb_rv32i.\MEM[30] [31] is used but has no driver.
Warning: Wire iiitb_rv32i.\MEM[30] [30] is used but has no driver.
Warning: Wire iiitb_rv32i.\MEM[30] [29] is used but has no driver.
Warning: Wire iiitb_rv32i.\MEM[30] [28] is used but has no driver.
Warning: Wire iiitb_rv32i.\MEM[30] [27] is used but has no driver.
Warning: Wire iiitb_rv32i.\MEM[30] [26] is used but has no driver.
Warning: Wire iiitb_rv32i.\MEM[30] [25] is used but has no driver.
Warning: Wire iiitb_rv32i.\MEM[30] [24] is used but has no driver.
Warning: Wire iiitb_rv32i.\MEM[30] [23] is used but has no driver.
Warning: Wire iiitb_rv32i.\MEM[30] [22] is used but has no driver.
Warning: Wire iiitb_rv32i.\MEM[30] [21] is used but has no driver.
Warning: Wire iiitb_rv32i.\MEM[30] [20] is used but has no driver.
Warning: Wire iiitb_rv32i.\MEM[30] [19] is used but has no driver.
Warning: Wire iiitb_rv32i.\MEM[30] [18] is used but has no driver.
Warning: Wire iiitb_rv32i.\MEM[30] [17] is used but has no driver.
Warning: Wire iiitb_rv32i.\MEM[30] [16] is used but has no driver.
Warning: Wire iiitb_rv32i.\MEM[30] [15] is used but has no driver.
Warning: Wire iiitb_rv32i.\MEM[30] [14] is used but has no driver.
Warning: Wire iiitb_rv32i.\MEM[30] [13] is used but has no driver.
Warning: Wire iiitb_rv32i.\MEM[30] [12] is used but has no driver.
Warning: Wire iiitb_rv32i.\MEM[30] [11] is used but has no driver.
Warning: Wire iiitb_rv32i.\MEM[30] [10] is used but has no driver.
Warning: Wire iiitb_rv32i.\MEM[30] [9] is used but has no driver.
Warning: Wire iiitb_rv32i.\MEM[30] [8] is used but has no driver.
Warning: Wire iiitb_rv32i.\MEM[30] [7] is used but has no driver.
Warning: Wire iiitb_rv32i.\MEM[30] [6] is used but has no driver.
Warning: Wire iiitb_rv32i.\MEM[30] [5] is used but has no driver.
Warning: Wire iiitb_rv32i.\MEM[30] [4] is used but has no driver.
Warning: Wire iiitb_rv32i.\MEM[30] [3] is used but has no driver.
Warning: Wire iiitb_rv32i.\MEM[30] [2] is used but has no driver.
Warning: Wire iiitb_rv32i.\MEM[30] [1] is used but has no driver.
Warning: Wire iiitb_rv32i.\MEM[30] [0] is used but has no driver.
Warning: Wire iiitb_rv32i.\MEM[31] [31] is used but has no driver.
Warning: Wire iiitb_rv32i.\MEM[31] [30] is used but has no driver.
Warning: Wire iiitb_rv32i.\MEM[31] [29] is used but has no driver.
Warning: Wire iiitb_rv32i.\MEM[31] [28] is used but has no driver.
Warning: Wire iiitb_rv32i.\MEM[31] [27] is used but has no driver.
Warning: Wire iiitb_rv32i.\MEM[31] [26] is used but has no driver.
Warning: Wire iiitb_rv32i.\MEM[31] [25] is used but has no driver.
Warning: Wire iiitb_rv32i.\MEM[31] [24] is used but has no driver.
Warning: Wire iiitb_rv32i.\MEM[31] [23] is used but has no driver.
Warning: Wire iiitb_rv32i.\MEM[31] [22] is used but has no driver.
Warning: Wire iiitb_rv32i.\MEM[31] [21] is used but has no driver.
Warning: Wire iiitb_rv32i.\MEM[31] [20] is used but has no driver.
Warning: Wire iiitb_rv32i.\MEM[31] [19] is used but has no driver.
Warning: Wire iiitb_rv32i.\MEM[31] [18] is used but has no driver.
Warning: Wire iiitb_rv32i.\MEM[31] [17] is used but has no driver.
Warning: Wire iiitb_rv32i.\MEM[31] [16] is used but has no driver.
Warning: Wire iiitb_rv32i.\MEM[31] [15] is used but has no driver.
Warning: Wire iiitb_rv32i.\MEM[31] [14] is used but has no driver.
Warning: Wire iiitb_rv32i.\MEM[31] [13] is used but has no driver.
Warning: Wire iiitb_rv32i.\MEM[31] [12] is used but has no driver.
Warning: Wire iiitb_rv32i.\MEM[31] [11] is used but has no driver.
Warning: Wire iiitb_rv32i.\MEM[31] [10] is used but has no driver.
Warning: Wire iiitb_rv32i.\MEM[31] [9] is used but has no driver.
Warning: Wire iiitb_rv32i.\MEM[31] [8] is used but has no driver.
Warning: Wire iiitb_rv32i.\MEM[31] [7] is used but has no driver.
Warning: Wire iiitb_rv32i.\MEM[31] [6] is used but has no driver.
Warning: Wire iiitb_rv32i.\MEM[31] [5] is used but has no driver.
Warning: Wire iiitb_rv32i.\MEM[31] [4] is used but has no driver.
Warning: Wire iiitb_rv32i.\MEM[31] [3] is used but has no driver.
Warning: Wire iiitb_rv32i.\MEM[31] [2] is used but has no driver.
Warning: Wire iiitb_rv32i.\MEM[31] [1] is used but has no driver.
Warning: Wire iiitb_rv32i.\MEM[31] [0] is used but has no driver.
Found and reported 897 problems.
