
63. Printing statistics.

=== uart_top ===

   Number of wires:                145
   Number of wire bits:            159
   Number of public wires:          30
   Number of public wire bits:      44
   Number of memories:               0
   Number of memory bits:            0
   Number of processes:              0
   Number of cells:                148
     sky130_fd_sc_hd__a21bo_2        2
     sky130_fd_sc_hd__a21boi_2       1
     sky130_fd_sc_hd__a21o_2         4
     sky130_fd_sc_hd__a21oi_2        4
     sky130_fd_sc_hd__a22o_2         2
     sky130_fd_sc_hd__a311o_2        1
     sky130_fd_sc_hd__a32o_2         2
     sky130_fd_sc_hd__a41o_2         2
     sky130_fd_sc_hd__and2_2         1
     sky130_fd_sc_hd__and3_2         1
     sky130_fd_sc_hd__and4_2         1
     sky130_fd_sc_hd__buf_1         21
     sky130_fd_sc_hd__dfrtp_2       22
     sky130_fd_sc_hd__dfstp_2        3
     sky130_fd_sc_hd__dfxtp_2        8
     sky130_fd_sc_hd__inv_2         31
     sky130_fd_sc_hd__mux2_2        15
     sky130_fd_sc_hd__mux4_2         2
     sky130_fd_sc_hd__nand2_2        1
     sky130_fd_sc_hd__nand3_2        1
     sky130_fd_sc_hd__nor2_2         6
     sky130_fd_sc_hd__o21a_2         2
     sky130_fd_sc_hd__o21ai_2        1
     sky130_fd_sc_hd__o22a_2         1
     sky130_fd_sc_hd__o31a_2         1
     sky130_fd_sc_hd__or2_2          1
     sky130_fd_sc_hd__or2b_2         3
     sky130_fd_sc_hd__or3_2          4
     sky130_fd_sc_hd__or4_2          3
     sky130_fd_sc_hd__or4b_2         1

   Chip area for module '\uart_top': 1637.820800

