
===========================================================================
report_checks -unconstrained
===========================================================================
======================= Typical Corner ===================================

Startpoint: reset (input port clocked by clk)
Endpoint: _237_ (recovery check against rising-edge clock clk)
Path Group: asynchronous
Path Type: max

Fanout     Cap    Slew   Delay    Time   Description
-----------------------------------------------------------------------------
                  0.15    0.00    0.00   clock clk (rise edge)
                          0.00    0.00   clock network delay (ideal)
                          4.00    4.00 v input external delay
                  0.06    0.04    4.04 v reset (in)
     7    0.03                           reset (net)
                  0.06    0.00    4.04 v _186_/A (sky130_fd_sc_hd__buf_1)
                  0.25    0.28    4.32 v _186_/X (sky130_fd_sc_hd__buf_1)
    10    0.04                           _102_ (net)
                  0.25    0.00    4.32 v _193_/A (sky130_fd_sc_hd__inv_2)
                  0.06    0.10    4.42 ^ _193_/Y (sky130_fd_sc_hd__inv_2)
     1    0.00                           _015_ (net)
                  0.06    0.00    4.42 ^ _237_/SET_B (sky130_fd_sc_hd__dfstp_2)
                                  4.42   data arrival time

                  0.15   20.00   20.00   clock clk (rise edge)
                          0.00   20.00   clock network delay (ideal)
                         -0.25   19.75   clock uncertainty
                          0.00   19.75   clock reconvergence pessimism
                                 19.75 ^ _237_/CLK (sky130_fd_sc_hd__dfstp_2)
                          0.16   19.91   library recovery time
                                 19.91   data required time
-----------------------------------------------------------------------------
                                 19.91   data required time
                                 -4.42   data arrival time
-----------------------------------------------------------------------------
                                 15.49   slack (MET)


Startpoint: reset (input port clocked by clk)
Endpoint: _255_ (rising edge-triggered flip-flop clocked by clk)
Path Group: clk
Path Type: max

Fanout     Cap    Slew   Delay    Time   Description
-----------------------------------------------------------------------------
                  0.15    0.00    0.00   clock clk (rise edge)
                          0.00    0.00   clock network delay (ideal)
                          4.00    4.00 v input external delay
                  0.06    0.04    4.04 v reset (in)
     7    0.03                           reset (net)
                  0.06    0.00    4.04 v _185_/A (sky130_fd_sc_hd__inv_2)
                  0.03    0.06    4.10 ^ _185_/Y (sky130_fd_sc_hd__inv_2)
     2    0.01                           _008_ (net)
                  0.03    0.00    4.10 ^ _212_/C (sky130_fd_sc_hd__and3_2)
                  0.04    0.17    4.27 ^ _212_/X (sky130_fd_sc_hd__and3_2)
     1    0.00                           _104_ (net)
                  0.04    0.00    4.27 ^ _213_/A (sky130_fd_sc_hd__buf_1)
                  0.32    0.28    4.55 ^ _213_/X (sky130_fd_sc_hd__buf_1)
     8    0.03                           _105_ (net)
                  0.32    0.00    4.55 ^ _214_/S (sky130_fd_sc_hd__mux2_2)
                  0.05    0.39    4.93 v _214_/X (sky130_fd_sc_hd__mux2_2)
     1    0.00                           _106_ (net)
                  0.05    0.00    4.93 v _215_/A (sky130_fd_sc_hd__buf_1)
                  0.02    0.09    5.02 v _215_/X (sky130_fd_sc_hd__buf_1)
     1    0.00                           _049_ (net)
                  0.02    0.00    5.02 v _255_/D (sky130_fd_sc_hd__dfxtp_2)
                                  5.02   data arrival time

                  0.15   20.00   20.00   clock clk (rise edge)
                          0.00   20.00   clock network delay (ideal)
                         -0.25   19.75   clock uncertainty
                          0.00   19.75   clock reconvergence pessimism
                                 19.75 ^ _255_/CLK (sky130_fd_sc_hd__dfxtp_2)
                         -0.08   19.67   library setup time
                                 19.67   data required time
-----------------------------------------------------------------------------
                                 19.67   data required time
                                 -5.02   data arrival time
-----------------------------------------------------------------------------
                                 14.65   slack (MET)




===========================================================================
report_checks --slack_max -0.01
============================================================================
======================= Typical Corner ===================================

No paths found.


===========================================================================
 report_check_types -max_slew -max_cap -max_fanout -violators
============================================================================
======================= Typical Corner ===================================



===========================================================================
report_parasitic_annotation -report_unannotated
============================================================================
Found 159 unannotated drivers.
 clk
 reset
 start
 tx_data[0]
 tx_data[1]
 tx_data[2]
 tx_data[3]
 tx_data[4]
 tx_data[5]
 tx_data[6]
 tx_data[7]
 _115_/X
 _116_/X
 _117_/Y
 _118_/X
 _119_/X
 _120_/Y
 _121_/X
 _122_/Y
 _123_/X
 _124_/X
 _125_/Y
 _126_/X
 _127_/X
 _128_/X
 _129_/X
 _130_/Y
 _131_/X
 _132_/X
 _133_/X
 _134_/X
 _135_/X
 _136_/X
 _137_/X
 _138_/X
 _139_/X
 _140_/X
 _141_/X
 _142_/X
 _143_/X
 _144_/X
 _145_/Y
 _146_/X
 _147_/X
 _148_/Y
 _149_/X
 _150_/X
 _151_/X
 _152_/X
 _153_/Y
 _154_/Y
 _155_/Y
 _156_/X
 _157_/X
 _158_/X
 _159_/Y
 _160_/X
 _161_/X
 _162_/X
 _163_/Y
 _164_/X
 _165_/X
 _166_/Y
 _167_/Y
 _168_/Y
 _169_/Y
 _170_/Y
 _171_/X
 _172_/X
 _173_/X
 _174_/Y
 _175_/X
 _176_/Y
 _177_/X
 _178_/X
 _179_/X
 _180_/X
 _181_/X
 _182_/Y
 _183_/X
 _184_/X
 _185_/Y
 _186_/X
 _187_/Y
 _188_/Y
 _189_/Y
 _190_/Y
 _191_/Y
 _192_/Y
 _193_/Y
 _194_/Y
 _195_/Y
 _196_/Y
 _197_/X
 _198_/Y
 _199_/Y
 _200_/Y
 _201_/Y
 _202_/Y
 _203_/Y
 _204_/Y
 _205_/Y
 _206_/Y
 _207_/Y
 _208_/Y
 _209_/Y
 _210_/Y
 _211_/Y
 _212_/X
 _213_/X
 _214_/X
 _215_/X
 _216_/X
 _217_/X
 _218_/X
 _219_/X
 _220_/X
 _221_/X
 _222_/X
 _223_/X
 _224_/X
 _225_/X
 _226_/X
 _227_/X
 _228_/X
 _229_/X
 _230_/Q
 _231_/Q
 _232_/Q
 _233_/Q
 _234_/Q
 _235_/Q
 _236_/Q
 _237_/Q
 _238_/Q
 _239_/Q
 _240_/Q
 _241_/Q
 _242_/Q
 _243_/Q
 _244_/Q
 _245_/Q
 _246_/Q
 _247_/Q
 _248_/Q
 _249_/Q
 _250_/Q
 _251_/Q
 _252_/Q
 _253_/Q
 _254_/Q
 _255_/Q
 _256_/Q
 _257_/Q
 _258_/Q
 _259_/Q
 _260_/Q
 _261_/Q
 _262_/Q
Found 0 partially unannotated drivers.

===========================================================================
max slew violation count 0
max fanout violation count 0
max cap violation count 0
============================================================================

===========================================================================
check_setup -verbose -unconstrained_endpoints -multiple_clock -no_clock -no_input_delay -loops -generated_clocks
===========================================================================
