#! /usr/bin/vvp
:ivl_version "12.0 (stable)";
:ivl_delay_selection "TYPICAL";
:vpi_time_precision + 0;
:vpi_module "/usr/lib/x86_64-linux-gnu/ivl/system.vpi";
:vpi_module "/usr/lib/x86_64-linux-gnu/ivl/vhdl_sys.vpi";
:vpi_module "/usr/lib/x86_64-linux-gnu/ivl/vhdl_textio.vpi";
:vpi_module "/usr/lib/x86_64-linux-gnu/ivl/v2005_math.vpi";
:vpi_module "/usr/lib/x86_64-linux-gnu/ivl/va_math.vpi";
S_0x5bfe3cb4df40 .scope module, "tb_shift_register" "tb_shift_register" 2 1;
 .timescale 0 0;
v0x5bfe3cb61820_0 .var "clk", 0 0;
v0x5bfe3cb618e0_0 .var "din", 0 0;
v0x5bfe3cb619b0_0 .net "dout", 7 0, v0x5bfe3cb615c0_0;  1 drivers
v0x5bfe3cb61ab0_0 .var "reset", 0 0;
S_0x5bfe3cb4e0d0 .scope module, "uut" "shift_register" 2 6, 3 1 0, S_0x5bfe3cb4df40;
 .timescale 0 0;
    .port_info 0 /INPUT 1 "clk";
    .port_info 1 /INPUT 1 "reset";
    .port_info 2 /INPUT 1 "din";
    .port_info 3 /OUTPUT 8 "dout";
v0x5bfe3cb14490_0 .net "clk", 0 0, v0x5bfe3cb61820_0;  1 drivers
v0x5bfe3cb61500_0 .net "din", 0 0, v0x5bfe3cb618e0_0;  1 drivers
v0x5bfe3cb615c0_0 .var "dout", 7 0;
v0x5bfe3cb616b0_0 .net "reset", 0 0, v0x5bfe3cb61ab0_0;  1 drivers
E_0x5bfe3cb156a0 .event posedge, v0x5bfe3cb616b0_0, v0x5bfe3cb14490_0;
    .scope S_0x5bfe3cb4e0d0;
T_0 ;
    %wait E_0x5bfe3cb156a0;
    %load/vec4 v0x5bfe3cb616b0_0;
    %flag_set/vec4 8;
    %jmp/0xz  T_0.0, 8;
    %pushi/vec4 0, 0, 8;
    %assign/vec4 v0x5bfe3cb615c0_0, 0;
    %jmp T_0.1;
T_0.0 ;
    %load/vec4 v0x5bfe3cb615c0_0;
    %parti/s 7, 0, 2;
    %load/vec4 v0x5bfe3cb61500_0;
    %concat/vec4; draw_concat_vec4
    %assign/vec4 v0x5bfe3cb615c0_0, 0;
T_0.1 ;
    %jmp T_0;
    .thread T_0;
    .scope S_0x5bfe3cb4df40;
T_1 ;
    %delay 5, 0;
    %load/vec4 v0x5bfe3cb61820_0;
    %inv;
    %store/vec4 v0x5bfe3cb61820_0, 0, 1;
    %jmp T_1;
    .thread T_1;
    .scope S_0x5bfe3cb4df40;
T_2 ;
    %vpi_call 2 16 "$dumpfile", "shift_register.vcd" {0 0 0};
    %vpi_call 2 17 "$dumpvars", 32'sb00000000000000000000000000000000, S_0x5bfe3cb4df40 {0 0 0};
    %pushi/vec4 0, 0, 1;
    %store/vec4 v0x5bfe3cb61820_0, 0, 1;
    %pushi/vec4 1, 0, 1;
    %store/vec4 v0x5bfe3cb61ab0_0, 0, 1;
    %delay 10, 0;
    %pushi/vec4 0, 0, 1;
    %store/vec4 v0x5bfe3cb61ab0_0, 0, 1;
    %pushi/vec4 1, 0, 1;
    %store/vec4 v0x5bfe3cb618e0_0, 0, 1;
    %delay 10, 0;
    %pushi/vec4 0, 0, 1;
    %store/vec4 v0x5bfe3cb618e0_0, 0, 1;
    %delay 10, 0;
    %pushi/vec4 1, 0, 1;
    %store/vec4 v0x5bfe3cb618e0_0, 0, 1;
    %delay 10, 0;
    %pushi/vec4 1, 0, 1;
    %store/vec4 v0x5bfe3cb618e0_0, 0, 1;
    %delay 10, 0;
    %pushi/vec4 0, 0, 1;
    %store/vec4 v0x5bfe3cb618e0_0, 0, 1;
    %delay 10, 0;
    %pushi/vec4 1, 0, 1;
    %store/vec4 v0x5bfe3cb618e0_0, 0, 1;
    %delay 10, 0;
    %pushi/vec4 0, 0, 1;
    %store/vec4 v0x5bfe3cb618e0_0, 0, 1;
    %delay 10, 0;
    %pushi/vec4 1, 0, 1;
    %store/vec4 v0x5bfe3cb618e0_0, 0, 1;
    %delay 10, 0;
    %vpi_call 2 32 "$finish" {0 0 0};
    %end;
    .thread T_2;
# The file index is used to find the file name in the following table.
:file_names 4;
    "N/A";
    "<interactive>";
    "tb_shift_register.v";
    "shift_register.v";
