
===========================================================================
report_checks -path_delay min (Hold)
============================================================================
======================= Fastest Corner ===================================

Startpoint: b[4] (input port clocked by __VIRTUAL_CLK__)
Endpoint: result[4] (output port clocked by __VIRTUAL_CLK__)
Path Group: __VIRTUAL_CLK__
Path Type: min
Corner: Fastest

Fanout     Cap    Slew   Delay    Time   Description
-----------------------------------------------------------------------------
                  0.00    0.00    0.00   clock __VIRTUAL_CLK__ (rise edge)
                          0.00    0.00   clock network delay (ideal)
                          2.00    2.00 ^ input external delay
                  0.02    0.01    2.01 ^ b[4] (in)
     1    0.00                           b[4] (net)
                  0.02    0.00    2.01 ^ input13/A (sky130_fd_sc_hd__clkbuf_2)
                  0.09    0.10    2.10 ^ input13/X (sky130_fd_sc_hd__clkbuf_2)
     5    0.02                           net13 (net)
                  0.09    0.00    2.11 ^ _179_/A2 (sky130_fd_sc_hd__o22a_1)
                  0.03    0.07    2.18 ^ _179_/X (sky130_fd_sc_hd__o22a_1)
     1    0.00                           _108_ (net)
                  0.03    0.00    2.18 ^ _191_/A1 (sky130_fd_sc_hd__o32a_1)
                  0.07    0.10    2.27 ^ _191_/X (sky130_fd_sc_hd__o32a_1)
     2    0.01                           net24 (net)
                  0.07    0.00    2.27 ^ output24/A (sky130_fd_sc_hd__clkbuf_4)
                  0.08    0.13    2.40 ^ output24/X (sky130_fd_sc_hd__clkbuf_4)
     1    0.03                           result[4] (net)
                  0.08    0.00    2.40 ^ result[4] (out)
                                  2.40   data arrival time

                  0.00    0.00    0.00   clock __VIRTUAL_CLK__ (rise edge)
                          0.00    0.00   clock network delay (ideal)
                          0.25    0.25   clock uncertainty
                          0.00    0.25   clock reconvergence pessimism
                         -2.00   -1.75   output external delay
                                 -1.75   data required time
-----------------------------------------------------------------------------
                                 -1.75   data required time
                                 -2.40   data arrival time
-----------------------------------------------------------------------------
                                  4.15   slack (MET)


Startpoint: op[2] (input port clocked by __VIRTUAL_CLK__)
Endpoint: result[2] (output port clocked by __VIRTUAL_CLK__)
Path Group: __VIRTUAL_CLK__
Path Type: min
Corner: Fastest

Fanout     Cap    Slew   Delay    Time   Description
-----------------------------------------------------------------------------
                  0.00    0.00    0.00   clock __VIRTUAL_CLK__ (rise edge)
                          0.00    0.00   clock network delay (ideal)
                          2.00    2.00 ^ input external delay
                  0.01    0.01    2.01 ^ op[2] (in)
     1    0.00                           op[2] (net)
                  0.01    0.00    2.01 ^ input19/A (sky130_fd_sc_hd__buf_4)
                  0.08    0.10    2.11 ^ input19/X (sky130_fd_sc_hd__buf_4)
    10    0.04                           net19 (net)
                  0.08    0.00    2.11 ^ _129_/A (sky130_fd_sc_hd__nor2_2)
                  0.06    0.06    2.17 v _129_/Y (sky130_fd_sc_hd__nor2_2)
     6    0.03                           _061_ (net)
                  0.06    0.00    2.17 v _161_/A1 (sky130_fd_sc_hd__a31o_1)
                  0.03    0.12    2.29 v _161_/X (sky130_fd_sc_hd__a31o_1)
     2    0.01                           net22 (net)
                  0.03    0.00    2.29 v output22/A (sky130_fd_sc_hd__clkbuf_4)
                  0.06    0.12    2.41 v output22/X (sky130_fd_sc_hd__clkbuf_4)
     1    0.03                           result[2] (net)
                  0.06    0.00    2.41 v result[2] (out)
                                  2.41   data arrival time

                  0.00    0.00    0.00   clock __VIRTUAL_CLK__ (rise edge)
                          0.00    0.00   clock network delay (ideal)
                          0.25    0.25   clock uncertainty
                          0.00    0.25   clock reconvergence pessimism
                         -2.00   -1.75   output external delay
                                 -1.75   data required time
-----------------------------------------------------------------------------
                                 -1.75   data required time
                                 -2.41   data arrival time
-----------------------------------------------------------------------------
                                  4.16   slack (MET)


Startpoint: a[2] (input port clocked by __VIRTUAL_CLK__)
Endpoint: result[1] (output port clocked by __VIRTUAL_CLK__)
Path Group: __VIRTUAL_CLK__
Path Type: min
Corner: Fastest

Fanout     Cap    Slew   Delay    Time   Description
-----------------------------------------------------------------------------
                  0.00    0.00    0.00   clock __VIRTUAL_CLK__ (rise edge)
                          0.00    0.00   clock network delay (ideal)
                          2.00    2.00 ^ input external delay
                  0.01    0.01    2.01 ^ a[2] (in)
     1    0.00                           a[2] (net)
                  0.01    0.00    2.01 ^ input3/A (sky130_fd_sc_hd__buf_2)
                  0.11    0.11    2.12 ^ input3/X (sky130_fd_sc_hd__buf_2)
     8    0.03                           net3 (net)
                  0.11    0.00    2.12 ^ _148_/A1 (sky130_fd_sc_hd__a221o_1)
                  0.04    0.10    2.22 ^ _148_/X (sky130_fd_sc_hd__a221o_1)
     1    0.00                           _080_ (net)
                  0.04    0.00    2.22 ^ _149_/C1 (sky130_fd_sc_hd__a211o_1)
                  0.06    0.07    2.29 ^ _149_/X (sky130_fd_sc_hd__a211o_1)
     2    0.01                           net21 (net)
                  0.06    0.00    2.29 ^ output21/A (sky130_fd_sc_hd__clkbuf_4)
                  0.08    0.13    2.42 ^ output21/X (sky130_fd_sc_hd__clkbuf_4)
     1    0.03                           result[1] (net)
                  0.08    0.00    2.42 ^ result[1] (out)
                                  2.42   data arrival time

                  0.00    0.00    0.00   clock __VIRTUAL_CLK__ (rise edge)
                          0.00    0.00   clock network delay (ideal)
                          0.25    0.25   clock uncertainty
                          0.00    0.25   clock reconvergence pessimism
                         -2.00   -1.75   output external delay
                                 -1.75   data required time
-----------------------------------------------------------------------------
                                 -1.75   data required time
                                 -2.42   data arrival time
-----------------------------------------------------------------------------
                                  4.17   slack (MET)


Startpoint: a[4] (input port clocked by __VIRTUAL_CLK__)
Endpoint: zero (output port clocked by __VIRTUAL_CLK__)
Path Group: __VIRTUAL_CLK__
Path Type: min
Corner: Fastest

Fanout     Cap    Slew   Delay    Time   Description
-----------------------------------------------------------------------------
                  0.00    0.00    0.00   clock __VIRTUAL_CLK__ (rise edge)
                          0.00    0.00   clock network delay (ideal)
                          2.00    2.00 ^ input external delay
                  0.02    0.01    2.01 ^ a[4] (in)
     1    0.00                           a[4] (net)
                  0.02    0.00    2.01 ^ input5/A (sky130_fd_sc_hd__clkbuf_2)
                  0.11    0.11    2.12 ^ input5/X (sky130_fd_sc_hd__clkbuf_2)
     7    0.03                           net5 (net)
                  0.11    0.00    2.12 ^ _207_/A1 (sky130_fd_sc_hd__a211o_1)
                  0.03    0.08    2.21 ^ _207_/X (sky130_fd_sc_hd__a211o_1)
     1    0.00                           _020_ (net)
                  0.03    0.00    2.21 ^ _208_/B1 (sky130_fd_sc_hd__o21a_1)
                  0.13    0.12    2.33 ^ _208_/X (sky130_fd_sc_hd__o21a_1)
     2    0.02                           net25 (net)
                  0.13    0.00    2.33 ^ _238_/A (sky130_fd_sc_hd__nor4_4)
                  0.02    0.03    2.36 v _238_/Y (sky130_fd_sc_hd__nor4_4)
     1    0.01                           net28 (net)
                  0.02    0.00    2.36 v output28/A (sky130_fd_sc_hd__buf_6)
                  0.03    0.08    2.44 v output28/X (sky130_fd_sc_hd__buf_6)
     1    0.03                           zero (net)
                  0.03    0.00    2.44 v zero (out)
                                  2.44   data arrival time

                  0.00    0.00    0.00   clock __VIRTUAL_CLK__ (rise edge)
                          0.00    0.00   clock network delay (ideal)
                          0.25    0.25   clock uncertainty
                          0.00    0.25   clock reconvergence pessimism
                         -2.00   -1.75   output external delay
                                 -1.75   data required time
-----------------------------------------------------------------------------
                                 -1.75   data required time
                                 -2.44   data arrival time
-----------------------------------------------------------------------------
                                  4.19   slack (MET)


Startpoint: b[3] (input port clocked by __VIRTUAL_CLK__)
Endpoint: result[3] (output port clocked by __VIRTUAL_CLK__)
Path Group: __VIRTUAL_CLK__
Path Type: min
Corner: Fastest

Fanout     Cap    Slew   Delay    Time   Description
-----------------------------------------------------------------------------
                  0.00    0.00    0.00   clock __VIRTUAL_CLK__ (rise edge)
                          0.00    0.00   clock network delay (ideal)
                          2.00    2.00 v input external delay
                  0.01    0.00    2.00 v b[3] (in)
     1    0.00                           b[3] (net)
                  0.01    0.00    2.00 v input12/A (sky130_fd_sc_hd__clkbuf_2)
                  0.06    0.09    2.09 v input12/X (sky130_fd_sc_hd__clkbuf_2)
     5    0.02                           net12 (net)
                  0.06    0.00    2.09 v _171_/B (sky130_fd_sc_hd__nand2_1)
                  0.04    0.06    2.15 ^ _171_/Y (sky130_fd_sc_hd__nand2_1)
     1    0.00                           _101_ (net)
                  0.04    0.00    2.15 ^ _173_/A2 (sky130_fd_sc_hd__a31o_1)
                  0.04    0.08    2.23 ^ _173_/X (sky130_fd_sc_hd__a31o_1)
     1    0.00                           _103_ (net)
                  0.04    0.00    2.23 ^ _177_/B1 (sky130_fd_sc_hd__o22a_1)
                  0.07    0.09    2.32 ^ _177_/X (sky130_fd_sc_hd__o22a_1)
     2    0.01                           net23 (net)
                  0.07    0.00    2.32 ^ output23/A (sky130_fd_sc_hd__clkbuf_4)
                  0.08    0.13    2.45 ^ output23/X (sky130_fd_sc_hd__clkbuf_4)
     1    0.03                           result[3] (net)
                  0.08    0.00    2.45 ^ result[3] (out)
                                  2.45   data arrival time

                  0.00    0.00    0.00   clock __VIRTUAL_CLK__ (rise edge)
                          0.00    0.00   clock network delay (ideal)
                          0.25    0.25   clock uncertainty
                          0.00    0.25   clock reconvergence pessimism
                         -2.00   -1.75   output external delay
                                 -1.75   data required time
-----------------------------------------------------------------------------
                                 -1.75   data required time
                                 -2.45   data arrival time
-----------------------------------------------------------------------------
                                  4.20   slack (MET)


Startpoint: b[7] (input port clocked by __VIRTUAL_CLK__)
Endpoint: result[7] (output port clocked by __VIRTUAL_CLK__)
Path Group: __VIRTUAL_CLK__
Path Type: min
Corner: Fastest

Fanout     Cap    Slew   Delay    Time   Description
-----------------------------------------------------------------------------
                  0.00    0.00    0.00   clock __VIRTUAL_CLK__ (rise edge)
                          0.00    0.00   clock network delay (ideal)
                          2.00    2.00 ^ input external delay
                  0.02    0.01    2.01 ^ b[7] (in)
     1    0.00                           b[7] (net)
                  0.02    0.00    2.01 ^ input16/A (sky130_fd_sc_hd__clkbuf_1)
                  0.06    0.06    2.07 ^ input16/X (sky130_fd_sc_hd__clkbuf_1)
     2    0.01                           net16 (net)
                  0.06    0.00    2.07 ^ _226_/B (sky130_fd_sc_hd__nand2_1)
                  0.04    0.04    2.12 v _226_/Y (sky130_fd_sc_hd__nand2_1)
     2    0.01                           _037_ (net)
                  0.04    0.00    2.12 v _227_/B (sky130_fd_sc_hd__nand2_1)
                  0.07    0.07    2.19 ^ _227_/Y (sky130_fd_sc_hd__nand2_1)
     2    0.01                           _038_ (net)
                  0.07    0.00    2.19 ^ _234_/A2 (sky130_fd_sc_hd__o211a_1)
                  0.03    0.08    2.27 ^ _234_/X (sky130_fd_sc_hd__o211a_1)
     1    0.00                           _045_ (net)
                  0.03    0.00    2.27 ^ _235_/B1 (sky130_fd_sc_hd__a21oi_1)
                  0.06    0.05    2.32 v _235_/Y (sky130_fd_sc_hd__a21oi_1)
     2    0.02                           net27 (net)
                  0.06    0.00    2.32 v output27/A (sky130_fd_sc_hd__clkbuf_4)
                  0.06    0.13    2.45 v output27/X (sky130_fd_sc_hd__clkbuf_4)
     1    0.03                           result[7] (net)
                  0.06    0.00    2.45 v result[7] (out)
                                  2.45   data arrival time

                  0.00    0.00    0.00   clock __VIRTUAL_CLK__ (rise edge)
                          0.00    0.00   clock network delay (ideal)
                          0.25    0.25   clock uncertainty
                          0.00    0.25   clock reconvergence pessimism
                         -2.00   -1.75   output external delay
                                 -1.75   data required time
-----------------------------------------------------------------------------
                                 -1.75   data required time
                                 -2.45   data arrival time
-----------------------------------------------------------------------------
                                  4.20   slack (MET)


Startpoint: a[0] (input port clocked by __VIRTUAL_CLK__)
Endpoint: result[0] (output port clocked by __VIRTUAL_CLK__)
Path Group: __VIRTUAL_CLK__
Path Type: min
Corner: Fastest

Fanout     Cap    Slew   Delay    Time   Description
-----------------------------------------------------------------------------
                  0.00    0.00    0.00   clock __VIRTUAL_CLK__ (rise edge)
                          0.00    0.00   clock network delay (ideal)
                          2.00    2.00 v input external delay
                  0.01    0.00    2.00 v a[0] (in)
     1    0.00                           a[0] (net)
                  0.01    0.00    2.00 v input1/A (sky130_fd_sc_hd__clkbuf_2)
                  0.06    0.09    2.09 v input1/X (sky130_fd_sc_hd__clkbuf_2)
     7    0.02                           net1 (net)
                  0.06    0.00    2.09 v _126_/A (sky130_fd_sc_hd__nor2_1)
                  0.05    0.06    2.16 ^ _126_/Y (sky130_fd_sc_hd__nor2_1)
     1    0.00                           _059_ (net)
                  0.05    0.00    2.16 ^ _127_/D (sky130_fd_sc_hd__or4_1)
                  0.03    0.06    2.22 ^ _127_/X (sky130_fd_sc_hd__or4_1)
     1    0.00                           _060_ (net)
                  0.03    0.00    2.22 ^ _128_/A (sky130_fd_sc_hd__buf_1)
                  0.10    0.09    2.31 ^ _128_/X (sky130_fd_sc_hd__buf_1)
     2    0.01                           net20 (net)
                  0.10    0.00    2.31 ^ output20/A (sky130_fd_sc_hd__clkbuf_4)
                  0.09    0.14    2.45 ^ output20/X (sky130_fd_sc_hd__clkbuf_4)
     1    0.03                           result[0] (net)
                  0.09    0.00    2.45 ^ result[0] (out)
                                  2.45   data arrival time

                  0.00    0.00    0.00   clock __VIRTUAL_CLK__ (rise edge)
                          0.00    0.00   clock network delay (ideal)
                          0.25    0.25   clock uncertainty
                          0.00    0.25   clock reconvergence pessimism
                         -2.00   -1.75   output external delay
                                 -1.75   data required time
-----------------------------------------------------------------------------
                                 -1.75   data required time
                                 -2.45   data arrival time
-----------------------------------------------------------------------------
                                  4.20   slack (MET)


Startpoint: a[4] (input port clocked by __VIRTUAL_CLK__)
Endpoint: result[5] (output port clocked by __VIRTUAL_CLK__)
Path Group: __VIRTUAL_CLK__
Path Type: min
Corner: Fastest

Fanout     Cap    Slew   Delay    Time   Description
-----------------------------------------------------------------------------
                  0.00    0.00    0.00   clock __VIRTUAL_CLK__ (rise edge)
                          0.00    0.00   clock network delay (ideal)
                          2.00    2.00 ^ input external delay
                  0.02    0.01    2.01 ^ a[4] (in)
     1    0.00                           a[4] (net)
                  0.02    0.00    2.01 ^ input5/A (sky130_fd_sc_hd__clkbuf_2)
                  0.11    0.11    2.12 ^ input5/X (sky130_fd_sc_hd__clkbuf_2)
     7    0.03                           net5 (net)
                  0.11    0.00    2.12 ^ _207_/A1 (sky130_fd_sc_hd__a211o_1)
                  0.03    0.08    2.21 ^ _207_/X (sky130_fd_sc_hd__a211o_1)
     1    0.00                           _020_ (net)
                  0.03    0.00    2.21 ^ _208_/B1 (sky130_fd_sc_hd__o21a_1)
                  0.13    0.12    2.33 ^ _208_/X (sky130_fd_sc_hd__o21a_1)
     2    0.02                           net25 (net)
                  0.13    0.00    2.33 ^ output25/A (sky130_fd_sc_hd__clkbuf_4)
                  0.08    0.15    2.47 ^ output25/X (sky130_fd_sc_hd__clkbuf_4)
     1    0.03                           result[5] (net)
                  0.08    0.00    2.47 ^ result[5] (out)
                                  2.47   data arrival time

                  0.00    0.00    0.00   clock __VIRTUAL_CLK__ (rise edge)
                          0.00    0.00   clock network delay (ideal)
                          0.25    0.25   clock uncertainty
                          0.00    0.25   clock reconvergence pessimism
                         -2.00   -1.75   output external delay
                                 -1.75   data required time
-----------------------------------------------------------------------------
                                 -1.75   data required time
                                 -2.47   data arrival time
-----------------------------------------------------------------------------
                                  4.22   slack (MET)


Startpoint: op[2] (input port clocked by __VIRTUAL_CLK__)
Endpoint: result[6] (output port clocked by __VIRTUAL_CLK__)
Path Group: __VIRTUAL_CLK__
Path Type: min
Corner: Fastest

Fanout     Cap    Slew   Delay    Time   Description
-----------------------------------------------------------------------------
                  0.00    0.00    0.00   clock __VIRTUAL_CLK__ (rise edge)
                          0.00    0.00   clock network delay (ideal)
                          2.00    2.00 ^ input external delay
                  0.01    0.01    2.01 ^ op[2] (in)
     1    0.00                           op[2] (net)
                  0.01    0.00    2.01 ^ input19/A (sky130_fd_sc_hd__buf_4)
                  0.08    0.10    2.11 ^ input19/X (sky130_fd_sc_hd__buf_4)
    10    0.04                           net19 (net)
                  0.08    0.00    2.11 ^ _115_/A (sky130_fd_sc_hd__or2_2)
                  0.10    0.13    2.24 ^ _115_/X (sky130_fd_sc_hd__or2_2)
     6    0.03                           _048_ (net)
                  0.10    0.00    2.24 ^ _215_/B1 (sky130_fd_sc_hd__a21o_1)
                  0.03    0.05    2.29 ^ _215_/X (sky130_fd_sc_hd__a21o_1)
     1    0.00                           _027_ (net)
                  0.03    0.00    2.29 ^ _223_/A2 (sky130_fd_sc_hd__o21ai_1)
                  0.06    0.06    2.35 v _223_/Y (sky130_fd_sc_hd__o21ai_1)
     2    0.01                           net26 (net)
                  0.06    0.00    2.35 v output26/A (sky130_fd_sc_hd__clkbuf_4)
                  0.06    0.13    2.48 v output26/X (sky130_fd_sc_hd__clkbuf_4)
     1    0.03                           result[6] (net)
                  0.06    0.00    2.48 v result[6] (out)
                                  2.48   data arrival time

                  0.00    0.00    0.00   clock __VIRTUAL_CLK__ (rise edge)
                          0.00    0.00   clock network delay (ideal)
                          0.25    0.25   clock uncertainty
                          0.00    0.25   clock reconvergence pessimism
                         -2.00   -1.75   output external delay
                                 -1.75   data required time
-----------------------------------------------------------------------------
                                 -1.75   data required time
                                 -2.48   data arrival time
-----------------------------------------------------------------------------
                                  4.23   slack (MET)



======================= Slowest Corner ===================================

Startpoint: op[2] (input port clocked by __VIRTUAL_CLK__)
Endpoint: result[2] (output port clocked by __VIRTUAL_CLK__)
Path Group: __VIRTUAL_CLK__
Path Type: min
Corner: Slowest

Fanout     Cap    Slew   Delay    Time   Description
-----------------------------------------------------------------------------
                  0.00    0.00    0.00   clock __VIRTUAL_CLK__ (rise edge)
                          0.00    0.00   clock network delay (ideal)
                          2.00    2.00 ^ input external delay
                  0.03    0.02    2.02 ^ op[2] (in)
     1    0.00                           op[2] (net)
                  0.03    0.00    2.02 ^ input19/A (sky130_fd_sc_hd__buf_4)
                  0.17    0.25    2.27 ^ input19/X (sky130_fd_sc_hd__buf_4)
    10    0.04                           net19 (net)
                  0.17    0.00    2.27 ^ _129_/A (sky130_fd_sc_hd__nor2_2)
                  0.13    0.18    2.45 v _129_/Y (sky130_fd_sc_hd__nor2_2)
     6    0.03                           _061_ (net)
                  0.13    0.00    2.45 v _161_/A1 (sky130_fd_sc_hd__a31o_1)
                  0.10    0.36    2.81 v _161_/X (sky130_fd_sc_hd__a31o_1)
     2    0.01                           net22 (net)
                  0.10    0.00    2.81 v output22/A (sky130_fd_sc_hd__clkbuf_4)
                  0.14    0.32    3.14 v output22/X (sky130_fd_sc_hd__clkbuf_4)
     1    0.03                           result[2] (net)
                  0.14    0.00    3.14 v result[2] (out)
                                  3.14   data arrival time

                  0.00    0.00    0.00   clock __VIRTUAL_CLK__ (rise edge)
                          0.00    0.00   clock network delay (ideal)
                          0.25    0.25   clock uncertainty
                          0.00    0.25   clock reconvergence pessimism
                         -2.00   -1.75   output external delay
                                 -1.75   data required time
-----------------------------------------------------------------------------
                                 -1.75   data required time
                                 -3.14   data arrival time
-----------------------------------------------------------------------------
                                  4.89   slack (MET)


Startpoint: a[2] (input port clocked by __VIRTUAL_CLK__)
Endpoint: result[1] (output port clocked by __VIRTUAL_CLK__)
Path Group: __VIRTUAL_CLK__
Path Type: min
Corner: Slowest

Fanout     Cap    Slew   Delay    Time   Description
-----------------------------------------------------------------------------
                  0.00    0.00    0.00   clock __VIRTUAL_CLK__ (rise edge)
                          0.00    0.00   clock network delay (ideal)
                          2.00    2.00 ^ input external delay
                  0.03    0.01    2.01 ^ a[2] (in)
     1    0.00                           a[2] (net)
                  0.03    0.00    2.01 ^ input3/A (sky130_fd_sc_hd__buf_2)
                  0.23    0.28    2.30 ^ input3/X (sky130_fd_sc_hd__buf_2)
     8    0.03                           net3 (net)
                  0.23    0.00    2.30 ^ _148_/A1 (sky130_fd_sc_hd__a221o_1)
                  0.09    0.34    2.64 ^ _148_/X (sky130_fd_sc_hd__a221o_1)
     1    0.00                           _080_ (net)
                  0.09    0.00    2.64 ^ _149_/C1 (sky130_fd_sc_hd__a211o_1)
                  0.12    0.20    2.84 ^ _149_/X (sky130_fd_sc_hd__a211o_1)
     2    0.01                           net21 (net)
                  0.12    0.00    2.84 ^ output21/A (sky130_fd_sc_hd__clkbuf_4)
                  0.18    0.33    3.18 ^ output21/X (sky130_fd_sc_hd__clkbuf_4)
     1    0.03                           result[1] (net)
                  0.18    0.00    3.18 ^ result[1] (out)
                                  3.18   data arrival time

                  0.00    0.00    0.00   clock __VIRTUAL_CLK__ (rise edge)
                          0.00    0.00   clock network delay (ideal)
                          0.25    0.25   clock uncertainty
                          0.00    0.25   clock reconvergence pessimism
                         -2.00   -1.75   output external delay
                                 -1.75   data required time
-----------------------------------------------------------------------------
                                 -1.75   data required time
                                 -3.18   data arrival time
-----------------------------------------------------------------------------
                                  4.93   slack (MET)


Startpoint: a[0] (input port clocked by __VIRTUAL_CLK__)
Endpoint: result[0] (output port clocked by __VIRTUAL_CLK__)
Path Group: __VIRTUAL_CLK__
Path Type: min
Corner: Slowest

Fanout     Cap    Slew   Delay    Time   Description
-----------------------------------------------------------------------------
                  0.00    0.00    0.00   clock __VIRTUAL_CLK__ (rise edge)
                          0.00    0.00   clock network delay (ideal)
                          2.00    2.00 v input external delay
                  0.02    0.01    2.01 v a[0] (in)
     1    0.00                           a[0] (net)
                  0.02    0.00    2.01 v input1/A (sky130_fd_sc_hd__clkbuf_2)
                  0.16    0.24    2.25 v input1/X (sky130_fd_sc_hd__clkbuf_2)
     7    0.02                           net1 (net)
                  0.16    0.00    2.25 v _126_/A (sky130_fd_sc_hd__nor2_1)
                  0.11    0.17    2.42 ^ _126_/Y (sky130_fd_sc_hd__nor2_1)
     1    0.00                           _059_ (net)
                  0.11    0.00    2.42 ^ _127_/D (sky130_fd_sc_hd__or4_1)
                  0.06    0.17    2.60 ^ _127_/X (sky130_fd_sc_hd__or4_1)
     1    0.00                           _060_ (net)
                  0.06    0.00    2.60 ^ _128_/A (sky130_fd_sc_hd__buf_1)
                  0.22    0.24    2.84 ^ _128_/X (sky130_fd_sc_hd__buf_1)
     2    0.01                           net20 (net)
                  0.22    0.00    2.84 ^ output20/A (sky130_fd_sc_hd__clkbuf_4)
                  0.18    0.38    3.22 ^ output20/X (sky130_fd_sc_hd__clkbuf_4)
     1    0.03                           result[0] (net)
                  0.18    0.00    3.22 ^ result[0] (out)
                                  3.22   data arrival time

                  0.00    0.00    0.00   clock __VIRTUAL_CLK__ (rise edge)
                          0.00    0.00   clock network delay (ideal)
                          0.25    0.25   clock uncertainty
                          0.00    0.25   clock reconvergence pessimism
                         -2.00   -1.75   output external delay
                                 -1.75   data required time
-----------------------------------------------------------------------------
                                 -1.75   data required time
                                 -3.22   data arrival time
-----------------------------------------------------------------------------
                                  4.97   slack (MET)


Startpoint: b[4] (input port clocked by __VIRTUAL_CLK__)
Endpoint: result[4] (output port clocked by __VIRTUAL_CLK__)
Path Group: __VIRTUAL_CLK__
Path Type: min
Corner: Slowest

Fanout     Cap    Slew   Delay    Time   Description
-----------------------------------------------------------------------------
                  0.00    0.00    0.00   clock __VIRTUAL_CLK__ (rise edge)
                          0.00    0.00   clock network delay (ideal)
                          2.00    2.00 ^ input external delay
                  0.03    0.02    2.02 ^ b[4] (in)
     1    0.00                           b[4] (net)
                  0.03    0.00    2.02 ^ input13/A (sky130_fd_sc_hd__clkbuf_2)
                  0.18    0.24    2.26 ^ input13/X (sky130_fd_sc_hd__clkbuf_2)
     5    0.02                           net13 (net)
                  0.18    0.00    2.26 ^ _179_/A2 (sky130_fd_sc_hd__o22a_1)
                  0.08    0.27    2.53 ^ _179_/X (sky130_fd_sc_hd__o22a_1)
     1    0.00                           _108_ (net)
                  0.08    0.00    2.53 ^ _191_/A1 (sky130_fd_sc_hd__o32a_1)
                  0.15    0.34    2.87 ^ _191_/X (sky130_fd_sc_hd__o32a_1)
     2    0.01                           net24 (net)
                  0.15    0.00    2.87 ^ output24/A (sky130_fd_sc_hd__clkbuf_4)
                  0.18    0.35    3.22 ^ output24/X (sky130_fd_sc_hd__clkbuf_4)
     1    0.03                           result[4] (net)
                  0.18    0.00    3.22 ^ result[4] (out)
                                  3.22   data arrival time

                  0.00    0.00    0.00   clock __VIRTUAL_CLK__ (rise edge)
                          0.00    0.00   clock network delay (ideal)
                          0.25    0.25   clock uncertainty
                          0.00    0.25   clock reconvergence pessimism
                         -2.00   -1.75   output external delay
                                 -1.75   data required time
-----------------------------------------------------------------------------
                                 -1.75   data required time
                                 -3.22   data arrival time
-----------------------------------------------------------------------------
                                  4.97   slack (MET)


Startpoint: a[4] (input port clocked by __VIRTUAL_CLK__)
Endpoint: zero (output port clocked by __VIRTUAL_CLK__)
Path Group: __VIRTUAL_CLK__
Path Type: min
Corner: Slowest

Fanout     Cap    Slew   Delay    Time   Description
-----------------------------------------------------------------------------
                  0.00    0.00    0.00   clock __VIRTUAL_CLK__ (rise edge)
                          0.00    0.00   clock network delay (ideal)
                          2.00    2.00 ^ input external delay
                  0.04    0.02    2.02 ^ a[4] (in)
     1    0.00                           a[4] (net)
                  0.04    0.00    2.02 ^ input5/A (sky130_fd_sc_hd__clkbuf_2)
                  0.23    0.28    2.30 ^ input5/X (sky130_fd_sc_hd__clkbuf_2)
     7    0.03                           net5 (net)
                  0.23    0.00    2.30 ^ _207_/A1 (sky130_fd_sc_hd__a211o_1)
                  0.07    0.28    2.58 ^ _207_/X (sky130_fd_sc_hd__a211o_1)
     1    0.00                           _020_ (net)
                  0.07    0.00    2.58 ^ _208_/B1 (sky130_fd_sc_hd__o21a_1)
                  0.28    0.36    2.94 ^ _208_/X (sky130_fd_sc_hd__o21a_1)
     2    0.02                           net25 (net)
                  0.28    0.00    2.94 ^ _238_/A (sky130_fd_sc_hd__nor4_4)
                  0.03    0.15    3.09 v _238_/Y (sky130_fd_sc_hd__nor4_4)
     1    0.01                           net28 (net)
                  0.03    0.00    3.09 v output28/A (sky130_fd_sc_hd__buf_6)
                  0.08    0.22    3.31 v output28/X (sky130_fd_sc_hd__buf_6)
     1    0.03                           zero (net)
                  0.08    0.00    3.31 v zero (out)
                                  3.31   data arrival time

                  0.00    0.00    0.00   clock __VIRTUAL_CLK__ (rise edge)
                          0.00    0.00   clock network delay (ideal)
                          0.25    0.25   clock uncertainty
                          0.00    0.25   clock reconvergence pessimism
                         -2.00   -1.75   output external delay
                                 -1.75   data required time
-----------------------------------------------------------------------------
                                 -1.75   data required time
                                 -3.31   data arrival time
-----------------------------------------------------------------------------
                                  5.06   slack (MET)


Startpoint: b[7] (input port clocked by __VIRTUAL_CLK__)
Endpoint: result[7] (output port clocked by __VIRTUAL_CLK__)
Path Group: __VIRTUAL_CLK__
Path Type: min
Corner: Slowest

Fanout     Cap    Slew   Delay    Time   Description
-----------------------------------------------------------------------------
                  0.00    0.00    0.00   clock __VIRTUAL_CLK__ (rise edge)
                          0.00    0.00   clock network delay (ideal)
                          2.00    2.00 ^ input external delay
                  0.04    0.02    2.02 ^ b[7] (in)
     1    0.00                           b[7] (net)
                  0.04    0.00    2.02 ^ input16/A (sky130_fd_sc_hd__clkbuf_1)
                  0.13    0.17    2.19 ^ input16/X (sky130_fd_sc_hd__clkbuf_1)
     2    0.01                           net16 (net)
                  0.13    0.00    2.19 ^ _226_/B (sky130_fd_sc_hd__nand2_1)
                  0.12    0.16    2.35 v _226_/Y (sky130_fd_sc_hd__nand2_1)
     2    0.01                           _037_ (net)
                  0.12    0.00    2.35 v _227_/B (sky130_fd_sc_hd__nand2_1)
                  0.14    0.17    2.52 ^ _227_/Y (sky130_fd_sc_hd__nand2_1)
     2    0.01                           _038_ (net)
                  0.14    0.00    2.52 ^ _234_/A2 (sky130_fd_sc_hd__o211a_1)
                  0.09    0.30    2.82 ^ _234_/X (sky130_fd_sc_hd__o211a_1)
     1    0.00                           _045_ (net)
                  0.09    0.00    2.82 ^ _235_/B1 (sky130_fd_sc_hd__a21oi_1)
                  0.16    0.16    2.98 v _235_/Y (sky130_fd_sc_hd__a21oi_1)
     2    0.02                           net27 (net)
                  0.16    0.00    2.98 v output27/A (sky130_fd_sc_hd__clkbuf_4)
                  0.14    0.35    3.33 v output27/X (sky130_fd_sc_hd__clkbuf_4)
     1    0.03                           result[7] (net)
                  0.14    0.00    3.33 v result[7] (out)
                                  3.33   data arrival time

                  0.00    0.00    0.00   clock __VIRTUAL_CLK__ (rise edge)
                          0.00    0.00   clock network delay (ideal)
                          0.25    0.25   clock uncertainty
                          0.00    0.25   clock reconvergence pessimism
                         -2.00   -1.75   output external delay
                                 -1.75   data required time
-----------------------------------------------------------------------------
                                 -1.75   data required time
                                 -3.33   data arrival time
-----------------------------------------------------------------------------
                                  5.08   slack (MET)


Startpoint: op[2] (input port clocked by __VIRTUAL_CLK__)
Endpoint: result[3] (output port clocked by __VIRTUAL_CLK__)
Path Group: __VIRTUAL_CLK__
Path Type: min
Corner: Slowest

Fanout     Cap    Slew   Delay    Time   Description
-----------------------------------------------------------------------------
                  0.00    0.00    0.00   clock __VIRTUAL_CLK__ (rise edge)
                          0.00    0.00   clock network delay (ideal)
                          2.00    2.00 ^ input external delay
                  0.03    0.02    2.02 ^ op[2] (in)
     1    0.00                           op[2] (net)
                  0.03    0.00    2.02 ^ input19/A (sky130_fd_sc_hd__buf_4)
                  0.17    0.25    2.27 ^ input19/X (sky130_fd_sc_hd__buf_4)
    10    0.04                           net19 (net)
                  0.17    0.00    2.27 ^ _115_/A (sky130_fd_sc_hd__or2_2)
                  0.21    0.33    2.60 ^ _115_/X (sky130_fd_sc_hd__or2_2)
     6    0.03                           _048_ (net)
                  0.21    0.00    2.61 ^ _177_/A1 (sky130_fd_sc_hd__o22a_1)
                  0.16    0.38    2.99 ^ _177_/X (sky130_fd_sc_hd__o22a_1)
     2    0.01                           net23 (net)
                  0.16    0.00    2.99 ^ output23/A (sky130_fd_sc_hd__clkbuf_4)
                  0.18    0.35    3.34 ^ output23/X (sky130_fd_sc_hd__clkbuf_4)
     1    0.03                           result[3] (net)
                  0.18    0.00    3.34 ^ result[3] (out)
                                  3.34   data arrival time

                  0.00    0.00    0.00   clock __VIRTUAL_CLK__ (rise edge)
                          0.00    0.00   clock network delay (ideal)
                          0.25    0.25   clock uncertainty
                          0.00    0.25   clock reconvergence pessimism
                         -2.00   -1.75   output external delay
                                 -1.75   data required time
-----------------------------------------------------------------------------
                                 -1.75   data required time
                                 -3.34   data arrival time
-----------------------------------------------------------------------------
                                  5.09   slack (MET)


Startpoint: a[4] (input port clocked by __VIRTUAL_CLK__)
Endpoint: result[5] (output port clocked by __VIRTUAL_CLK__)
Path Group: __VIRTUAL_CLK__
Path Type: min
Corner: Slowest

Fanout     Cap    Slew   Delay    Time   Description
-----------------------------------------------------------------------------
                  0.00    0.00    0.00   clock __VIRTUAL_CLK__ (rise edge)
                          0.00    0.00   clock network delay (ideal)
                          2.00    2.00 ^ input external delay
                  0.04    0.02    2.02 ^ a[4] (in)
     1    0.00                           a[4] (net)
                  0.04    0.00    2.02 ^ input5/A (sky130_fd_sc_hd__clkbuf_2)
                  0.23    0.28    2.30 ^ input5/X (sky130_fd_sc_hd__clkbuf_2)
     7    0.03                           net5 (net)
                  0.23    0.00    2.30 ^ _207_/A1 (sky130_fd_sc_hd__a211o_1)
                  0.07    0.28    2.58 ^ _207_/X (sky130_fd_sc_hd__a211o_1)
     1    0.00                           _020_ (net)
                  0.07    0.00    2.58 ^ _208_/B1 (sky130_fd_sc_hd__o21a_1)
                  0.28    0.36    2.94 ^ _208_/X (sky130_fd_sc_hd__o21a_1)
     2    0.02                           net25 (net)
                  0.28    0.00    2.94 ^ output25/A (sky130_fd_sc_hd__clkbuf_4)
                  0.18    0.40    3.34 ^ output25/X (sky130_fd_sc_hd__clkbuf_4)
     1    0.03                           result[5] (net)
                  0.18    0.00    3.34 ^ result[5] (out)
                                  3.34   data arrival time

                  0.00    0.00    0.00   clock __VIRTUAL_CLK__ (rise edge)
                          0.00    0.00   clock network delay (ideal)
                          0.25    0.25   clock uncertainty
                          0.00    0.25   clock reconvergence pessimism
                         -2.00   -1.75   output external delay
                                 -1.75   data required time
-----------------------------------------------------------------------------
                                 -1.75   data required time
                                 -3.34   data arrival time
-----------------------------------------------------------------------------
                                  5.09   slack (MET)


Startpoint: op[2] (input port clocked by __VIRTUAL_CLK__)
Endpoint: result[6] (output port clocked by __VIRTUAL_CLK__)
Path Group: __VIRTUAL_CLK__
Path Type: min
Corner: Slowest

Fanout     Cap    Slew   Delay    Time   Description
-----------------------------------------------------------------------------
                  0.00    0.00    0.00   clock __VIRTUAL_CLK__ (rise edge)
                          0.00    0.00   clock network delay (ideal)
                          2.00    2.00 ^ input external delay
                  0.03    0.02    2.02 ^ op[2] (in)
     1    0.00                           op[2] (net)
                  0.03    0.00    2.02 ^ input19/A (sky130_fd_sc_hd__buf_4)
                  0.17    0.25    2.27 ^ input19/X (sky130_fd_sc_hd__buf_4)
    10    0.04                           net19 (net)
                  0.17    0.00    2.27 ^ _115_/A (sky130_fd_sc_hd__or2_2)
                  0.21    0.33    2.60 ^ _115_/X (sky130_fd_sc_hd__or2_2)
     6    0.03                           _048_ (net)
                  0.21    0.00    2.61 ^ _215_/B1 (sky130_fd_sc_hd__a21o_1)
                  0.06    0.19    2.79 ^ _215_/X (sky130_fd_sc_hd__a21o_1)
     1    0.00                           _027_ (net)
                  0.06    0.00    2.79 ^ _223_/A2 (sky130_fd_sc_hd__o21ai_1)
                  0.25    0.23    3.03 v _223_/Y (sky130_fd_sc_hd__o21ai_1)
     2    0.01                           net26 (net)
                  0.25    0.00    3.03 v output26/A (sky130_fd_sc_hd__clkbuf_4)
                  0.14    0.39    3.42 v output26/X (sky130_fd_sc_hd__clkbuf_4)
     1    0.03                           result[6] (net)
                  0.14    0.00    3.42 v result[6] (out)
                                  3.42   data arrival time

                  0.00    0.00    0.00   clock __VIRTUAL_CLK__ (rise edge)
                          0.00    0.00   clock network delay (ideal)
                          0.25    0.25   clock uncertainty
                          0.00    0.25   clock reconvergence pessimism
                         -2.00   -1.75   output external delay
                                 -1.75   data required time
-----------------------------------------------------------------------------
                                 -1.75   data required time
                                 -3.42   data arrival time
-----------------------------------------------------------------------------
                                  5.17   slack (MET)



======================= Typical Corner ===================================

Startpoint: op[2] (input port clocked by __VIRTUAL_CLK__)
Endpoint: result[2] (output port clocked by __VIRTUAL_CLK__)
Path Group: __VIRTUAL_CLK__
Path Type: min
Corner: Typical

Fanout     Cap    Slew   Delay    Time   Description
-----------------------------------------------------------------------------
                  0.00    0.00    0.00   clock __VIRTUAL_CLK__ (rise edge)
                          0.00    0.00   clock network delay (ideal)
                          2.00    2.00 ^ input external delay
                  0.02    0.01    2.01 ^ op[2] (in)
     1    0.00                           op[2] (net)
                  0.02    0.00    2.01 ^ input19/A (sky130_fd_sc_hd__buf_4)
                  0.11    0.14    2.15 ^ input19/X (sky130_fd_sc_hd__buf_4)
    10    0.04                           net19 (net)
                  0.11    0.00    2.15 ^ _129_/A (sky130_fd_sc_hd__nor2_2)
                  0.07    0.09    2.25 v _129_/Y (sky130_fd_sc_hd__nor2_2)
     6    0.03                           _061_ (net)
                  0.07    0.00    2.25 v _161_/A1 (sky130_fd_sc_hd__a31o_1)
                  0.05    0.19    2.44 v _161_/X (sky130_fd_sc_hd__a31o_1)
     2    0.01                           net22 (net)
                  0.05    0.00    2.44 v output22/A (sky130_fd_sc_hd__clkbuf_4)
                  0.08    0.18    2.62 v output22/X (sky130_fd_sc_hd__clkbuf_4)
     1    0.03                           result[2] (net)
                  0.08    0.00    2.62 v result[2] (out)
                                  2.62   data arrival time

                  0.00    0.00    0.00   clock __VIRTUAL_CLK__ (rise edge)
                          0.00    0.00   clock network delay (ideal)
                          0.25    0.25   clock uncertainty
                          0.00    0.25   clock reconvergence pessimism
                         -2.00   -1.75   output external delay
                                 -1.75   data required time
-----------------------------------------------------------------------------
                                 -1.75   data required time
                                 -2.62   data arrival time
-----------------------------------------------------------------------------
                                  4.37   slack (MET)


Startpoint: a[2] (input port clocked by __VIRTUAL_CLK__)
Endpoint: result[1] (output port clocked by __VIRTUAL_CLK__)
Path Group: __VIRTUAL_CLK__
Path Type: min
Corner: Typical

Fanout     Cap    Slew   Delay    Time   Description
-----------------------------------------------------------------------------
                  0.00    0.00    0.00   clock __VIRTUAL_CLK__ (rise edge)
                          0.00    0.00   clock network delay (ideal)
                          2.00    2.00 ^ input external delay
                  0.02    0.01    2.01 ^ a[2] (in)
     1    0.00                           a[2] (net)
                  0.02    0.00    2.01 ^ input3/A (sky130_fd_sc_hd__buf_2)
                  0.15    0.16    2.17 ^ input3/X (sky130_fd_sc_hd__buf_2)
     8    0.03                           net3 (net)
                  0.15    0.00    2.17 ^ _148_/A1 (sky130_fd_sc_hd__a221o_1)
                  0.05    0.17    2.34 ^ _148_/X (sky130_fd_sc_hd__a221o_1)
     1    0.00                           _080_ (net)
                  0.05    0.00    2.34 ^ _149_/C1 (sky130_fd_sc_hd__a211o_1)
                  0.07    0.11    2.45 ^ _149_/X (sky130_fd_sc_hd__a211o_1)
     2    0.01                           net21 (net)
                  0.07    0.00    2.45 ^ output21/A (sky130_fd_sc_hd__clkbuf_4)
                  0.11    0.19    2.64 ^ output21/X (sky130_fd_sc_hd__clkbuf_4)
     1    0.03                           result[1] (net)
                  0.11    0.00    2.64 ^ result[1] (out)
                                  2.64   data arrival time

                  0.00    0.00    0.00   clock __VIRTUAL_CLK__ (rise edge)
                          0.00    0.00   clock network delay (ideal)
                          0.25    0.25   clock uncertainty
                          0.00    0.25   clock reconvergence pessimism
                         -2.00   -1.75   output external delay
                                 -1.75   data required time
-----------------------------------------------------------------------------
                                 -1.75   data required time
                                 -2.64   data arrival time
-----------------------------------------------------------------------------
                                  4.39   slack (MET)


Startpoint: b[4] (input port clocked by __VIRTUAL_CLK__)
Endpoint: result[4] (output port clocked by __VIRTUAL_CLK__)
Path Group: __VIRTUAL_CLK__
Path Type: min
Corner: Typical

Fanout     Cap    Slew   Delay    Time   Description
-----------------------------------------------------------------------------
                  0.00    0.00    0.00   clock __VIRTUAL_CLK__ (rise edge)
                          0.00    0.00   clock network delay (ideal)
                          2.00    2.00 ^ input external delay
                  0.02    0.01    2.01 ^ b[4] (in)
     1    0.00                           b[4] (net)
                  0.02    0.00    2.01 ^ input13/A (sky130_fd_sc_hd__clkbuf_2)
                  0.11    0.14    2.15 ^ input13/X (sky130_fd_sc_hd__clkbuf_2)
     5    0.02                           net13 (net)
                  0.11    0.00    2.15 ^ _179_/A2 (sky130_fd_sc_hd__o22a_1)
                  0.04    0.13    2.28 ^ _179_/X (sky130_fd_sc_hd__o22a_1)
     1    0.00                           _108_ (net)
                  0.04    0.00    2.28 ^ _191_/A1 (sky130_fd_sc_hd__o32a_1)
                  0.09    0.17    2.45 ^ _191_/X (sky130_fd_sc_hd__o32a_1)
     2    0.01                           net24 (net)
                  0.09    0.00    2.45 ^ output24/A (sky130_fd_sc_hd__clkbuf_4)
                  0.11    0.19    2.65 ^ output24/X (sky130_fd_sc_hd__clkbuf_4)
     1    0.03                           result[4] (net)
                  0.11    0.00    2.65 ^ result[4] (out)
                                  2.65   data arrival time

                  0.00    0.00    0.00   clock __VIRTUAL_CLK__ (rise edge)
                          0.00    0.00   clock network delay (ideal)
                          0.25    0.25   clock uncertainty
                          0.00    0.25   clock reconvergence pessimism
                         -2.00   -1.75   output external delay
                                 -1.75   data required time
-----------------------------------------------------------------------------
                                 -1.75   data required time
                                 -2.65   data arrival time
-----------------------------------------------------------------------------
                                  4.40   slack (MET)


Startpoint: a[0] (input port clocked by __VIRTUAL_CLK__)
Endpoint: result[0] (output port clocked by __VIRTUAL_CLK__)
Path Group: __VIRTUAL_CLK__
Path Type: min
Corner: Typical

Fanout     Cap    Slew   Delay    Time   Description
-----------------------------------------------------------------------------
                  0.00    0.00    0.00   clock __VIRTUAL_CLK__ (rise edge)
                          0.00    0.00   clock network delay (ideal)
                          2.00    2.00 v input external delay
                  0.01    0.00    2.00 v a[0] (in)
     1    0.00                           a[0] (net)
                  0.01    0.00    2.00 v input1/A (sky130_fd_sc_hd__clkbuf_2)
                  0.09    0.13    2.14 v input1/X (sky130_fd_sc_hd__clkbuf_2)
     7    0.02                           net1 (net)
                  0.09    0.00    2.14 v _126_/A (sky130_fd_sc_hd__nor2_1)
                  0.06    0.10    2.23 ^ _126_/Y (sky130_fd_sc_hd__nor2_1)
     1    0.00                           _059_ (net)
                  0.06    0.00    2.23 ^ _127_/D (sky130_fd_sc_hd__or4_1)
                  0.04    0.09    2.33 ^ _127_/X (sky130_fd_sc_hd__or4_1)
     1    0.00                           _060_ (net)
                  0.04    0.00    2.33 ^ _128_/A (sky130_fd_sc_hd__buf_1)
                  0.13    0.14    2.46 ^ _128_/X (sky130_fd_sc_hd__buf_1)
     2    0.01                           net20 (net)
                  0.13    0.00    2.46 ^ output20/A (sky130_fd_sc_hd__clkbuf_4)
                  0.11    0.21    2.67 ^ output20/X (sky130_fd_sc_hd__clkbuf_4)
     1    0.03                           result[0] (net)
                  0.11    0.00    2.67 ^ result[0] (out)
                                  2.67   data arrival time

                  0.00    0.00    0.00   clock __VIRTUAL_CLK__ (rise edge)
                          0.00    0.00   clock network delay (ideal)
                          0.25    0.25   clock uncertainty
                          0.00    0.25   clock reconvergence pessimism
                         -2.00   -1.75   output external delay
                                 -1.75   data required time
-----------------------------------------------------------------------------
                                 -1.75   data required time
                                 -2.67   data arrival time
-----------------------------------------------------------------------------
                                  4.42   slack (MET)


Startpoint: b[7] (input port clocked by __VIRTUAL_CLK__)
Endpoint: result[7] (output port clocked by __VIRTUAL_CLK__)
Path Group: __VIRTUAL_CLK__
Path Type: min
Corner: Typical

Fanout     Cap    Slew   Delay    Time   Description
-----------------------------------------------------------------------------
                  0.00    0.00    0.00   clock __VIRTUAL_CLK__ (rise edge)
                          0.00    0.00   clock network delay (ideal)
                          2.00    2.00 ^ input external delay
                  0.02    0.01    2.01 ^ b[7] (in)
     1    0.00                           b[7] (net)
                  0.02    0.00    2.01 ^ input16/A (sky130_fd_sc_hd__clkbuf_1)
                  0.08    0.09    2.11 ^ input16/X (sky130_fd_sc_hd__clkbuf_1)
     2    0.01                           net16 (net)
                  0.08    0.00    2.11 ^ _226_/B (sky130_fd_sc_hd__nand2_1)
                  0.05    0.07    2.18 v _226_/Y (sky130_fd_sc_hd__nand2_1)
     2    0.01                           _037_ (net)
                  0.05    0.00    2.18 v _227_/B (sky130_fd_sc_hd__nand2_1)
                  0.09    0.10    2.28 ^ _227_/Y (sky130_fd_sc_hd__nand2_1)
     2    0.01                           _038_ (net)
                  0.09    0.00    2.28 ^ _234_/A2 (sky130_fd_sc_hd__o211a_1)
                  0.05    0.14    2.42 ^ _234_/X (sky130_fd_sc_hd__o211a_1)
     1    0.00                           _045_ (net)
                  0.05    0.00    2.42 ^ _235_/B1 (sky130_fd_sc_hd__a21oi_1)
                  0.08    0.08    2.50 v _235_/Y (sky130_fd_sc_hd__a21oi_1)
     2    0.02                           net27 (net)
                  0.08    0.00    2.50 v output27/A (sky130_fd_sc_hd__clkbuf_4)
                  0.08    0.19    2.69 v output27/X (sky130_fd_sc_hd__clkbuf_4)
     1    0.03                           result[7] (net)
                  0.08    0.00    2.69 v result[7] (out)
                                  2.69   data arrival time

                  0.00    0.00    0.00   clock __VIRTUAL_CLK__ (rise edge)
                          0.00    0.00   clock network delay (ideal)
                          0.25    0.25   clock uncertainty
                          0.00    0.25   clock reconvergence pessimism
                         -2.00   -1.75   output external delay
                                 -1.75   data required time
-----------------------------------------------------------------------------
                                 -1.75   data required time
                                 -2.69   data arrival time
-----------------------------------------------------------------------------
                                  4.44   slack (MET)


Startpoint: a[4] (input port clocked by __VIRTUAL_CLK__)
Endpoint: zero (output port clocked by __VIRTUAL_CLK__)
Path Group: __VIRTUAL_CLK__
Path Type: min
Corner: Typical

Fanout     Cap    Slew   Delay    Time   Description
-----------------------------------------------------------------------------
                  0.00    0.00    0.00   clock __VIRTUAL_CLK__ (rise edge)
                          0.00    0.00   clock network delay (ideal)
                          2.00    2.00 ^ input external delay
                  0.02    0.01    2.01 ^ a[4] (in)
     1    0.00                           a[4] (net)
                  0.02    0.00    2.01 ^ input5/A (sky130_fd_sc_hd__clkbuf_2)
                  0.15    0.16    2.17 ^ input5/X (sky130_fd_sc_hd__clkbuf_2)
     7    0.03                           net5 (net)
                  0.15    0.00    2.17 ^ _207_/A1 (sky130_fd_sc_hd__a211o_1)
                  0.04    0.14    2.31 ^ _207_/X (sky130_fd_sc_hd__a211o_1)
     1    0.00                           _020_ (net)
                  0.04    0.00    2.31 ^ _208_/B1 (sky130_fd_sc_hd__o21a_1)
                  0.17    0.19    2.51 ^ _208_/X (sky130_fd_sc_hd__o21a_1)
     2    0.02                           net25 (net)
                  0.17    0.00    2.51 ^ _238_/A (sky130_fd_sc_hd__nor4_4)
                  0.02    0.07    2.57 v _238_/Y (sky130_fd_sc_hd__nor4_4)
     1    0.01                           net28 (net)
                  0.02    0.00    2.57 v output28/A (sky130_fd_sc_hd__buf_6)
                  0.04    0.12    2.69 v output28/X (sky130_fd_sc_hd__buf_6)
     1    0.03                           zero (net)
                  0.04    0.00    2.69 v zero (out)
                                  2.69   data arrival time

                  0.00    0.00    0.00   clock __VIRTUAL_CLK__ (rise edge)
                          0.00    0.00   clock network delay (ideal)
                          0.25    0.25   clock uncertainty
                          0.00    0.25   clock reconvergence pessimism
                         -2.00   -1.75   output external delay
                                 -1.75   data required time
-----------------------------------------------------------------------------
                                 -1.75   data required time
                                 -2.69   data arrival time
-----------------------------------------------------------------------------
                                  4.44   slack (MET)


Startpoint: b[3] (input port clocked by __VIRTUAL_CLK__)
Endpoint: result[3] (output port clocked by __VIRTUAL_CLK__)
Path Group: __VIRTUAL_CLK__
Path Type: min
Corner: Typical

Fanout     Cap    Slew   Delay    Time   Description
-----------------------------------------------------------------------------
                  0.00    0.00    0.00   clock __VIRTUAL_CLK__ (rise edge)
                          0.00    0.00   clock network delay (ideal)
                          2.00    2.00 v input external delay
                  0.01    0.01    2.01 v b[3] (in)
     1    0.00                           b[3] (net)
                  0.01    0.00    2.01 v input12/A (sky130_fd_sc_hd__clkbuf_2)
                  0.08    0.13    2.13 v input12/X (sky130_fd_sc_hd__clkbuf_2)
     5    0.02                           net12 (net)
                  0.08    0.00    2.13 v _171_/B (sky130_fd_sc_hd__nand2_1)
                  0.05    0.08    2.22 ^ _171_/Y (sky130_fd_sc_hd__nand2_1)
     1    0.00                           _101_ (net)
                  0.05    0.00    2.22 ^ _173_/A2 (sky130_fd_sc_hd__a31o_1)
                  0.05    0.13    2.35 ^ _173_/X (sky130_fd_sc_hd__a31o_1)
     1    0.00                           _103_ (net)
                  0.05    0.00    2.35 ^ _177_/B1 (sky130_fd_sc_hd__o22a_1)
                  0.10    0.16    2.51 ^ _177_/X (sky130_fd_sc_hd__o22a_1)
     2    0.01                           net23 (net)
                  0.10    0.00    2.51 ^ output23/A (sky130_fd_sc_hd__clkbuf_4)
                  0.11    0.19    2.70 ^ output23/X (sky130_fd_sc_hd__clkbuf_4)
     1    0.03                           result[3] (net)
                  0.11    0.00    2.70 ^ result[3] (out)
                                  2.70   data arrival time

                  0.00    0.00    0.00   clock __VIRTUAL_CLK__ (rise edge)
                          0.00    0.00   clock network delay (ideal)
                          0.25    0.25   clock uncertainty
                          0.00    0.25   clock reconvergence pessimism
                         -2.00   -1.75   output external delay
                                 -1.75   data required time
-----------------------------------------------------------------------------
                                 -1.75   data required time
                                 -2.70   data arrival time
-----------------------------------------------------------------------------
                                  4.45   slack (MET)


Startpoint: a[4] (input port clocked by __VIRTUAL_CLK__)
Endpoint: result[5] (output port clocked by __VIRTUAL_CLK__)
Path Group: __VIRTUAL_CLK__
Path Type: min
Corner: Typical

Fanout     Cap    Slew   Delay    Time   Description
-----------------------------------------------------------------------------
                  0.00    0.00    0.00   clock __VIRTUAL_CLK__ (rise edge)
                          0.00    0.00   clock network delay (ideal)
                          2.00    2.00 ^ input external delay
                  0.02    0.01    2.01 ^ a[4] (in)
     1    0.00                           a[4] (net)
                  0.02    0.00    2.01 ^ input5/A (sky130_fd_sc_hd__clkbuf_2)
                  0.15    0.16    2.17 ^ input5/X (sky130_fd_sc_hd__clkbuf_2)
     7    0.03                           net5 (net)
                  0.15    0.00    2.17 ^ _207_/A1 (sky130_fd_sc_hd__a211o_1)
                  0.04    0.14    2.31 ^ _207_/X (sky130_fd_sc_hd__a211o_1)
     1    0.00                           _020_ (net)
                  0.04    0.00    2.31 ^ _208_/B1 (sky130_fd_sc_hd__o21a_1)
                  0.17    0.19    2.51 ^ _208_/X (sky130_fd_sc_hd__o21a_1)
     2    0.02                           net25 (net)
                  0.17    0.00    2.51 ^ output25/A (sky130_fd_sc_hd__clkbuf_4)
                  0.11    0.22    2.72 ^ output25/X (sky130_fd_sc_hd__clkbuf_4)
     1    0.03                           result[5] (net)
                  0.11    0.00    2.73 ^ result[5] (out)
                                  2.73   data arrival time

                  0.00    0.00    0.00   clock __VIRTUAL_CLK__ (rise edge)
                          0.00    0.00   clock network delay (ideal)
                          0.25    0.25   clock uncertainty
                          0.00    0.25   clock reconvergence pessimism
                         -2.00   -1.75   output external delay
                                 -1.75   data required time
-----------------------------------------------------------------------------
                                 -1.75   data required time
                                 -2.73   data arrival time
-----------------------------------------------------------------------------
                                  4.48   slack (MET)


Startpoint: op[2] (input port clocked by __VIRTUAL_CLK__)
Endpoint: result[6] (output port clocked by __VIRTUAL_CLK__)
Path Group: __VIRTUAL_CLK__
Path Type: min
Corner: Typical

Fanout     Cap    Slew   Delay    Time   Description
-----------------------------------------------------------------------------
                  0.00    0.00    0.00   clock __VIRTUAL_CLK__ (rise edge)
                          0.00    0.00   clock network delay (ideal)
                          2.00    2.00 ^ input external delay
                  0.02    0.01    2.01 ^ op[2] (in)
     1    0.00                           op[2] (net)
                  0.02    0.00    2.01 ^ input19/A (sky130_fd_sc_hd__buf_4)
                  0.11    0.14    2.15 ^ input19/X (sky130_fd_sc_hd__buf_4)
    10    0.04                           net19 (net)
                  0.11    0.00    2.15 ^ _115_/A (sky130_fd_sc_hd__or2_2)
                  0.14    0.19    2.34 ^ _115_/X (sky130_fd_sc_hd__or2_2)
     6    0.03                           _048_ (net)
                  0.14    0.00    2.34 ^ _215_/B1 (sky130_fd_sc_hd__a21o_1)
                  0.04    0.09    2.44 ^ _215_/X (sky130_fd_sc_hd__a21o_1)
     1    0.00                           _027_ (net)
                  0.04    0.00    2.44 ^ _223_/A2 (sky130_fd_sc_hd__o21ai_1)
                  0.11    0.11    2.54 v _223_/Y (sky130_fd_sc_hd__o21ai_1)
     2    0.01                           net26 (net)
                  0.11    0.00    2.54 v output26/A (sky130_fd_sc_hd__clkbuf_4)
                  0.08    0.20    2.74 v output26/X (sky130_fd_sc_hd__clkbuf_4)
     1    0.03                           result[6] (net)
                  0.08    0.00    2.74 v result[6] (out)
                                  2.74   data arrival time

                  0.00    0.00    0.00   clock __VIRTUAL_CLK__ (rise edge)
                          0.00    0.00   clock network delay (ideal)
                          0.25    0.25   clock uncertainty
                          0.00    0.25   clock reconvergence pessimism
                         -2.00   -1.75   output external delay
                                 -1.75   data required time
-----------------------------------------------------------------------------
                                 -1.75   data required time
                                 -2.74   data arrival time
-----------------------------------------------------------------------------
                                  4.49   slack (MET)



