#! /usr/bin/vvp
:ivl_version "12.0 (stable)";
:ivl_delay_selection "TYPICAL";
:vpi_time_precision + 0;
:vpi_module "/usr/lib/x86_64-linux-gnu/ivl/system.vpi";
:vpi_module "/usr/lib/x86_64-linux-gnu/ivl/vhdl_sys.vpi";
:vpi_module "/usr/lib/x86_64-linux-gnu/ivl/vhdl_textio.vpi";
:vpi_module "/usr/lib/x86_64-linux-gnu/ivl/v2005_math.vpi";
:vpi_module "/usr/lib/x86_64-linux-gnu/ivl/va_math.vpi";
S_0x5fbb4386b4f0 .scope module, "tb_uart_tx" "tb_uart_tx" 2 1;
 .timescale 0 0;
v0x5fbb438bfe60_0 .var "clk", 0 0;
v0x5fbb438bff20_0 .var "data", 7 0;
v0x5fbb438bfff0_0 .net "done", 0 0, v0x5fbb438bf970_0;  1 drivers
v0x5fbb438c00f0_0 .var "reset", 0 0;
v0x5fbb438c01c0_0 .var "start", 0 0;
v0x5fbb438c0260_0 .net "tx", 0 0, v0x5fbb438bfce0_0;  1 drivers
S_0x5fbb4386b680 .scope module, "uut" "uart_tx" 2 7, 3 1 0, S_0x5fbb4386b4f0;
 .timescale 0 0;
    .port_info 0 /INPUT 1 "clk";
    .port_info 1 /INPUT 1 "reset";
    .port_info 2 /INPUT 1 "start";
    .port_info 3 /INPUT 8 "data";
    .port_info 4 /OUTPUT 1 "tx";
    .port_info 5 /OUTPUT 1 "done";
P_0x5fbb438ad1d0 .param/l "DATA" 0 3 12, C4<10>;
P_0x5fbb438ad210 .param/l "IDLE" 0 3 10, C4<00>;
P_0x5fbb438ad250 .param/l "START" 0 3 11, C4<01>;
P_0x5fbb438ad290 .param/l "STOP" 0 3 13, C4<11>;
v0x5fbb438a9ad0_0 .var "bit_count", 2 0;
v0x5fbb438bf710_0 .net "clk", 0 0, v0x5fbb438bfe60_0;  1 drivers
v0x5fbb438bf7d0_0 .net "data", 7 0, v0x5fbb438bff20_0;  1 drivers
v0x5fbb438bf890_0 .var "data_reg", 7 0;
v0x5fbb438bf970_0 .var "done", 0 0;
v0x5fbb438bfa80_0 .net "reset", 0 0, v0x5fbb438c00f0_0;  1 drivers
v0x5fbb438bfb40_0 .net "start", 0 0, v0x5fbb438c01c0_0;  1 drivers
v0x5fbb438bfc00_0 .var "state", 1 0;
v0x5fbb438bfce0_0 .var "tx", 0 0;
E_0x5fbb438aa370 .event posedge, v0x5fbb438bfa80_0, v0x5fbb438bf710_0;
    .scope S_0x5fbb4386b680;
T_0 ;
    %wait E_0x5fbb438aa370;
    %load/vec4 v0x5fbb438bfa80_0;
    %flag_set/vec4 8;
    %jmp/0xz  T_0.0, 8;
    %pushi/vec4 0, 0, 2;
    %assign/vec4 v0x5fbb438bfc00_0, 0;
    %pushi/vec4 1, 0, 1;
    %assign/vec4 v0x5fbb438bfce0_0, 0;
    %pushi/vec4 0, 0, 1;
    %assign/vec4 v0x5fbb438bf970_0, 0;
    %pushi/vec4 0, 0, 3;
    %assign/vec4 v0x5fbb438a9ad0_0, 0;
    %jmp T_0.1;
T_0.0 ;
    %load/vec4 v0x5fbb438bfc00_0;
    %dup/vec4;
    %pushi/vec4 0, 0, 2;
    %cmp/u;
    %jmp/1 T_0.2, 6;
    %dup/vec4;
    %pushi/vec4 1, 0, 2;
    %cmp/u;
    %jmp/1 T_0.3, 6;
    %dup/vec4;
    %pushi/vec4 2, 0, 2;
    %cmp/u;
    %jmp/1 T_0.4, 6;
    %dup/vec4;
    %pushi/vec4 3, 0, 2;
    %cmp/u;
    %jmp/1 T_0.5, 6;
    %jmp T_0.6;
T_0.2 ;
    %pushi/vec4 1, 0, 1;
    %assign/vec4 v0x5fbb438bfce0_0, 0;
    %pushi/vec4 0, 0, 1;
    %assign/vec4 v0x5fbb438bf970_0, 0;
    %load/vec4 v0x5fbb438bfb40_0;
    %flag_set/vec4 8;
    %jmp/0xz  T_0.7, 8;
    %pushi/vec4 1, 0, 2;
    %assign/vec4 v0x5fbb438bfc00_0, 0;
    %load/vec4 v0x5fbb438bf7d0_0;
    %assign/vec4 v0x5fbb438bf890_0, 0;
T_0.7 ;
    %jmp T_0.6;
T_0.3 ;
    %pushi/vec4 0, 0, 1;
    %assign/vec4 v0x5fbb438bfce0_0, 0;
    %pushi/vec4 0, 0, 3;
    %assign/vec4 v0x5fbb438a9ad0_0, 0;
    %pushi/vec4 2, 0, 2;
    %assign/vec4 v0x5fbb438bfc00_0, 0;
    %jmp T_0.6;
T_0.4 ;
    %load/vec4 v0x5fbb438bf890_0;
    %load/vec4 v0x5fbb438a9ad0_0;
    %part/u 1;
    %assign/vec4 v0x5fbb438bfce0_0, 0;
    %load/vec4 v0x5fbb438a9ad0_0;
    %cmpi/e 7, 0, 3;
    %jmp/0xz  T_0.9, 4;
    %pushi/vec4 3, 0, 2;
    %assign/vec4 v0x5fbb438bfc00_0, 0;
    %jmp T_0.10;
T_0.9 ;
    %load/vec4 v0x5fbb438a9ad0_0;
    %addi 1, 0, 3;
    %assign/vec4 v0x5fbb438a9ad0_0, 0;
T_0.10 ;
    %jmp T_0.6;
T_0.5 ;
    %pushi/vec4 1, 0, 1;
    %assign/vec4 v0x5fbb438bfce0_0, 0;
    %pushi/vec4 1, 0, 1;
    %assign/vec4 v0x5fbb438bf970_0, 0;
    %pushi/vec4 0, 0, 2;
    %assign/vec4 v0x5fbb438bfc00_0, 0;
    %jmp T_0.6;
T_0.6 ;
    %pop/vec4 1;
T_0.1 ;
    %jmp T_0;
    .thread T_0;
    .scope S_0x5fbb4386b4f0;
T_1 ;
    %delay 5, 0;
    %load/vec4 v0x5fbb438bfe60_0;
    %inv;
    %store/vec4 v0x5fbb438bfe60_0, 0, 1;
    %jmp T_1;
    .thread T_1;
    .scope S_0x5fbb4386b4f0;
T_2 ;
    %vpi_call 2 19 "$dumpfile", "uart_tx.vcd" {0 0 0};
    %vpi_call 2 20 "$dumpvars", 32'sb00000000000000000000000000000000, S_0x5fbb4386b4f0 {0 0 0};
    %pushi/vec4 0, 0, 1;
    %store/vec4 v0x5fbb438bfe60_0, 0, 1;
    %pushi/vec4 1, 0, 1;
    %store/vec4 v0x5fbb438c00f0_0, 0, 1;
    %pushi/vec4 0, 0, 1;
    %store/vec4 v0x5fbb438c01c0_0, 0, 1;
    %pushi/vec4 0, 0, 8;
    %store/vec4 v0x5fbb438bff20_0, 0, 8;
    %delay 10, 0;
    %pushi/vec4 0, 0, 1;
    %store/vec4 v0x5fbb438c00f0_0, 0, 1;
    %pushi/vec4 170, 0, 8;
    %store/vec4 v0x5fbb438bff20_0, 0, 8;
    %pushi/vec4 1, 0, 1;
    %store/vec4 v0x5fbb438c01c0_0, 0, 1;
    %delay 10, 0;
    %pushi/vec4 0, 0, 1;
    %store/vec4 v0x5fbb438c01c0_0, 0, 1;
    %delay 100, 0;
    %pushi/vec4 204, 0, 8;
    %store/vec4 v0x5fbb438bff20_0, 0, 8;
    %pushi/vec4 1, 0, 1;
    %store/vec4 v0x5fbb438c01c0_0, 0, 1;
    %delay 10, 0;
    %pushi/vec4 0, 0, 1;
    %store/vec4 v0x5fbb438c01c0_0, 0, 1;
    %delay 100, 0;
    %vpi_call 2 37 "$finish" {0 0 0};
    %end;
    .thread T_2;
# The file index is used to find the file name in the following table.
:file_names 4;
    "N/A";
    "<interactive>";
    "tb_uart_tx.v";
    "uart_tx.v";
