#! /usr/bin/vvp
:ivl_version "12.0 (stable)";
:ivl_delay_selection "TYPICAL";
:vpi_time_precision + 0;
:vpi_module "/usr/lib/x86_64-linux-gnu/ivl/system.vpi";
:vpi_module "/usr/lib/x86_64-linux-gnu/ivl/vhdl_sys.vpi";
:vpi_module "/usr/lib/x86_64-linux-gnu/ivl/vhdl_textio.vpi";
:vpi_module "/usr/lib/x86_64-linux-gnu/ivl/v2005_math.vpi";
:vpi_module "/usr/lib/x86_64-linux-gnu/ivl/va_math.vpi";
S_0x65433486ae80 .scope module, "tb_full_adder" "tb_full_adder" 2 1;
 .timescale 0 0;
v0x654334881e90_0 .var "a", 0 0;
v0x654334881f50_0 .var "b", 0 0;
v0x654334882020_0 .var "cin", 0 0;
v0x654334882120_0 .net "cout", 0 0, L_0x6543348828d0;  1 drivers
v0x6543348821f0_0 .net "sum", 0 0, L_0x6543348823d0;  1 drivers
S_0x65433486b010 .scope module, "uut" "full_adder" 2 6, 3 1 0, S_0x65433486ae80;
 .timescale 0 0;
    .port_info 0 /INPUT 1 "a";
    .port_info 1 /INPUT 1 "b";
    .port_info 2 /INPUT 1 "cin";
    .port_info 3 /OUTPUT 1 "sum";
    .port_info 4 /OUTPUT 1 "cout";
L_0x654334882290 .functor XOR 1, v0x654334881e90_0, v0x654334881f50_0, C4<0>, C4<0>;
L_0x6543348823d0 .functor XOR 1, L_0x654334882290, v0x654334882020_0, C4<0>, C4<0>;
L_0x654334882530 .functor AND 1, v0x654334881e90_0, v0x654334881f50_0, C4<1>, C4<1>;
L_0x6543348825a0 .functor AND 1, v0x654334881f50_0, v0x654334882020_0, C4<1>, C4<1>;
L_0x654334882640 .functor OR 1, L_0x654334882530, L_0x6543348825a0, C4<0>, C4<0>;
L_0x654334882700 .functor AND 1, v0x654334881e90_0, v0x654334882020_0, C4<1>, C4<1>;
L_0x6543348828d0 .functor OR 1, L_0x654334882640, L_0x654334882700, C4<0>, C4<0>;
v0x65433486b1f0_0 .net *"_ivl_0", 0 0, L_0x654334882290;  1 drivers
v0x654334881680_0 .net *"_ivl_10", 0 0, L_0x654334882700;  1 drivers
v0x654334881760_0 .net *"_ivl_4", 0 0, L_0x654334882530;  1 drivers
v0x654334881820_0 .net *"_ivl_6", 0 0, L_0x6543348825a0;  1 drivers
v0x654334881900_0 .net *"_ivl_8", 0 0, L_0x654334882640;  1 drivers
v0x654334881a30_0 .net "a", 0 0, v0x654334881e90_0;  1 drivers
v0x654334881af0_0 .net "b", 0 0, v0x654334881f50_0;  1 drivers
v0x654334881bb0_0 .net "cin", 0 0, v0x654334882020_0;  1 drivers
v0x654334881c70_0 .net "cout", 0 0, L_0x6543348828d0;  alias, 1 drivers
v0x654334881d30_0 .net "sum", 0 0, L_0x6543348823d0;  alias, 1 drivers
    .scope S_0x65433486ae80;
T_0 ;
    %vpi_call 2 15 "$dumpfile", "full_adder.vcd" {0 0 0};
    %vpi_call 2 16 "$dumpvars", 32'sb00000000000000000000000000000000, S_0x65433486ae80 {0 0 0};
    %pushi/vec4 0, 0, 1;
    %store/vec4 v0x654334881e90_0, 0, 1;
    %pushi/vec4 0, 0, 1;
    %store/vec4 v0x654334881f50_0, 0, 1;
    %pushi/vec4 0, 0, 1;
    %store/vec4 v0x654334882020_0, 0, 1;
    %delay 10, 0;
    %pushi/vec4 0, 0, 1;
    %store/vec4 v0x654334881e90_0, 0, 1;
    %pushi/vec4 0, 0, 1;
    %store/vec4 v0x654334881f50_0, 0, 1;
    %pushi/vec4 1, 0, 1;
    %store/vec4 v0x654334882020_0, 0, 1;
    %delay 10, 0;
    %pushi/vec4 0, 0, 1;
    %store/vec4 v0x654334881e90_0, 0, 1;
    %pushi/vec4 1, 0, 1;
    %store/vec4 v0x654334881f50_0, 0, 1;
    %pushi/vec4 0, 0, 1;
    %store/vec4 v0x654334882020_0, 0, 1;
    %delay 10, 0;
    %pushi/vec4 0, 0, 1;
    %store/vec4 v0x654334881e90_0, 0, 1;
    %pushi/vec4 1, 0, 1;
    %store/vec4 v0x654334881f50_0, 0, 1;
    %pushi/vec4 1, 0, 1;
    %store/vec4 v0x654334882020_0, 0, 1;
    %delay 10, 0;
    %pushi/vec4 1, 0, 1;
    %store/vec4 v0x654334881e90_0, 0, 1;
    %pushi/vec4 0, 0, 1;
    %store/vec4 v0x654334881f50_0, 0, 1;
    %pushi/vec4 0, 0, 1;
    %store/vec4 v0x654334882020_0, 0, 1;
    %delay 10, 0;
    %pushi/vec4 1, 0, 1;
    %store/vec4 v0x654334881e90_0, 0, 1;
    %pushi/vec4 0, 0, 1;
    %store/vec4 v0x654334881f50_0, 0, 1;
    %pushi/vec4 1, 0, 1;
    %store/vec4 v0x654334882020_0, 0, 1;
    %delay 10, 0;
    %pushi/vec4 1, 0, 1;
    %store/vec4 v0x654334881e90_0, 0, 1;
    %pushi/vec4 1, 0, 1;
    %store/vec4 v0x654334881f50_0, 0, 1;
    %pushi/vec4 0, 0, 1;
    %store/vec4 v0x654334882020_0, 0, 1;
    %delay 10, 0;
    %pushi/vec4 1, 0, 1;
    %store/vec4 v0x654334881e90_0, 0, 1;
    %pushi/vec4 1, 0, 1;
    %store/vec4 v0x654334881f50_0, 0, 1;
    %pushi/vec4 1, 0, 1;
    %store/vec4 v0x654334882020_0, 0, 1;
    %delay 10, 0;
    %end;
    .thread T_0;
# The file index is used to find the file name in the following table.
:file_names 4;
    "N/A";
    "<interactive>";
    "tb_full_adder.v";
    "full_adder.v";
