
===========================================================================
 report_power
============================================================================
======================= Fastest Corner ===================================

Group                  Internal  Switching    Leakage      Total
                          Power      Power      Power      Power (Watts)
----------------------------------------------------------------
Sequential             1.14e-04   3.55e-05   1.23e-07   1.50e-04  32.5%
Combinational          1.82e-04   1.29e-04   2.31e-09   3.11e-04  67.5%
Macro                  0.00e+00   0.00e+00   0.00e+00   0.00e+00   0.0%
Pad                    0.00e+00   0.00e+00   0.00e+00   0.00e+00   0.0%
----------------------------------------------------------------
Total                  2.96e-04   1.65e-04   1.25e-07   4.61e-04 100.0%
                          64.3%      35.7%       0.0%

======================= Slowest Corner ===================================

Group                  Internal  Switching    Leakage      Total
                          Power      Power      Power      Power (Watts)
----------------------------------------------------------------
Sequential             7.77e-05   2.30e-05   6.06e-07   1.01e-04  32.0%
Combinational          1.30e-04   8.44e-05   9.55e-07   2.15e-04  68.0%
Macro                  0.00e+00   0.00e+00   0.00e+00   0.00e+00   0.0%
Pad                    0.00e+00   0.00e+00   0.00e+00   0.00e+00   0.0%
----------------------------------------------------------------
Total                  2.07e-04   1.07e-04   1.56e-06   3.16e-04 100.0%
                          65.5%      34.0%       0.5%

======================= Typical Corner ===================================

Group                  Internal  Switching    Leakage      Total
                          Power      Power      Power      Power (Watts)
----------------------------------------------------------------
Sequential             9.93e-05   2.96e-05   1.22e-07   1.29e-04  32.4%
Combinational          1.60e-04   1.08e-04   1.13e-09   2.69e-04  67.6%
Macro                  0.00e+00   0.00e+00   0.00e+00   0.00e+00   0.0%
Pad                    0.00e+00   0.00e+00   0.00e+00   0.00e+00   0.0%
----------------------------------------------------------------
Total                  2.60e-04   1.38e-04   1.24e-07   3.98e-04 100.0%
                          65.3%      34.7%       0.0%

