
===========================================================================
report_checks -path_delay max (Setup)
============================================================================
======================= Typical Corner ===================================

Startpoint: _44_ (rising edge-triggered flip-flop clocked by clk)
Endpoint: count[0] (output port clocked by clk)
Path Group: clk
Path Type: max

Fanout     Cap    Slew   Delay    Time   Description
-----------------------------------------------------------------------------
                  0.15    0.00    0.00   clock clk (rise edge)
                          0.00    0.00   clock network delay (ideal)
                  0.15    0.00    0.00 ^ _44_/CLK (sky130_fd_sc_hd__dfrtp_2)
                  0.27    0.58    0.58 ^ _44_/Q (sky130_fd_sc_hd__dfrtp_2)
     6    0.06                           count[0] (net)
                  0.27    0.00    0.58 ^ count[0] (out)
                                  0.58   data arrival time

                  0.15   10.00   10.00   clock clk (rise edge)
                          0.00   10.00   clock network delay (ideal)
                         -0.25    9.75   clock uncertainty
                          0.00    9.75   clock reconvergence pessimism
                         -2.00    7.75   output external delay
                                  7.75   data required time
-----------------------------------------------------------------------------
                                  7.75   data required time
                                 -0.58   data arrival time
-----------------------------------------------------------------------------
                                  7.17   slack (MET)


Startpoint: _48_ (rising edge-triggered flip-flop clocked by clk)
Endpoint: count[4] (output port clocked by clk)
Path Group: clk
Path Type: max

Fanout     Cap    Slew   Delay    Time   Description
-----------------------------------------------------------------------------
                  0.15    0.00    0.00   clock clk (rise edge)
                          0.00    0.00   clock network delay (ideal)
                  0.15    0.00    0.00 ^ _48_/CLK (sky130_fd_sc_hd__dfrtp_2)
                  0.25    0.57    0.57 ^ _48_/Q (sky130_fd_sc_hd__dfrtp_2)
     5    0.05                           count[4] (net)
                  0.25    0.00    0.57 ^ count[4] (out)
                                  0.57   data arrival time

                  0.15   10.00   10.00   clock clk (rise edge)
                          0.00   10.00   clock network delay (ideal)
                         -0.25    9.75   clock uncertainty
                          0.00    9.75   clock reconvergence pessimism
                         -2.00    7.75   output external delay
                                  7.75   data required time
-----------------------------------------------------------------------------
                                  7.75   data required time
                                 -0.57   data arrival time
-----------------------------------------------------------------------------
                                  7.18   slack (MET)


Startpoint: _45_ (rising edge-triggered flip-flop clocked by clk)
Endpoint: count[1] (output port clocked by clk)
Path Group: clk
Path Type: max

Fanout     Cap    Slew   Delay    Time   Description
-----------------------------------------------------------------------------
                  0.15    0.00    0.00   clock clk (rise edge)
                          0.00    0.00   clock network delay (ideal)
                  0.15    0.00    0.00 ^ _45_/CLK (sky130_fd_sc_hd__dfrtp_2)
                  0.25    0.57    0.57 ^ _45_/Q (sky130_fd_sc_hd__dfrtp_2)
     5    0.05                           count[1] (net)
                  0.25    0.00    0.57 ^ count[1] (out)
                                  0.57   data arrival time

                  0.15   10.00   10.00   clock clk (rise edge)
                          0.00   10.00   clock network delay (ideal)
                         -0.25    9.75   clock uncertainty
                          0.00    9.75   clock reconvergence pessimism
                         -2.00    7.75   output external delay
                                  7.75   data required time
-----------------------------------------------------------------------------
                                  7.75   data required time
                                 -0.57   data arrival time
-----------------------------------------------------------------------------
                                  7.18   slack (MET)


Startpoint: _50_ (rising edge-triggered flip-flop clocked by clk)
Endpoint: count[6] (output port clocked by clk)
Path Group: clk
Path Type: max

Fanout     Cap    Slew   Delay    Time   Description
-----------------------------------------------------------------------------
                  0.15    0.00    0.00   clock clk (rise edge)
                          0.00    0.00   clock network delay (ideal)
                  0.15    0.00    0.00 ^ _50_/CLK (sky130_fd_sc_hd__dfrtp_2)
                  0.13    0.55    0.55 v _50_/Q (sky130_fd_sc_hd__dfrtp_2)
     3    0.04                           count[6] (net)
                  0.13    0.00    0.55 v count[6] (out)
                                  0.55   data arrival time

                  0.15   10.00   10.00   clock clk (rise edge)
                          0.00   10.00   clock network delay (ideal)
                         -0.25    9.75   clock uncertainty
                          0.00    9.75   clock reconvergence pessimism
                         -2.00    7.75   output external delay
                                  7.75   data required time
-----------------------------------------------------------------------------
                                  7.75   data required time
                                 -0.55   data arrival time
-----------------------------------------------------------------------------
                                  7.20   slack (MET)


Startpoint: _51_ (rising edge-triggered flip-flop clocked by clk)
Endpoint: count[7] (output port clocked by clk)
Path Group: clk
Path Type: max

Fanout     Cap    Slew   Delay    Time   Description
-----------------------------------------------------------------------------
                  0.15    0.00    0.00   clock clk (rise edge)
                          0.00    0.00   clock network delay (ideal)
                  0.15    0.00    0.00 ^ _51_/CLK (sky130_fd_sc_hd__dfrtp_2)
                  0.13    0.55    0.55 v _51_/Q (sky130_fd_sc_hd__dfrtp_2)
     2    0.04                           count[7] (net)
                  0.13    0.00    0.55 v count[7] (out)
                                  0.55   data arrival time

                  0.15   10.00   10.00   clock clk (rise edge)
                          0.00   10.00   clock network delay (ideal)
                         -0.25    9.75   clock uncertainty
                          0.00    9.75   clock reconvergence pessimism
                         -2.00    7.75   output external delay
                                  7.75   data required time
-----------------------------------------------------------------------------
                                  7.75   data required time
                                 -0.55   data arrival time
-----------------------------------------------------------------------------
                                  7.20   slack (MET)


Startpoint: _49_ (rising edge-triggered flip-flop clocked by clk)
Endpoint: count[5] (output port clocked by clk)
Path Group: clk
Path Type: max

Fanout     Cap    Slew   Delay    Time   Description
-----------------------------------------------------------------------------
                  0.15    0.00    0.00   clock clk (rise edge)
                          0.00    0.00   clock network delay (ideal)
                  0.15    0.00    0.00 ^ _49_/CLK (sky130_fd_sc_hd__dfrtp_2)
                  0.12    0.55    0.55 v _49_/Q (sky130_fd_sc_hd__dfrtp_2)
     4    0.04                           count[5] (net)
                  0.12    0.00    0.55 v count[5] (out)
                                  0.55   data arrival time

                  0.15   10.00   10.00   clock clk (rise edge)
                          0.00   10.00   clock network delay (ideal)
                         -0.25    9.75   clock uncertainty
                          0.00    9.75   clock reconvergence pessimism
                         -2.00    7.75   output external delay
                                  7.75   data required time
-----------------------------------------------------------------------------
                                  7.75   data required time
                                 -0.55   data arrival time
-----------------------------------------------------------------------------
                                  7.20   slack (MET)


Startpoint: _46_ (rising edge-triggered flip-flop clocked by clk)
Endpoint: count[2] (output port clocked by clk)
Path Group: clk
Path Type: max

Fanout     Cap    Slew   Delay    Time   Description
-----------------------------------------------------------------------------
                  0.15    0.00    0.00   clock clk (rise edge)
                          0.00    0.00   clock network delay (ideal)
                  0.15    0.00    0.00 ^ _46_/CLK (sky130_fd_sc_hd__dfrtp_2)
                  0.12    0.55    0.55 v _46_/Q (sky130_fd_sc_hd__dfrtp_2)
     4    0.04                           count[2] (net)
                  0.12    0.00    0.55 v count[2] (out)
                                  0.55   data arrival time

                  0.15   10.00   10.00   clock clk (rise edge)
                          0.00   10.00   clock network delay (ideal)
                         -0.25    9.75   clock uncertainty
                          0.00    9.75   clock reconvergence pessimism
                         -2.00    7.75   output external delay
                                  7.75   data required time
-----------------------------------------------------------------------------
                                  7.75   data required time
                                 -0.55   data arrival time
-----------------------------------------------------------------------------
                                  7.20   slack (MET)


Startpoint: _47_ (rising edge-triggered flip-flop clocked by clk)
Endpoint: count[3] (output port clocked by clk)
Path Group: clk
Path Type: max

Fanout     Cap    Slew   Delay    Time   Description
-----------------------------------------------------------------------------
                  0.15    0.00    0.00   clock clk (rise edge)
                          0.00    0.00   clock network delay (ideal)
                  0.15    0.00    0.00 ^ _47_/CLK (sky130_fd_sc_hd__dfrtp_2)
                  0.12    0.54    0.54 v _47_/Q (sky130_fd_sc_hd__dfrtp_2)
     3    0.04                           count[3] (net)
                  0.12    0.00    0.54 v count[3] (out)
                                  0.54   data arrival time

                  0.15   10.00   10.00   clock clk (rise edge)
                          0.00   10.00   clock network delay (ideal)
                         -0.25    9.75   clock uncertainty
                          0.00    9.75   clock reconvergence pessimism
                         -2.00    7.75   output external delay
                                  7.75   data required time
-----------------------------------------------------------------------------
                                  7.75   data required time
                                 -0.54   data arrival time
-----------------------------------------------------------------------------
                                  7.21   slack (MET)


Startpoint: reset (input port clocked by clk)
Endpoint: _44_ (recovery check against rising-edge clock clk)
Path Group: asynchronous
Path Type: max

Fanout     Cap    Slew   Delay    Time   Description
-----------------------------------------------------------------------------
                  0.15    0.00    0.00   clock clk (rise edge)
                          0.00    0.00   clock network delay (ideal)
                          2.00    2.00 v input external delay
                  0.08    0.06    2.06 v reset (in)
     8    0.03                           reset (net)
                  0.08    0.00    2.06 v _36_/A (sky130_fd_sc_hd__inv_2)
                  0.03    0.06    2.11 ^ _36_/Y (sky130_fd_sc_hd__inv_2)
     1    0.00                           _08_ (net)
                  0.03    0.00    2.11 ^ _44_/RESET_B (sky130_fd_sc_hd__dfrtp_2)
                                  2.11   data arrival time

                  0.15   10.00   10.00   clock clk (rise edge)
                          0.00   10.00   clock network delay (ideal)
                         -0.25    9.75   clock uncertainty
                          0.00    9.75   clock reconvergence pessimism
                                  9.75 ^ _44_/CLK (sky130_fd_sc_hd__dfrtp_2)
                          0.26   10.01   library recovery time
                                 10.01   data required time
-----------------------------------------------------------------------------
                                 10.01   data required time
                                 -2.11   data arrival time
-----------------------------------------------------------------------------
                                  7.89   slack (MET)


Startpoint: reset (input port clocked by clk)
Endpoint: _45_ (recovery check against rising-edge clock clk)
Path Group: asynchronous
Path Type: max

Fanout     Cap    Slew   Delay    Time   Description
-----------------------------------------------------------------------------
                  0.15    0.00    0.00   clock clk (rise edge)
                          0.00    0.00   clock network delay (ideal)
                          2.00    2.00 v input external delay
                  0.08    0.06    2.06 v reset (in)
     8    0.03                           reset (net)
                  0.08    0.00    2.06 v _37_/A (sky130_fd_sc_hd__inv_2)
                  0.03    0.06    2.11 ^ _37_/Y (sky130_fd_sc_hd__inv_2)
     1    0.00                           _09_ (net)
                  0.03    0.00    2.11 ^ _45_/RESET_B (sky130_fd_sc_hd__dfrtp_2)
                                  2.11   data arrival time

                  0.15   10.00   10.00   clock clk (rise edge)
                          0.00   10.00   clock network delay (ideal)
                         -0.25    9.75   clock uncertainty
                          0.00    9.75   clock reconvergence pessimism
                                  9.75 ^ _45_/CLK (sky130_fd_sc_hd__dfrtp_2)
                          0.26   10.01   library recovery time
                                 10.01   data required time
-----------------------------------------------------------------------------
                                 10.01   data required time
                                 -2.11   data arrival time
-----------------------------------------------------------------------------
                                  7.89   slack (MET)


Startpoint: reset (input port clocked by clk)
Endpoint: _46_ (recovery check against rising-edge clock clk)
Path Group: asynchronous
Path Type: max

Fanout     Cap    Slew   Delay    Time   Description
-----------------------------------------------------------------------------
                  0.15    0.00    0.00   clock clk (rise edge)
                          0.00    0.00   clock network delay (ideal)
                          2.00    2.00 v input external delay
                  0.08    0.06    2.06 v reset (in)
     8    0.03                           reset (net)
                  0.08    0.00    2.06 v _38_/A (sky130_fd_sc_hd__inv_2)
                  0.03    0.06    2.11 ^ _38_/Y (sky130_fd_sc_hd__inv_2)
     1    0.00                           _10_ (net)
                  0.03    0.00    2.11 ^ _46_/RESET_B (sky130_fd_sc_hd__dfrtp_2)
                                  2.11   data arrival time

                  0.15   10.00   10.00   clock clk (rise edge)
                          0.00   10.00   clock network delay (ideal)
                         -0.25    9.75   clock uncertainty
                          0.00    9.75   clock reconvergence pessimism
                                  9.75 ^ _46_/CLK (sky130_fd_sc_hd__dfrtp_2)
                          0.26   10.01   library recovery time
                                 10.01   data required time
-----------------------------------------------------------------------------
                                 10.01   data required time
                                 -2.11   data arrival time
-----------------------------------------------------------------------------
                                  7.89   slack (MET)


Startpoint: reset (input port clocked by clk)
Endpoint: _47_ (recovery check against rising-edge clock clk)
Path Group: asynchronous
Path Type: max

Fanout     Cap    Slew   Delay    Time   Description
-----------------------------------------------------------------------------
                  0.15    0.00    0.00   clock clk (rise edge)
                          0.00    0.00   clock network delay (ideal)
                          2.00    2.00 v input external delay
                  0.08    0.06    2.06 v reset (in)
     8    0.03                           reset (net)
                  0.08    0.00    2.06 v _39_/A (sky130_fd_sc_hd__inv_2)
                  0.03    0.06    2.11 ^ _39_/Y (sky130_fd_sc_hd__inv_2)
     1    0.00                           _11_ (net)
                  0.03    0.00    2.11 ^ _47_/RESET_B (sky130_fd_sc_hd__dfrtp_2)
                                  2.11   data arrival time

                  0.15   10.00   10.00   clock clk (rise edge)
                          0.00   10.00   clock network delay (ideal)
                         -0.25    9.75   clock uncertainty
                          0.00    9.75   clock reconvergence pessimism
                                  9.75 ^ _47_/CLK (sky130_fd_sc_hd__dfrtp_2)
                          0.26   10.01   library recovery time
                                 10.01   data required time
-----------------------------------------------------------------------------
                                 10.01   data required time
                                 -2.11   data arrival time
-----------------------------------------------------------------------------
                                  7.89   slack (MET)


Startpoint: reset (input port clocked by clk)
Endpoint: _48_ (recovery check against rising-edge clock clk)
Path Group: asynchronous
Path Type: max

Fanout     Cap    Slew   Delay    Time   Description
-----------------------------------------------------------------------------
                  0.15    0.00    0.00   clock clk (rise edge)
                          0.00    0.00   clock network delay (ideal)
                          2.00    2.00 v input external delay
                  0.08    0.06    2.06 v reset (in)
     8    0.03                           reset (net)
                  0.08    0.00    2.06 v _40_/A (sky130_fd_sc_hd__inv_2)
                  0.03    0.06    2.11 ^ _40_/Y (sky130_fd_sc_hd__inv_2)
     1    0.00                           _12_ (net)
                  0.03    0.00    2.11 ^ _48_/RESET_B (sky130_fd_sc_hd__dfrtp_2)
                                  2.11   data arrival time

                  0.15   10.00   10.00   clock clk (rise edge)
                          0.00   10.00   clock network delay (ideal)
                         -0.25    9.75   clock uncertainty
                          0.00    9.75   clock reconvergence pessimism
                                  9.75 ^ _48_/CLK (sky130_fd_sc_hd__dfrtp_2)
                          0.26   10.01   library recovery time
                                 10.01   data required time
-----------------------------------------------------------------------------
                                 10.01   data required time
                                 -2.11   data arrival time
-----------------------------------------------------------------------------
                                  7.89   slack (MET)


Startpoint: reset (input port clocked by clk)
Endpoint: _49_ (recovery check against rising-edge clock clk)
Path Group: asynchronous
Path Type: max

Fanout     Cap    Slew   Delay    Time   Description
-----------------------------------------------------------------------------
                  0.15    0.00    0.00   clock clk (rise edge)
                          0.00    0.00   clock network delay (ideal)
                          2.00    2.00 v input external delay
                  0.08    0.06    2.06 v reset (in)
     8    0.03                           reset (net)
                  0.08    0.00    2.06 v _41_/A (sky130_fd_sc_hd__inv_2)
                  0.03    0.06    2.11 ^ _41_/Y (sky130_fd_sc_hd__inv_2)
     1    0.00                           _13_ (net)
                  0.03    0.00    2.11 ^ _49_/RESET_B (sky130_fd_sc_hd__dfrtp_2)
                                  2.11   data arrival time

                  0.15   10.00   10.00   clock clk (rise edge)
                          0.00   10.00   clock network delay (ideal)
                         -0.25    9.75   clock uncertainty
                          0.00    9.75   clock reconvergence pessimism
                                  9.75 ^ _49_/CLK (sky130_fd_sc_hd__dfrtp_2)
                          0.26   10.01   library recovery time
                                 10.01   data required time
-----------------------------------------------------------------------------
                                 10.01   data required time
                                 -2.11   data arrival time
-----------------------------------------------------------------------------
                                  7.89   slack (MET)


Startpoint: reset (input port clocked by clk)
Endpoint: _50_ (recovery check against rising-edge clock clk)
Path Group: asynchronous
Path Type: max

Fanout     Cap    Slew   Delay    Time   Description
-----------------------------------------------------------------------------
                  0.15    0.00    0.00   clock clk (rise edge)
                          0.00    0.00   clock network delay (ideal)
                          2.00    2.00 v input external delay
                  0.08    0.06    2.06 v reset (in)
     8    0.03                           reset (net)
                  0.08    0.00    2.06 v _42_/A (sky130_fd_sc_hd__inv_2)
                  0.03    0.06    2.11 ^ _42_/Y (sky130_fd_sc_hd__inv_2)
     1    0.00                           _14_ (net)
                  0.03    0.00    2.11 ^ _50_/RESET_B (sky130_fd_sc_hd__dfrtp_2)
                                  2.11   data arrival time

                  0.15   10.00   10.00   clock clk (rise edge)
                          0.00   10.00   clock network delay (ideal)
                         -0.25    9.75   clock uncertainty
                          0.00    9.75   clock reconvergence pessimism
                                  9.75 ^ _50_/CLK (sky130_fd_sc_hd__dfrtp_2)
                          0.26   10.01   library recovery time
                                 10.01   data required time
-----------------------------------------------------------------------------
                                 10.01   data required time
                                 -2.11   data arrival time
-----------------------------------------------------------------------------
                                  7.89   slack (MET)


Startpoint: reset (input port clocked by clk)
Endpoint: _51_ (recovery check against rising-edge clock clk)
Path Group: asynchronous
Path Type: max

Fanout     Cap    Slew   Delay    Time   Description
-----------------------------------------------------------------------------
                  0.15    0.00    0.00   clock clk (rise edge)
                          0.00    0.00   clock network delay (ideal)
                          2.00    2.00 v input external delay
                  0.08    0.06    2.06 v reset (in)
     8    0.03                           reset (net)
                  0.08    0.00    2.06 v _43_/A (sky130_fd_sc_hd__inv_2)
                  0.03    0.06    2.11 ^ _43_/Y (sky130_fd_sc_hd__inv_2)
     1    0.00                           _15_ (net)
                  0.03    0.00    2.11 ^ _51_/RESET_B (sky130_fd_sc_hd__dfrtp_2)
                                  2.11   data arrival time

                  0.15   10.00   10.00   clock clk (rise edge)
                          0.00   10.00   clock network delay (ideal)
                         -0.25    9.75   clock uncertainty
                          0.00    9.75   clock reconvergence pessimism
                                  9.75 ^ _51_/CLK (sky130_fd_sc_hd__dfrtp_2)
                          0.26   10.01   library recovery time
                                 10.01   data required time
-----------------------------------------------------------------------------
                                 10.01   data required time
                                 -2.11   data arrival time
-----------------------------------------------------------------------------
                                  7.89   slack (MET)


Startpoint: _44_ (rising edge-triggered flip-flop clocked by clk)
Endpoint: _51_ (rising edge-triggered flip-flop clocked by clk)
Path Group: clk
Path Type: max

Fanout     Cap    Slew   Delay    Time   Description
-----------------------------------------------------------------------------
                  0.15    0.00    0.00   clock clk (rise edge)
                          0.00    0.00   clock network delay (ideal)
                  0.15    0.00    0.00 ^ _44_/CLK (sky130_fd_sc_hd__dfrtp_2)
                  0.27    0.58    0.58 ^ _44_/Q (sky130_fd_sc_hd__dfrtp_2)
     6    0.06                           count[0] (net)
                  0.27    0.00    0.58 ^ _24_/A (sky130_fd_sc_hd__and4_2)
                  0.13    0.35    0.93 ^ _24_/X (sky130_fd_sc_hd__and4_2)
     5    0.02                           _17_ (net)
                  0.13    0.00    0.93 ^ _31_/D (sky130_fd_sc_hd__and4_2)
                  0.08    0.27    1.20 ^ _31_/X (sky130_fd_sc_hd__and4_2)
     1    0.01                           _20_ (net)
                  0.08    0.00    1.20 ^ _32_/B (sky130_fd_sc_hd__xor2_2)
                  0.08    0.12    1.33 ^ _32_/X (sky130_fd_sc_hd__xor2_2)
     1    0.00                           _07_ (net)
                  0.08    0.00    1.33 ^ _51_/D (sky130_fd_sc_hd__dfrtp_2)
                                  1.33   data arrival time

                  0.15   10.00   10.00   clock clk (rise edge)
                          0.00   10.00   clock network delay (ideal)
                         -0.25    9.75   clock uncertainty
                          0.00    9.75   clock reconvergence pessimism
                                  9.75 ^ _51_/CLK (sky130_fd_sc_hd__dfrtp_2)
                         -0.06    9.69   library setup time
                                  9.69   data required time
-----------------------------------------------------------------------------
                                  9.69   data required time
                                 -1.33   data arrival time
-----------------------------------------------------------------------------
                                  8.36   slack (MET)


Startpoint: _44_ (rising edge-triggered flip-flop clocked by clk)
Endpoint: _50_ (rising edge-triggered flip-flop clocked by clk)
Path Group: clk
Path Type: max

Fanout     Cap    Slew   Delay    Time   Description
-----------------------------------------------------------------------------
                  0.15    0.00    0.00   clock clk (rise edge)
                          0.00    0.00   clock network delay (ideal)
                  0.15    0.00    0.00 ^ _44_/CLK (sky130_fd_sc_hd__dfrtp_2)
                  0.27    0.58    0.58 ^ _44_/Q (sky130_fd_sc_hd__dfrtp_2)
     6    0.06                           count[0] (net)
                  0.27    0.00    0.58 ^ _24_/A (sky130_fd_sc_hd__and4_2)
                  0.13    0.35    0.93 ^ _24_/X (sky130_fd_sc_hd__and4_2)
     5    0.02                           _17_ (net)
                  0.13    0.00    0.93 ^ _27_/C (sky130_fd_sc_hd__and3_2)
                  0.09    0.25    1.18 ^ _27_/X (sky130_fd_sc_hd__and3_2)
     2    0.01                           _18_ (net)
                  0.09    0.00    1.18 ^ _30_/B (sky130_fd_sc_hd__xor2_2)
                  0.08    0.13    1.30 ^ _30_/X (sky130_fd_sc_hd__xor2_2)
     1    0.00                           _06_ (net)
                  0.08    0.00    1.30 ^ _50_/D (sky130_fd_sc_hd__dfrtp_2)
                                  1.30   data arrival time

                  0.15   10.00   10.00   clock clk (rise edge)
                          0.00   10.00   clock network delay (ideal)
                         -0.25    9.75   clock uncertainty
                          0.00    9.75   clock reconvergence pessimism
                                  9.75 ^ _50_/CLK (sky130_fd_sc_hd__dfrtp_2)
                         -0.06    9.69   library setup time
                                  9.69   data required time
-----------------------------------------------------------------------------
                                  9.69   data required time
                                 -1.30   data arrival time
-----------------------------------------------------------------------------
                                  8.39   slack (MET)


Startpoint: _44_ (rising edge-triggered flip-flop clocked by clk)
Endpoint: _49_ (rising edge-triggered flip-flop clocked by clk)
Path Group: clk
Path Type: max

Fanout     Cap    Slew   Delay    Time   Description
-----------------------------------------------------------------------------
                  0.15    0.00    0.00   clock clk (rise edge)
                          0.00    0.00   clock network delay (ideal)
                  0.15    0.00    0.00 ^ _44_/CLK (sky130_fd_sc_hd__dfrtp_2)
                  0.27    0.58    0.58 ^ _44_/Q (sky130_fd_sc_hd__dfrtp_2)
     6    0.06                           count[0] (net)
                  0.27    0.00    0.58 ^ _24_/A (sky130_fd_sc_hd__and4_2)
                  0.13    0.35    0.93 ^ _24_/X (sky130_fd_sc_hd__and4_2)
     5    0.02                           _17_ (net)
                  0.13    0.00    0.93 ^ _27_/C (sky130_fd_sc_hd__and3_2)
                  0.09    0.25    1.18 ^ _27_/X (sky130_fd_sc_hd__and3_2)
     2    0.01                           _18_ (net)
                  0.09    0.00    1.18 ^ _29_/A (sky130_fd_sc_hd__nor2_2)
                  0.03    0.04    1.22 v _29_/Y (sky130_fd_sc_hd__nor2_2)
     1    0.00                           _05_ (net)
                  0.03    0.00    1.22 v _49_/D (sky130_fd_sc_hd__dfrtp_2)
                                  1.22   data arrival time

                  0.15   10.00   10.00   clock clk (rise edge)
                          0.00   10.00   clock network delay (ideal)
                         -0.25    9.75   clock uncertainty
                          0.00    9.75   clock reconvergence pessimism
                                  9.75 ^ _49_/CLK (sky130_fd_sc_hd__dfrtp_2)
                         -0.08    9.67   library setup time
                                  9.67   data required time
-----------------------------------------------------------------------------
                                  9.67   data required time
                                 -1.22   data arrival time
-----------------------------------------------------------------------------
                                  8.44   slack (MET)


Startpoint: _44_ (rising edge-triggered flip-flop clocked by clk)
Endpoint: _47_ (rising edge-triggered flip-flop clocked by clk)
Path Group: clk
Path Type: max

Fanout     Cap    Slew   Delay    Time   Description
-----------------------------------------------------------------------------
                  0.15    0.00    0.00   clock clk (rise edge)
                          0.00    0.00   clock network delay (ideal)
                  0.15    0.00    0.00 ^ _44_/CLK (sky130_fd_sc_hd__dfrtp_2)
                  0.27    0.58    0.58 ^ _44_/Q (sky130_fd_sc_hd__dfrtp_2)
     6    0.06                           count[0] (net)
                  0.27    0.00    0.58 ^ _24_/A (sky130_fd_sc_hd__and4_2)
                  0.13    0.35    0.93 ^ _24_/X (sky130_fd_sc_hd__and4_2)
     5    0.02                           _17_ (net)
                  0.13    0.00    0.93 ^ _25_/B1_N (sky130_fd_sc_hd__o21ba_2)
                  0.03    0.18    1.11 v _25_/X (sky130_fd_sc_hd__o21ba_2)
     1    0.00                           _03_ (net)
                  0.03    0.00    1.11 v _47_/D (sky130_fd_sc_hd__dfrtp_2)
                                  1.11   data arrival time

                  0.15   10.00   10.00   clock clk (rise edge)
                          0.00   10.00   clock network delay (ideal)
                         -0.25    9.75   clock uncertainty
                          0.00    9.75   clock reconvergence pessimism
                                  9.75 ^ _47_/CLK (sky130_fd_sc_hd__dfrtp_2)
                         -0.09    9.66   library setup time
                                  9.66   data required time
-----------------------------------------------------------------------------
                                  9.66   data required time
                                 -1.11   data arrival time
-----------------------------------------------------------------------------
                                  8.56   slack (MET)


Startpoint: _44_ (rising edge-triggered flip-flop clocked by clk)
Endpoint: _48_ (rising edge-triggered flip-flop clocked by clk)
Path Group: clk
Path Type: max

Fanout     Cap    Slew   Delay    Time   Description
-----------------------------------------------------------------------------
                  0.15    0.00    0.00   clock clk (rise edge)
                          0.00    0.00   clock network delay (ideal)
                  0.15    0.00    0.00 ^ _44_/CLK (sky130_fd_sc_hd__dfrtp_2)
                  0.27    0.58    0.58 ^ _44_/Q (sky130_fd_sc_hd__dfrtp_2)
     6    0.06                           count[0] (net)
                  0.27    0.00    0.58 ^ _24_/A (sky130_fd_sc_hd__and4_2)
                  0.13    0.35    0.93 ^ _24_/X (sky130_fd_sc_hd__and4_2)
     5    0.02                           _17_ (net)
                  0.13    0.00    0.93 ^ _26_/B (sky130_fd_sc_hd__xor2_2)
                  0.08    0.13    1.06 ^ _26_/X (sky130_fd_sc_hd__xor2_2)
     1    0.00                           _04_ (net)
                  0.08    0.00    1.06 ^ _48_/D (sky130_fd_sc_hd__dfrtp_2)
                                  1.06   data arrival time

                  0.15   10.00   10.00   clock clk (rise edge)
                          0.00   10.00   clock network delay (ideal)
                         -0.25    9.75   clock uncertainty
                          0.00    9.75   clock reconvergence pessimism
                                  9.75 ^ _48_/CLK (sky130_fd_sc_hd__dfrtp_2)
                         -0.06    9.69   library setup time
                                  9.69   data required time
-----------------------------------------------------------------------------
                                  9.69   data required time
                                 -1.06   data arrival time
-----------------------------------------------------------------------------
                                  8.63   slack (MET)


Startpoint: _44_ (rising edge-triggered flip-flop clocked by clk)
Endpoint: _46_ (rising edge-triggered flip-flop clocked by clk)
Path Group: clk
Path Type: max

Fanout     Cap    Slew   Delay    Time   Description
-----------------------------------------------------------------------------
                  0.15    0.00    0.00   clock clk (rise edge)
                          0.00    0.00   clock network delay (ideal)
                  0.15    0.00    0.00 ^ _44_/CLK (sky130_fd_sc_hd__dfrtp_2)
                  0.27    0.58    0.58 ^ _44_/Q (sky130_fd_sc_hd__dfrtp_2)
     6    0.06                           count[0] (net)
                  0.27    0.00    0.58 ^ _23_/A (sky130_fd_sc_hd__and3_2)
                  0.07    0.26    0.84 ^ _23_/X (sky130_fd_sc_hd__and3_2)
     2    0.01                           _16_ (net)
                  0.07    0.00    0.84 ^ _35_/A (sky130_fd_sc_hd__nor2_2)
                  0.02    0.04    0.88 v _35_/Y (sky130_fd_sc_hd__nor2_2)
     1    0.00                           _02_ (net)
                  0.02    0.00    0.88 v _46_/D (sky130_fd_sc_hd__dfrtp_2)
                                  0.88   data arrival time

                  0.15   10.00   10.00   clock clk (rise edge)
                          0.00   10.00   clock network delay (ideal)
                         -0.25    9.75   clock uncertainty
                          0.00    9.75   clock reconvergence pessimism
                                  9.75 ^ _46_/CLK (sky130_fd_sc_hd__dfrtp_2)
                         -0.08    9.67   library setup time
                                  9.67   data required time
-----------------------------------------------------------------------------
                                  9.67   data required time
                                 -0.88   data arrival time
-----------------------------------------------------------------------------
                                  8.79   slack (MET)


Startpoint: _44_ (rising edge-triggered flip-flop clocked by clk)
Endpoint: _45_ (rising edge-triggered flip-flop clocked by clk)
Path Group: clk
Path Type: max

Fanout     Cap    Slew   Delay    Time   Description
-----------------------------------------------------------------------------
                  0.15    0.00    0.00   clock clk (rise edge)
                          0.00    0.00   clock network delay (ideal)
                  0.15    0.00    0.00 ^ _44_/CLK (sky130_fd_sc_hd__dfrtp_2)
                  0.15    0.57    0.57 v _44_/Q (sky130_fd_sc_hd__dfrtp_2)
     6    0.05                           count[0] (net)
                  0.15    0.00    0.57 v _33_/A (sky130_fd_sc_hd__xor2_2)
                  0.06    0.21    0.78 v _33_/X (sky130_fd_sc_hd__xor2_2)
     1    0.00                           _01_ (net)
                  0.06    0.00    0.78 v _45_/D (sky130_fd_sc_hd__dfrtp_2)
                                  0.78   data arrival time

                  0.15   10.00   10.00   clock clk (rise edge)
                          0.00   10.00   clock network delay (ideal)
                         -0.25    9.75   clock uncertainty
                          0.00    9.75   clock reconvergence pessimism
                                  9.75 ^ _45_/CLK (sky130_fd_sc_hd__dfrtp_2)
                         -0.10    9.65   library setup time
                                  9.65   data required time
-----------------------------------------------------------------------------
                                  9.65   data required time
                                 -0.78   data arrival time
-----------------------------------------------------------------------------
                                  8.87   slack (MET)


Startpoint: _44_ (rising edge-triggered flip-flop clocked by clk)
Endpoint: _44_ (rising edge-triggered flip-flop clocked by clk)
Path Group: clk
Path Type: max

Fanout     Cap    Slew   Delay    Time   Description
-----------------------------------------------------------------------------
                  0.15    0.00    0.00   clock clk (rise edge)
                          0.00    0.00   clock network delay (ideal)
                  0.15    0.00    0.00 ^ _44_/CLK (sky130_fd_sc_hd__dfrtp_2)
                  0.27    0.58    0.58 ^ _44_/Q (sky130_fd_sc_hd__dfrtp_2)
     6    0.06                           count[0] (net)
                  0.27    0.00    0.58 ^ _22_/A (sky130_fd_sc_hd__inv_2)
                  0.04    0.04    0.62 v _22_/Y (sky130_fd_sc_hd__inv_2)
     1    0.00                           _00_ (net)
                  0.04    0.00    0.62 v _44_/D (sky130_fd_sc_hd__dfrtp_2)
                                  0.62   data arrival time

                  0.15   10.00   10.00   clock clk (rise edge)
                          0.00   10.00   clock network delay (ideal)
                         -0.25    9.75   clock uncertainty
                          0.00    9.75   clock reconvergence pessimism
                                  9.75 ^ _44_/CLK (sky130_fd_sc_hd__dfrtp_2)
                         -0.09    9.66   library setup time
                                  9.66   data required time
-----------------------------------------------------------------------------
                                  9.66   data required time
                                 -0.62   data arrival time
-----------------------------------------------------------------------------
                                  9.04   slack (MET)



