
===========================================================================
 report_power
============================================================================
======================= Fastest Corner ===================================

Group                  Internal  Switching    Leakage      Total
                          Power      Power      Power      Power (Watts)
----------------------------------------------------------------
Sequential             4.61e-05   8.95e-06   3.78e-08   5.51e-05  26.9%
Combinational          9.23e-05   5.72e-05   7.27e-10   1.50e-04  73.1%
Macro                  0.00e+00   0.00e+00   0.00e+00   0.00e+00   0.0%
Pad                    0.00e+00   0.00e+00   0.00e+00   0.00e+00   0.0%
----------------------------------------------------------------
Total                  1.38e-04   6.62e-05   3.85e-08   2.05e-04 100.0%
                          67.6%      32.3%       0.0%

======================= Slowest Corner ===================================

Group                  Internal  Switching    Leakage      Total
                          Power      Power      Power      Power (Watts)
----------------------------------------------------------------
Sequential             3.10e-05   5.74e-06   1.51e-07   3.69e-05  26.4%
Combinational          6.50e-05   3.79e-05   2.61e-07   1.03e-04  73.6%
Macro                  0.00e+00   0.00e+00   0.00e+00   0.00e+00   0.0%
Pad                    0.00e+00   0.00e+00   0.00e+00   0.00e+00   0.0%
----------------------------------------------------------------
Total                  9.60e-05   4.36e-05   4.11e-07   1.40e-04 100.0%
                          68.6%      31.1%       0.3%

======================= Typical Corner ===================================

Group                  Internal  Switching    Leakage      Total
                          Power      Power      Power      Power (Watts)
----------------------------------------------------------------
Sequential             3.98e-05   7.42e-06   3.78e-08   4.73e-05  26.8%
Combinational          8.03e-05   4.84e-05   2.80e-10   1.29e-04  73.2%
Macro                  0.00e+00   0.00e+00   0.00e+00   0.00e+00   0.0%
Pad                    0.00e+00   0.00e+00   0.00e+00   0.00e+00   0.0%
----------------------------------------------------------------
Total                  1.20e-04   5.58e-05   3.80e-08   1.76e-04 100.0%
                          68.3%      31.7%       0.0%

