Instance name,  X location,  Y location,  Voltage 
_169_, 50.14, 70.72, 0.000220433
input7, 50.14, 70.72, 0.000220433
hold24, 50.14, 70.72, 0.000220433
hold28, 50.14, 70.72, 0.000220433
FILLER_0_22_85, 50.14, 70.72, 0.000220433
FILLER_0_22_93, 50.14, 70.72, 0.000220433
FILLER_0_22_104, 50.14, 70.72, 0.000220433
_234_, 50.14, 65.28, 0.000232042
hold27, 50.14, 65.28, 0.000232042
_163_, 50.14, 59.84, 0.000228562
_164_, 50.14, 59.84, 0.000228562
_165_, 50.14, 59.84, 0.000228562
_166_, 50.14, 59.84, 0.000228562
_167_, 50.14, 59.84, 0.000228562
_168_, 50.14, 59.84, 0.000228562
_190_, 50.14, 59.84, 0.000228562
FILLER_0_17_84, 50.14, 59.84, 0.000228562
FILLER_0_18_107, 50.14, 59.84, 0.000228562
_202_, 50.14, 54.4, 0.000209125
_243_, 50.14, 54.4, 0.000209125
FILLER_0_16_97, 50.14, 54.4, 0.000209125
FILLER_0_17_105, 50.14, 54.4, 0.000209125
_242_, 50.14, 48.96, 0.00021748
_245_, 50.14, 48.96, 0.00021748
hold8, 50.14, 48.96, 0.00021748
FILLER_0_13_88, 50.14, 48.96, 0.00021748
_171_, 50.14, 43.52, 0.000198828
_199_, 50.14, 43.52, 0.000198828
hold7, 50.14, 43.52, 0.000198828
hold17, 50.14, 43.52, 0.000198828
FILLER_0_11_93, 50.14, 43.52, 0.000198828
FILLER_0_12_85, 50.14, 43.52, 0.000198828
FILLER_0_12_93, 50.14, 43.52, 0.000198828
_116_, 50.14, 38.08, 0.000179169
_159_, 50.14, 38.08, 0.000179169
_160_, 50.14, 38.08, 0.000179169
_185_, 50.14, 38.08, 0.000179169
_238_, 50.14, 38.08, 0.000179169
hold6, 50.14, 38.08, 0.000179169
FILLER_0_9_88, 50.14, 38.08, 0.000179169
FILLER_0_10_88, 50.14, 38.08, 0.000179169
_145_, 50.14, 32.64, 0.000166779
_194_, 50.14, 32.64, 0.000166779
hold11, 50.14, 32.64, 0.000166779
FILLER_0_8_104, 50.14, 32.64, 0.000166779
_119_, 50.14, 27.2, 0.000186056
_126_, 50.14, 27.2, 0.000186056
_149_, 50.14, 27.2, 0.000186056
hold35, 50.14, 27.2, 0.000186056
FILLER_0_6_105, 50.14, 27.2, 0.000186056
FILLER_0_7_104, 50.14, 27.2, 0.000186056
_148_, 50.14, 21.76, 0.000177527
_182_, 50.14, 21.76, 0.000177527
_232_, 50.14, 21.76, 0.000177527
hold3, 50.14, 21.76, 0.000177527
FILLER_0_5_104, 50.14, 21.76, 0.000177527
_188_, 50.14, 16.32, 0.000157968
_189_, 50.14, 16.32, 0.000157968
FILLER_0_3_107, 50.14, 16.32, 0.000157968
input8, 50.14, 10.88, 0.000141756
FILLER_0_0_102, 50.14, 10.88, 0.000141756
input4, 25.14, 70.72, 0.000212508
hold16, 25.14, 70.72, 0.000212508
FILLER_0_22_53, 25.14, 70.72, 0.000212508
_179_, 25.14, 65.28, 0.000240739
_223_, 25.14, 65.28, 0.000240739
_259_, 25.14, 65.28, 0.000240739
FILLER_0_21_48, 25.14, 65.28, 0.000240739
_177_, 25.14, 59.84, 0.000227315
_225_, 25.14, 59.84, 0.000227315
_260_, 25.14, 59.84, 0.000227315
_257_, 25.14, 54.4, 0.00022218
hold23, 25.14, 54.4, 0.00022218
FILLER_0_17_53, 25.14, 54.4, 0.00022218
_214_, 25.14, 48.96, 0.000208551
_215_, 25.14, 48.96, 0.000208551
hold19, 25.14, 48.96, 0.000208551
FILLER_0_13_39, 25.14, 48.96, 0.000208551
FILLER_0_15_52, 25.14, 48.96, 0.000208551
_197_, 25.14, 43.52, 0.000181255
_248_, 25.14, 43.52, 0.000181255
FILLER_0_11_39, 25.14, 43.52, 0.000181255
FILLER_0_12_41, 25.14, 43.52, 0.000181255
FILLER_0_13_52, 25.14, 43.52, 0.000181255
_132_, 25.14, 38.08, 0.000155454
_209_, 25.14, 38.08, 0.000155454
_211_, 25.14, 38.08, 0.000155454
hold32, 25.14, 38.08, 0.000155454
FILLER_0_11_52, 25.14, 38.08, 0.000155454
_124_, 25.14, 32.64, 0.000160102
_131_, 25.14, 32.64, 0.000160102
_239_, 25.14, 32.64, 0.000160102
hold25, 25.14, 32.64, 0.000160102
_117_, 25.14, 27.2, 0.000183302
_123_, 25.14, 27.2, 0.000183302
_136_, 25.14, 27.2, 0.000183302
_139_, 25.14, 27.2, 0.000183302
_158_, 25.14, 27.2, 0.000183302
hold10, 25.14, 27.2, 0.000183302
FILLER_0_5_36, 25.14, 27.2, 0.000183302
FILLER_0_6_55, 25.14, 27.2, 0.000183302
FILLER_0_7_53, 25.14, 27.2, 0.000183302
_151_, 25.14, 21.76, 0.000172193
_152_, 25.14, 21.76, 0.000172193
_157_, 25.14, 21.76, 0.000172193
hold4, 25.14, 21.76, 0.000172193
hold26, 25.14, 21.76, 0.000172193
_231_, 25.14, 16.32, 0.00016362
hold29, 25.14, 16.32, 0.00016362
FILLER_0_2_32, 25.14, 16.32, 0.00016362
FILLER_0_3_53, 25.14, 16.32, 0.00016362
_122_, 25.14, 10.88, 0.00015052
_155_, 25.14, 10.88, 0.00015052
input3, 25.14, 10.88, 0.00015052
FILLER_0_0_41, 25.14, 10.88, 0.00015052
FILLER_0_0_49, 25.14, 10.88, 0.00015052
_221_, 5.52, 70.72, 0.000228464
PHY_42, 5.52, 70.72, 0.000228464
PHY_44, 5.52, 70.72, 0.000228464
input10, 5.52, 70.72, 0.000228464
PHY_43, 69.46, 70.72, 0.000241527
PHY_45, 69.46, 70.72, 0.000241527
output11, 69.46, 70.72, 0.000241527
FILLER_0_21_133, 69.46, 70.72, 0.000241527
_220_, 15.33, 70.72, 0.000226493
_228_, 15.33, 70.72, 0.000226493
input6, 15.33, 70.72, 0.000226493
hold20, 15.33, 70.72, 0.000226493
hold22, 15.33, 70.72, 0.000226493
FILLER_0_22_14, 15.33, 70.72, 0.000226493
output12, 37.64, 70.72, 0.000225292
hold13, 37.64, 70.72, 0.000225292
FILLER_0_21_57, 37.64, 70.72, 0.000225292
FILLER_0_22_69, 37.64, 70.72, 0.000225292
FILLER_0_22_79, 37.64, 70.72, 0.000225292
input1, 59.8, 70.72, 0.000231578
FILLER_0_21_109, 59.8, 70.72, 0.000231578
FILLER_0_22_113, 59.8, 70.72, 0.000231578
FILLER_0_22_121, 59.8, 70.72, 0.000231578
_262_, 5.52, 65.28, 0.000292502
PHY_38, 5.52, 65.28, 0.000292502
PHY_40, 5.52, 65.28, 0.000292502
output16, 5.52, 65.28, 0.000292502
FILLER_0_20_3, 5.52, 65.28, 0.000292502
PHY_39, 69.46, 65.28, 0.000252022
PHY_41, 69.46, 65.28, 0.000252022
output17, 69.46, 65.28, 0.000252022
_216_, 15.33, 65.28, 0.000273158
_217_, 15.33, 65.28, 0.000273158
_256_, 15.33, 65.28, 0.000273158
_192_, 37.64, 65.28, 0.000247376
_222_, 37.64, 65.28, 0.000247376
_236_, 37.64, 65.28, 0.000247376
hold15, 37.64, 65.28, 0.000247376
_191_, 59.8, 65.28, 0.000242113
FILLER_0_21_125, 59.8, 65.28, 0.000242113
_258_, 5.52, 59.84, 0.000251351
PHY_34, 5.52, 59.84, 0.000251351
PHY_36, 5.52, 59.84, 0.000251351
FILLER_0_18_3, 5.52, 59.84, 0.000251351
FILLER_0_19_3, 5.52, 59.84, 0.000251351
PHY_35, 69.46, 59.84, 0.000237694
PHY_37, 69.46, 59.84, 0.000237694
FILLER_0_17_132, 69.46, 59.84, 0.000237694
FILLER_0_18_133, 69.46, 59.84, 0.000237694
_229_, 15.33, 59.84, 0.000242027
hold21, 15.33, 59.84, 0.000242027
FILLER_0_18_29, 15.33, 59.84, 0.000242027
_162_, 37.64, 59.84, 0.000247748
_180_, 37.64, 59.84, 0.000247748
_224_, 37.64, 59.84, 0.000247748
_235_, 37.64, 59.84, 0.000247748
hold12, 37.64, 59.84, 0.000247748
hold14, 37.64, 59.84, 0.000247748
_161_, 59.8, 59.84, 0.000237694
_173_, 59.8, 59.84, 0.000237694
hold2, 59.8, 59.84, 0.000237694
FILLER_0_18_125, 59.8, 59.84, 0.000237694
FILLER_0_19_125, 59.8, 59.84, 0.000237694
_261_, 5.52, 54.4, 0.000273604
PHY_30, 5.52, 54.4, 0.000273604
PHY_32, 5.52, 54.4, 0.000273604
FILLER_0_16_3, 5.52, 54.4, 0.000273604
PHY_31, 69.46, 54.4, 0.000217508
PHY_33, 69.46, 54.4, 0.000217508
FILLER_0_15_133, 69.46, 54.4, 0.000217508
FILLER_0_16_129, 69.46, 54.4, 0.000217508
clkbuf_2_1__f_clk, 15.33, 54.4, 0.00026449
FILLER_0_16_23, 15.33, 54.4, 0.00026449
FILLER_0_17_25, 15.33, 54.4, 0.00026449
_178_, 37.64, 54.4, 0.000219247
_183_, 37.64, 54.4, 0.000219247
_184_, 37.64, 54.4, 0.000219247
_186_, 37.64, 54.4, 0.000219247
FILLER_0_15_69, 37.64, 54.4, 0.000219247
FILLER_0_16_61, 37.64, 54.4, 0.000219247
FILLER_0_16_77, 37.64, 54.4, 0.000219247
FILLER_0_17_73, 37.64, 54.4, 0.000219247
_201_, 59.8, 54.4, 0.000217508
_244_, 59.8, 54.4, 0.000217508
hold1, 59.8, 54.4, 0.000217508
_226_, 5.52, 48.96, 0.000227606
_227_, 5.52, 48.96, 0.000227606
PHY_26, 5.52, 48.96, 0.000227606
PHY_28, 5.52, 48.96, 0.000227606
input9, 5.52, 48.96, 0.000227606
PHY_27, 69.46, 48.96, 0.000220904
PHY_29, 69.46, 48.96, 0.000220904
input5, 69.46, 48.96, 0.000220904
_219_, 15.33, 48.96, 0.000223681
_255_, 15.33, 48.96, 0.000223681
FILLER_0_13_15, 15.33, 48.96, 0.000223681
FILLER_0_14_18, 15.33, 48.96, 0.000223681
FILLER_0_14_25, 15.33, 48.96, 0.000223681
_144_, 37.64, 48.96, 0.000245978
_181_, 37.64, 48.96, 0.000245978
_205_, 37.64, 48.96, 0.000245978
_237_, 37.64, 48.96, 0.000245978
clkbuf_2_3__f_clk, 37.64, 48.96, 0.000245978
FILLER_0_13_63, 37.64, 48.96, 0.000245978
FILLER_0_14_64, 37.64, 48.96, 0.000245978
FILLER_0_14_72, 37.64, 48.96, 0.000245978
_200_, 59.8, 48.96, 0.000220594
hold5, 59.8, 48.96, 0.000220594
FILLER_0_14_113, 59.8, 48.96, 0.000220594
PHY_22, 5.52, 43.52, 0.00018343
PHY_24, 5.52, 43.52, 0.00018343
PHY_23, 69.46, 43.52, 0.000211596
PHY_25, 69.46, 43.52, 0.000211596
_218_, 15.33, 43.52, 0.00018343
_193_, 37.64, 43.52, 0.000216935
_213_, 37.64, 43.52, 0.000216935
clkbuf_0_clk, 37.64, 43.52, 0.000216935
FILLER_0_11_57, 37.64, 43.52, 0.000216935
FILLER_0_12_80, 37.64, 43.52, 0.000216935
_128_, 59.8, 43.52, 0.000211596
_170_, 59.8, 43.52, 0.000211596
_176_, 59.8, 43.52, 0.000211596
_210_, 59.8, 43.52, 0.000211596
_253_, 59.8, 43.52, 0.000211596
FILLER_0_11_113, 59.8, 43.52, 0.000211596
FILLER_0_13_128, 59.8, 43.52, 0.000211596
PHY_18, 5.52, 38.08, 0.000167923
PHY_20, 5.52, 38.08, 0.000167923
_208_, 69.46, 38.08, 0.000187268
PHY_19, 69.46, 38.08, 0.000187268
PHY_21, 69.46, 38.08, 0.000187268
FILLER_0_10_130, 69.46, 38.08, 0.000187268
_137_, 15.33, 38.08, 0.000167923
_252_, 15.33, 38.08, 0.000167923
FILLER_0_9_11, 15.33, 38.08, 0.000167923
_127_, 37.64, 38.08, 0.000172111
_142_, 37.64, 38.08, 0.000172111
_143_, 37.64, 38.08, 0.000172111
_212_, 37.64, 38.08, 0.000172111
FILLER_0_10_79, 37.64, 38.08, 0.000172111
_129_, 59.8, 38.08, 0.000187117
_147_, 59.8, 38.08, 0.000187117
hold34, 59.8, 38.08, 0.000187117
FILLER_0_10_118, 59.8, 38.08, 0.000187117
_250_, 5.52, 32.64, 0.000192668
PHY_14, 5.52, 32.64, 0.000192668
PHY_16, 5.52, 32.64, 0.000192668
FILLER_0_9_3, 5.52, 32.64, 0.000192668
PHY_15, 69.46, 32.64, 0.000196217
PHY_17, 69.46, 32.64, 0.000196217
output20, 69.46, 32.64, 0.000196217
FILLER_0_7_133, 69.46, 32.64, 0.000196217
_138_, 15.33, 32.64, 0.000183972
_207_, 15.33, 32.64, 0.000183972
_254_, 15.33, 32.64, 0.000183972
hold31, 15.33, 32.64, 0.000183972
FILLER_0_7_14, 15.33, 32.64, 0.000183972
FILLER_0_8_29, 15.33, 32.64, 0.000183972
FILLER_0_9_31, 15.33, 32.64, 0.000183972
_115_, 37.64, 32.64, 0.000177535
_118_, 37.64, 32.64, 0.000177535
_120_, 37.64, 32.64, 0.000177535
_125_, 37.64, 32.64, 0.000177535
_130_, 37.64, 32.64, 0.000177535
_174_, 37.64, 32.64, 0.000177535
_195_, 37.64, 32.64, 0.000177535
FILLER_0_7_67, 37.64, 32.64, 0.000177535
FILLER_0_8_78, 37.64, 32.64, 0.000177535
_146_, 59.8, 32.64, 0.000187498
_204_, 59.8, 32.64, 0.000187498
_247_, 59.8, 32.64, 0.000187498
FILLER_0_9_122, 59.8, 32.64, 0.000187498
PHY_10, 5.52, 27.2, 0.000241676
PHY_12, 5.52, 27.2, 0.000241676
output14, 5.52, 27.2, 0.000241676
PHY_11, 69.46, 27.2, 0.000203757
PHY_13, 69.46, 27.2, 0.000203757
_140_, 15.33, 27.2, 0.000231653
_141_, 15.33, 27.2, 0.000231653
clkbuf_2_0__f_clk, 15.33, 27.2, 0.000231653
FILLER_0_6_24, 15.33, 27.2, 0.000231653
FILLER_0_6_29, 15.33, 27.2, 0.000231653
_121_, 37.64, 27.2, 0.000201051
_133_, 37.64, 27.2, 0.000201051
_150_, 37.64, 27.2, 0.000201051
_153_, 37.64, 27.2, 0.000201051
_230_, 37.64, 27.2, 0.000201051
hold9, 37.64, 27.2, 0.000201051
FILLER_0_6_62, 37.64, 27.2, 0.000201051
FILLER_0_6_70, 37.64, 27.2, 0.000201051
FILLER_0_6_80, 37.64, 27.2, 0.000201051
_134_, 59.8, 27.2, 0.000203757
_135_, 59.8, 27.2, 0.000203757
_251_, 59.8, 27.2, 0.000203757
hold36, 59.8, 27.2, 0.000203757
_249_, 5.52, 21.76, 0.000193781
PHY_6, 5.52, 21.76, 0.000193781
PHY_8, 5.52, 21.76, 0.000193781
FILLER_0_5_3, 5.52, 21.76, 0.000193781
PHY_7, 69.46, 21.76, 0.000181173
PHY_9, 69.46, 21.76, 0.000181173
FILLER_0_3_133, 69.46, 21.76, 0.000181173
FILLER_0_4_132, 69.46, 21.76, 0.000181173
_206_, 15.33, 21.76, 0.000185005
hold33, 15.33, 21.76, 0.000185005
_154_, 37.64, 21.76, 0.000209633
_156_, 37.64, 21.76, 0.000209633
_175_, 37.64, 21.76, 0.000209633
_233_, 37.64, 21.76, 0.000209633
clkbuf_2_2__f_clk, 37.64, 21.76, 0.000209633
hold18, 37.64, 21.76, 0.000209633
FILLER_0_4_79, 37.64, 21.76, 0.000209633
hold30, 59.8, 21.76, 0.000181173
FILLER_0_5_124, 59.8, 21.76, 0.000181173
_246_, 5.52, 16.32, 0.000199733
PHY_2, 5.52, 16.32, 0.000199733
PHY_4, 5.52, 16.32, 0.000199733
FILLER_0_3_3, 5.52, 16.32, 0.000199733
PHY_3, 69.46, 16.32, 0.000177715
PHY_5, 69.46, 16.32, 0.000177715
output15, 69.46, 16.32, 0.000177715
_172_, 15.33, 16.32, 0.000190536
_198_, 15.33, 16.32, 0.000190536
_203_, 15.33, 16.32, 0.000190536
_241_, 15.33, 16.32, 0.000190536
_187_, 37.64, 16.32, 0.000170816
_240_, 37.64, 16.32, 0.000170816
FILLER_0_1_62, 37.64, 16.32, 0.000170816
FILLER_0_2_126, 59.8, 16.32, 0.000167841
FILLER_0_3_125, 59.8, 16.32, 0.000167841
PHY_0, 5.52, 10.88, 0.000201073
output13, 5.52, 10.88, 0.000201073
output18, 5.52, 10.88, 0.000201073
FILLER_0_0_9, 5.52, 10.88, 0.000201073
PHY_1, 69.46, 10.88, 0.000142549
input2, 69.46, 10.88, 0.000142549
output19, 15.33, 10.88, 0.000180824
FILLER_0_0_21, 15.33, 10.88, 0.000180824
_196_, 37.64, 10.88, 0.00014622
FILLER_0_0_81, 37.64, 10.88, 0.00014622
FILLER_0_0_125, 59.8, 10.88, 0.000142152
FILLER_0_1_125, 59.8, 10.88, 0.000142152

