Instance name,  X location,  Y location,  Voltage 
_169_, 46.84, 73.44, 1.79987
FILLER_0_22_79, 46.84, 73.44, 1.79987
FILLER_0_22_85, 46.84, 73.44, 1.79987
_234_, 46.84, 68, 1.79984
input7, 46.84, 68, 1.79984
hold24, 46.84, 68, 1.79984
hold27, 46.84, 68, 1.79984
hold28, 46.84, 68, 1.79984
FILLER_0_22_93, 46.84, 68, 1.79984
_165_, 46.84, 62.56, 1.79984
_167_, 46.84, 62.56, 1.79984
_235_, 46.84, 62.56, 1.79984
_163_, 46.84, 57.12, 1.79985
_164_, 46.84, 57.12, 1.79985
_168_, 46.84, 57.12, 1.79985
_183_, 46.84, 57.12, 1.79985
_184_, 46.84, 57.12, 1.79985
FILLER_0_16_77, 46.84, 57.12, 1.79985
FILLER_0_17_84, 46.84, 57.12, 1.79985
_202_, 46.84, 51.68, 1.79985
_245_, 46.84, 51.68, 1.79985
FILLER_0_16_97, 46.84, 51.68, 1.79985
_193_, 46.84, 46.24, 1.79985
_242_, 46.84, 46.24, 1.79985
FILLER_0_12_80, 46.84, 46.24, 1.79985
FILLER_0_12_85, 46.84, 46.24, 1.79985
FILLER_0_13_88, 46.84, 46.24, 1.79985
_160_, 46.84, 40.8, 1.79981
_171_, 46.84, 40.8, 1.79981
_185_, 46.84, 40.8, 1.79981
_212_, 46.84, 40.8, 1.79981
hold17, 46.84, 40.8, 1.79981
FILLER_0_10_79, 46.84, 40.8, 1.79981
FILLER_0_10_88, 46.84, 40.8, 1.79981
FILLER_0_11_93, 46.84, 40.8, 1.79981
FILLER_0_12_93, 46.84, 40.8, 1.79981
_116_, 46.84, 35.36, 1.7998
_145_, 46.84, 35.36, 1.7998
_174_, 46.84, 35.36, 1.7998
_238_, 46.84, 35.36, 1.7998
hold6, 46.84, 35.36, 1.7998
FILLER_0_8_78, 46.84, 35.36, 1.7998
FILLER_0_9_88, 46.84, 35.36, 1.7998
_126_, 46.84, 29.92, 1.79977
_194_, 46.84, 29.92, 1.79977
hold11, 46.84, 29.92, 1.79977
FILLER_0_6_80, 46.84, 29.92, 1.79977
_119_, 46.84, 24.48, 1.79976
_148_, 46.84, 24.48, 1.79976
_149_, 46.84, 24.48, 1.79976
hold3, 46.84, 24.48, 1.79976
hold35, 46.84, 24.48, 1.79976
FILLER_0_4_79, 46.84, 24.48, 1.79976
_182_, 46.84, 19.04, 1.79978
_189_, 46.84, 19.04, 1.79978
_232_, 46.84, 19.04, 1.79978
input8, 46.84, 13.6, 1.79979
FILLER_0_0_81, 46.84, 13.6, 1.79979
FILLER_0_0_102, 46.84, 13.6, 1.79979
hold22, 21.84, 73.44, 1.79986
_216_, 21.84, 68, 1.79982
_256_, 21.84, 68, 1.79982
input4, 21.84, 68, 1.79982
hold16, 21.84, 68, 1.79982
FILLER_0_21_48, 21.84, 68, 1.79982
_179_, 21.84, 62.56, 1.79982
_259_, 21.84, 62.56, 1.79982
FILLER_0_18_29, 21.84, 62.56, 1.79982
_177_, 21.84, 57.12, 1.79984
_225_, 21.84, 57.12, 1.79984
_260_, 21.84, 57.12, 1.79984
_255_, 21.84, 51.68, 1.79979
_257_, 21.84, 51.68, 1.79979
hold23, 21.84, 51.68, 1.79979
_197_, 21.84, 46.24, 1.79983
_214_, 21.84, 46.24, 1.79983
_215_, 21.84, 46.24, 1.79983
FILLER_0_13_39, 21.84, 46.24, 1.79983
_209_, 21.84, 40.8, 1.7998
_252_, 21.84, 40.8, 1.7998
FILLER_0_11_39, 21.84, 40.8, 1.7998
FILLER_0_12_41, 21.84, 40.8, 1.7998
_131_, 21.84, 35.36, 1.7998
_132_, 21.84, 35.36, 1.7998
_211_, 21.84, 35.36, 1.7998
FILLER_0_8_29, 21.84, 35.36, 1.7998
FILLER_0_9_31, 21.84, 35.36, 1.7998
_123_, 21.84, 29.92, 1.79975
_124_, 21.84, 29.92, 1.79975
_136_, 21.84, 29.92, 1.79975
_239_, 21.84, 29.92, 1.79975
hold25, 21.84, 29.92, 1.79975
FILLER_0_6_29, 21.84, 29.92, 1.79975
_139_, 21.84, 24.48, 1.79973
_158_, 21.84, 24.48, 1.79973
hold10, 21.84, 24.48, 1.79973
hold33, 21.84, 24.48, 1.79973
FILLER_0_5_36, 21.84, 24.48, 1.79973
_152_, 21.84, 19.04, 1.79975
_157_, 21.84, 19.04, 1.79975
_172_, 21.84, 19.04, 1.79975
_198_, 21.84, 19.04, 1.79975
_203_, 21.84, 19.04, 1.79975
hold4, 21.84, 19.04, 1.79975
hold29, 21.84, 19.04, 1.79975
FILLER_0_2_32, 21.84, 19.04, 1.79975
_122_, 21.84, 13.6, 1.79975
_155_, 21.84, 13.6, 1.79975
_231_, 21.84, 13.6, 1.79975
FILLER_0_0_41, 21.84, 13.6, 1.79975
FILLER_0_0_49, 21.84, 13.6, 1.79975
PHY_44, 5.52, 73.44, 1.79986
PHY_45, 69.46, 73.44, 1.79985
output11, 69.46, 73.44, 1.79985
input6, 13.68, 73.44, 1.79986
FILLER_0_22_14, 13.68, 73.44, 1.79986
FILLER_0_22_53, 34.34, 73.44, 1.79986
FILLER_0_22_104, 58.15, 73.44, 1.79986
FILLER_0_22_113, 58.15, 73.44, 1.79986
_221_, 5.52, 68, 1.79979
PHY_40, 5.52, 68, 1.79979
PHY_42, 5.52, 68, 1.79979
input10, 5.52, 68, 1.79979
output16, 5.52, 68, 1.79979
PHY_41, 69.46, 68, 1.79984
PHY_43, 69.46, 68, 1.79984
FILLER_0_21_133, 69.46, 68, 1.79984
_220_, 13.68, 68, 1.7998
_228_, 13.68, 68, 1.7998
hold20, 13.68, 68, 1.7998
_222_, 34.34, 68, 1.79982
_223_, 34.34, 68, 1.79982
output12, 34.34, 68, 1.79982
hold13, 34.34, 68, 1.79982
FILLER_0_21_57, 34.34, 68, 1.79982
FILLER_0_22_69, 34.34, 68, 1.79982
input1, 58.15, 68, 1.79984
FILLER_0_21_109, 58.15, 68, 1.79984
FILLER_0_21_125, 58.15, 68, 1.79984
FILLER_0_22_121, 58.15, 68, 1.79984
_258_, 5.52, 62.56, 1.79978
_262_, 5.52, 62.56, 1.79978
PHY_36, 5.52, 62.56, 1.79978
PHY_38, 5.52, 62.56, 1.79978
FILLER_0_19_3, 5.52, 62.56, 1.79978
FILLER_0_20_3, 5.52, 62.56, 1.79978
PHY_37, 69.46, 62.56, 1.79981
PHY_39, 69.46, 62.56, 1.79981
output17, 69.46, 62.56, 1.79981
FILLER_0_18_133, 69.46, 62.56, 1.79981
_217_, 13.68, 62.56, 1.7998
_229_, 13.68, 62.56, 1.7998
_192_, 34.34, 62.56, 1.79982
_224_, 34.34, 62.56, 1.79982
_236_, 34.34, 62.56, 1.79982
hold15, 34.34, 62.56, 1.79982
_166_, 58.15, 62.56, 1.79982
_173_, 58.15, 62.56, 1.79982
_190_, 58.15, 62.56, 1.79982
_191_, 58.15, 62.56, 1.79982
FILLER_0_18_107, 58.15, 62.56, 1.79982
FILLER_0_19_125, 58.15, 62.56, 1.79982
PHY_32, 5.52, 57.12, 1.79983
PHY_34, 5.52, 57.12, 1.79983
FILLER_0_18_3, 5.52, 57.12, 1.79983
PHY_33, 69.46, 57.12, 1.79983
PHY_35, 69.46, 57.12, 1.79983
FILLER_0_16_129, 69.46, 57.12, 1.79983
FILLER_0_17_132, 69.46, 57.12, 1.79983
hold21, 13.68, 57.12, 1.79983
FILLER_0_17_25, 13.68, 57.12, 1.79983
_162_, 34.34, 57.12, 1.79984
_180_, 34.34, 57.12, 1.79984
hold12, 34.34, 57.12, 1.79984
hold14, 34.34, 57.12, 1.79984
FILLER_0_16_61, 34.34, 57.12, 1.79984
FILLER_0_17_53, 34.34, 57.12, 1.79984
FILLER_0_17_73, 34.34, 57.12, 1.79984
_161_, 58.15, 57.12, 1.79983
_243_, 58.15, 57.12, 1.79983
hold1, 58.15, 57.12, 1.79983
hold2, 58.15, 57.12, 1.79983
FILLER_0_17_105, 58.15, 57.12, 1.79983
FILLER_0_18_125, 58.15, 57.12, 1.79983
_226_, 5.52, 51.68, 1.79975
_227_, 5.52, 51.68, 1.79975
_261_, 5.52, 51.68, 1.79975
PHY_28, 5.52, 51.68, 1.79975
PHY_30, 5.52, 51.68, 1.79975
FILLER_0_16_3, 5.52, 51.68, 1.79975
PHY_29, 69.46, 51.68, 1.79983
PHY_31, 69.46, 51.68, 1.79983
input5, 69.46, 51.68, 1.79983
FILLER_0_15_133, 69.46, 51.68, 1.79983
clkbuf_2_1__f_clk, 13.68, 51.68, 1.79976
FILLER_0_16_23, 13.68, 51.68, 1.79976
_178_, 34.34, 51.68, 1.79979
_186_, 34.34, 51.68, 1.79979
clkbuf_2_3__f_clk, 34.34, 51.68, 1.79979
hold19, 34.34, 51.68, 1.79979
FILLER_0_15_52, 34.34, 51.68, 1.79979
FILLER_0_15_69, 34.34, 51.68, 1.79979
_201_, 58.15, 51.68, 1.79983
_244_, 58.15, 51.68, 1.79983
hold8, 58.15, 51.68, 1.79983
FILLER_0_14_113, 58.15, 51.68, 1.79983
PHY_24, 5.52, 46.24, 1.79983
PHY_26, 5.52, 46.24, 1.79983
input9, 5.52, 46.24, 1.79983
PHY_25, 69.46, 46.24, 1.79984
PHY_27, 69.46, 46.24, 1.79984
FILLER_0_13_128, 69.46, 46.24, 1.79984
_218_, 13.68, 46.24, 1.79983
_219_, 13.68, 46.24, 1.79983
FILLER_0_13_15, 13.68, 46.24, 1.79983
FILLER_0_14_18, 13.68, 46.24, 1.79983
FILLER_0_14_25, 13.68, 46.24, 1.79983
_144_, 34.34, 46.24, 1.79982
_181_, 34.34, 46.24, 1.79982
_205_, 34.34, 46.24, 1.79982
_237_, 34.34, 46.24, 1.79982
_248_, 34.34, 46.24, 1.79982
FILLER_0_13_52, 34.34, 46.24, 1.79982
FILLER_0_13_63, 34.34, 46.24, 1.79982
FILLER_0_14_64, 34.34, 46.24, 1.79982
FILLER_0_14_72, 34.34, 46.24, 1.79982
_176_, 58.15, 46.24, 1.79984
_199_, 58.15, 46.24, 1.79984
_200_, 58.15, 46.24, 1.79984
_210_, 58.15, 46.24, 1.79984
hold5, 58.15, 46.24, 1.79984
hold7, 58.15, 46.24, 1.79984
PHY_20, 5.52, 40.8, 1.7998
PHY_22, 5.52, 40.8, 1.7998
_129_, 69.46, 40.8, 1.79978
PHY_21, 69.46, 40.8, 1.79978
PHY_23, 69.46, 40.8, 1.79978
hold34, 69.46, 40.8, 1.79978
FILLER_0_10_130, 69.46, 40.8, 1.79978
_143_, 34.34, 40.8, 1.79977
_213_, 34.34, 40.8, 1.79977
clkbuf_0_clk, 34.34, 40.8, 1.79977
hold32, 34.34, 40.8, 1.79977
FILLER_0_11_52, 34.34, 40.8, 1.79977
FILLER_0_11_57, 34.34, 40.8, 1.79977
_128_, 58.15, 40.8, 1.79978
_159_, 58.15, 40.8, 1.79978
_170_, 58.15, 40.8, 1.79978
_253_, 58.15, 40.8, 1.79978
FILLER_0_11_113, 58.15, 40.8, 1.79978
PHY_16, 5.52, 35.36, 1.7998
PHY_18, 5.52, 35.36, 1.7998
FILLER_0_9_3, 5.52, 35.36, 1.7998
_208_, 69.46, 35.36, 1.79976
PHY_17, 69.46, 35.36, 1.79976
PHY_19, 69.46, 35.36, 1.79976
output20, 69.46, 35.36, 1.79976
_137_, 13.68, 35.36, 1.7998
hold31, 13.68, 35.36, 1.7998
FILLER_0_9_11, 13.68, 35.36, 1.7998
_127_, 34.34, 35.36, 1.7998
_142_, 34.34, 35.36, 1.7998
_147_, 58.15, 35.36, 1.79977
_204_, 58.15, 35.36, 1.79977
_247_, 58.15, 35.36, 1.79977
FILLER_0_8_104, 58.15, 35.36, 1.79977
FILLER_0_9_122, 58.15, 35.36, 1.79977
FILLER_0_10_118, 58.15, 35.36, 1.79977
_250_, 5.52, 29.92, 1.7997
PHY_12, 5.52, 29.92, 1.7997
PHY_14, 5.52, 29.92, 1.7997
output14, 5.52, 29.92, 1.7997
PHY_13, 69.46, 29.92, 1.79975
PHY_15, 69.46, 29.92, 1.79975
FILLER_0_7_133, 69.46, 29.92, 1.79975
_138_, 13.68, 29.92, 1.79972
_140_, 13.68, 29.92, 1.79972
_207_, 13.68, 29.92, 1.79972
_254_, 13.68, 29.92, 1.79972
FILLER_0_7_14, 13.68, 29.92, 1.79972
_115_, 34.34, 29.92, 1.79974
_117_, 34.34, 29.92, 1.79974
_118_, 34.34, 29.92, 1.79974
_120_, 34.34, 29.92, 1.79974
_125_, 34.34, 29.92, 1.79974
_130_, 34.34, 29.92, 1.79974
_133_, 34.34, 29.92, 1.79974
_153_, 34.34, 29.92, 1.79974
_195_, 34.34, 29.92, 1.79974
_230_, 34.34, 29.92, 1.79974
FILLER_0_6_55, 34.34, 29.92, 1.79974
FILLER_0_6_62, 34.34, 29.92, 1.79974
FILLER_0_7_53, 34.34, 29.92, 1.79974
FILLER_0_7_67, 34.34, 29.92, 1.79974
_135_, 58.15, 29.92, 1.79975
_146_, 58.15, 29.92, 1.79975
_251_, 58.15, 29.92, 1.79975
hold36, 58.15, 29.92, 1.79975
FILLER_0_6_105, 58.15, 29.92, 1.79975
FILLER_0_7_104, 58.15, 29.92, 1.79975
PHY_8, 5.52, 24.48, 1.7997
PHY_10, 5.52, 24.48, 1.7997
FILLER_0_5_3, 5.52, 24.48, 1.7997
PHY_9, 69.46, 24.48, 1.79975
PHY_11, 69.46, 24.48, 1.79975
hold30, 69.46, 24.48, 1.79975
FILLER_0_4_132, 69.46, 24.48, 1.79975
_141_, 13.68, 24.48, 1.7997
clkbuf_2_0__f_clk, 13.68, 24.48, 1.7997
FILLER_0_6_24, 13.68, 24.48, 1.7997
_121_, 34.34, 24.48, 1.79971
_150_, 34.34, 24.48, 1.79971
_151_, 34.34, 24.48, 1.79971
_154_, 34.34, 24.48, 1.79971
clkbuf_2_2__f_clk, 34.34, 24.48, 1.79971
hold9, 34.34, 24.48, 1.79971
hold26, 34.34, 24.48, 1.79971
FILLER_0_6_70, 34.34, 24.48, 1.79971
_134_, 58.15, 24.48, 1.79975
FILLER_0_5_104, 58.15, 24.48, 1.79975
FILLER_0_5_124, 58.15, 24.48, 1.79975
_246_, 5.52, 19.04, 1.79972
_249_, 5.52, 19.04, 1.79972
PHY_4, 5.52, 19.04, 1.79972
PHY_6, 5.52, 19.04, 1.79972
FILLER_0_3_3, 5.52, 19.04, 1.79972
PHY_5, 69.46, 19.04, 1.79978
PHY_7, 69.46, 19.04, 1.79978
FILLER_0_3_133, 69.46, 19.04, 1.79978
_206_, 13.68, 19.04, 1.79973
_156_, 34.34, 19.04, 1.79974
_175_, 34.34, 19.04, 1.79974
_233_, 34.34, 19.04, 1.79974
_240_, 34.34, 19.04, 1.79974
hold18, 34.34, 19.04, 1.79974
FILLER_0_3_53, 34.34, 19.04, 1.79974
_188_, 58.15, 19.04, 1.79978
FILLER_0_3_107, 58.15, 19.04, 1.79978
FILLER_0_3_125, 58.15, 19.04, 1.79978
PHY_0, 5.52, 13.6, 1.79969
PHY_2, 5.52, 13.6, 1.79969
output13, 5.52, 13.6, 1.79969
output18, 5.52, 13.6, 1.79969
PHY_1, 69.46, 13.6, 1.79976
PHY_3, 69.46, 13.6, 1.79976
input2, 69.46, 13.6, 1.79976
output15, 69.46, 13.6, 1.79976
_241_, 13.68, 13.6, 1.79971
output19, 13.68, 13.6, 1.79971
FILLER_0_0_9, 13.68, 13.6, 1.79971
FILLER_0_0_21, 13.68, 13.6, 1.79971
_187_, 34.34, 13.6, 1.79977
_196_, 34.34, 13.6, 1.79977
input3, 34.34, 13.6, 1.79977
FILLER_0_1_62, 34.34, 13.6, 1.79977
FILLER_0_0_125, 58.15, 13.6, 1.79978
FILLER_0_1_125, 58.15, 13.6, 1.79978
FILLER_0_2_126, 58.15, 13.6, 1.79978

